[0.027s] Invoking command in '/home/rss/robot_harry/robotik/build/create3_lidar_slam': CMAKE_PREFIX_PATH=/home/rss/robot_harry/robotik/install/rplidar_ros:/home/rss/robot_harry/robotik/install/create3_lidar_slam:/home/rss/robot_harry/robotik/install/my_robot_slam:/home/rss/robot_harry/robotik/install/create3_republisher:/home/rss/robot_harry/robotik/install/create3_coverage:/home/rss/robot_harry/robotik/install/create3_examples_msgs:/home/rss/robot_harry/robotik/install/apriltag_ros:/home/rss/robot_harry/robotik/install/apriltag_msgs:/home/rss/robot_harry/robotik/install/tag_detection:/home/rss/robot_harry/robotik/install/webcam_bringup:/home/rss/robot_harry/robotik/install/teleop:/home/rss/robot_harry/robotik/install/robot_bringup:/home/rss/robot_harry/robotik/install/pub_sub:/home/rss/robot_harry/robotik/install/object_detection:/home/rss/robot_harry/robotik/install/my_robot_navigation:/home/rss/robot_harry/robotik/install/create3_teleop:/home/rss/robot_harry/robotik/install/create3_examples_py:/opt/ros/humble /usr/bin/cmake --build /home/rss/robot_harry/robotik/build/create3_lidar_slam -- -j8 -l8
[0.134s] Invoked command in '/home/rss/robot_harry/robotik/build/create3_lidar_slam' returned '0': CMAKE_PREFIX_PATH=/home/rss/robot_harry/robotik/install/rplidar_ros:/home/rss/robot_harry/robotik/install/create3_lidar_slam:/home/rss/robot_harry/robotik/install/my_robot_slam:/home/rss/robot_harry/robotik/install/create3_republisher:/home/rss/robot_harry/robotik/install/create3_coverage:/home/rss/robot_harry/robotik/install/create3_examples_msgs:/home/rss/robot_harry/robotik/install/apriltag_ros:/home/rss/robot_harry/robotik/install/apriltag_msgs:/home/rss/robot_harry/robotik/install/tag_detection:/home/rss/robot_harry/robotik/install/webcam_bringup:/home/rss/robot_harry/robotik/install/teleop:/home/rss/robot_harry/robotik/install/robot_bringup:/home/rss/robot_harry/robotik/install/pub_sub:/home/rss/robot_harry/robotik/install/object_detection:/home/rss/robot_harry/robotik/install/my_robot_navigation:/home/rss/robot_harry/robotik/install/create3_teleop:/home/rss/robot_harry/robotik/install/create3_examples_py:/opt/ros/humble /usr/bin/cmake --build /home/rss/robot_harry/robotik/build/create3_lidar_slam -- -j8 -l8
[0.135s] Invoking command in '/home/rss/robot_harry/robotik/build/create3_lidar_slam': CMAKE_PREFIX_PATH=/home/rss/robot_harry/robotik/install/rplidar_ros:/home/rss/robot_harry/robotik/install/create3_lidar_slam:/home/rss/robot_harry/robotik/install/my_robot_slam:/home/rss/robot_harry/robotik/install/create3_republisher:/home/rss/robot_harry/robotik/install/create3_coverage:/home/rss/robot_harry/robotik/install/create3_examples_msgs:/home/rss/robot_harry/robotik/install/apriltag_ros:/home/rss/robot_harry/robotik/install/apriltag_msgs:/home/rss/robot_harry/robotik/install/tag_detection:/home/rss/robot_harry/robotik/install/webcam_bringup:/home/rss/robot_harry/robotik/install/teleop:/home/rss/robot_harry/robotik/install/robot_bringup:/home/rss/robot_harry/robotik/install/pub_sub:/home/rss/robot_harry/robotik/install/object_detection:/home/rss/robot_harry/robotik/install/my_robot_navigation:/home/rss/robot_harry/robotik/install/create3_teleop:/home/rss/robot_harry/robotik/install/create3_examples_py:/opt/ros/humble /usr/bin/cmake --install /home/rss/robot_harry/robotik/build/create3_lidar_slam
[0.143s] -- Install configuration: ""
[0.144s] -- Up-to-date: /home/rss/robot_harry/robotik/install/create3_lidar_slam/share/create3_lidar_slam/launch
[0.144s] -- Up-to-date: /home/rss/robot_harry/robotik/install/create3_lidar_slam/share/create3_lidar_slam/launch/rviz_launch.py
[0.144s] -- Up-to-date: /home/rss/robot_harry/robotik/install/create3_lidar_slam/share/create3_lidar_slam/launch/sensors_launch.py
[0.144s] -- Up-to-date: /home/rss/robot_harry/robotik/install/create3_lidar_slam/share/create3_lidar_slam/launch/slam_toolbox_launch.py
[0.144s] -- Up-to-date: /home/rss/robot_harry/robotik/install/create3_lidar_slam/share/create3_lidar_slam/config
[0.144s] -- Up-to-date: /home/rss/robot_harry/robotik/install/create3_lidar_slam/share/create3_lidar_slam/config/rplidar_node.yaml
[0.145s] -- Up-to-date: /home/rss/robot_harry/robotik/install/create3_lidar_slam/share/create3_lidar_slam/config/mapper_params_online_async.yaml
[0.145s] -- Up-to-date: /home/rss/robot_harry/robotik/install/create3_lidar_slam/share/create3_lidar_slam/rviz
[0.145s] -- Up-to-date: /home/rss/robot_harry/robotik/install/create3_lidar_slam/share/create3_lidar_slam/rviz/create3_lidar_slam.rviz
[0.145s] -- Up-to-date: /home/rss/robot_harry/robotik/install/create3_lidar_slam/share/ament_index/resource_index/package_run_dependencies/create3_lidar_slam
[0.145s] -- Up-to-date: /home/rss/robot_harry/robotik/install/create3_lidar_slam/share/ament_index/resource_index/parent_prefix_path/create3_lidar_slam
[0.146s] -- Up-to-date: /home/rss/robot_harry/robotik/install/create3_lidar_slam/share/create3_lidar_slam/environment/ament_prefix_path.sh
[0.146s] -- Up-to-date: /home/rss/robot_harry/robotik/install/create3_lidar_slam/share/create3_lidar_slam/environment/ament_prefix_path.dsv
[0.146s] -- Up-to-date: /home/rss/robot_harry/robotik/install/create3_lidar_slam/share/create3_lidar_slam/environment/path.sh
[0.146s] -- Up-to-date: /home/rss/robot_harry/robotik/install/create3_lidar_slam/share/create3_lidar_slam/environment/path.dsv
[0.146s] -- Up-to-date: /home/rss/robot_harry/robotik/install/create3_lidar_slam/share/create3_lidar_slam/local_setup.bash
[0.146s] -- Up-to-date: /home/rss/robot_harry/robotik/install/create3_lidar_slam/share/create3_lidar_slam/local_setup.sh
[0.147s] -- Up-to-date: /home/rss/robot_harry/robotik/install/create3_lidar_slam/share/create3_lidar_slam/local_setup.zsh
[0.147s] -- Up-to-date: /home/rss/robot_harry/robotik/install/create3_lidar_slam/share/create3_lidar_slam/local_setup.dsv
[0.147s] -- Installing: /home/rss/robot_harry/robotik/install/create3_lidar_slam/share/create3_lidar_slam/package.dsv
[0.147s] -- Up-to-date: /home/rss/robot_harry/robotik/install/create3_lidar_slam/share/ament_index/resource_index/packages/create3_lidar_slam
[0.148s] -- Up-to-date: /home/rss/robot_harry/robotik/install/create3_lidar_slam/share/create3_lidar_slam/cmake/create3_lidar_slamConfig.cmake
[0.148s] -- Up-to-date: /home/rss/robot_harry/robotik/install/create3_lidar_slam/share/create3_lidar_slam/cmake/create3_lidar_slamConfig-version.cmake
[0.148s] -- Up-to-date: /home/rss/robot_harry/robotik/install/create3_lidar_slam/share/create3_lidar_slam/package.xml
[0.155s] Invoked command in '/home/rss/robot_harry/robotik/build/create3_lidar_slam' returned '0': CMAKE_PREFIX_PATH=/home/rss/robot_harry/robotik/install/rplidar_ros:/home/rss/robot_harry/robotik/install/create3_lidar_slam:/home/rss/robot_harry/robotik/install/my_robot_slam:/home/rss/robot_harry/robotik/install/create3_republisher:/home/rss/robot_harry/robotik/install/create3_coverage:/home/rss/robot_harry/robotik/install/create3_examples_msgs:/home/rss/robot_harry/robotik/install/apriltag_ros:/home/rss/robot_harry/robotik/install/apriltag_msgs:/home/rss/robot_harry/robotik/install/tag_detection:/home/rss/robot_harry/robotik/install/webcam_bringup:/home/rss/robot_harry/robotik/install/teleop:/home/rss/robot_harry/robotik/install/robot_bringup:/home/rss/robot_harry/robotik/install/pub_sub:/home/rss/robot_harry/robotik/install/object_detection:/home/rss/robot_harry/robotik/install/my_robot_navigation:/home/rss/robot_harry/robotik/install/create3_teleop:/home/rss/robot_harry/robotik/install/create3_examples_py:/opt/ros/humble /usr/bin/cmake --install /home/rss/robot_harry/robotik/build/create3_lidar_slam
