[0.659s] Invoking command in '/home/rss/robot_harry/robotik/build/my_robot_slam': CMAKE_PREFIX_PATH=${CMAKE_PREFIX_PATH}:/home/rss/robot_harry/robotik/install/tag_detection:/home/rss/robot_harry/robotik/install/webcam_bringup:/home/rss/robot_harry/robotik/install/teleop:/home/rss/robot_harry/robotik/install/robot_bringup:/home/rss/robot_harry/robotik/install/pub_sub:/home/rss/robot_harry/robotik/install/object_detection:/home/rss/robot_harry/robotik/install/my_robot_navigation:/home/rss/robot_harry/robotik/install/create3_teleop:/home/rss/robot_harry/robotik/install/create3_examples_py:/opt/ros/humble /usr/bin/cmake --build /home/rss/robot_harry/robotik/build/my_robot_slam -- -j8 -l8
[0.756s] Invoked command in '/home/rss/robot_harry/robotik/build/my_robot_slam' returned '0': CMAKE_PREFIX_PATH=${CMAKE_PREFIX_PATH}:/home/rss/robot_harry/robotik/install/tag_detection:/home/rss/robot_harry/robotik/install/webcam_bringup:/home/rss/robot_harry/robotik/install/teleop:/home/rss/robot_harry/robotik/install/robot_bringup:/home/rss/robot_harry/robotik/install/pub_sub:/home/rss/robot_harry/robotik/install/object_detection:/home/rss/robot_harry/robotik/install/my_robot_navigation:/home/rss/robot_harry/robotik/install/create3_teleop:/home/rss/robot_harry/robotik/install/create3_examples_py:/opt/ros/humble /usr/bin/cmake --build /home/rss/robot_harry/robotik/build/my_robot_slam -- -j8 -l8
[0.758s] Invoking command in '/home/rss/robot_harry/robotik/build/my_robot_slam': CMAKE_PREFIX_PATH=${CMAKE_PREFIX_PATH}:/home/rss/robot_harry/robotik/install/tag_detection:/home/rss/robot_harry/robotik/install/webcam_bringup:/home/rss/robot_harry/robotik/install/teleop:/home/rss/robot_harry/robotik/install/robot_bringup:/home/rss/robot_harry/robotik/install/pub_sub:/home/rss/robot_harry/robotik/install/object_detection:/home/rss/robot_harry/robotik/install/my_robot_navigation:/home/rss/robot_harry/robotik/install/create3_teleop:/home/rss/robot_harry/robotik/install/create3_examples_py:/opt/ros/humble /usr/bin/cmake --install /home/rss/robot_harry/robotik/build/my_robot_slam
[0.777s] -- Install configuration: ""
[0.777s] -- Up-to-date: /home/rss/robot_harry/robotik/install/my_robot_slam/share/my_robot_slam/launch
[0.777s] -- Up-to-date: /home/rss/robot_harry/robotik/install/my_robot_slam/share/my_robot_slam/launch/localization.launch.yaml
[0.777s] -- Up-to-date: /home/rss/robot_harry/robotik/install/my_robot_slam/share/my_robot_slam/launch/slam_toolbox.launch.yaml
[0.777s] -- Up-to-date: /home/rss/robot_harry/robotik/install/my_robot_slam/share/my_robot_slam/launch/localizatio_gem.launch.yaml
[0.777s] -- Up-to-date: /home/rss/robot_harry/robotik/install/my_robot_slam/share/my_robot_slam/maps
[0.777s] -- Up-to-date: /home/rss/robot_harry/robotik/install/my_robot_slam/share/my_robot_slam/maps/my_map.pgm
[0.778s] -- Up-to-date: /home/rss/robot_harry/robotik/install/my_robot_slam/share/my_robot_slam/maps/my_map.yaml
[0.778s] -- Up-to-date: /home/rss/robot_harry/robotik/install/my_robot_slam/share/ament_index/resource_index/package_run_dependencies/my_robot_slam
[0.778s] -- Up-to-date: /home/rss/robot_harry/robotik/install/my_robot_slam/share/ament_index/resource_index/parent_prefix_path/my_robot_slam
[0.778s] -- Up-to-date: /home/rss/robot_harry/robotik/install/my_robot_slam/share/my_robot_slam/environment/ament_prefix_path.sh
[0.778s] -- Up-to-date: /home/rss/robot_harry/robotik/install/my_robot_slam/share/my_robot_slam/environment/ament_prefix_path.dsv
[0.778s] -- Up-to-date: /home/rss/robot_harry/robotik/install/my_robot_slam/share/my_robot_slam/environment/path.sh
[0.778s] -- Up-to-date: /home/rss/robot_harry/robotik/install/my_robot_slam/share/my_robot_slam/environment/path.dsv
[0.778s] -- Up-to-date: /home/rss/robot_harry/robotik/install/my_robot_slam/share/my_robot_slam/local_setup.bash
[0.778s] -- Up-to-date: /home/rss/robot_harry/robotik/install/my_robot_slam/share/my_robot_slam/local_setup.sh
[0.778s] -- Up-to-date: /home/rss/robot_harry/robotik/install/my_robot_slam/share/my_robot_slam/local_setup.zsh
[0.778s] -- Up-to-date: /home/rss/robot_harry/robotik/install/my_robot_slam/share/my_robot_slam/local_setup.dsv
[0.778s] -- Installing: /home/rss/robot_harry/robotik/install/my_robot_slam/share/my_robot_slam/package.dsv
[0.779s] -- Up-to-date: /home/rss/robot_harry/robotik/install/my_robot_slam/share/ament_index/resource_index/packages/my_robot_slam
[0.779s] -- Up-to-date: /home/rss/robot_harry/robotik/install/my_robot_slam/share/my_robot_slam/cmake/my_robot_slamConfig.cmake
[0.779s] -- Up-to-date: /home/rss/robot_harry/robotik/install/my_robot_slam/share/my_robot_slam/cmake/my_robot_slamConfig-version.cmake
[0.779s] -- Up-to-date: /home/rss/robot_harry/robotik/install/my_robot_slam/share/my_robot_slam/package.xml
[1.179s] Invoked command in '/home/rss/robot_harry/robotik/build/my_robot_slam' returned '0': CMAKE_PREFIX_PATH=${CMAKE_PREFIX_PATH}:/home/rss/robot_harry/robotik/install/tag_detection:/home/rss/robot_harry/robotik/install/webcam_bringup:/home/rss/robot_harry/robotik/install/teleop:/home/rss/robot_harry/robotik/install/robot_bringup:/home/rss/robot_harry/robotik/install/pub_sub:/home/rss/robot_harry/robotik/install/object_detection:/home/rss/robot_harry/robotik/install/my_robot_navigation:/home/rss/robot_harry/robotik/install/create3_teleop:/home/rss/robot_harry/robotik/install/create3_examples_py:/opt/ros/humble /usr/bin/cmake --install /home/rss/robot_harry/robotik/build/my_robot_slam
