running develop
running egg_info
creating teleop.egg-info
writing teleop.egg-info/PKG-INFO
writing dependency_links to teleop.egg-info/dependency_links.txt
writing entry points to teleop.egg-info/entry_points.txt
writing requirements to teleop.egg-info/requires.txt
writing top-level names to teleop.egg-info/top_level.txt
writing manifest file 'teleop.egg-info/SOURCES.txt'
reading manifest file 'teleop.egg-info/SOURCES.txt'
writing manifest file 'teleop.egg-info/SOURCES.txt'
running build_ext
Creating /home/rss/robot_harry/robotik/install/teleop/lib/python3.10/site-packages/teleop.egg-link (link to .)
Installing teleop_node script to /home/rss/robot_harry/robotik/install/teleop/lib/teleop

Installed /home/rss/robot_harry/robotik/build/teleop
running symlink_data
creating /home/rss/robot_harry/robotik/install/teleop/share/ament_index
creating /home/rss/robot_harry/robotik/install/teleop/share/ament_index/resource_index
creating /home/rss/robot_harry/robotik/install/teleop/share/ament_index/resource_index/packages
symbolically linking /home/rss/robot_harry/robotik/build/teleop/resource/teleop -> /home/rss/robot_harry/robotik/install/teleop/share/ament_index/resource_index/packages
symbolically linking /home/rss/robot_harry/robotik/build/teleop/package.xml -> /home/rss/robot_harry/robotik/install/teleop/share/teleop
creating /home/rss/robot_harry/robotik/install/teleop/share/teleop/launch
symbolically linking /home/rss/robot_harry/robotik/build/teleop/launch/teleop_launch.launch.py -> /home/rss/robot_harry/robotik/install/teleop/share/teleop/launch
