[2.019s] Invoking command in '/home/rss/robot_harry/robotik/build/teleop': PYTHONPATH=/home/rss/robot_harry/robotik/build/teleop/prefix_override:/usr/lib/python3/dist-packages/colcon_core/task/python/colcon_distutils_commands:/home/rss/robot_harry/robotik/install/teleop/lib/python3.10/site-packages:${PYTHONPATH} /usr/bin/python3 -W ignore:setup.py install is deprecated -W ignore:easy_install command is deprecated setup.py develop --editable --build-directory /home/rss/robot_harry/robotik/build/teleop/build --no-deps symlink_data
[2.755s] running develop
[3.075s] running egg_info
[3.077s] creating teleop.egg-info
[3.077s] writing teleop.egg-info/PKG-INFO
[3.078s] writing dependency_links to teleop.egg-info/dependency_links.txt
[3.078s] writing entry points to teleop.egg-info/entry_points.txt
[3.079s] writing requirements to teleop.egg-info/requires.txt
[3.079s] writing top-level names to teleop.egg-info/top_level.txt
[3.079s] writing manifest file 'teleop.egg-info/SOURCES.txt'
[3.083s] reading manifest file 'teleop.egg-info/SOURCES.txt'
[3.084s] writing manifest file 'teleop.egg-info/SOURCES.txt'
[3.086s] running build_ext
[3.086s] Creating /home/rss/robot_harry/robotik/install/teleop/lib/python3.10/site-packages/teleop.egg-link (link to .)
[3.088s] Installing teleop_node script to /home/rss/robot_harry/robotik/install/teleop/lib/teleop
[3.089s] 
[3.089s] Installed /home/rss/robot_harry/robotik/build/teleop
[3.089s] running symlink_data
[3.090s] creating /home/rss/robot_harry/robotik/install/teleop/share/ament_index
[3.090s] creating /home/rss/robot_harry/robotik/install/teleop/share/ament_index/resource_index
[3.090s] creating /home/rss/robot_harry/robotik/install/teleop/share/ament_index/resource_index/packages
[3.090s] symbolically linking /home/rss/robot_harry/robotik/build/teleop/resource/teleop -> /home/rss/robot_harry/robotik/install/teleop/share/ament_index/resource_index/packages
[3.091s] symbolically linking /home/rss/robot_harry/robotik/build/teleop/package.xml -> /home/rss/robot_harry/robotik/install/teleop/share/teleop
[3.091s] creating /home/rss/robot_harry/robotik/install/teleop/share/teleop/launch
[3.091s] symbolically linking /home/rss/robot_harry/robotik/build/teleop/launch/teleop_launch.launch.py -> /home/rss/robot_harry/robotik/install/teleop/share/teleop/launch
[3.129s] Invoked command in '/home/rss/robot_harry/robotik/build/teleop' returned '0': PYTHONPATH=/home/rss/robot_harry/robotik/build/teleop/prefix_override:/usr/lib/python3/dist-packages/colcon_core/task/python/colcon_distutils_commands:/home/rss/robot_harry/robotik/install/teleop/lib/python3.10/site-packages:${PYTHONPATH} /usr/bin/python3 -W ignore:setup.py install is deprecated -W ignore:easy_install command is deprecated setup.py develop --editable --build-directory /home/rss/robot_harry/robotik/build/teleop/build --no-deps symlink_data
