[1.315s] Invoking command in '/home/rss/robot_harry/robotik/src/object_detection': PYTHONPATH=/home/rss/robot_harry/robotik/build/object_detection/prefix_override:/usr/lib/python3/dist-packages/colcon_core/task/python/colcon_distutils_commands:/home/rss/robot_harry/robotik/install/object_detection/lib/python3.10/site-packages:${PYTHONPATH} /usr/bin/python3 -W ignore:setup.py install is deprecated -W ignore:easy_install command is deprecated setup.py egg_info --egg-base ../../build/object_detection build --build-base /home/rss/robot_harry/robotik/build/object_detection/build install --record /home/rss/robot_harry/robotik/build/object_detection/install.log --single-version-externally-managed install_data
[1.673s] running egg_info
[1.673s] writing ../../build/object_detection/object_detection.egg-info/PKG-INFO
[1.673s] writing dependency_links to ../../build/object_detection/object_detection.egg-info/dependency_links.txt
[1.673s] writing entry points to ../../build/object_detection/object_detection.egg-info/entry_points.txt
[1.675s] writing requirements to ../../build/object_detection/object_detection.egg-info/requires.txt
[1.675s] writing top-level names to ../../build/object_detection/object_detection.egg-info/top_level.txt
[1.681s] reading manifest file '../../build/object_detection/object_detection.egg-info/SOURCES.txt'
[1.681s] writing manifest file '../../build/object_detection/object_detection.egg-info/SOURCES.txt'
[1.681s] running build
[1.681s] running build_py
[1.681s] running install
[1.681s] running install_lib
[1.682s] running install_data
[1.682s] running install_egg_info
[1.685s] removing '/home/rss/robot_harry/robotik/install/object_detection/lib/python3.10/site-packages/object_detection-0.0.0-py3.10.egg-info' (and everything under it)
[1.687s] Copying ../../build/object_detection/object_detection.egg-info to /home/rss/robot_harry/robotik/install/object_detection/lib/python3.10/site-packages/object_detection-0.0.0-py3.10.egg-info
[1.687s] running install_scripts
[1.713s] Installing yolo_to_ros script to /home/rss/robot_harry/robotik/install/object_detection/lib/object_detection
[1.715s] writing list of installed files to '/home/rss/robot_harry/robotik/build/object_detection/install.log'
[1.752s] Invoked command in '/home/rss/robot_harry/robotik/src/object_detection' returned '0': PYTHONPATH=/home/rss/robot_harry/robotik/build/object_detection/prefix_override:/usr/lib/python3/dist-packages/colcon_core/task/python/colcon_distutils_commands:/home/rss/robot_harry/robotik/install/object_detection/lib/python3.10/site-packages:${PYTHONPATH} /usr/bin/python3 -W ignore:setup.py install is deprecated -W ignore:easy_install command is deprecated setup.py egg_info --egg-base ../../build/object_detection build --build-base /home/rss/robot_harry/robotik/build/object_detection/build install --record /home/rss/robot_harry/robotik/build/object_detection/install.log --single-version-externally-managed install_data
