[2.137s] Invoking command in '/home/rss/robot_harry/robotik/build/object_detection': PYTHONPATH=/home/rss/robot_harry/robotik/build/object_detection/prefix_override:/usr/lib/python3/dist-packages/colcon_core/task/python/colcon_distutils_commands:/home/rss/robot_harry/robotik/install/object_detection/lib/python3.10/site-packages:${PYTHONPATH} /usr/bin/python3 -W ignore:setup.py install is deprecated -W ignore:easy_install command is deprecated setup.py develop --editable --build-directory /home/rss/robot_harry/robotik/build/object_detection/build --no-deps symlink_data
[4.064s] running develop
[4.413s] running egg_info
[4.414s] creating object_detection.egg-info
[4.414s] writing object_detection.egg-info/PKG-INFO
[4.415s] writing dependency_links to object_detection.egg-info/dependency_links.txt
[4.415s] writing entry points to object_detection.egg-info/entry_points.txt
[4.415s] writing requirements to object_detection.egg-info/requires.txt
[4.415s] writing top-level names to object_detection.egg-info/top_level.txt
[4.416s] writing manifest file 'object_detection.egg-info/SOURCES.txt'
[4.419s] reading manifest file 'object_detection.egg-info/SOURCES.txt'
[4.422s] writing manifest file 'object_detection.egg-info/SOURCES.txt'
[4.422s] running build_ext
[4.422s] Creating /home/rss/robot_harry/robotik/install/object_detection/lib/python3.10/site-packages/object-detection.egg-link (link to .)
[4.424s] Installing yolo_to_ros script to /home/rss/robot_harry/robotik/install/object_detection/lib/object_detection
[4.424s] 
[4.424s] Installed /home/rss/robot_harry/robotik/build/object_detection
[4.424s] running symlink_data
[4.425s] creating /home/rss/robot_harry/robotik/install/object_detection/share/ament_index
[4.425s] creating /home/rss/robot_harry/robotik/install/object_detection/share/ament_index/resource_index
[4.425s] creating /home/rss/robot_harry/robotik/install/object_detection/share/ament_index/resource_index/packages
[4.425s] symbolically linking /home/rss/robot_harry/robotik/build/object_detection/resource/object_detection -> /home/rss/robot_harry/robotik/install/object_detection/share/ament_index/resource_index/packages
[4.429s] symbolically linking /home/rss/robot_harry/robotik/build/object_detection/package.xml -> /home/rss/robot_harry/robotik/install/object_detection/share/object_detection
[4.486s] Invoked command in '/home/rss/robot_harry/robotik/build/object_detection' returned '0': PYTHONPATH=/home/rss/robot_harry/robotik/build/object_detection/prefix_override:/usr/lib/python3/dist-packages/colcon_core/task/python/colcon_distutils_commands:/home/rss/robot_harry/robotik/install/object_detection/lib/python3.10/site-packages:${PYTHONPATH} /usr/bin/python3 -W ignore:setup.py install is deprecated -W ignore:easy_install command is deprecated setup.py develop --editable --build-directory /home/rss/robot_harry/robotik/build/object_detection/build --no-deps symlink_data
