[0.000s] Invoking command in '/home/rss/robot_harry/robotik/build/create3_lidar_slam': CMAKE_PREFIX_PATH=/home/rss/robot_harry/robotik/install/rplidar_ros:/home/rss/robot_harry/robotik/install/create3_lidar_slam:/home/rss/robot_harry/robotik/install/realsense2_rviz_plugin:/home/rss/robot_harry/robotik/install/realsense2_description:/home/rss/robot_harry/robotik/install/realsense2_camera_msgs:/home/rss/robot_harry/robotik/install/create3_republisher:/home/rss/robot_harry/robotik/install/create3_examples_msgs:/home/rss/robot_harry/robotik/install/tb3_gazebo:/home/rss/robot_harry/robotik/install/my_robot_slam:/home/rss/robot_harry/robotik/install/art_maze:/home/rss/robot_harry/robotik/install/apriltag_ros:/home/rss/robot_harry/robotik/install/apriltag_msgs:/home/rss/robot_harry/robotik/install/realsense2_ros_mqtt_bridge:/home/rss/robot_harry/robotik/install/create3_teleop:/home/rss/robot_harry/robotik/install/create3_examples_py:/home/rss/robot_harry/robotik/install/webcam_bringup:/home/rss/robot_harry/robotik/install/teleop:/home/rss/robot_harry/robotik/install/tb3_description:/home/rss/robot_harry/robotik/install/tag_detection:/home/rss/robot_harry/robotik/install/robot_bringup:/home/rss/robot_harry/robotik/install/pub_sub:/home/rss/robot_harry/robotik/install/object_detection:/home/rss/robot_harry/robotik/install/my_robot_navigation:/home/rss/robot_harry/robotik/install/curator:/home/rss/robot_harry/robotik/install/challenge_2025:/opt/ros/humble /usr/bin/cmake /home/rss/robot_harry/robotik/src/create3_examples/create3_lidar_slam -DCMAKE_INSTALL_PREFIX=/home/rss/robot_harry/robotik/install/create3_lidar_slam
[0.035s] -- The C compiler identification is GNU 11.4.0
[0.077s] -- The CXX compiler identification is GNU 11.4.0
[0.082s] -- Detecting C compiler ABI info
[0.133s] -- Detecting C compiler ABI info - done
[0.140s] -- Check for working C compiler: /usr/bin/cc - skipped
[0.140s] -- Detecting C compile features
[0.141s] -- Detecting C compile features - done
[0.144s] -- Detecting CXX compiler ABI info
[0.202s] -- Detecting CXX compiler ABI info - done
[0.209s] -- Check for working CXX compiler: /usr/bin/c++ - skipped
[0.209s] -- Detecting CXX compile features
[0.209s] -- Detecting CXX compile features - done
[0.212s] -- Found ament_cmake: 1.3.12 (/opt/ros/humble/share/ament_cmake/cmake)
[0.341s] -- Found Python3: /usr/bin/python3 (found version "3.10.12") found components: Interpreter 
[0.468s] -- Configuring done
[0.469s] -- Generating done
[0.470s] -- Build files have been written to: /home/rss/robot_harry/robotik/build/create3_lidar_slam
[0.473s] Invoked command in '/home/rss/robot_harry/robotik/build/create3_lidar_slam' returned '0': CMAKE_PREFIX_PATH=/home/rss/robot_harry/robotik/install/rplidar_ros:/home/rss/robot_harry/robotik/install/create3_lidar_slam:/home/rss/robot_harry/robotik/install/realsense2_rviz_plugin:/home/rss/robot_harry/robotik/install/realsense2_description:/home/rss/robot_harry/robotik/install/realsense2_camera_msgs:/home/rss/robot_harry/robotik/install/create3_republisher:/home/rss/robot_harry/robotik/install/create3_examples_msgs:/home/rss/robot_harry/robotik/install/tb3_gazebo:/home/rss/robot_harry/robotik/install/my_robot_slam:/home/rss/robot_harry/robotik/install/art_maze:/home/rss/robot_harry/robotik/install/apriltag_ros:/home/rss/robot_harry/robotik/install/apriltag_msgs:/home/rss/robot_harry/robotik/install/realsense2_ros_mqtt_bridge:/home/rss/robot_harry/robotik/install/create3_teleop:/home/rss/robot_harry/robotik/install/create3_examples_py:/home/rss/robot_harry/robotik/install/webcam_bringup:/home/rss/robot_harry/robotik/install/teleop:/home/rss/robot_harry/robotik/install/tb3_description:/home/rss/robot_harry/robotik/install/tag_detection:/home/rss/robot_harry/robotik/install/robot_bringup:/home/rss/robot_harry/robotik/install/pub_sub:/home/rss/robot_harry/robotik/install/object_detection:/home/rss/robot_harry/robotik/install/my_robot_navigation:/home/rss/robot_harry/robotik/install/curator:/home/rss/robot_harry/robotik/install/challenge_2025:/opt/ros/humble /usr/bin/cmake /home/rss/robot_harry/robotik/src/create3_examples/create3_lidar_slam -DCMAKE_INSTALL_PREFIX=/home/rss/robot_harry/robotik/install/create3_lidar_slam
[0.474s] Invoking command in '/home/rss/robot_harry/robotik/build/create3_lidar_slam': CMAKE_PREFIX_PATH=/home/rss/robot_harry/robotik/install/rplidar_ros:/home/rss/robot_harry/robotik/install/create3_lidar_slam:/home/rss/robot_harry/robotik/install/realsense2_rviz_plugin:/home/rss/robot_harry/robotik/install/realsense2_description:/home/rss/robot_harry/robotik/install/realsense2_camera_msgs:/home/rss/robot_harry/robotik/install/create3_republisher:/home/rss/robot_harry/robotik/install/create3_examples_msgs:/home/rss/robot_harry/robotik/install/tb3_gazebo:/home/rss/robot_harry/robotik/install/my_robot_slam:/home/rss/robot_harry/robotik/install/art_maze:/home/rss/robot_harry/robotik/install/apriltag_ros:/home/rss/robot_harry/robotik/install/apriltag_msgs:/home/rss/robot_harry/robotik/install/realsense2_ros_mqtt_bridge:/home/rss/robot_harry/robotik/install/create3_teleop:/home/rss/robot_harry/robotik/install/create3_examples_py:/home/rss/robot_harry/robotik/install/webcam_bringup:/home/rss/robot_harry/robotik/install/teleop:/home/rss/robot_harry/robotik/install/tb3_description:/home/rss/robot_harry/robotik/install/tag_detection:/home/rss/robot_harry/robotik/install/robot_bringup:/home/rss/robot_harry/robotik/install/pub_sub:/home/rss/robot_harry/robotik/install/object_detection:/home/rss/robot_harry/robotik/install/my_robot_navigation:/home/rss/robot_harry/robotik/install/curator:/home/rss/robot_harry/robotik/install/challenge_2025:/opt/ros/humble /usr/bin/cmake --build /home/rss/robot_harry/robotik/build/create3_lidar_slam -- -j8 -l8
[0.503s] Invoked command in '/home/rss/robot_harry/robotik/build/create3_lidar_slam' returned '0': CMAKE_PREFIX_PATH=/home/rss/robot_harry/robotik/install/rplidar_ros:/home/rss/robot_harry/robotik/install/create3_lidar_slam:/home/rss/robot_harry/robotik/install/realsense2_rviz_plugin:/home/rss/robot_harry/robotik/install/realsense2_description:/home/rss/robot_harry/robotik/install/realsense2_camera_msgs:/home/rss/robot_harry/robotik/install/create3_republisher:/home/rss/robot_harry/robotik/install/create3_examples_msgs:/home/rss/robot_harry/robotik/install/tb3_gazebo:/home/rss/robot_harry/robotik/install/my_robot_slam:/home/rss/robot_harry/robotik/install/art_maze:/home/rss/robot_harry/robotik/install/apriltag_ros:/home/rss/robot_harry/robotik/install/apriltag_msgs:/home/rss/robot_harry/robotik/install/realsense2_ros_mqtt_bridge:/home/rss/robot_harry/robotik/install/create3_teleop:/home/rss/robot_harry/robotik/install/create3_examples_py:/home/rss/robot_harry/robotik/install/webcam_bringup:/home/rss/robot_harry/robotik/install/teleop:/home/rss/robot_harry/robotik/install/tb3_description:/home/rss/robot_harry/robotik/install/tag_detection:/home/rss/robot_harry/robotik/install/robot_bringup:/home/rss/robot_harry/robotik/install/pub_sub:/home/rss/robot_harry/robotik/install/object_detection:/home/rss/robot_harry/robotik/install/my_robot_navigation:/home/rss/robot_harry/robotik/install/curator:/home/rss/robot_harry/robotik/install/challenge_2025:/opt/ros/humble /usr/bin/cmake --build /home/rss/robot_harry/robotik/build/create3_lidar_slam -- -j8 -l8
[0.504s] Invoking command in '/home/rss/robot_harry/robotik/build/create3_lidar_slam': CMAKE_PREFIX_PATH=/home/rss/robot_harry/robotik/install/rplidar_ros:/home/rss/robot_harry/robotik/install/create3_lidar_slam:/home/rss/robot_harry/robotik/install/realsense2_rviz_plugin:/home/rss/robot_harry/robotik/install/realsense2_description:/home/rss/robot_harry/robotik/install/realsense2_camera_msgs:/home/rss/robot_harry/robotik/install/create3_republisher:/home/rss/robot_harry/robotik/install/create3_examples_msgs:/home/rss/robot_harry/robotik/install/tb3_gazebo:/home/rss/robot_harry/robotik/install/my_robot_slam:/home/rss/robot_harry/robotik/install/art_maze:/home/rss/robot_harry/robotik/install/apriltag_ros:/home/rss/robot_harry/robotik/install/apriltag_msgs:/home/rss/robot_harry/robotik/install/realsense2_ros_mqtt_bridge:/home/rss/robot_harry/robotik/install/create3_teleop:/home/rss/robot_harry/robotik/install/create3_examples_py:/home/rss/robot_harry/robotik/install/webcam_bringup:/home/rss/robot_harry/robotik/install/teleop:/home/rss/robot_harry/robotik/install/tb3_description:/home/rss/robot_harry/robotik/install/tag_detection:/home/rss/robot_harry/robotik/install/robot_bringup:/home/rss/robot_harry/robotik/install/pub_sub:/home/rss/robot_harry/robotik/install/object_detection:/home/rss/robot_harry/robotik/install/my_robot_navigation:/home/rss/robot_harry/robotik/install/curator:/home/rss/robot_harry/robotik/install/challenge_2025:/opt/ros/humble /usr/bin/cmake --install /home/rss/robot_harry/robotik/build/create3_lidar_slam
[0.509s] -- Install configuration: ""
[0.509s] -- Installing: /home/rss/robot_harry/robotik/install/create3_lidar_slam/share/create3_lidar_slam/launch
[0.510s] -- Installing: /home/rss/robot_harry/robotik/install/create3_lidar_slam/share/create3_lidar_slam/launch/rviz_launch.py
[0.510s] -- Installing: /home/rss/robot_harry/robotik/install/create3_lidar_slam/share/create3_lidar_slam/launch/sensors_launch.py
[0.510s] -- Installing: /home/rss/robot_harry/robotik/install/create3_lidar_slam/share/create3_lidar_slam/launch/slam_toolbox_launch.py
[0.510s] -- Installing: /home/rss/robot_harry/robotik/install/create3_lidar_slam/share/create3_lidar_slam/config
[0.510s] -- Installing: /home/rss/robot_harry/robotik/install/create3_lidar_slam/share/create3_lidar_slam/config/rplidar_node.yaml
[0.510s] -- Installing: /home/rss/robot_harry/robotik/install/create3_lidar_slam/share/create3_lidar_slam/config/mapper_params_online_async.yaml
[0.510s] -- Installing: /home/rss/robot_harry/robotik/install/create3_lidar_slam/share/create3_lidar_slam/rviz
[0.510s] -- Installing: /home/rss/robot_harry/robotik/install/create3_lidar_slam/share/create3_lidar_slam/rviz/create3_lidar_slam.rviz
[0.510s] -- Installing: /home/rss/robot_harry/robotik/install/create3_lidar_slam/share/ament_index/resource_index/package_run_dependencies/create3_lidar_slam
[0.510s] -- Installing: /home/rss/robot_harry/robotik/install/create3_lidar_slam/share/ament_index/resource_index/parent_prefix_path/create3_lidar_slam
[0.510s] -- Installing: /home/rss/robot_harry/robotik/install/create3_lidar_slam/share/create3_lidar_slam/environment/ament_prefix_path.sh
[0.510s] -- Installing: /home/rss/robot_harry/robotik/install/create3_lidar_slam/share/create3_lidar_slam/environment/ament_prefix_path.dsv
[0.510s] -- Installing: /home/rss/robot_harry/robotik/install/create3_lidar_slam/share/create3_lidar_slam/environment/path.sh
[0.510s] -- Installing: /home/rss/robot_harry/robotik/install/create3_lidar_slam/share/create3_lidar_slam/environment/path.dsv
[0.511s] -- Installing: /home/rss/robot_harry/robotik/install/create3_lidar_slam/share/create3_lidar_slam/local_setup.bash
[0.511s] -- Installing: /home/rss/robot_harry/robotik/install/create3_lidar_slam/share/create3_lidar_slam/local_setup.sh
[0.511s] -- Installing: /home/rss/robot_harry/robotik/install/create3_lidar_slam/share/create3_lidar_slam/local_setup.zsh
[0.511s] -- Installing: /home/rss/robot_harry/robotik/install/create3_lidar_slam/share/create3_lidar_slam/local_setup.dsv
[0.511s] -- Installing: /home/rss/robot_harry/robotik/install/create3_lidar_slam/share/create3_lidar_slam/package.dsv
[0.511s] -- Installing: /home/rss/robot_harry/robotik/install/create3_lidar_slam/share/ament_index/resource_index/packages/create3_lidar_slam
[0.511s] -- Installing: /home/rss/robot_harry/robotik/install/create3_lidar_slam/share/create3_lidar_slam/cmake/create3_lidar_slamConfig.cmake
[0.511s] -- Installing: /home/rss/robot_harry/robotik/install/create3_lidar_slam/share/create3_lidar_slam/cmake/create3_lidar_slamConfig-version.cmake
[0.511s] -- Installing: /home/rss/robot_harry/robotik/install/create3_lidar_slam/share/create3_lidar_slam/package.xml
[0.513s] Invoked command in '/home/rss/robot_harry/robotik/build/create3_lidar_slam' returned '0': CMAKE_PREFIX_PATH=/home/rss/robot_harry/robotik/install/rplidar_ros:/home/rss/robot_harry/robotik/install/create3_lidar_slam:/home/rss/robot_harry/robotik/install/realsense2_rviz_plugin:/home/rss/robot_harry/robotik/install/realsense2_description:/home/rss/robot_harry/robotik/install/realsense2_camera_msgs:/home/rss/robot_harry/robotik/install/create3_republisher:/home/rss/robot_harry/robotik/install/create3_examples_msgs:/home/rss/robot_harry/robotik/install/tb3_gazebo:/home/rss/robot_harry/robotik/install/my_robot_slam:/home/rss/robot_harry/robotik/install/art_maze:/home/rss/robot_harry/robotik/install/apriltag_ros:/home/rss/robot_harry/robotik/install/apriltag_msgs:/home/rss/robot_harry/robotik/install/realsense2_ros_mqtt_bridge:/home/rss/robot_harry/robotik/install/create3_teleop:/home/rss/robot_harry/robotik/install/create3_examples_py:/home/rss/robot_harry/robotik/install/webcam_bringup:/home/rss/robot_harry/robotik/install/teleop:/home/rss/robot_harry/robotik/install/tb3_description:/home/rss/robot_harry/robotik/install/tag_detection:/home/rss/robot_harry/robotik/install/robot_bringup:/home/rss/robot_harry/robotik/install/pub_sub:/home/rss/robot_harry/robotik/install/object_detection:/home/rss/robot_harry/robotik/install/my_robot_navigation:/home/rss/robot_harry/robotik/install/curator:/home/rss/robot_harry/robotik/install/challenge_2025:/opt/ros/humble /usr/bin/cmake --install /home/rss/robot_harry/robotik/build/create3_lidar_slam
