running develop
running egg_info
creating pub_sub.egg-info
writing pub_sub.egg-info/PKG-INFO
writing dependency_links to pub_sub.egg-info/dependency_links.txt
writing entry points to pub_sub.egg-info/entry_points.txt
writing requirements to pub_sub.egg-info/requires.txt
writing top-level names to pub_sub.egg-info/top_level.txt
writing manifest file 'pub_sub.egg-info/SOURCES.txt'
reading manifest file 'pub_sub.egg-info/SOURCES.txt'
writing manifest file 'pub_sub.egg-info/SOURCES.txt'
running build_ext
Creating /home/rss/robot_harry/robotik/install/pub_sub/lib/python3.10/site-packages/pub-sub.egg-link (link to .)
Installing publisher_node script to /home/rss/robot_harry/robotik/install/pub_sub/lib/pub_sub
Installing subscriber_node script to /home/rss/robot_harry/robotik/install/pub_sub/lib/pub_sub
Installing test_cam_node script to /home/rss/robot_harry/robotik/install/pub_sub/lib/pub_sub
Installing yolo_detector_node script to /home/rss/robot_harry/robotik/install/pub_sub/lib/pub_sub

Installed /home/rss/robot_harry/robotik/build/pub_sub
running symlink_data
creating /home/rss/robot_harry/robotik/install/pub_sub/share/ament_index
creating /home/rss/robot_harry/robotik/install/pub_sub/share/ament_index/resource_index
creating /home/rss/robot_harry/robotik/install/pub_sub/share/ament_index/resource_index/packages
symbolically linking /home/rss/robot_harry/robotik/build/pub_sub/resource/pub_sub -> /home/rss/robot_harry/robotik/install/pub_sub/share/ament_index/resource_index/packages
symbolically linking /home/rss/robot_harry/robotik/build/pub_sub/package.xml -> /home/rss/robot_harry/robotik/install/pub_sub/share/pub_sub
