-- The C compiler identification is GNU 11.4.0
-- The CXX compiler identification is GNU 11.4.0
-- Detecting C compiler ABI info
-- Detecting C compiler ABI info - done
-- Check for working C compiler: /usr/bin/cc - skipped
-- Detecting C compile features
-- Detecting C compile features - done
-- Detecting CXX compiler ABI info
-- Detecting CXX compiler ABI info - done
-- Check for working CXX compiler: /usr/bin/c++ - skipped
-- Detecting CXX compile features
-- Detecting CXX compile features - done
-- Found ament_cmake: 1.3.12 (/opt/ros/humble/share/ament_cmake/cmake)
-- Found Python3: /usr/bin/python3 (found version "3.10.12") found components: Interpreter 
-- Override CMake install command with custom implementation using symlinks instead of copying resources
-- Configuring done
-- Generating done
-- Build files have been written to: /home/rss/robot_harry/robotik/build/create3_lidar_slam
-- Install configuration: ""
-- Execute custom install script
-- Symlinking: /home/rss/robot_harry/robotik/install/create3_lidar_slam/share/create3_lidar_slam/launch/rviz_launch.py
-- Symlinking: /home/rss/robot_harry/robotik/install/create3_lidar_slam/share/create3_lidar_slam/launch/sensors_launch.py
-- Symlinking: /home/rss/robot_harry/robotik/install/create3_lidar_slam/share/create3_lidar_slam/launch/slam_toolbox_launch.py
-- Symlinking: /home/rss/robot_harry/robotik/install/create3_lidar_slam/share/create3_lidar_slam/config/mapper_params_online_async.yaml
-- Symlinking: /home/rss/robot_harry/robotik/install/create3_lidar_slam/share/create3_lidar_slam/config/rplidar_node.yaml
-- Symlinking: /home/rss/robot_harry/robotik/install/create3_lidar_slam/share/create3_lidar_slam/rviz/create3_lidar_slam.rviz
-- Symlinking: /home/rss/robot_harry/robotik/install/create3_lidar_slam/share/ament_index/resource_index/package_run_dependencies/create3_lidar_slam
-- Symlinking: /home/rss/robot_harry/robotik/install/create3_lidar_slam/share/ament_index/resource_index/parent_prefix_path/create3_lidar_slam
-- Symlinking: /home/rss/robot_harry/robotik/install/create3_lidar_slam/share/create3_lidar_slam/environment/ament_prefix_path.sh
-- Symlinking: /home/rss/robot_harry/robotik/install/create3_lidar_slam/share/create3_lidar_slam/environment/ament_prefix_path.dsv
-- Symlinking: /home/rss/robot_harry/robotik/install/create3_lidar_slam/share/create3_lidar_slam/environment/path.sh
-- Symlinking: /home/rss/robot_harry/robotik/install/create3_lidar_slam/share/create3_lidar_slam/environment/path.dsv
-- Symlinking: /home/rss/robot_harry/robotik/install/create3_lidar_slam/share/create3_lidar_slam/local_setup.bash
-- Symlinking: /home/rss/robot_harry/robotik/install/create3_lidar_slam/share/create3_lidar_slam/local_setup.sh
-- Symlinking: /home/rss/robot_harry/robotik/install/create3_lidar_slam/share/create3_lidar_slam/local_setup.zsh
-- Symlinking: /home/rss/robot_harry/robotik/install/create3_lidar_slam/share/create3_lidar_slam/local_setup.dsv
-- Symlinking: /home/rss/robot_harry/robotik/install/create3_lidar_slam/share/create3_lidar_slam/package.dsv
-- Symlinking: /home/rss/robot_harry/robotik/install/create3_lidar_slam/share/ament_index/resource_index/packages/create3_lidar_slam
-- Symlinking: /home/rss/robot_harry/robotik/install/create3_lidar_slam/share/create3_lidar_slam/cmake/create3_lidar_slamConfig.cmake
-- Symlinking: /home/rss/robot_harry/robotik/install/create3_lidar_slam/share/create3_lidar_slam/cmake/create3_lidar_slamConfig-version.cmake
-- Symlinking: /home/rss/robot_harry/robotik/install/create3_lidar_slam/share/create3_lidar_slam/package.xml
