[0.705s] Invoking command in '/home/rss/robot_harry/robotik/build/my_robot_slam': CMAKE_PREFIX_PATH=${CMAKE_PREFIX_PATH}:/home/rss/robot_harry/robotik/install/realsense2_ros_mqtt_bridge:/home/rss/robot_harry/robotik/install/create3_teleop:/home/rss/robot_harry/robotik/install/create3_examples_py:/home/rss/robot_harry/robotik/install/webcam_bringup:/home/rss/robot_harry/robotik/install/teleop:/home/rss/robot_harry/robotik/install/tb3_description:/home/rss/robot_harry/robotik/install/tag_detection:/home/rss/robot_harry/robotik/install/robot_bringup:/home/rss/robot_harry/robotik/install/pub_sub:/home/rss/robot_harry/robotik/install/object_detection:/home/rss/robot_harry/robotik/install/my_robot_navigation:/home/rss/robot_harry/robotik/install/curator:/home/rss/robot_harry/robotik/install/challenge_2025:/opt/ros/humble /usr/bin/cmake /home/rss/robot_harry/robotik/src/my_robot_slam -DCMAKE_INSTALL_PREFIX=/home/rss/robot_harry/robotik/install/my_robot_slam
[0.770s] -- The C compiler identification is GNU 11.4.0
[0.845s] -- The CXX compiler identification is GNU 11.4.0
[0.858s] -- Detecting C compiler ABI info
[0.945s] -- Detecting C compiler ABI info - done
[0.954s] -- Check for working C compiler: /usr/bin/cc - skipped
[0.955s] -- Detecting C compile features
[0.955s] -- Detecting C compile features - done
[0.961s] -- Detecting CXX compiler ABI info
[1.052s] -- Detecting CXX compiler ABI info - done
[1.064s] -- Check for working CXX compiler: /usr/bin/c++ - skipped
[1.064s] -- Detecting CXX compile features
[1.065s] -- Detecting CXX compile features - done
[1.068s] -- Found ament_cmake: 1.3.12 (/opt/ros/humble/share/ament_cmake/cmake)
[1.344s] -- Found Python3: /usr/bin/python3 (found version "3.10.12") found components: Interpreter 
[1.526s] -- Found rclcpp: 16.0.17 (/opt/ros/humble/share/rclcpp/cmake)
[1.597s] -- Found rosidl_generator_c: 3.1.8 (/opt/ros/humble/share/rosidl_generator_c/cmake)
[1.599s] -- Found rosidl_adapter: 3.1.8 (/opt/ros/humble/share/rosidl_adapter/cmake)
[1.610s] -- Found rosidl_generator_cpp: 3.1.8 (/opt/ros/humble/share/rosidl_generator_cpp/cmake)
[1.634s] -- Using all available rosidl_typesupport_c: rosidl_typesupport_fastrtps_c;rosidl_typesupport_introspection_c
[1.676s] -- Using all available rosidl_typesupport_cpp: rosidl_typesupport_fastrtps_cpp;rosidl_typesupport_introspection_cpp
[1.734s] -- Found rmw_implementation_cmake: 6.1.2 (/opt/ros/humble/share/rmw_implementation_cmake/cmake)
[1.738s] -- Found rmw_fastrtps_cpp: 6.2.9 (/opt/ros/humble/share/rmw_fastrtps_cpp/cmake)
[1.909s] -- Found OpenSSL: /usr/lib/x86_64-linux-gnu/libcrypto.so (found version "3.0.2")  
[1.952s] -- Found FastRTPS: /opt/ros/humble/include  
[2.003s] -- Using RMW implementation 'rmw_fastrtps_cpp' as default
[2.013s] -- Looking for pthread.h
[2.091s] -- Looking for pthread.h - found
[2.092s] -- Performing Test CMAKE_HAVE_LIBC_PTHREAD
[2.282s] -- Performing Test CMAKE_HAVE_LIBC_PTHREAD - Success
[2.283s] -- Found Threads: TRUE  
[2.433s] -- Found slam_toolbox: 2.6.10 (/opt/ros/humble/share/slam_toolbox/cmake)
[2.709s] -- Found eigen3_cmake_module: 0.1.1 (/opt/ros/humble/share/eigen3_cmake_module/cmake)
[2.710s] -- Found Eigen3: TRUE (found version "3.4.0") 
[2.710s] -- Ensuring Eigen3 include directory is part of orocos-kdl CMake target
[2.753s] -- Setting assimp_DIR to: '/opt/ros/humble/share/rviz_assimp_vendor/cmake/../../../opt/rviz_assimp_vendor/lib/cmake/assimp-4.1'
[2.764s] -- Setting OGRE_DIR to: '/opt/ros/humble/share/rviz_ogre_vendor/cmake/../../../opt/rviz_ogre_vendor/lib/OGRE/cmake'
[2.765s] -- Found OGRE
[2.766s] --   static     : OFF
[2.766s] --   components : HLMS;MeshLodGenerator;Overlay;Paging;Property;RTShaderSystem;Terrain;Volume
[2.766s] --   plugins    : Plugin_BSPSceneManager;Plugin_OctreeSceneManager;Plugin_PCZSceneManager;Plugin_ParticleFX;RenderSystem_GL;RenderSystem_GL3Plus;Codec_STBI
[2.766s] --   media      : /opt/ros/humble/opt/rviz_ogre_vendor/share/OGRE/Media
[2.766s] -- OGRE_LIBRARIES: OgreHLMS;OgreMeshLodGenerator;OgreOverlay;OgrePaging;OgreProperty;OgreRTShaderSystem;OgreTerrain;OgreVolume;OgreMain
[2.766s] -- OGRE_LIBRARY_DIRS: /opt/ros/humble/opt/rviz_ogre_vendor/lib
[2.767s] -- OGRE_PLUGINS: Plugin_BSPSceneManager;Plugin_OctreeSceneManager;Plugin_PCZSceneManager;Plugin_ParticleFX;RenderSystem_GL;RenderSystem_GL3Plus;Codec_STBI
[2.767s] -- OGRE_PLUGIN_DIR: /opt/ros/humble/opt/rviz_ogre_vendor/lib/OGRE
[2.767s] -- rviz_ogre_vendor::OgreOverlay for IMPORTED_LOCATION_RELEASE: /opt/ros/humble/opt/rviz_ogre_vendor/lib/libOgreOverlay.so
[2.767s] -- rviz_ogre_vendor::OgreOverlay for IMPORTED_LOCATION_DEBUG: /opt/ros/humble/opt/rviz_ogre_vendor/lib/libOgreOverlay.so
[2.768s] -- rviz_ogre_vendor::OgreMain for IMPORTED_LOCATION_RELEASE: /opt/ros/humble/opt/rviz_ogre_vendor/lib/libOgreMain.so
[2.768s] -- rviz_ogre_vendor::OgreMain for IMPORTED_LOCATION_DEBUG: /opt/ros/humble/opt/rviz_ogre_vendor/lib/libOgreMain.so
[2.798s] -- Found ZLIB: /usr/lib/x86_64-linux-gnu/libz.so (found version "1.2.11") 
[2.807s] -- Found OpenGL: /usr/lib/x86_64-linux-gnu/libOpenGL.so   
[3.004s] -- Found X11: /usr/include   
[3.004s] -- Looking for XOpenDisplay in /usr/lib/x86_64-linux-gnu/libX11.so;/usr/lib/x86_64-linux-gnu/libXext.so
[3.191s] -- Looking for XOpenDisplay in /usr/lib/x86_64-linux-gnu/libX11.so;/usr/lib/x86_64-linux-gnu/libXext.so - found
[3.191s] -- Looking for gethostbyname
[3.437s] -- Looking for gethostbyname - found
[3.437s] -- Looking for connect
[3.660s] -- Looking for connect - found
[3.661s] -- Looking for remove
[3.891s] -- Looking for remove - found
[3.892s] -- Looking for shmat
[3.981s] -- Looking for shmat - found
[3.982s] -- Looking for IceConnectionNumber in ICE
[4.077s] -- Looking for IceConnectionNumber in ICE - found
[4.196s] -- library: /usr/lib/x86_64-linux-gnu/libcurl.so
[4.442s] -- Found ament_lint_auto: 0.12.14 (/opt/ros/humble/share/ament_lint_auto/cmake)
[4.613s] -- Added test 'lint_cmake' to check CMake code style
[4.615s] -- Added test 'xmllint' to check XML markup files
[4.620s] -- Configuring done
[4.631s] -- Generating done
[4.639s] -- Build files have been written to: /home/rss/robot_harry/robotik/build/my_robot_slam
[5.918s] Invoked command in '/home/rss/robot_harry/robotik/build/my_robot_slam' returned '0': CMAKE_PREFIX_PATH=${CMAKE_PREFIX_PATH}:/home/rss/robot_harry/robotik/install/realsense2_ros_mqtt_bridge:/home/rss/robot_harry/robotik/install/create3_teleop:/home/rss/robot_harry/robotik/install/create3_examples_py:/home/rss/robot_harry/robotik/install/webcam_bringup:/home/rss/robot_harry/robotik/install/teleop:/home/rss/robot_harry/robotik/install/tb3_description:/home/rss/robot_harry/robotik/install/tag_detection:/home/rss/robot_harry/robotik/install/robot_bringup:/home/rss/robot_harry/robotik/install/pub_sub:/home/rss/robot_harry/robotik/install/object_detection:/home/rss/robot_harry/robotik/install/my_robot_navigation:/home/rss/robot_harry/robotik/install/curator:/home/rss/robot_harry/robotik/install/challenge_2025:/opt/ros/humble /usr/bin/cmake /home/rss/robot_harry/robotik/src/my_robot_slam -DCMAKE_INSTALL_PREFIX=/home/rss/robot_harry/robotik/install/my_robot_slam
[5.918s] Invoking command in '/home/rss/robot_harry/robotik/build/my_robot_slam': CMAKE_PREFIX_PATH=${CMAKE_PREFIX_PATH}:/home/rss/robot_harry/robotik/install/realsense2_ros_mqtt_bridge:/home/rss/robot_harry/robotik/install/create3_teleop:/home/rss/robot_harry/robotik/install/create3_examples_py:/home/rss/robot_harry/robotik/install/webcam_bringup:/home/rss/robot_harry/robotik/install/teleop:/home/rss/robot_harry/robotik/install/tb3_description:/home/rss/robot_harry/robotik/install/tag_detection:/home/rss/robot_harry/robotik/install/robot_bringup:/home/rss/robot_harry/robotik/install/pub_sub:/home/rss/robot_harry/robotik/install/object_detection:/home/rss/robot_harry/robotik/install/my_robot_navigation:/home/rss/robot_harry/robotik/install/curator:/home/rss/robot_harry/robotik/install/challenge_2025:/opt/ros/humble /usr/bin/cmake --build /home/rss/robot_harry/robotik/build/my_robot_slam -- -j8 -l8
[7.313s] Invoked command in '/home/rss/robot_harry/robotik/build/my_robot_slam' returned '0': CMAKE_PREFIX_PATH=${CMAKE_PREFIX_PATH}:/home/rss/robot_harry/robotik/install/realsense2_ros_mqtt_bridge:/home/rss/robot_harry/robotik/install/create3_teleop:/home/rss/robot_harry/robotik/install/create3_examples_py:/home/rss/robot_harry/robotik/install/webcam_bringup:/home/rss/robot_harry/robotik/install/teleop:/home/rss/robot_harry/robotik/install/tb3_description:/home/rss/robot_harry/robotik/install/tag_detection:/home/rss/robot_harry/robotik/install/robot_bringup:/home/rss/robot_harry/robotik/install/pub_sub:/home/rss/robot_harry/robotik/install/object_detection:/home/rss/robot_harry/robotik/install/my_robot_navigation:/home/rss/robot_harry/robotik/install/curator:/home/rss/robot_harry/robotik/install/challenge_2025:/opt/ros/humble /usr/bin/cmake --build /home/rss/robot_harry/robotik/build/my_robot_slam -- -j8 -l8
[7.388s] Invoking command in '/home/rss/robot_harry/robotik/build/my_robot_slam': CMAKE_PREFIX_PATH=${CMAKE_PREFIX_PATH}:/home/rss/robot_harry/robotik/install/realsense2_ros_mqtt_bridge:/home/rss/robot_harry/robotik/install/create3_teleop:/home/rss/robot_harry/robotik/install/create3_examples_py:/home/rss/robot_harry/robotik/install/webcam_bringup:/home/rss/robot_harry/robotik/install/teleop:/home/rss/robot_harry/robotik/install/tb3_description:/home/rss/robot_harry/robotik/install/tag_detection:/home/rss/robot_harry/robotik/install/robot_bringup:/home/rss/robot_harry/robotik/install/pub_sub:/home/rss/robot_harry/robotik/install/object_detection:/home/rss/robot_harry/robotik/install/my_robot_navigation:/home/rss/robot_harry/robotik/install/curator:/home/rss/robot_harry/robotik/install/challenge_2025:/opt/ros/humble /usr/bin/cmake --install /home/rss/robot_harry/robotik/build/my_robot_slam
[7.422s] -- Install configuration: ""
[7.422s] -- Installing: /home/rss/robot_harry/robotik/install/my_robot_slam/share/my_robot_slam/launch
[7.423s] -- Installing: /home/rss/robot_harry/robotik/install/my_robot_slam/share/my_robot_slam/launch/localization.launch.yaml
[7.423s] -- Installing: /home/rss/robot_harry/robotik/install/my_robot_slam/share/my_robot_slam/launch/slam_toolbox.launch.yaml
[7.423s] -- Installing: /home/rss/robot_harry/robotik/install/my_robot_slam/share/my_robot_slam/launch/localizatio_gem.launch.yaml
[7.423s] -- Installing: /home/rss/robot_harry/robotik/install/my_robot_slam/share/my_robot_slam/maps
[7.423s] -- Installing: /home/rss/robot_harry/robotik/install/my_robot_slam/share/my_robot_slam/maps/my_map.pgm
[7.423s] -- Installing: /home/rss/robot_harry/robotik/install/my_robot_slam/share/my_robot_slam/maps/my_map.yaml
[7.423s] -- Installing: /home/rss/robot_harry/robotik/install/my_robot_slam/share/ament_index/resource_index/package_run_dependencies/my_robot_slam
[7.423s] -- Installing: /home/rss/robot_harry/robotik/install/my_robot_slam/share/ament_index/resource_index/parent_prefix_path/my_robot_slam
[7.423s] -- Installing: /home/rss/robot_harry/robotik/install/my_robot_slam/share/my_robot_slam/environment/ament_prefix_path.sh
[7.423s] -- Installing: /home/rss/robot_harry/robotik/install/my_robot_slam/share/my_robot_slam/environment/ament_prefix_path.dsv
[7.423s] -- Installing: /home/rss/robot_harry/robotik/install/my_robot_slam/share/my_robot_slam/environment/path.sh
[7.423s] -- Installing: /home/rss/robot_harry/robotik/install/my_robot_slam/share/my_robot_slam/environment/path.dsv
[7.423s] -- Installing: /home/rss/robot_harry/robotik/install/my_robot_slam/share/my_robot_slam/local_setup.bash
[7.423s] -- Installing: /home/rss/robot_harry/robotik/install/my_robot_slam/share/my_robot_slam/local_setup.sh
[7.423s] -- Installing: /home/rss/robot_harry/robotik/install/my_robot_slam/share/my_robot_slam/local_setup.zsh
[7.423s] -- Installing: /home/rss/robot_harry/robotik/install/my_robot_slam/share/my_robot_slam/local_setup.dsv
[7.423s] -- Installing: /home/rss/robot_harry/robotik/install/my_robot_slam/share/my_robot_slam/package.dsv
[7.424s] -- Installing: /home/rss/robot_harry/robotik/install/my_robot_slam/share/ament_index/resource_index/packages/my_robot_slam
[7.424s] -- Installing: /home/rss/robot_harry/robotik/install/my_robot_slam/share/my_robot_slam/cmake/my_robot_slamConfig.cmake
[7.424s] -- Installing: /home/rss/robot_harry/robotik/install/my_robot_slam/share/my_robot_slam/cmake/my_robot_slamConfig-version.cmake
[7.424s] -- Installing: /home/rss/robot_harry/robotik/install/my_robot_slam/share/my_robot_slam/package.xml
[7.433s] Invoked command in '/home/rss/robot_harry/robotik/build/my_robot_slam' returned '0': CMAKE_PREFIX_PATH=${CMAKE_PREFIX_PATH}:/home/rss/robot_harry/robotik/install/realsense2_ros_mqtt_bridge:/home/rss/robot_harry/robotik/install/create3_teleop:/home/rss/robot_harry/robotik/install/create3_examples_py:/home/rss/robot_harry/robotik/install/webcam_bringup:/home/rss/robot_harry/robotik/install/teleop:/home/rss/robot_harry/robotik/install/tb3_description:/home/rss/robot_harry/robotik/install/tag_detection:/home/rss/robot_harry/robotik/install/robot_bringup:/home/rss/robot_harry/robotik/install/pub_sub:/home/rss/robot_harry/robotik/install/object_detection:/home/rss/robot_harry/robotik/install/my_robot_navigation:/home/rss/robot_harry/robotik/install/curator:/home/rss/robot_harry/robotik/install/challenge_2025:/opt/ros/humble /usr/bin/cmake --install /home/rss/robot_harry/robotik/build/my_robot_slam
