[0.014s] Invoking command in '/home/rss/robot_harry/robotik/build/apriltag_ros': CMAKE_PREFIX_PATH=/home/rss/robot_harry/robotik/install/apriltag_msgs:/home/rss/robot_harry/robotik/install/create3_lidar_slam:/home/rss/robot_harry/robotik/install/rplidar_ros:/home/rss/robot_harry/robotik/install/realsense2_rviz_plugin:/home/rss/robot_harry/robotik/install/realsense2_description:/home/rss/robot_harry/robotik/install/realsense2_camera_msgs:/home/rss/robot_harry/robotik/install/my_robot_slam:/home/rss/robot_harry/robotik/install/create3_republisher:/home/rss/robot_harry/robotik/install/create3_coverage:/home/rss/robot_harry/robotik/install/create3_examples_msgs:/home/rss/robot_harry/robotik/install/apriltag_ros:/home/rss/robot_harry/robotik/install/webcam_bringup:/home/rss/robot_harry/robotik/install/teleop:/home/rss/robot_harry/robotik/install/robot_bringup:/home/rss/robot_harry/robotik/install/realsense2_ros_mqtt_bridge:/home/rss/robot_harry/robotik/install/pub_sub:/home/rss/robot_harry/robotik/install/object_detection:/home/rss/robot_harry/robotik/install/my_robot_navigation:/home/rss/robot_harry/robotik/install/create3_teleop:/home/rss/robot_harry/robotik/install/create3_examples_py:/opt/ros/humble LD_LIBRARY_PATH=/home/rss/robot_harry/robotik/install/apriltag_msgs/lib:/home/rss/robot_harry/robotik/install/realsense2_camera_msgs/lib:/home/rss/robot_harry/robotik/install/create3_coverage/lib:/home/rss/robot_harry/robotik/install/create3_examples_msgs/lib:/home/rss/robot_harry/robotik/install/apriltag_ros/lib:/opt/ros/humble/opt/rviz_ogre_vendor/lib:/opt/ros/humble/lib/x86_64-linux-gnu:/opt/ros/humble/lib /usr/bin/cmake /home/rss/robot_harry/robotik/src/apriltag_ros -DCMAKE_INSTALL_PREFIX=/home/rss/robot_harry/robotik/install/apriltag_ros
[0.076s] -- The C compiler identification is GNU 11.4.0
[0.131s] -- The CXX compiler identification is GNU 11.4.0
[0.137s] -- Detecting C compiler ABI info
[0.200s] -- Detecting C compiler ABI info - done
[0.209s] -- Check for working C compiler: /usr/bin/cc - skipped
[0.209s] -- Detecting C compile features
[0.210s] -- Detecting C compile features - done
[0.213s] -- Detecting CXX compiler ABI info
[0.290s] -- Detecting CXX compiler ABI info - done
[0.295s] -- Check for working CXX compiler: /usr/bin/c++ - skipped
[0.295s] -- Detecting CXX compile features
[0.295s] -- Detecting CXX compile features - done
[0.298s] -- Found rclcpp: 16.0.17 (/opt/ros/humble/share/rclcpp/cmake)
[0.429s] -- Found Python3: /usr/bin/python3 (found version "3.10.12") found components: Interpreter 
[0.600s] -- Found rosidl_generator_c: 3.1.8 (/opt/ros/humble/share/rosidl_generator_c/cmake)
[0.607s] -- Found rosidl_adapter: 3.1.8 (/opt/ros/humble/share/rosidl_adapter/cmake)
[0.618s] -- Found rosidl_generator_cpp: 3.1.8 (/opt/ros/humble/share/rosidl_generator_cpp/cmake)
[0.634s] -- Using all available rosidl_typesupport_c: rosidl_typesupport_fastrtps_c;rosidl_typesupport_introspection_c
[0.656s] -- Using all available rosidl_typesupport_cpp: rosidl_typesupport_fastrtps_cpp;rosidl_typesupport_introspection_cpp
[0.714s] -- Found rmw_implementation_cmake: 6.1.2 (/opt/ros/humble/share/rmw_implementation_cmake/cmake)
[0.718s] -- Found rmw_fastrtps_cpp: 6.2.9 (/opt/ros/humble/share/rmw_fastrtps_cpp/cmake)
[0.823s] -- Found OpenSSL: /usr/lib/x86_64-linux-gnu/libcrypto.so (found version "3.0.2")  
[0.858s] -- Found FastRTPS: /opt/ros/humble/include  
[0.901s] -- Using RMW implementation 'rmw_fastrtps_cpp' as default
[0.908s] -- Looking for pthread.h
[0.966s] -- Looking for pthread.h - found
[0.966s] -- Performing Test CMAKE_HAVE_LIBC_PTHREAD
[1.038s] -- Performing Test CMAKE_HAVE_LIBC_PTHREAD - Success
[1.040s] -- Found Threads: TRUE  
[1.105s] -- Found rclcpp_components: 16.0.17 (/opt/ros/humble/share/rclcpp_components/cmake)
[1.140s] -- Found sensor_msgs: 4.9.0 (/opt/ros/humble/share/sensor_msgs/cmake)
[1.178s] -- Found apriltag_msgs: 2.0.1 (/home/rss/robot_harry/robotik/install/apriltag_msgs/share/apriltag_msgs/cmake)
[1.194s] -- Found tf2_ros: 0.25.18 (/opt/ros/humble/share/tf2_ros/cmake)
[1.296s] -- Found image_transport: 3.1.12 (/opt/ros/humble/share/image_transport/cmake)
[1.346s] -- Found cv_bridge: 3.2.1 (/opt/ros/humble/share/cv_bridge/cmake)
[1.395s] -- Found OpenCV: /usr (found version "4.5.4") found components: core calib3d 
[1.422s] -- Found ament_lint_auto: 0.12.14 (/opt/ros/humble/share/ament_lint_auto/cmake)
[1.574s] -- Added test 'clang_format' to check C / C++ code style
[1.577s] -- Added test 'cppcheck' to perform static code analysis on C / C++ code
[1.577s] -- Configured cppcheck include dirs: 
[1.581s] -- Configured cppcheck exclude dirs and/or files: 
[1.583s] -- Configuring done
[1.635s] -- Generating done
[1.652s] -- Build files have been written to: /home/rss/robot_harry/robotik/build/apriltag_ros
[1.690s] Invoked command in '/home/rss/robot_harry/robotik/build/apriltag_ros' returned '0': CMAKE_PREFIX_PATH=/home/rss/robot_harry/robotik/install/apriltag_msgs:/home/rss/robot_harry/robotik/install/create3_lidar_slam:/home/rss/robot_harry/robotik/install/rplidar_ros:/home/rss/robot_harry/robotik/install/realsense2_rviz_plugin:/home/rss/robot_harry/robotik/install/realsense2_description:/home/rss/robot_harry/robotik/install/realsense2_camera_msgs:/home/rss/robot_harry/robotik/install/my_robot_slam:/home/rss/robot_harry/robotik/install/create3_republisher:/home/rss/robot_harry/robotik/install/create3_coverage:/home/rss/robot_harry/robotik/install/create3_examples_msgs:/home/rss/robot_harry/robotik/install/apriltag_ros:/home/rss/robot_harry/robotik/install/webcam_bringup:/home/rss/robot_harry/robotik/install/teleop:/home/rss/robot_harry/robotik/install/robot_bringup:/home/rss/robot_harry/robotik/install/realsense2_ros_mqtt_bridge:/home/rss/robot_harry/robotik/install/pub_sub:/home/rss/robot_harry/robotik/install/object_detection:/home/rss/robot_harry/robotik/install/my_robot_navigation:/home/rss/robot_harry/robotik/install/create3_teleop:/home/rss/robot_harry/robotik/install/create3_examples_py:/opt/ros/humble LD_LIBRARY_PATH=/home/rss/robot_harry/robotik/install/apriltag_msgs/lib:/home/rss/robot_harry/robotik/install/realsense2_camera_msgs/lib:/home/rss/robot_harry/robotik/install/create3_coverage/lib:/home/rss/robot_harry/robotik/install/create3_examples_msgs/lib:/home/rss/robot_harry/robotik/install/apriltag_ros/lib:/opt/ros/humble/opt/rviz_ogre_vendor/lib:/opt/ros/humble/lib/x86_64-linux-gnu:/opt/ros/humble/lib /usr/bin/cmake /home/rss/robot_harry/robotik/src/apriltag_ros -DCMAKE_INSTALL_PREFIX=/home/rss/robot_harry/robotik/install/apriltag_ros
[1.691s] Invoking command in '/home/rss/robot_harry/robotik/build/apriltag_ros': CMAKE_PREFIX_PATH=/home/rss/robot_harry/robotik/install/apriltag_msgs:/home/rss/robot_harry/robotik/install/create3_lidar_slam:/home/rss/robot_harry/robotik/install/rplidar_ros:/home/rss/robot_harry/robotik/install/realsense2_rviz_plugin:/home/rss/robot_harry/robotik/install/realsense2_description:/home/rss/robot_harry/robotik/install/realsense2_camera_msgs:/home/rss/robot_harry/robotik/install/my_robot_slam:/home/rss/robot_harry/robotik/install/create3_republisher:/home/rss/robot_harry/robotik/install/create3_coverage:/home/rss/robot_harry/robotik/install/create3_examples_msgs:/home/rss/robot_harry/robotik/install/apriltag_ros:/home/rss/robot_harry/robotik/install/webcam_bringup:/home/rss/robot_harry/robotik/install/teleop:/home/rss/robot_harry/robotik/install/robot_bringup:/home/rss/robot_harry/robotik/install/realsense2_ros_mqtt_bridge:/home/rss/robot_harry/robotik/install/pub_sub:/home/rss/robot_harry/robotik/install/object_detection:/home/rss/robot_harry/robotik/install/my_robot_navigation:/home/rss/robot_harry/robotik/install/create3_teleop:/home/rss/robot_harry/robotik/install/create3_examples_py:/opt/ros/humble LD_LIBRARY_PATH=/home/rss/robot_harry/robotik/install/apriltag_msgs/lib:/home/rss/robot_harry/robotik/install/realsense2_camera_msgs/lib:/home/rss/robot_harry/robotik/install/create3_coverage/lib:/home/rss/robot_harry/robotik/install/create3_examples_msgs/lib:/home/rss/robot_harry/robotik/install/apriltag_ros/lib:/opt/ros/humble/opt/rviz_ogre_vendor/lib:/opt/ros/humble/lib/x86_64-linux-gnu:/opt/ros/humble/lib /usr/bin/cmake --build /home/rss/robot_harry/robotik/build/apriltag_ros -- -j8 -l8
[1.800s] [ 10%] [32mBuilding CXX object CMakeFiles/apriltag_node.dir/rclcpp_components/node_main_apriltag_node.cpp.o[0m
[1.808s] [ 20%] [32mBuilding CXX object CMakeFiles/tags.dir/src/tag_functions.cpp.o[0m
[1.815s] [ 30%] [32mBuilding CXX object CMakeFiles/conversion.dir/src/conversion.cpp.o[0m
[2.380s] [ 40%] [32m[1mLinking CXX static library libtags.a[0m
[2.447s] [ 40%] Built target tags
[3.919s] [ 50%] [32m[1mLinking CXX static library libconversion.a[0m
[3.980s] [ 50%] Built target conversion
[4.035s] [ 60%] [32mBuilding CXX object CMakeFiles/pose_estimation.dir/src/pose_estimation.cpp.o[0m
[6.253s] [ 70%] [32m[1mLinking CXX static library libpose_estimation.a[0m
[6.287s] [ 70%] Built target pose_estimation
[6.310s] [ 80%] [32mBuilding CXX object CMakeFiles/AprilTagNode.dir/src/AprilTagNode.cpp.o[0m
[7.037s] [ 90%] [32m[1mLinking CXX executable apriltag_node[0m
[7.123s] [ 90%] Built target apriltag_node
[10.631s] [100%] [32m[1mLinking CXX shared library libAprilTagNode.so[0m
[10.856s] [100%] Built target AprilTagNode
[10.864s] Invoked command in '/home/rss/robot_harry/robotik/build/apriltag_ros' returned '0': CMAKE_PREFIX_PATH=/home/rss/robot_harry/robotik/install/apriltag_msgs:/home/rss/robot_harry/robotik/install/create3_lidar_slam:/home/rss/robot_harry/robotik/install/rplidar_ros:/home/rss/robot_harry/robotik/install/realsense2_rviz_plugin:/home/rss/robot_harry/robotik/install/realsense2_description:/home/rss/robot_harry/robotik/install/realsense2_camera_msgs:/home/rss/robot_harry/robotik/install/my_robot_slam:/home/rss/robot_harry/robotik/install/create3_republisher:/home/rss/robot_harry/robotik/install/create3_coverage:/home/rss/robot_harry/robotik/install/create3_examples_msgs:/home/rss/robot_harry/robotik/install/apriltag_ros:/home/rss/robot_harry/robotik/install/webcam_bringup:/home/rss/robot_harry/robotik/install/teleop:/home/rss/robot_harry/robotik/install/robot_bringup:/home/rss/robot_harry/robotik/install/realsense2_ros_mqtt_bridge:/home/rss/robot_harry/robotik/install/pub_sub:/home/rss/robot_harry/robotik/install/object_detection:/home/rss/robot_harry/robotik/install/my_robot_navigation:/home/rss/robot_harry/robotik/install/create3_teleop:/home/rss/robot_harry/robotik/install/create3_examples_py:/opt/ros/humble LD_LIBRARY_PATH=/home/rss/robot_harry/robotik/install/apriltag_msgs/lib:/home/rss/robot_harry/robotik/install/realsense2_camera_msgs/lib:/home/rss/robot_harry/robotik/install/create3_coverage/lib:/home/rss/robot_harry/robotik/install/create3_examples_msgs/lib:/home/rss/robot_harry/robotik/install/apriltag_ros/lib:/opt/ros/humble/opt/rviz_ogre_vendor/lib:/opt/ros/humble/lib/x86_64-linux-gnu:/opt/ros/humble/lib /usr/bin/cmake --build /home/rss/robot_harry/robotik/build/apriltag_ros -- -j8 -l8
[10.865s] Invoking command in '/home/rss/robot_harry/robotik/build/apriltag_ros': CMAKE_PREFIX_PATH=/home/rss/robot_harry/robotik/install/apriltag_msgs:/home/rss/robot_harry/robotik/install/create3_lidar_slam:/home/rss/robot_harry/robotik/install/rplidar_ros:/home/rss/robot_harry/robotik/install/realsense2_rviz_plugin:/home/rss/robot_harry/robotik/install/realsense2_description:/home/rss/robot_harry/robotik/install/realsense2_camera_msgs:/home/rss/robot_harry/robotik/install/my_robot_slam:/home/rss/robot_harry/robotik/install/create3_republisher:/home/rss/robot_harry/robotik/install/create3_coverage:/home/rss/robot_harry/robotik/install/create3_examples_msgs:/home/rss/robot_harry/robotik/install/apriltag_ros:/home/rss/robot_harry/robotik/install/webcam_bringup:/home/rss/robot_harry/robotik/install/teleop:/home/rss/robot_harry/robotik/install/robot_bringup:/home/rss/robot_harry/robotik/install/realsense2_ros_mqtt_bridge:/home/rss/robot_harry/robotik/install/pub_sub:/home/rss/robot_harry/robotik/install/object_detection:/home/rss/robot_harry/robotik/install/my_robot_navigation:/home/rss/robot_harry/robotik/install/create3_teleop:/home/rss/robot_harry/robotik/install/create3_examples_py:/opt/ros/humble LD_LIBRARY_PATH=/home/rss/robot_harry/robotik/install/apriltag_msgs/lib:/home/rss/robot_harry/robotik/install/realsense2_camera_msgs/lib:/home/rss/robot_harry/robotik/install/create3_coverage/lib:/home/rss/robot_harry/robotik/install/create3_examples_msgs/lib:/home/rss/robot_harry/robotik/install/apriltag_ros/lib:/opt/ros/humble/opt/rviz_ogre_vendor/lib:/opt/ros/humble/lib/x86_64-linux-gnu:/opt/ros/humble/lib /usr/bin/cmake --install /home/rss/robot_harry/robotik/build/apriltag_ros
[10.870s] -- Install configuration: ""
[10.870s] -- Installing: /home/rss/robot_harry/robotik/install/apriltag_ros/lib/apriltag_ros/apriltag_node
[10.870s] -- Set runtime path of "/home/rss/robot_harry/robotik/install/apriltag_ros/lib/apriltag_ros/apriltag_node" to ""
[10.870s] -- Installing: /home/rss/robot_harry/robotik/install/apriltag_ros/share/apriltag_ros/environment/library_path.sh
[10.870s] -- Installing: /home/rss/robot_harry/robotik/install/apriltag_ros/share/apriltag_ros/environment/library_path.dsv
[10.870s] -- Installing: /home/rss/robot_harry/robotik/install/apriltag_ros/lib/libAprilTagNode.so
[10.872s] -- Set runtime path of "/home/rss/robot_harry/robotik/install/apriltag_ros/lib/libAprilTagNode.so" to ""
[10.872s] -- Installing: /home/rss/robot_harry/robotik/install/apriltag_ros/share/apriltag_ros/cfg
[10.872s] -- Installing: /home/rss/robot_harry/robotik/install/apriltag_ros/share/apriltag_ros/cfg/tags_36h11.yaml
[10.872s] -- Installing: /home/rss/robot_harry/robotik/install/apriltag_ros/share/apriltag_ros/launch
[10.872s] -- Installing: /home/rss/robot_harry/robotik/install/apriltag_ros/share/apriltag_ros/launch/track.launch.yaml
[10.872s] -- Installing: /home/rss/robot_harry/robotik/install/apriltag_ros/share/apriltag_ros/launch/camera_36h11.launch.yaml
[10.873s] -- Installing: /home/rss/robot_harry/robotik/install/apriltag_ros/share/ament_index/resource_index/package_run_dependencies/apriltag_ros
[10.873s] -- Installing: /home/rss/robot_harry/robotik/install/apriltag_ros/share/ament_index/resource_index/parent_prefix_path/apriltag_ros
[10.873s] -- Installing: /home/rss/robot_harry/robotik/install/apriltag_ros/share/apriltag_ros/environment/ament_prefix_path.sh
[10.873s] -- Installing: /home/rss/robot_harry/robotik/install/apriltag_ros/share/apriltag_ros/environment/ament_prefix_path.dsv
[10.873s] -- Installing: /home/rss/robot_harry/robotik/install/apriltag_ros/share/apriltag_ros/environment/path.sh
[10.873s] -- Installing: /home/rss/robot_harry/robotik/install/apriltag_ros/share/apriltag_ros/environment/path.dsv
[10.873s] -- Installing: /home/rss/robot_harry/robotik/install/apriltag_ros/share/apriltag_ros/local_setup.bash
[10.873s] -- Installing: /home/rss/robot_harry/robotik/install/apriltag_ros/share/apriltag_ros/local_setup.sh
[10.873s] -- Installing: /home/rss/robot_harry/robotik/install/apriltag_ros/share/apriltag_ros/local_setup.zsh
[10.873s] -- Installing: /home/rss/robot_harry/robotik/install/apriltag_ros/share/apriltag_ros/local_setup.dsv
[10.874s] -- Installing: /home/rss/robot_harry/robotik/install/apriltag_ros/share/apriltag_ros/package.dsv
[10.874s] -- Installing: /home/rss/robot_harry/robotik/install/apriltag_ros/share/ament_index/resource_index/packages/apriltag_ros
[10.874s] -- Installing: /home/rss/robot_harry/robotik/install/apriltag_ros/share/ament_index/resource_index/rclcpp_components/apriltag_ros
[10.874s] -- Installing: /home/rss/robot_harry/robotik/install/apriltag_ros/share/apriltag_ros/cmake/apriltag_rosConfig.cmake
[10.874s] -- Installing: /home/rss/robot_harry/robotik/install/apriltag_ros/share/apriltag_ros/cmake/apriltag_rosConfig-version.cmake
[10.874s] -- Installing: /home/rss/robot_harry/robotik/install/apriltag_ros/share/apriltag_ros/package.xml
[10.876s] Invoked command in '/home/rss/robot_harry/robotik/build/apriltag_ros' returned '0': CMAKE_PREFIX_PATH=/home/rss/robot_harry/robotik/install/apriltag_msgs:/home/rss/robot_harry/robotik/install/create3_lidar_slam:/home/rss/robot_harry/robotik/install/rplidar_ros:/home/rss/robot_harry/robotik/install/realsense2_rviz_plugin:/home/rss/robot_harry/robotik/install/realsense2_description:/home/rss/robot_harry/robotik/install/realsense2_camera_msgs:/home/rss/robot_harry/robotik/install/my_robot_slam:/home/rss/robot_harry/robotik/install/create3_republisher:/home/rss/robot_harry/robotik/install/create3_coverage:/home/rss/robot_harry/robotik/install/create3_examples_msgs:/home/rss/robot_harry/robotik/install/apriltag_ros:/home/rss/robot_harry/robotik/install/webcam_bringup:/home/rss/robot_harry/robotik/install/teleop:/home/rss/robot_harry/robotik/install/robot_bringup:/home/rss/robot_harry/robotik/install/realsense2_ros_mqtt_bridge:/home/rss/robot_harry/robotik/install/pub_sub:/home/rss/robot_harry/robotik/install/object_detection:/home/rss/robot_harry/robotik/install/my_robot_navigation:/home/rss/robot_harry/robotik/install/create3_teleop:/home/rss/robot_harry/robotik/install/create3_examples_py:/opt/ros/humble LD_LIBRARY_PATH=/home/rss/robot_harry/robotik/install/apriltag_msgs/lib:/home/rss/robot_harry/robotik/install/realsense2_camera_msgs/lib:/home/rss/robot_harry/robotik/install/create3_coverage/lib:/home/rss/robot_harry/robotik/install/create3_examples_msgs/lib:/home/rss/robot_harry/robotik/install/apriltag_ros/lib:/opt/ros/humble/opt/rviz_ogre_vendor/lib:/opt/ros/humble/lib/x86_64-linux-gnu:/opt/ros/humble/lib /usr/bin/cmake --install /home/rss/robot_harry/robotik/build/apriltag_ros
