[1.435s] Invoking command in '/home/rss/robot_harry/robotik/src/my_robot_slam': PYTHONPATH=/home/rss/robot_harry/robotik/build/my_robot_slam/prefix_override:/usr/lib/python3/dist-packages/colcon_core/task/python/colcon_distutils_commands:/home/rss/robot_harry/robotik/install/my_robot_slam/lib/python3.10/site-packages:${PYTHONPATH} /usr/bin/python3 -W ignore:setup.py install is deprecated -W ignore:easy_install command is deprecated setup.py egg_info --egg-base ../../build/my_robot_slam build --build-base /home/rss/robot_harry/robotik/build/my_robot_slam/build install --record /home/rss/robot_harry/robotik/build/my_robot_slam/install.log --single-version-externally-managed install_data
[2.036s] running egg_info
[2.036s] writing ../../build/my_robot_slam/my_robot_slam.egg-info/PKG-INFO
[2.036s] writing dependency_links to ../../build/my_robot_slam/my_robot_slam.egg-info/dependency_links.txt
[2.037s] writing entry points to ../../build/my_robot_slam/my_robot_slam.egg-info/entry_points.txt
[2.037s] writing requirements to ../../build/my_robot_slam/my_robot_slam.egg-info/requires.txt
[2.037s] writing top-level names to ../../build/my_robot_slam/my_robot_slam.egg-info/top_level.txt
[2.037s] reading manifest file '../../build/my_robot_slam/my_robot_slam.egg-info/SOURCES.txt'
[2.037s] writing manifest file '../../build/my_robot_slam/my_robot_slam.egg-info/SOURCES.txt'
[2.037s] running build
[2.037s] running build_py
[2.037s] running install
[2.037s] running install_lib
[2.037s] running install_data
[2.037s] running install_egg_info
[2.037s] removing '/home/rss/robot_harry/robotik/install/my_robot_slam/lib/python3.10/site-packages/my_robot_slam-0.0.0-py3.10.egg-info' (and everything under it)
[2.037s] Copying ../../build/my_robot_slam/my_robot_slam.egg-info to /home/rss/robot_harry/robotik/install/my_robot_slam/lib/python3.10/site-packages/my_robot_slam-0.0.0-py3.10.egg-info
[2.037s] running install_scripts
[2.037s] writing list of installed files to '/home/rss/robot_harry/robotik/build/my_robot_slam/install.log'
[2.050s] Invoked command in '/home/rss/robot_harry/robotik/src/my_robot_slam' returned '0': PYTHONPATH=/home/rss/robot_harry/robotik/build/my_robot_slam/prefix_override:/usr/lib/python3/dist-packages/colcon_core/task/python/colcon_distutils_commands:/home/rss/robot_harry/robotik/install/my_robot_slam/lib/python3.10/site-packages:${PYTHONPATH} /usr/bin/python3 -W ignore:setup.py install is deprecated -W ignore:easy_install command is deprecated setup.py egg_info --egg-base ../../build/my_robot_slam build --build-base /home/rss/robot_harry/robotik/build/my_robot_slam/build install --record /home/rss/robot_harry/robotik/build/my_robot_slam/install.log --single-version-externally-managed install_data
