[0.497s] Invoking command in '/home/rss/robot_harry/robotik/build/create3_coverage': CMAKE_PREFIX_PATH=/home/rss/robot_harry/robotik/install/create3_examples_msgs:/home/rss/robot_harry/robotik/install/create3_lidar_slam:/home/rss/robot_harry/robotik/install/rplidar_ros:/home/rss/robot_harry/robotik/install/create3_republisher:/home/rss/robot_harry/robotik/install/create3_coverage:/home/rss/robot_harry/robotik/install/apriltag_ros:/home/rss/robot_harry/robotik/install/apriltag_msgs:/home/rss/robot_harry/robotik/install/webcam_bringup:/home/rss/robot_harry/robotik/install/teleop:/home/rss/robot_harry/robotik/install/tag_detection:/home/rss/robot_harry/robotik/install/robot_bringup:/home/rss/robot_harry/robotik/install/pub_sub:/home/rss/robot_harry/robotik/install/object_detection:/home/rss/robot_harry/robotik/install/my_robot_slam:/home/rss/robot_harry/robotik/install/my_robot_navigation:/home/rss/robot_harry/robotik/install/create3_teleop:/home/rss/robot_harry/robotik/install/create3_examples_py:/opt/ros/humble LD_LIBRARY_PATH=/home/rss/robot_harry/robotik/install/create3_examples_msgs/lib:/home/rss/robot_harry/robotik/install/create3_coverage/lib:/home/rss/robot_harry/robotik/install/apriltag_ros/lib:/home/rss/robot_harry/robotik/install/apriltag_msgs/lib:/opt/ros/humble/opt/rviz_ogre_vendor/lib:/opt/ros/humble/lib/x86_64-linux-gnu:/opt/ros/humble/lib /usr/bin/cmake --build /home/rss/robot_harry/robotik/build/create3_coverage -- -j8 -l8
[0.580s] [ 83%] Built target create3_coverage_core
[0.616s] [100%] Built target create3_coverage
[0.634s] Invoked command in '/home/rss/robot_harry/robotik/build/create3_coverage' returned '0': CMAKE_PREFIX_PATH=/home/rss/robot_harry/robotik/install/create3_examples_msgs:/home/rss/robot_harry/robotik/install/create3_lidar_slam:/home/rss/robot_harry/robotik/install/rplidar_ros:/home/rss/robot_harry/robotik/install/create3_republisher:/home/rss/robot_harry/robotik/install/create3_coverage:/home/rss/robot_harry/robotik/install/apriltag_ros:/home/rss/robot_harry/robotik/install/apriltag_msgs:/home/rss/robot_harry/robotik/install/webcam_bringup:/home/rss/robot_harry/robotik/install/teleop:/home/rss/robot_harry/robotik/install/tag_detection:/home/rss/robot_harry/robotik/install/robot_bringup:/home/rss/robot_harry/robotik/install/pub_sub:/home/rss/robot_harry/robotik/install/object_detection:/home/rss/robot_harry/robotik/install/my_robot_slam:/home/rss/robot_harry/robotik/install/my_robot_navigation:/home/rss/robot_harry/robotik/install/create3_teleop:/home/rss/robot_harry/robotik/install/create3_examples_py:/opt/ros/humble LD_LIBRARY_PATH=/home/rss/robot_harry/robotik/install/create3_examples_msgs/lib:/home/rss/robot_harry/robotik/install/create3_coverage/lib:/home/rss/robot_harry/robotik/install/apriltag_ros/lib:/home/rss/robot_harry/robotik/install/apriltag_msgs/lib:/opt/ros/humble/opt/rviz_ogre_vendor/lib:/opt/ros/humble/lib/x86_64-linux-gnu:/opt/ros/humble/lib /usr/bin/cmake --build /home/rss/robot_harry/robotik/build/create3_coverage -- -j8 -l8
[0.637s] Invoking command in '/home/rss/robot_harry/robotik/build/create3_coverage': CMAKE_PREFIX_PATH=/home/rss/robot_harry/robotik/install/create3_examples_msgs:/home/rss/robot_harry/robotik/install/create3_lidar_slam:/home/rss/robot_harry/robotik/install/rplidar_ros:/home/rss/robot_harry/robotik/install/create3_republisher:/home/rss/robot_harry/robotik/install/create3_coverage:/home/rss/robot_harry/robotik/install/apriltag_ros:/home/rss/robot_harry/robotik/install/apriltag_msgs:/home/rss/robot_harry/robotik/install/webcam_bringup:/home/rss/robot_harry/robotik/install/teleop:/home/rss/robot_harry/robotik/install/tag_detection:/home/rss/robot_harry/robotik/install/robot_bringup:/home/rss/robot_harry/robotik/install/pub_sub:/home/rss/robot_harry/robotik/install/object_detection:/home/rss/robot_harry/robotik/install/my_robot_slam:/home/rss/robot_harry/robotik/install/my_robot_navigation:/home/rss/robot_harry/robotik/install/create3_teleop:/home/rss/robot_harry/robotik/install/create3_examples_py:/opt/ros/humble LD_LIBRARY_PATH=/home/rss/robot_harry/robotik/install/create3_examples_msgs/lib:/home/rss/robot_harry/robotik/install/create3_coverage/lib:/home/rss/robot_harry/robotik/install/apriltag_ros/lib:/home/rss/robot_harry/robotik/install/apriltag_msgs/lib:/opt/ros/humble/opt/rviz_ogre_vendor/lib:/opt/ros/humble/lib/x86_64-linux-gnu:/opt/ros/humble/lib /usr/bin/cmake --install /home/rss/robot_harry/robotik/build/create3_coverage
[0.643s] -- Install configuration: ""
[0.645s] -- Execute custom install script
[0.647s] -- Up-to-date symlink: /home/rss/robot_harry/robotik/install/create3_coverage/lib/libcreate3_coverage_core.so
[0.647s] -- Up-to-date symlink: /home/rss/robot_harry/robotik/install/create3_coverage/lib/create3_coverage/create3_coverage
[0.647s] -- Up-to-date symlink: /home/rss/robot_harry/robotik/install/create3_coverage/include//create3_coverage/behaviors/behavior.hpp
[0.647s] -- Up-to-date symlink: /home/rss/robot_harry/robotik/install/create3_coverage/include//create3_coverage/behaviors/dock-behavior.hpp
[0.647s] -- Up-to-date symlink: /home/rss/robot_harry/robotik/install/create3_coverage/include//create3_coverage/behaviors/drive-straight-behavior.hpp
[0.648s] -- Up-to-date symlink: /home/rss/robot_harry/robotik/install/create3_coverage/include//create3_coverage/behaviors/reflex-behavior.hpp
[0.650s] -- Up-to-date symlink: /home/rss/robot_harry/robotik/install/create3_coverage/include//create3_coverage/behaviors/rotate-behavior.hpp
[0.650s] -- Up-to-date symlink: /home/rss/robot_harry/robotik/install/create3_coverage/include//create3_coverage/behaviors/spiral-behavior.hpp
[0.650s] -- Up-to-date symlink: /home/rss/robot_harry/robotik/install/create3_coverage/include//create3_coverage/behaviors/undock-behavior.hpp
[0.650s] -- Up-to-date symlink: /home/rss/robot_harry/robotik/install/create3_coverage/include//create3_coverage/coverage_state_machine.hpp
[0.650s] -- Up-to-date symlink: /home/rss/robot_harry/robotik/install/create3_coverage/include//create3_coverage/create3_coverage_node.hpp
[0.650s] -- Up-to-date symlink: /home/rss/robot_harry/robotik/install/create3_coverage/include//create3_coverage/state.hpp
[0.650s] -- Up-to-date symlink: /home/rss/robot_harry/robotik/install/create3_coverage/share/create3_coverage/environment/library_path.sh
[0.650s] -- Up-to-date symlink: /home/rss/robot_harry/robotik/install/create3_coverage/share/create3_coverage/environment/library_path.dsv
[0.650s] -- Up-to-date symlink: /home/rss/robot_harry/robotik/install/create3_coverage/share/ament_index/resource_index/package_run_dependencies/create3_coverage
[0.651s] -- Up-to-date symlink: /home/rss/robot_harry/robotik/install/create3_coverage/share/ament_index/resource_index/parent_prefix_path/create3_coverage
[0.651s] -- Up-to-date symlink: /home/rss/robot_harry/robotik/install/create3_coverage/share/create3_coverage/environment/ament_prefix_path.sh
[0.651s] -- Up-to-date symlink: /home/rss/robot_harry/robotik/install/create3_coverage/share/create3_coverage/environment/ament_prefix_path.dsv
[0.651s] -- Up-to-date symlink: /home/rss/robot_harry/robotik/install/create3_coverage/share/create3_coverage/environment/path.sh
[0.651s] -- Up-to-date symlink: /home/rss/robot_harry/robotik/install/create3_coverage/share/create3_coverage/environment/path.dsv
[0.651s] -- Up-to-date symlink: /home/rss/robot_harry/robotik/install/create3_coverage/share/create3_coverage/local_setup.bash
[0.651s] -- Up-to-date symlink: /home/rss/robot_harry/robotik/install/create3_coverage/share/create3_coverage/local_setup.sh
[0.651s] -- Up-to-date symlink: /home/rss/robot_harry/robotik/install/create3_coverage/share/create3_coverage/local_setup.zsh
[0.651s] -- Up-to-date symlink: /home/rss/robot_harry/robotik/install/create3_coverage/share/create3_coverage/local_setup.dsv
[0.651s] -- Symlinking: /home/rss/robot_harry/robotik/install/create3_coverage/share/create3_coverage/package.dsv
[0.663s] -- Up-to-date symlink: /home/rss/robot_harry/robotik/install/create3_coverage/share/ament_index/resource_index/packages/create3_coverage
[0.663s] -- Up-to-date symlink: /home/rss/robot_harry/robotik/install/create3_coverage/share/create3_coverage/cmake/ament_cmake_export_include_directories-extras.cmake
[0.663s] -- Up-to-date symlink: /home/rss/robot_harry/robotik/install/create3_coverage/share/create3_coverage/cmake/ament_cmake_export_libraries-extras.cmake
[0.663s] -- Up-to-date symlink: /home/rss/robot_harry/robotik/install/create3_coverage/share/create3_coverage/cmake/ament_cmake_export_dependencies-extras.cmake
[0.663s] -- Up-to-date symlink: /home/rss/robot_harry/robotik/install/create3_coverage/share/create3_coverage/cmake/create3_coverageConfig.cmake
[0.663s] -- Up-to-date symlink: /home/rss/robot_harry/robotik/install/create3_coverage/share/create3_coverage/cmake/create3_coverageConfig-version.cmake
[0.663s] -- Up-to-date symlink: /home/rss/robot_harry/robotik/install/create3_coverage/share/create3_coverage/package.xml
[0.664s] Invoked command in '/home/rss/robot_harry/robotik/build/create3_coverage' returned '0': CMAKE_PREFIX_PATH=/home/rss/robot_harry/robotik/install/create3_examples_msgs:/home/rss/robot_harry/robotik/install/create3_lidar_slam:/home/rss/robot_harry/robotik/install/rplidar_ros:/home/rss/robot_harry/robotik/install/create3_republisher:/home/rss/robot_harry/robotik/install/create3_coverage:/home/rss/robot_harry/robotik/install/apriltag_ros:/home/rss/robot_harry/robotik/install/apriltag_msgs:/home/rss/robot_harry/robotik/install/webcam_bringup:/home/rss/robot_harry/robotik/install/teleop:/home/rss/robot_harry/robotik/install/tag_detection:/home/rss/robot_harry/robotik/install/robot_bringup:/home/rss/robot_harry/robotik/install/pub_sub:/home/rss/robot_harry/robotik/install/object_detection:/home/rss/robot_harry/robotik/install/my_robot_slam:/home/rss/robot_harry/robotik/install/my_robot_navigation:/home/rss/robot_harry/robotik/install/create3_teleop:/home/rss/robot_harry/robotik/install/create3_examples_py:/opt/ros/humble LD_LIBRARY_PATH=/home/rss/robot_harry/robotik/install/create3_examples_msgs/lib:/home/rss/robot_harry/robotik/install/create3_coverage/lib:/home/rss/robot_harry/robotik/install/apriltag_ros/lib:/home/rss/robot_harry/robotik/install/apriltag_msgs/lib:/opt/ros/humble/opt/rviz_ogre_vendor/lib:/opt/ros/humble/lib/x86_64-linux-gnu:/opt/ros/humble/lib /usr/bin/cmake --install /home/rss/robot_harry/robotik/build/create3_coverage
