[0.429s] Invoking command in '/home/rss/robot_harry/robotik/src/robot_bringup': PYTHONPATH=/home/rss/robot_harry/robotik/src/build/robot_bringup/prefix_override:/usr/lib/python3/dist-packages/colcon_core/task/python/colcon_distutils_commands:/home/rss/robot_harry/robotik/src/install/robot_bringup/lib/python3.10/site-packages:${PYTHONPATH} /usr/bin/python3 -W ignore:setup.py install is deprecated -W ignore:easy_install command is deprecated setup.py egg_info --egg-base ../build/robot_bringup build --build-base /home/rss/robot_harry/robotik/src/build/robot_bringup/build install --record /home/rss/robot_harry/robotik/src/build/robot_bringup/install.log --single-version-externally-managed install_data
[0.594s] running egg_info
[0.594s] creating ../build/robot_bringup/robot_bringup.egg-info
[0.594s] writing ../build/robot_bringup/robot_bringup.egg-info/PKG-INFO
[0.594s] writing dependency_links to ../build/robot_bringup/robot_bringup.egg-info/dependency_links.txt
[0.594s] writing entry points to ../build/robot_bringup/robot_bringup.egg-info/entry_points.txt
[0.594s] writing requirements to ../build/robot_bringup/robot_bringup.egg-info/requires.txt
[0.594s] writing top-level names to ../build/robot_bringup/robot_bringup.egg-info/top_level.txt
[0.594s] writing manifest file '../build/robot_bringup/robot_bringup.egg-info/SOURCES.txt'
[0.596s] reading manifest file '../build/robot_bringup/robot_bringup.egg-info/SOURCES.txt'
[0.596s] writing manifest file '../build/robot_bringup/robot_bringup.egg-info/SOURCES.txt'
[0.596s] running build
[0.596s] running build_py
[0.597s] creating /home/rss/robot_harry/robotik/src/build/robot_bringup/build
[0.597s] creating /home/rss/robot_harry/robotik/src/build/robot_bringup/build/lib
[0.597s] creating /home/rss/robot_harry/robotik/src/build/robot_bringup/build/lib/robot_bringup
[0.597s] copying robot_bringup/__init__.py -> /home/rss/robot_harry/robotik/src/build/robot_bringup/build/lib/robot_bringup
[0.597s] running install
[0.597s] running install_lib
[0.598s] creating /home/rss/robot_harry/robotik/src/install/robot_bringup/lib/python3.10/site-packages/robot_bringup
[0.598s] copying /home/rss/robot_harry/robotik/src/build/robot_bringup/build/lib/robot_bringup/__init__.py -> /home/rss/robot_harry/robotik/src/install/robot_bringup/lib/python3.10/site-packages/robot_bringup
[0.598s] byte-compiling /home/rss/robot_harry/robotik/src/install/robot_bringup/lib/python3.10/site-packages/robot_bringup/__init__.py to __init__.cpython-310.pyc
[0.598s] running install_data
[0.598s] creating /home/rss/robot_harry/robotik/src/install/robot_bringup/share/ament_index
[0.599s] creating /home/rss/robot_harry/robotik/src/install/robot_bringup/share/ament_index/resource_index
[0.599s] creating /home/rss/robot_harry/robotik/src/install/robot_bringup/share/ament_index/resource_index/packages
[0.599s] copying resource/robot_bringup -> /home/rss/robot_harry/robotik/src/install/robot_bringup/share/ament_index/resource_index/packages
[0.599s] copying package.xml -> /home/rss/robot_harry/robotik/src/install/robot_bringup/share/robot_bringup
[0.599s] creating /home/rss/robot_harry/robotik/src/install/robot_bringup/share/robot_bringup/launch
[0.599s] copying launch/robot1.launch.yaml -> /home/rss/robot_harry/robotik/src/install/robot_bringup/share/robot_bringup/launch
[0.599s] copying launch/robot.launch.yaml -> /home/rss/robot_harry/robotik/src/install/robot_bringup/share/robot_bringup/launch
[0.599s] copying launch/robot_tf.launch.yaml -> /home/rss/robot_harry/robotik/src/install/robot_bringup/share/robot_bringup/launch
[0.599s] copying launch/republisher.launch.py -> /home/rss/robot_harry/robotik/src/install/robot_bringup/share/robot_bringup/launch
[0.599s] copying launch/lidar.launch.py -> /home/rss/robot_harry/robotik/src/install/robot_bringup/share/robot_bringup/launch
[0.599s] copying launch/teleop.launch.py -> /home/rss/robot_harry/robotik/src/install/robot_bringup/share/robot_bringup/launch
[0.599s] creating /home/rss/robot_harry/robotik/src/install/robot_bringup/share/robot_bringup/config
[0.599s] copying config/ost.yaml -> /home/rss/robot_harry/robotik/src/install/robot_bringup/share/robot_bringup/config
[0.599s] running install_egg_info
[0.600s] Copying ../build/robot_bringup/robot_bringup.egg-info to /home/rss/robot_harry/robotik/src/install/robot_bringup/lib/python3.10/site-packages/robot_bringup-0.0.0-py3.10.egg-info
[0.600s] running install_scripts
[0.614s] writing list of installed files to '/home/rss/robot_harry/robotik/src/build/robot_bringup/install.log'
[0.631s] Invoked command in '/home/rss/robot_harry/robotik/src/robot_bringup' returned '0': PYTHONPATH=/home/rss/robot_harry/robotik/src/build/robot_bringup/prefix_override:/usr/lib/python3/dist-packages/colcon_core/task/python/colcon_distutils_commands:/home/rss/robot_harry/robotik/src/install/robot_bringup/lib/python3.10/site-packages:${PYTHONPATH} /usr/bin/python3 -W ignore:setup.py install is deprecated -W ignore:easy_install command is deprecated setup.py egg_info --egg-base ../build/robot_bringup build --build-base /home/rss/robot_harry/robotik/src/build/robot_bringup/build install --record /home/rss/robot_harry/robotik/src/build/robot_bringup/install.log --single-version-externally-managed install_data
