[0.025s] Invoking command in '/home/rss/robot_harry/robotik/build/apriltag_msgs': CMAKE_PREFIX_PATH=${CMAKE_PREFIX_PATH}:/home/rss/robot_harry/robotik/src/install/webcam_bringup:/home/rss/robot_harry/robotik/src/install/teleop:/home/rss/robot_harry/robotik/src/install/tag_detection:/home/rss/robot_harry/robotik/src/install/robot_bringup:/home/rss/robot_harry/robotik/src/install/pub_sub:/home/rss/robot_harry/robotik/src/install/object_detection:/home/rss/robot_harry/robotik/src/install/my_robot_slam:/home/rss/robot_harry/robotik/src/install/my_robot_navigation:/home/rss/robot_harry/robotik/src/install/create3_teleop:/home/rss/robot_harry/robotik/src/install/create3_examples_py:/home/rss/robot_harry/robotik/install/webcam_bringup:/home/rss/robot_harry/robotik/install/teleop:/home/rss/robot_harry/robotik/install/tag_detection:/home/rss/robot_harry/robotik/install/robot_bringup:/home/rss/robot_harry/robotik/install/pub_sub:/home/rss/robot_harry/robotik/install/object_detection:/home/rss/robot_harry/robotik/install/my_robot_navigation:/home/rss/robot_harry/robotik/install/create3_teleop:/home/rss/robot_harry/robotik/install/create3_examples_py:/opt/ros/humble /usr/bin/cmake /home/rss/robot_harry/robotik/src/apriltag_msgs -DAMENT_CMAKE_SYMLINK_INSTALL=1 -DCMAKE_INSTALL_PREFIX=/home/rss/robot_harry/robotik/install/apriltag_msgs
[0.708s] -- The C compiler identification is GNU 11.4.0
[0.709s] -- The CXX compiler identification is GNU 11.4.0
[0.709s] -- Detecting C compiler ABI info
[0.709s] -- Detecting C compiler ABI info - done
[0.709s] -- Check for working C compiler: /usr/bin/cc - skipped
[0.710s] -- Detecting C compile features
[0.710s] -- Detecting C compile features - done
[0.710s] -- Detecting CXX compiler ABI info
[0.710s] -- Detecting CXX compiler ABI info - done
[0.710s] -- Check for working CXX compiler: /usr/bin/c++ - skipped
[0.710s] -- Detecting CXX compile features
[0.710s] -- Detecting CXX compile features - done
[0.710s] -- Found ament_cmake: 1.3.12 (/opt/ros/humble/share/ament_cmake/cmake)
[0.710s] -- Found Python3: /usr/bin/python3 (found version "3.10.12") found components: Interpreter 
[0.710s] -- Override CMake install command with custom implementation using symlinks instead of copying resources
[0.710s] -- Found rosidl_default_generators: 1.2.0 (/opt/ros/humble/share/rosidl_default_generators/cmake)
[0.710s] -- Using all available rosidl_typesupport_c: rosidl_typesupport_fastrtps_c;rosidl_typesupport_introspection_c
[0.710s] -- Found rosidl_adapter: 3.1.8 (/opt/ros/humble/share/rosidl_adapter/cmake)
[0.710s] -- Using all available rosidl_typesupport_cpp: rosidl_typesupport_fastrtps_cpp;rosidl_typesupport_introspection_cpp
[0.711s] -- Found std_msgs: 4.9.0 (/opt/ros/humble/share/std_msgs/cmake)
[0.721s] -- Found ament_cmake_ros: 0.10.0 (/opt/ros/humble/share/ament_cmake_ros/cmake)
[0.929s] -- Using all available rosidl_typesupport_c: rosidl_typesupport_fastrtps_c;rosidl_typesupport_introspection_c
[1.456s] -- Using all available rosidl_typesupport_cpp: rosidl_typesupport_fastrtps_cpp;rosidl_typesupport_introspection_cpp
[1.526s] -- Found PythonInterp: /usr/bin/python3 (found suitable version "3.10.12", minimum required is "3.6") 
[1.527s] -- Found python_cmake_module: 0.10.0 (/opt/ros/humble/share/python_cmake_module/cmake)
[1.632s] -- Found PythonLibs: /usr/lib/x86_64-linux-gnu/libpython3.10.so (found suitable version "3.10.12", minimum required is "3.5") 
[1.632s] -- Using PYTHON_EXECUTABLE: /usr/bin/python3
[1.632s] -- Using PYTHON_INCLUDE_DIRS: /usr/include/python3.10
[1.632s] -- Using PYTHON_LIBRARIES: /usr/lib/x86_64-linux-gnu/libpython3.10.so
[1.717s] -- Found PythonExtra: .so  
[1.952s] -- Found ament_lint_auto: 0.12.14 (/opt/ros/humble/share/ament_lint_auto/cmake)
[2.003s] -- Added test 'lint_cmake' to check CMake code style
[2.009s] -- Added test 'xmllint' to check XML markup files
[2.025s] -- Configuring done
[2.158s] -- Generating done
[2.207s] -- Build files have been written to: /home/rss/robot_harry/robotik/build/apriltag_msgs
[2.268s] Invoked command in '/home/rss/robot_harry/robotik/build/apriltag_msgs' returned '0': CMAKE_PREFIX_PATH=${CMAKE_PREFIX_PATH}:/home/rss/robot_harry/robotik/src/install/webcam_bringup:/home/rss/robot_harry/robotik/src/install/teleop:/home/rss/robot_harry/robotik/src/install/tag_detection:/home/rss/robot_harry/robotik/src/install/robot_bringup:/home/rss/robot_harry/robotik/src/install/pub_sub:/home/rss/robot_harry/robotik/src/install/object_detection:/home/rss/robot_harry/robotik/src/install/my_robot_slam:/home/rss/robot_harry/robotik/src/install/my_robot_navigation:/home/rss/robot_harry/robotik/src/install/create3_teleop:/home/rss/robot_harry/robotik/src/install/create3_examples_py:/home/rss/robot_harry/robotik/install/webcam_bringup:/home/rss/robot_harry/robotik/install/teleop:/home/rss/robot_harry/robotik/install/tag_detection:/home/rss/robot_harry/robotik/install/robot_bringup:/home/rss/robot_harry/robotik/install/pub_sub:/home/rss/robot_harry/robotik/install/object_detection:/home/rss/robot_harry/robotik/install/my_robot_navigation:/home/rss/robot_harry/robotik/install/create3_teleop:/home/rss/robot_harry/robotik/install/create3_examples_py:/opt/ros/humble /usr/bin/cmake /home/rss/robot_harry/robotik/src/apriltag_msgs -DAMENT_CMAKE_SYMLINK_INSTALL=1 -DCMAKE_INSTALL_PREFIX=/home/rss/robot_harry/robotik/install/apriltag_msgs
[2.269s] Invoking command in '/home/rss/robot_harry/robotik/build/apriltag_msgs': CMAKE_PREFIX_PATH=${CMAKE_PREFIX_PATH}:/home/rss/robot_harry/robotik/src/install/webcam_bringup:/home/rss/robot_harry/robotik/src/install/teleop:/home/rss/robot_harry/robotik/src/install/tag_detection:/home/rss/robot_harry/robotik/src/install/robot_bringup:/home/rss/robot_harry/robotik/src/install/pub_sub:/home/rss/robot_harry/robotik/src/install/object_detection:/home/rss/robot_harry/robotik/src/install/my_robot_slam:/home/rss/robot_harry/robotik/src/install/my_robot_navigation:/home/rss/robot_harry/robotik/src/install/create3_teleop:/home/rss/robot_harry/robotik/src/install/create3_examples_py:/home/rss/robot_harry/robotik/install/webcam_bringup:/home/rss/robot_harry/robotik/install/teleop:/home/rss/robot_harry/robotik/install/tag_detection:/home/rss/robot_harry/robotik/install/robot_bringup:/home/rss/robot_harry/robotik/install/pub_sub:/home/rss/robot_harry/robotik/install/object_detection:/home/rss/robot_harry/robotik/install/my_robot_navigation:/home/rss/robot_harry/robotik/install/create3_teleop:/home/rss/robot_harry/robotik/install/create3_examples_py:/opt/ros/humble /usr/bin/cmake --build /home/rss/robot_harry/robotik/build/apriltag_msgs -- -j8 -l8
[3.444s] [  2%] [34m[1mGenerating C++ code for ROS interfaces[0m
[3.445s] [  4%] [34m[1mGenerating C code for ROS interfaces[0m
[3.445s] [  4%] Built target ament_cmake_python_symlink_apriltag_msgs
[3.445s] running egg_info
[3.445s] creating apriltag_msgs.egg-info
[3.445s] writing apriltag_msgs.egg-info/PKG-INFO
[3.445s] writing dependency_links to apriltag_msgs.egg-info/dependency_links.txt
[3.445s] writing top-level names to apriltag_msgs.egg-info/top_level.txt
[3.445s] writing manifest file 'apriltag_msgs.egg-info/SOURCES.txt'
[3.445s] reading manifest file 'apriltag_msgs.egg-info/SOURCES.txt'
[3.445s] writing manifest file 'apriltag_msgs.egg-info/SOURCES.txt'
[3.445s] [  4%] Built target apriltag_msgs__cpp
[3.445s] [  6%] [34m[1mGenerating C++ type support dispatch for ROS interfaces[0m
[3.445s] [  8%] [34m[1mGenerating C++ type support for eProsima Fast-RTPS[0m
[3.445s] [  8%] Built target ament_cmake_python_build_apriltag_msgs_egg
[3.445s] [ 10%] [34m[1mGenerating C++ introspection for ROS interfaces[0m
[4.474s] [ 12%] [32mBuilding CXX object CMakeFiles/apriltag_msgs__rosidl_typesupport_cpp.dir/rosidl_typesupport_cpp/apriltag_msgs/msg/point__type_support.cpp.o[0m
[4.478s] [ 14%] [32mBuilding CXX object CMakeFiles/apriltag_msgs__rosidl_typesupport_cpp.dir/rosidl_typesupport_cpp/apriltag_msgs/msg/april_tag_detection__type_support.cpp.o[0m
[4.482s] [ 17%] [32mBuilding CXX object CMakeFiles/apriltag_msgs__rosidl_typesupport_cpp.dir/rosidl_typesupport_cpp/apriltag_msgs/msg/april_tag_detection_array__type_support.cpp.o[0m
[4.818s] [ 19%] [32mBuilding CXX object CMakeFiles/apriltag_msgs__rosidl_typesupport_introspection_cpp.dir/rosidl_typesupport_introspection_cpp/apriltag_msgs/msg/detail/point__type_support.cpp.o[0m
[4.854s] [ 21%] [32mBuilding CXX object CMakeFiles/apriltag_msgs__rosidl_typesupport_introspection_cpp.dir/rosidl_typesupport_introspection_cpp/apriltag_msgs/msg/detail/april_tag_detection__type_support.cpp.o[0m
[4.884s] [ 23%] [32mBuilding CXX object CMakeFiles/apriltag_msgs__rosidl_typesupport_introspection_cpp.dir/rosidl_typesupport_introspection_cpp/apriltag_msgs/msg/detail/april_tag_detection_array__type_support.cpp.o[0m
[4.915s] [ 25%] [32mBuilding C object CMakeFiles/apriltag_msgs__rosidl_generator_c.dir/rosidl_generator_c/apriltag_msgs/msg/detail/point__functions.c.o[0m
[5.096s] [ 27%] [32mBuilding C object CMakeFiles/apriltag_msgs__rosidl_generator_c.dir/rosidl_generator_c/apriltag_msgs/msg/detail/april_tag_detection__functions.c.o[0m
[5.191s] [ 29%] [32mBuilding CXX object CMakeFiles/apriltag_msgs__rosidl_typesupport_fastrtps_cpp.dir/rosidl_typesupport_fastrtps_cpp/apriltag_msgs/msg/detail/dds_fastrtps/point__type_support.cpp.o[0m
[5.403s] [ 31%] [32mBuilding CXX object CMakeFiles/apriltag_msgs__rosidl_typesupport_fastrtps_cpp.dir/rosidl_typesupport_fastrtps_cpp/apriltag_msgs/msg/detail/dds_fastrtps/april_tag_detection__type_support.cpp.o[0m
[5.405s] [ 34%] [32mBuilding C object CMakeFiles/apriltag_msgs__rosidl_generator_c.dir/rosidl_generator_c/apriltag_msgs/msg/detail/april_tag_detection_array__functions.c.o[0m
[5.542s] [ 36%] [32m[1mLinking C shared library libapriltag_msgs__rosidl_generator_c.so[0m
[5.590s] [ 38%] [32mBuilding CXX object CMakeFiles/apriltag_msgs__rosidl_typesupport_fastrtps_cpp.dir/rosidl_typesupport_fastrtps_cpp/apriltag_msgs/msg/detail/dds_fastrtps/april_tag_detection_array__type_support.cpp.o[0m
[5.723s] [ 38%] Built target apriltag_msgs__rosidl_generator_c
[5.813s] [ 40%] [34m[1mGenerating C type support for eProsima Fast-RTPS[0m
[5.831s] [ 42%] [34m[1mGenerating C introspection for ROS interfaces[0m
[6.076s] [ 44%] [32m[1mLinking CXX shared library libapriltag_msgs__rosidl_typesupport_cpp.so[0m
[6.220s] [ 44%] Built target apriltag_msgs__rosidl_typesupport_cpp
[6.245s] [ 46%] [34m[1mGenerating C type support dispatch for ROS interfaces[0m
[6.433s] [ 48%] [32mBuilding C object CMakeFiles/apriltag_msgs__rosidl_typesupport_introspection_c.dir/rosidl_typesupport_introspection_c/apriltag_msgs/msg/detail/point__type_support.c.o[0m
[6.443s] [ 51%] [32mBuilding C object CMakeFiles/apriltag_msgs__rosidl_typesupport_introspection_c.dir/rosidl_typesupport_introspection_c/apriltag_msgs/msg/detail/april_tag_detection__type_support.c.o[0m
[6.515s] [ 53%] [32mBuilding C object CMakeFiles/apriltag_msgs__rosidl_typesupport_introspection_c.dir/rosidl_typesupport_introspection_c/apriltag_msgs/msg/detail/april_tag_detection_array__type_support.c.o[0m
[6.598s] [ 55%] [32m[1mLinking C shared library libapriltag_msgs__rosidl_typesupport_introspection_c.so[0m
[6.672s] [ 55%] Built target apriltag_msgs__rosidl_typesupport_introspection_c
[7.275s] [ 57%] [32mBuilding CXX object CMakeFiles/apriltag_msgs__rosidl_typesupport_c.dir/rosidl_typesupport_c/apriltag_msgs/msg/point__type_support.cpp.o[0m
[7.276s] [ 59%] [32mBuilding CXX object CMakeFiles/apriltag_msgs__rosidl_typesupport_c.dir/rosidl_typesupport_c/apriltag_msgs/msg/april_tag_detection_array__type_support.cpp.o[0m
[7.282s] [ 61%] [32mBuilding CXX object CMakeFiles/apriltag_msgs__rosidl_typesupport_c.dir/rosidl_typesupport_c/apriltag_msgs/msg/april_tag_detection__type_support.cpp.o[0m
[7.349s] [ 63%] [32m[1mLinking CXX shared library libapriltag_msgs__rosidl_typesupport_introspection_cpp.so[0m
[7.393s] [ 65%] [32m[1mLinking CXX shared library libapriltag_msgs__rosidl_typesupport_c.so[0m
[7.465s] [ 65%] Built target apriltag_msgs__rosidl_typesupport_c
[7.502s] [ 65%] Built target apriltag_msgs__rosidl_typesupport_introspection_cpp
[7.592s] [ 68%] [32m[1mLinking CXX shared library libapriltag_msgs__rosidl_typesupport_fastrtps_cpp.so[0m
[7.841s] [ 70%] [32mBuilding CXX object CMakeFiles/apriltag_msgs__rosidl_typesupport_fastrtps_c.dir/rosidl_typesupport_fastrtps_c/apriltag_msgs/msg/detail/point__type_support_c.cpp.o[0m
[7.842s] [ 70%] Built target apriltag_msgs__rosidl_typesupport_fastrtps_cpp
[7.846s] [ 72%] [32mBuilding CXX object CMakeFiles/apriltag_msgs__rosidl_typesupport_fastrtps_c.dir/rosidl_typesupport_fastrtps_c/apriltag_msgs/msg/detail/april_tag_detection__type_support_c.cpp.o[0m
[7.857s] [ 74%] [32mBuilding CXX object CMakeFiles/apriltag_msgs__rosidl_typesupport_fastrtps_c.dir/rosidl_typesupport_fastrtps_c/apriltag_msgs/msg/detail/april_tag_detection_array__type_support_c.cpp.o[0m
[9.013s] [ 76%] [32m[1mLinking CXX shared library libapriltag_msgs__rosidl_typesupport_fastrtps_c.so[0m
[9.244s] [ 76%] Built target apriltag_msgs__rosidl_typesupport_fastrtps_c
[9.298s] [ 76%] Built target apriltag_msgs
[9.376s] [ 78%] [34m[1mGenerating Python code for ROS interfaces[0m
[10.965s] [ 78%] Built target apriltag_msgs__py
[10.993s] [ 80%] [32mBuilding C object CMakeFiles/apriltag_msgs__rosidl_generator_py.dir/rosidl_generator_py/apriltag_msgs/msg/_point_s.c.o[0m
[10.996s] [ 82%] [32mBuilding C object CMakeFiles/apriltag_msgs__rosidl_generator_py.dir/rosidl_generator_py/apriltag_msgs/msg/_april_tag_detection_array_s.c.o[0m
[10.997s] [ 85%] [32mBuilding C object CMakeFiles/apriltag_msgs__rosidl_generator_py.dir/rosidl_generator_py/apriltag_msgs/msg/_april_tag_detection_s.c.o[0m
[11.195s] [ 87%] [32m[1mLinking C shared library rosidl_generator_py/apriltag_msgs/libapriltag_msgs__rosidl_generator_py.so[0m
[11.281s] [ 87%] Built target apriltag_msgs__rosidl_generator_py
[11.313s] [ 89%] [32mBuilding C object CMakeFiles/apriltag_msgs__rosidl_typesupport_c__pyext.dir/rosidl_generator_py/apriltag_msgs/_apriltag_msgs_s.ep.rosidl_typesupport_c.c.o[0m
[11.316s] [ 91%] [32mBuilding C object CMakeFiles/apriltag_msgs__rosidl_typesupport_fastrtps_c__pyext.dir/rosidl_generator_py/apriltag_msgs/_apriltag_msgs_s.ep.rosidl_typesupport_fastrtps_c.c.o[0m
[11.318s] [ 93%] [32mBuilding C object CMakeFiles/apriltag_msgs__rosidl_typesupport_introspection_c__pyext.dir/rosidl_generator_py/apriltag_msgs/_apriltag_msgs_s.ep.rosidl_typesupport_introspection_c.c.o[0m
[11.463s] [ 95%] [32m[1mLinking C shared library rosidl_generator_py/apriltag_msgs/apriltag_msgs_s__rosidl_typesupport_c.cpython-310-x86_64-linux-gnu.so[0m
[11.487s] [ 97%] [32m[1mLinking C shared library rosidl_generator_py/apriltag_msgs/apriltag_msgs_s__rosidl_typesupport_fastrtps_c.cpython-310-x86_64-linux-gnu.so[0m
[11.495s] [100%] [32m[1mLinking C shared library rosidl_generator_py/apriltag_msgs/apriltag_msgs_s__rosidl_typesupport_introspection_c.cpython-310-x86_64-linux-gnu.so[0m
[11.518s] [100%] Built target apriltag_msgs__rosidl_typesupport_c__pyext
[11.530s] [100%] Built target apriltag_msgs__rosidl_typesupport_fastrtps_c__pyext
[11.540s] [100%] Built target apriltag_msgs__rosidl_typesupport_introspection_c__pyext
[11.550s] Invoked command in '/home/rss/robot_harry/robotik/build/apriltag_msgs' returned '0': CMAKE_PREFIX_PATH=${CMAKE_PREFIX_PATH}:/home/rss/robot_harry/robotik/src/install/webcam_bringup:/home/rss/robot_harry/robotik/src/install/teleop:/home/rss/robot_harry/robotik/src/install/tag_detection:/home/rss/robot_harry/robotik/src/install/robot_bringup:/home/rss/robot_harry/robotik/src/install/pub_sub:/home/rss/robot_harry/robotik/src/install/object_detection:/home/rss/robot_harry/robotik/src/install/my_robot_slam:/home/rss/robot_harry/robotik/src/install/my_robot_navigation:/home/rss/robot_harry/robotik/src/install/create3_teleop:/home/rss/robot_harry/robotik/src/install/create3_examples_py:/home/rss/robot_harry/robotik/install/webcam_bringup:/home/rss/robot_harry/robotik/install/teleop:/home/rss/robot_harry/robotik/install/tag_detection:/home/rss/robot_harry/robotik/install/robot_bringup:/home/rss/robot_harry/robotik/install/pub_sub:/home/rss/robot_harry/robotik/install/object_detection:/home/rss/robot_harry/robotik/install/my_robot_navigation:/home/rss/robot_harry/robotik/install/create3_teleop:/home/rss/robot_harry/robotik/install/create3_examples_py:/opt/ros/humble /usr/bin/cmake --build /home/rss/robot_harry/robotik/build/apriltag_msgs -- -j8 -l8
[11.552s] Invoking command in '/home/rss/robot_harry/robotik/build/apriltag_msgs': CMAKE_PREFIX_PATH=${CMAKE_PREFIX_PATH}:/home/rss/robot_harry/robotik/src/install/webcam_bringup:/home/rss/robot_harry/robotik/src/install/teleop:/home/rss/robot_harry/robotik/src/install/tag_detection:/home/rss/robot_harry/robotik/src/install/robot_bringup:/home/rss/robot_harry/robotik/src/install/pub_sub:/home/rss/robot_harry/robotik/src/install/object_detection:/home/rss/robot_harry/robotik/src/install/my_robot_slam:/home/rss/robot_harry/robotik/src/install/my_robot_navigation:/home/rss/robot_harry/robotik/src/install/create3_teleop:/home/rss/robot_harry/robotik/src/install/create3_examples_py:/home/rss/robot_harry/robotik/install/webcam_bringup:/home/rss/robot_harry/robotik/install/teleop:/home/rss/robot_harry/robotik/install/tag_detection:/home/rss/robot_harry/robotik/install/robot_bringup:/home/rss/robot_harry/robotik/install/pub_sub:/home/rss/robot_harry/robotik/install/object_detection:/home/rss/robot_harry/robotik/install/my_robot_navigation:/home/rss/robot_harry/robotik/install/create3_teleop:/home/rss/robot_harry/robotik/install/create3_examples_py:/opt/ros/humble /usr/bin/cmake --install /home/rss/robot_harry/robotik/build/apriltag_msgs
[11.559s] -- Install configuration: ""
[11.560s] -- Execute custom install script
[11.560s] -- Symlinking: /home/rss/robot_harry/robotik/install/apriltag_msgs/share/ament_index/resource_index/rosidl_interfaces/apriltag_msgs
[11.570s] -- Symlinking: /home/rss/robot_harry/robotik/install/apriltag_msgs/include/apriltag_msgs/apriltag_msgs/msg/april_tag_detection.h
[11.578s] -- Symlinking: /home/rss/robot_harry/robotik/install/apriltag_msgs/include/apriltag_msgs/apriltag_msgs/msg/april_tag_detection_array.h
[11.590s] -- Symlinking: /home/rss/robot_harry/robotik/install/apriltag_msgs/include/apriltag_msgs/apriltag_msgs/msg/detail/april_tag_detection__functions.h
[11.602s] -- Symlinking: /home/rss/robot_harry/robotik/install/apriltag_msgs/include/apriltag_msgs/apriltag_msgs/msg/detail/april_tag_detection__struct.h
[11.609s] -- Symlinking: /home/rss/robot_harry/robotik/install/apriltag_msgs/include/apriltag_msgs/apriltag_msgs/msg/detail/april_tag_detection__type_support.h
[11.618s] -- Symlinking: /home/rss/robot_harry/robotik/install/apriltag_msgs/include/apriltag_msgs/apriltag_msgs/msg/detail/april_tag_detection_array__functions.h
[11.625s] -- Symlinking: /home/rss/robot_harry/robotik/install/apriltag_msgs/include/apriltag_msgs/apriltag_msgs/msg/detail/april_tag_detection_array__struct.h
[11.635s] -- Symlinking: /home/rss/robot_harry/robotik/install/apriltag_msgs/include/apriltag_msgs/apriltag_msgs/msg/detail/april_tag_detection_array__type_support.h
[11.644s] -- Symlinking: /home/rss/robot_harry/robotik/install/apriltag_msgs/include/apriltag_msgs/apriltag_msgs/msg/detail/point__functions.h
[11.655s] -- Symlinking: /home/rss/robot_harry/robotik/install/apriltag_msgs/include/apriltag_msgs/apriltag_msgs/msg/detail/point__struct.h
[11.667s] -- Symlinking: /home/rss/robot_harry/robotik/install/apriltag_msgs/include/apriltag_msgs/apriltag_msgs/msg/detail/point__type_support.h
[11.674s] -- Symlinking: /home/rss/robot_harry/robotik/install/apriltag_msgs/include/apriltag_msgs/apriltag_msgs/msg/point.h
[11.683s] -- Symlinking: /home/rss/robot_harry/robotik/install/apriltag_msgs/include/apriltag_msgs/apriltag_msgs/msg/rosidl_generator_c__visibility_control.h
[11.692s] -- Symlinking: /home/rss/robot_harry/robotik/install/apriltag_msgs/share/apriltag_msgs/environment/library_path.sh
[11.700s] -- Symlinking: /home/rss/robot_harry/robotik/install/apriltag_msgs/share/apriltag_msgs/environment/library_path.dsv
[11.709s] -- Symlinking: /home/rss/robot_harry/robotik/install/apriltag_msgs/include/apriltag_msgs/apriltag_msgs/msg/detail/april_tag_detection__rosidl_typesupport_fastrtps_c.h
[11.719s] -- Symlinking: /home/rss/robot_harry/robotik/install/apriltag_msgs/include/apriltag_msgs/apriltag_msgs/msg/detail/april_tag_detection_array__rosidl_typesupport_fastrtps_c.h
[11.727s] -- Symlinking: /home/rss/robot_harry/robotik/install/apriltag_msgs/include/apriltag_msgs/apriltag_msgs/msg/detail/point__rosidl_typesupport_fastrtps_c.h
[11.740s] -- Symlinking: /home/rss/robot_harry/robotik/install/apriltag_msgs/include/apriltag_msgs/apriltag_msgs/msg/rosidl_typesupport_fastrtps_c__visibility_control.h
[11.752s] -- Symlinking: /home/rss/robot_harry/robotik/install/apriltag_msgs/include/apriltag_msgs/apriltag_msgs/msg/detail/april_tag_detection__rosidl_typesupport_introspection_c.h
[11.761s] -- Symlinking: /home/rss/robot_harry/robotik/install/apriltag_msgs/include/apriltag_msgs/apriltag_msgs/msg/detail/april_tag_detection_array__rosidl_typesupport_introspection_c.h
[11.773s] -- Symlinking: /home/rss/robot_harry/robotik/install/apriltag_msgs/include/apriltag_msgs/apriltag_msgs/msg/detail/point__rosidl_typesupport_introspection_c.h
[11.784s] -- Symlinking: /home/rss/robot_harry/robotik/install/apriltag_msgs/include/apriltag_msgs/apriltag_msgs/msg/rosidl_typesupport_introspection_c__visibility_control.h
[11.795s] -- Symlinking: /home/rss/robot_harry/robotik/install/apriltag_msgs/include/apriltag_msgs/apriltag_msgs/msg/april_tag_detection.hpp
[11.807s] -- Symlinking: /home/rss/robot_harry/robotik/install/apriltag_msgs/include/apriltag_msgs/apriltag_msgs/msg/april_tag_detection_array.hpp
[11.818s] -- Symlinking: /home/rss/robot_harry/robotik/install/apriltag_msgs/include/apriltag_msgs/apriltag_msgs/msg/detail/april_tag_detection__builder.hpp
[11.831s] -- Symlinking: /home/rss/robot_harry/robotik/install/apriltag_msgs/include/apriltag_msgs/apriltag_msgs/msg/detail/april_tag_detection__struct.hpp
[11.836s] -- Symlinking: /home/rss/robot_harry/robotik/install/apriltag_msgs/include/apriltag_msgs/apriltag_msgs/msg/detail/april_tag_detection__traits.hpp
[11.844s] -- Symlinking: /home/rss/robot_harry/robotik/install/apriltag_msgs/include/apriltag_msgs/apriltag_msgs/msg/detail/april_tag_detection__type_support.hpp
[11.853s] -- Symlinking: /home/rss/robot_harry/robotik/install/apriltag_msgs/include/apriltag_msgs/apriltag_msgs/msg/detail/april_tag_detection_array__builder.hpp
[11.862s] -- Symlinking: /home/rss/robot_harry/robotik/install/apriltag_msgs/include/apriltag_msgs/apriltag_msgs/msg/detail/april_tag_detection_array__struct.hpp
[11.872s] -- Symlinking: /home/rss/robot_harry/robotik/install/apriltag_msgs/include/apriltag_msgs/apriltag_msgs/msg/detail/april_tag_detection_array__traits.hpp
[11.882s] -- Symlinking: /home/rss/robot_harry/robotik/install/apriltag_msgs/include/apriltag_msgs/apriltag_msgs/msg/detail/april_tag_detection_array__type_support.hpp
[11.892s] -- Symlinking: /home/rss/robot_harry/robotik/install/apriltag_msgs/include/apriltag_msgs/apriltag_msgs/msg/detail/point__builder.hpp
[11.901s] -- Symlinking: /home/rss/robot_harry/robotik/install/apriltag_msgs/include/apriltag_msgs/apriltag_msgs/msg/detail/point__struct.hpp
[11.909s] -- Symlinking: /home/rss/robot_harry/robotik/install/apriltag_msgs/include/apriltag_msgs/apriltag_msgs/msg/detail/point__traits.hpp
[11.920s] -- Symlinking: /home/rss/robot_harry/robotik/install/apriltag_msgs/include/apriltag_msgs/apriltag_msgs/msg/detail/point__type_support.hpp
[11.932s] -- Symlinking: /home/rss/robot_harry/robotik/install/apriltag_msgs/include/apriltag_msgs/apriltag_msgs/msg/point.hpp
[11.941s] -- Symlinking: /home/rss/robot_harry/robotik/install/apriltag_msgs/include/apriltag_msgs/apriltag_msgs/msg/rosidl_generator_cpp__visibility_control.hpp
[11.954s] -- Symlinking: /home/rss/robot_harry/robotik/install/apriltag_msgs/include/apriltag_msgs/apriltag_msgs/msg/detail/april_tag_detection__rosidl_typesupport_fastrtps_cpp.hpp
[11.962s] -- Symlinking: /home/rss/robot_harry/robotik/install/apriltag_msgs/include/apriltag_msgs/apriltag_msgs/msg/detail/april_tag_detection_array__rosidl_typesupport_fastrtps_cpp.hpp
[11.973s] -- Symlinking: /home/rss/robot_harry/robotik/install/apriltag_msgs/include/apriltag_msgs/apriltag_msgs/msg/detail/point__rosidl_typesupport_fastrtps_cpp.hpp
[11.982s] -- Symlinking: /home/rss/robot_harry/robotik/install/apriltag_msgs/include/apriltag_msgs/apriltag_msgs/msg/rosidl_typesupport_fastrtps_cpp__visibility_control.h
[11.994s] -- Symlinking: /home/rss/robot_harry/robotik/install/apriltag_msgs/include/apriltag_msgs/apriltag_msgs/msg/detail/april_tag_detection__rosidl_typesupport_introspection_cpp.hpp
[12.003s] -- Symlinking: /home/rss/robot_harry/robotik/install/apriltag_msgs/include/apriltag_msgs/apriltag_msgs/msg/detail/april_tag_detection_array__rosidl_typesupport_introspection_cpp.hpp
[12.011s] -- Symlinking: /home/rss/robot_harry/robotik/install/apriltag_msgs/include/apriltag_msgs/apriltag_msgs/msg/detail/point__rosidl_typesupport_introspection_cpp.hpp
[12.020s] -- Symlinking: /home/rss/robot_harry/robotik/install/apriltag_msgs/share/apriltag_msgs/environment/pythonpath.sh
[12.028s] -- Symlinking: /home/rss/robot_harry/robotik/install/apriltag_msgs/share/apriltag_msgs/environment/pythonpath.dsv
[12.038s] -- Symlinking: /home/rss/robot_harry/robotik/install/apriltag_msgs/local/lib/python3.10/dist-packages/apriltag_msgs-2.0.1-py3.10.egg-info/PKG-INFO
[12.047s] -- Symlinking: /home/rss/robot_harry/robotik/install/apriltag_msgs/local/lib/python3.10/dist-packages/apriltag_msgs-2.0.1-py3.10.egg-info/SOURCES.txt
[12.054s] -- Symlinking: /home/rss/robot_harry/robotik/install/apriltag_msgs/local/lib/python3.10/dist-packages/apriltag_msgs-2.0.1-py3.10.egg-info/dependency_links.txt
[12.066s] -- Symlinking: /home/rss/robot_harry/robotik/install/apriltag_msgs/local/lib/python3.10/dist-packages/apriltag_msgs-2.0.1-py3.10.egg-info/top_level.txt
[12.076s] -- Symlinking: /home/rss/robot_harry/robotik/install/apriltag_msgs/local/lib/python3.10/dist-packages/apriltag_msgs/__init__.py
[12.094s] -- Symlinking: /home/rss/robot_harry/robotik/install/apriltag_msgs/local/lib/python3.10/dist-packages/apriltag_msgs/_apriltag_msgs_s.ep.rosidl_typesupport_c.c
[12.103s] -- Symlinking: /home/rss/robot_harry/robotik/install/apriltag_msgs/local/lib/python3.10/dist-packages/apriltag_msgs/_apriltag_msgs_s.ep.rosidl_typesupport_fastrtps_c.c
[12.111s] -- Symlinking: /home/rss/robot_harry/robotik/install/apriltag_msgs/local/lib/python3.10/dist-packages/apriltag_msgs/_apriltag_msgs_s.ep.rosidl_typesupport_introspection_c.c
[12.120s] -- Symlinking: /home/rss/robot_harry/robotik/install/apriltag_msgs/local/lib/python3.10/dist-packages/apriltag_msgs/apriltag_msgs_s__rosidl_typesupport_c.cpython-310-x86_64-linux-gnu.so
[12.129s] -- Symlinking: /home/rss/robot_harry/robotik/install/apriltag_msgs/local/lib/python3.10/dist-packages/apriltag_msgs/apriltag_msgs_s__rosidl_typesupport_fastrtps_c.cpython-310-x86_64-linux-gnu.so
[12.140s] -- Symlinking: /home/rss/robot_harry/robotik/install/apriltag_msgs/local/lib/python3.10/dist-packages/apriltag_msgs/apriltag_msgs_s__rosidl_typesupport_introspection_c.cpython-310-x86_64-linux-gnu.so
[12.149s] -- Symlinking: /home/rss/robot_harry/robotik/install/apriltag_msgs/local/lib/python3.10/dist-packages/apriltag_msgs/libapriltag_msgs__rosidl_generator_py.so
[12.158s] -- Symlinking: /home/rss/robot_harry/robotik/install/apriltag_msgs/local/lib/python3.10/dist-packages/apriltag_msgs/msg/__init__.py
[12.167s] -- Symlinking: /home/rss/robot_harry/robotik/install/apriltag_msgs/local/lib/python3.10/dist-packages/apriltag_msgs/msg/_april_tag_detection.py
[12.175s] -- Symlinking: /home/rss/robot_harry/robotik/install/apriltag_msgs/local/lib/python3.10/dist-packages/apriltag_msgs/msg/_april_tag_detection_array.py
[12.184s] -- Symlinking: /home/rss/robot_harry/robotik/install/apriltag_msgs/local/lib/python3.10/dist-packages/apriltag_msgs/msg/_april_tag_detection_array_s.c
[12.193s] -- Symlinking: /home/rss/robot_harry/robotik/install/apriltag_msgs/local/lib/python3.10/dist-packages/apriltag_msgs/msg/_april_tag_detection_s.c
[12.204s] -- Symlinking: /home/rss/robot_harry/robotik/install/apriltag_msgs/local/lib/python3.10/dist-packages/apriltag_msgs/msg/_point.py
[12.210s] -- Symlinking: /home/rss/robot_harry/robotik/install/apriltag_msgs/local/lib/python3.10/dist-packages/apriltag_msgs/msg/_point_s.c
[12.221s] -- Up-to-date symlink: /home/rss/robot_harry/robotik/install/apriltag_msgs/local/lib/python3.10/dist-packages/apriltag_msgs/apriltag_msgs_s__rosidl_typesupport_fastrtps_c.cpython-310-x86_64-linux-gnu.so
[12.221s] -- Up-to-date symlink: /home/rss/robot_harry/robotik/install/apriltag_msgs/local/lib/python3.10/dist-packages/apriltag_msgs/apriltag_msgs_s__rosidl_typesupport_introspection_c.cpython-310-x86_64-linux-gnu.so
[12.221s] -- Up-to-date symlink: /home/rss/robot_harry/robotik/install/apriltag_msgs/local/lib/python3.10/dist-packages/apriltag_msgs/apriltag_msgs_s__rosidl_typesupport_c.cpython-310-x86_64-linux-gnu.so
[12.225s] -- Symlinking: /home/rss/robot_harry/robotik/install/apriltag_msgs/share/apriltag_msgs/msg/Point.idl
[12.232s] -- Symlinking: /home/rss/robot_harry/robotik/install/apriltag_msgs/share/apriltag_msgs/msg/AprilTagDetection.idl
[12.247s] -- Symlinking: /home/rss/robot_harry/robotik/install/apriltag_msgs/share/apriltag_msgs/msg/AprilTagDetectionArray.idl
[12.252s] -- Symlinking: /home/rss/robot_harry/robotik/install/apriltag_msgs/share/apriltag_msgs/msg/Point.msg
[12.262s] -- Symlinking: /home/rss/robot_harry/robotik/install/apriltag_msgs/share/apriltag_msgs/msg/AprilTagDetection.msg
[12.272s] -- Symlinking: /home/rss/robot_harry/robotik/install/apriltag_msgs/share/apriltag_msgs/msg/AprilTagDetectionArray.msg
[12.283s] -- Symlinking: /home/rss/robot_harry/robotik/install/apriltag_msgs/share/ament_index/resource_index/package_run_dependencies/apriltag_msgs
[12.291s] -- Symlinking: /home/rss/robot_harry/robotik/install/apriltag_msgs/share/ament_index/resource_index/parent_prefix_path/apriltag_msgs
[12.302s] -- Symlinking: /home/rss/robot_harry/robotik/install/apriltag_msgs/share/apriltag_msgs/environment/ament_prefix_path.sh
[12.311s] -- Symlinking: /home/rss/robot_harry/robotik/install/apriltag_msgs/share/apriltag_msgs/environment/ament_prefix_path.dsv
[12.321s] -- Symlinking: /home/rss/robot_harry/robotik/install/apriltag_msgs/share/apriltag_msgs/environment/path.sh
[12.331s] -- Symlinking: /home/rss/robot_harry/robotik/install/apriltag_msgs/share/apriltag_msgs/environment/path.dsv
[12.338s] -- Symlinking: /home/rss/robot_harry/robotik/install/apriltag_msgs/share/apriltag_msgs/local_setup.bash
[12.348s] -- Symlinking: /home/rss/robot_harry/robotik/install/apriltag_msgs/share/apriltag_msgs/local_setup.sh
[12.358s] -- Symlinking: /home/rss/robot_harry/robotik/install/apriltag_msgs/share/apriltag_msgs/local_setup.zsh
[12.370s] -- Symlinking: /home/rss/robot_harry/robotik/install/apriltag_msgs/share/apriltag_msgs/local_setup.dsv
[12.379s] -- Symlinking: /home/rss/robot_harry/robotik/install/apriltag_msgs/share/apriltag_msgs/package.dsv
[12.388s] -- Symlinking: /home/rss/robot_harry/robotik/install/apriltag_msgs/share/ament_index/resource_index/packages/apriltag_msgs
[12.397s] -- Symlinking: /home/rss/robot_harry/robotik/install/apriltag_msgs/share/apriltag_msgs/cmake/rosidl_cmake-extras.cmake
[12.406s] -- Symlinking: /home/rss/robot_harry/robotik/install/apriltag_msgs/share/apriltag_msgs/cmake/ament_cmake_export_dependencies-extras.cmake
[12.414s] -- Symlinking: /home/rss/robot_harry/robotik/install/apriltag_msgs/share/apriltag_msgs/cmake/ament_cmake_export_include_directories-extras.cmake
[12.421s] -- Symlinking: /home/rss/robot_harry/robotik/install/apriltag_msgs/share/apriltag_msgs/cmake/ament_cmake_export_libraries-extras.cmake
[12.429s] -- Symlinking: /home/rss/robot_harry/robotik/install/apriltag_msgs/share/apriltag_msgs/cmake/ament_cmake_export_targets-extras.cmake
[12.440s] -- Symlinking: /home/rss/robot_harry/robotik/install/apriltag_msgs/share/apriltag_msgs/cmake/rosidl_cmake_export_typesupport_targets-extras.cmake
[12.447s] -- Symlinking: /home/rss/robot_harry/robotik/install/apriltag_msgs/share/apriltag_msgs/cmake/rosidl_cmake_export_typesupport_libraries-extras.cmake
[12.455s] -- Symlinking: /home/rss/robot_harry/robotik/install/apriltag_msgs/share/apriltag_msgs/cmake/apriltag_msgsConfig.cmake
[12.464s] -- Symlinking: /home/rss/robot_harry/robotik/install/apriltag_msgs/share/apriltag_msgs/cmake/apriltag_msgsConfig-version.cmake
[12.473s] -- Symlinking: /home/rss/robot_harry/robotik/install/apriltag_msgs/share/apriltag_msgs/package.xml
[12.485s] -- Installing: /home/rss/robot_harry/robotik/install/apriltag_msgs/lib/libapriltag_msgs__rosidl_generator_c.so
[12.485s] -- Set runtime path of "/home/rss/robot_harry/robotik/install/apriltag_msgs/lib/libapriltag_msgs__rosidl_generator_c.so" to ""
[12.485s] -- Installing: /home/rss/robot_harry/robotik/install/apriltag_msgs/lib/libapriltag_msgs__rosidl_typesupport_fastrtps_c.so
[12.485s] -- Set runtime path of "/home/rss/robot_harry/robotik/install/apriltag_msgs/lib/libapriltag_msgs__rosidl_typesupport_fastrtps_c.so" to ""
[12.485s] -- Installing: /home/rss/robot_harry/robotik/install/apriltag_msgs/lib/libapriltag_msgs__rosidl_typesupport_introspection_c.so
[12.485s] -- Set runtime path of "/home/rss/robot_harry/robotik/install/apriltag_msgs/lib/libapriltag_msgs__rosidl_typesupport_introspection_c.so" to ""
[12.485s] -- Installing: /home/rss/robot_harry/robotik/install/apriltag_msgs/lib/libapriltag_msgs__rosidl_typesupport_c.so
[12.485s] -- Set runtime path of "/home/rss/robot_harry/robotik/install/apriltag_msgs/lib/libapriltag_msgs__rosidl_typesupport_c.so" to ""
[12.485s] -- Installing: /home/rss/robot_harry/robotik/install/apriltag_msgs/lib/libapriltag_msgs__rosidl_typesupport_fastrtps_cpp.so
[12.485s] -- Set runtime path of "/home/rss/robot_harry/robotik/install/apriltag_msgs/lib/libapriltag_msgs__rosidl_typesupport_fastrtps_cpp.so" to ""
[12.485s] -- Installing: /home/rss/robot_harry/robotik/install/apriltag_msgs/lib/libapriltag_msgs__rosidl_typesupport_introspection_cpp.so
[12.486s] -- Set runtime path of "/home/rss/robot_harry/robotik/install/apriltag_msgs/lib/libapriltag_msgs__rosidl_typesupport_introspection_cpp.so" to ""
[12.486s] -- Installing: /home/rss/robot_harry/robotik/install/apriltag_msgs/lib/libapriltag_msgs__rosidl_typesupport_cpp.so
[12.486s] -- Set runtime path of "/home/rss/robot_harry/robotik/install/apriltag_msgs/lib/libapriltag_msgs__rosidl_typesupport_cpp.so" to ""
[12.521s] Listing '/home/rss/robot_harry/robotik/install/apriltag_msgs/local/lib/python3.10/dist-packages/apriltag_msgs'...
[12.521s] Compiling '/home/rss/robot_harry/robotik/install/apriltag_msgs/local/lib/python3.10/dist-packages/apriltag_msgs/__init__.py'...
[12.521s] Listing '/home/rss/robot_harry/robotik/install/apriltag_msgs/local/lib/python3.10/dist-packages/apriltag_msgs/msg'...
[12.521s] Compiling '/home/rss/robot_harry/robotik/install/apriltag_msgs/local/lib/python3.10/dist-packages/apriltag_msgs/msg/__init__.py'...
[12.521s] Compiling '/home/rss/robot_harry/robotik/install/apriltag_msgs/local/lib/python3.10/dist-packages/apriltag_msgs/msg/_april_tag_detection.py'...
[12.521s] Compiling '/home/rss/robot_harry/robotik/install/apriltag_msgs/local/lib/python3.10/dist-packages/apriltag_msgs/msg/_april_tag_detection_array.py'...
[12.522s] Compiling '/home/rss/robot_harry/robotik/install/apriltag_msgs/local/lib/python3.10/dist-packages/apriltag_msgs/msg/_point.py'...
[12.525s] -- Installing: /home/rss/robot_harry/robotik/install/apriltag_msgs/lib/libapriltag_msgs__rosidl_generator_py.so
[12.525s] -- Set runtime path of "/home/rss/robot_harry/robotik/install/apriltag_msgs/lib/libapriltag_msgs__rosidl_generator_py.so" to ""
[12.525s] -- Installing: /home/rss/robot_harry/robotik/install/apriltag_msgs/share/apriltag_msgs/cmake/export_apriltag_msgs__rosidl_generator_cExport.cmake
[12.525s] -- Installing: /home/rss/robot_harry/robotik/install/apriltag_msgs/share/apriltag_msgs/cmake/export_apriltag_msgs__rosidl_generator_cExport-noconfig.cmake
[12.525s] -- Installing: /home/rss/robot_harry/robotik/install/apriltag_msgs/share/apriltag_msgs/cmake/export_apriltag_msgs__rosidl_typesupport_fastrtps_cExport.cmake
[12.525s] -- Installing: /home/rss/robot_harry/robotik/install/apriltag_msgs/share/apriltag_msgs/cmake/export_apriltag_msgs__rosidl_typesupport_fastrtps_cExport-noconfig.cmake
[12.526s] -- Installing: /home/rss/robot_harry/robotik/install/apriltag_msgs/share/apriltag_msgs/cmake/apriltag_msgs__rosidl_typesupport_introspection_cExport.cmake
[12.526s] -- Installing: /home/rss/robot_harry/robotik/install/apriltag_msgs/share/apriltag_msgs/cmake/apriltag_msgs__rosidl_typesupport_introspection_cExport-noconfig.cmake
[12.526s] -- Installing: /home/rss/robot_harry/robotik/install/apriltag_msgs/share/apriltag_msgs/cmake/apriltag_msgs__rosidl_typesupport_cExport.cmake
[12.526s] -- Installing: /home/rss/robot_harry/robotik/install/apriltag_msgs/share/apriltag_msgs/cmake/apriltag_msgs__rosidl_typesupport_cExport-noconfig.cmake
[12.526s] -- Installing: /home/rss/robot_harry/robotik/install/apriltag_msgs/share/apriltag_msgs/cmake/export_apriltag_msgs__rosidl_generator_cppExport.cmake
[12.526s] -- Installing: /home/rss/robot_harry/robotik/install/apriltag_msgs/share/apriltag_msgs/cmake/export_apriltag_msgs__rosidl_typesupport_fastrtps_cppExport.cmake
[12.526s] -- Installing: /home/rss/robot_harry/robotik/install/apriltag_msgs/share/apriltag_msgs/cmake/export_apriltag_msgs__rosidl_typesupport_fastrtps_cppExport-noconfig.cmake
[12.526s] -- Installing: /home/rss/robot_harry/robotik/install/apriltag_msgs/share/apriltag_msgs/cmake/apriltag_msgs__rosidl_typesupport_introspection_cppExport.cmake
[12.527s] -- Installing: /home/rss/robot_harry/robotik/install/apriltag_msgs/share/apriltag_msgs/cmake/apriltag_msgs__rosidl_typesupport_introspection_cppExport-noconfig.cmake
[12.527s] -- Installing: /home/rss/robot_harry/robotik/install/apriltag_msgs/share/apriltag_msgs/cmake/apriltag_msgs__rosidl_typesupport_cppExport.cmake
[12.527s] -- Installing: /home/rss/robot_harry/robotik/install/apriltag_msgs/share/apriltag_msgs/cmake/apriltag_msgs__rosidl_typesupport_cppExport-noconfig.cmake
[12.527s] -- Installing: /home/rss/robot_harry/robotik/install/apriltag_msgs/share/apriltag_msgs/cmake/export_apriltag_msgs__rosidl_generator_pyExport.cmake
[12.527s] -- Installing: /home/rss/robot_harry/robotik/install/apriltag_msgs/share/apriltag_msgs/cmake/export_apriltag_msgs__rosidl_generator_pyExport-noconfig.cmake
[12.529s] Invoked command in '/home/rss/robot_harry/robotik/build/apriltag_msgs' returned '0': CMAKE_PREFIX_PATH=${CMAKE_PREFIX_PATH}:/home/rss/robot_harry/robotik/src/install/webcam_bringup:/home/rss/robot_harry/robotik/src/install/teleop:/home/rss/robot_harry/robotik/src/install/tag_detection:/home/rss/robot_harry/robotik/src/install/robot_bringup:/home/rss/robot_harry/robotik/src/install/pub_sub:/home/rss/robot_harry/robotik/src/install/object_detection:/home/rss/robot_harry/robotik/src/install/my_robot_slam:/home/rss/robot_harry/robotik/src/install/my_robot_navigation:/home/rss/robot_harry/robotik/src/install/create3_teleop:/home/rss/robot_harry/robotik/src/install/create3_examples_py:/home/rss/robot_harry/robotik/install/webcam_bringup:/home/rss/robot_harry/robotik/install/teleop:/home/rss/robot_harry/robotik/install/tag_detection:/home/rss/robot_harry/robotik/install/robot_bringup:/home/rss/robot_harry/robotik/install/pub_sub:/home/rss/robot_harry/robotik/install/object_detection:/home/rss/robot_harry/robotik/install/my_robot_navigation:/home/rss/robot_harry/robotik/install/create3_teleop:/home/rss/robot_harry/robotik/install/create3_examples_py:/opt/ros/humble /usr/bin/cmake --install /home/rss/robot_harry/robotik/build/apriltag_msgs
