[0.870s] Invoking command in '/home/rss/robot_harry/robotik/build/teleop': PYTHONPATH=/home/rss/robot_harry/robotik/build/teleop/prefix_override:/usr/lib/python3/dist-packages/colcon_core/task/python/colcon_distutils_commands:/home/rss/robot_harry/robotik/install/teleop/lib/python3.10/site-packages:${PYTHONPATH} /usr/bin/python3 -W ignore:setup.py install is deprecated -W ignore:easy_install command is deprecated setup.py develop --uninstall --editable --build-directory /home/rss/robot_harry/robotik/build/teleop/build
[1.174s] running develop
[1.443s] Removing /home/rss/robot_harry/robotik/install/teleop/lib/python3.10/site-packages/teleop.egg-link (link to .)
[1.471s] Invoked command in '/home/rss/robot_harry/robotik/build/teleop' returned '0': PYTHONPATH=/home/rss/robot_harry/robotik/build/teleop/prefix_override:/usr/lib/python3/dist-packages/colcon_core/task/python/colcon_distutils_commands:/home/rss/robot_harry/robotik/install/teleop/lib/python3.10/site-packages:${PYTHONPATH} /usr/bin/python3 -W ignore:setup.py install is deprecated -W ignore:easy_install command is deprecated setup.py develop --uninstall --editable --build-directory /home/rss/robot_harry/robotik/build/teleop/build
[1.472s] Invoking command in '/home/rss/robot_harry/robotik/src/teleop': PYTHONPATH=/home/rss/robot_harry/robotik/build/teleop/prefix_override:/usr/lib/python3/dist-packages/colcon_core/task/python/colcon_distutils_commands:/home/rss/robot_harry/robotik/install/teleop/lib/python3.10/site-packages:${PYTHONPATH} /usr/bin/python3 -W ignore:setup.py install is deprecated -W ignore:easy_install command is deprecated setup.py egg_info --egg-base ../../build/teleop build --build-base /home/rss/robot_harry/robotik/build/teleop/build install --record /home/rss/robot_harry/robotik/build/teleop/install.log --single-version-externally-managed install_data --force
[1.705s] running egg_info
[1.707s] writing ../../build/teleop/teleop.egg-info/PKG-INFO
[1.707s] writing dependency_links to ../../build/teleop/teleop.egg-info/dependency_links.txt
[1.707s] writing entry points to ../../build/teleop/teleop.egg-info/entry_points.txt
[1.707s] writing requirements to ../../build/teleop/teleop.egg-info/requires.txt
[1.707s] writing top-level names to ../../build/teleop/teleop.egg-info/top_level.txt
[1.708s] reading manifest file '../../build/teleop/teleop.egg-info/SOURCES.txt'
[1.709s] writing manifest file '../../build/teleop/teleop.egg-info/SOURCES.txt'
[1.709s] running build
[1.709s] running build_py
[1.709s] creating /home/rss/robot_harry/robotik/build/teleop/build
[1.709s] creating /home/rss/robot_harry/robotik/build/teleop/build/lib
[1.709s] creating /home/rss/robot_harry/robotik/build/teleop/build/lib/teleop
[1.709s] copying teleop/teleop.py -> /home/rss/robot_harry/robotik/build/teleop/build/lib/teleop
[1.709s] copying teleop/__init__.py -> /home/rss/robot_harry/robotik/build/teleop/build/lib/teleop
[1.710s] running install
[1.710s] running install_lib
[1.710s] creating /home/rss/robot_harry/robotik/install/teleop/lib/python3.10/site-packages/teleop
[1.711s] copying /home/rss/robot_harry/robotik/build/teleop/build/lib/teleop/teleop.py -> /home/rss/robot_harry/robotik/install/teleop/lib/python3.10/site-packages/teleop
[1.711s] copying /home/rss/robot_harry/robotik/build/teleop/build/lib/teleop/__init__.py -> /home/rss/robot_harry/robotik/install/teleop/lib/python3.10/site-packages/teleop
[1.711s] byte-compiling /home/rss/robot_harry/robotik/install/teleop/lib/python3.10/site-packages/teleop/teleop.py to teleop.cpython-310.pyc
[1.711s] byte-compiling /home/rss/robot_harry/robotik/install/teleop/lib/python3.10/site-packages/teleop/__init__.py to __init__.cpython-310.pyc
[1.712s] running install_data
[1.712s] copying resource/teleop -> /home/rss/robot_harry/robotik/install/teleop/share/ament_index/resource_index/packages
[1.712s] copying package.xml -> /home/rss/robot_harry/robotik/install/teleop/share/teleop
[1.712s] copying launch/teleop_launch.launch.py -> /home/rss/robot_harry/robotik/install/teleop/share/teleop/launch
[1.712s] running install_egg_info
[1.713s] Copying ../../build/teleop/teleop.egg-info to /home/rss/robot_harry/robotik/install/teleop/lib/python3.10/site-packages/teleop-0.0.0-py3.10.egg-info
[1.714s] running install_scripts
[1.730s] Installing teleop_node script to /home/rss/robot_harry/robotik/install/teleop/lib/teleop
[1.730s] writing list of installed files to '/home/rss/robot_harry/robotik/build/teleop/install.log'
[1.752s] Invoked command in '/home/rss/robot_harry/robotik/src/teleop' returned '0': PYTHONPATH=/home/rss/robot_harry/robotik/build/teleop/prefix_override:/usr/lib/python3/dist-packages/colcon_core/task/python/colcon_distutils_commands:/home/rss/robot_harry/robotik/install/teleop/lib/python3.10/site-packages:${PYTHONPATH} /usr/bin/python3 -W ignore:setup.py install is deprecated -W ignore:easy_install command is deprecated setup.py egg_info --egg-base ../../build/teleop build --build-base /home/rss/robot_harry/robotik/build/teleop/build install --record /home/rss/robot_harry/robotik/build/teleop/install.log --single-version-externally-managed install_data --force
