[2.535s] DEBUG:colcon:Command line arguments: ['/usr/bin/colcon', 'build', '--packages-select', 'robot_bringup']
[2.535s] DEBUG:colcon:Parsed command line arguments: Namespace(log_base=None, log_level=None, verb_name='build', build_base='build', install_base='install', merge_install=False, symlink_install=False, test_result_base=None, continue_on_error=False, executor='parallel', parallel_workers=8, event_handlers=None, ignore_user_meta=False, metas=['./colcon.meta'], base_paths=['.'], packages_ignore=None, packages_ignore_regex=None, paths=None, packages_up_to=None, packages_up_to_regex=None, packages_above=None, packages_above_and_dependencies=None, packages_above_depth=None, packages_select_by_dep=None, packages_skip_by_dep=None, packages_skip_up_to=None, packages_select_build_failed=False, packages_skip_build_finished=False, packages_select_test_failures=False, packages_skip_test_passed=False, packages_select=['robot_bringup'], packages_skip=None, packages_select_regex=None, packages_skip_regex=None, packages_start=None, packages_end=None, allow_overriding=[], cmake_args=None, cmake_target=None, cmake_target_skip_unavailable=False, cmake_clean_cache=False, cmake_clean_first=False, cmake_force_configure=False, ament_cmake_args=None, catkin_cmake_args=None, catkin_skip_building_tests=False, mixin_files=None, mixin=None, verb_parser=<colcon_mixin.mixin.mixin_argument.MixinArgumentDecorator object at 0x78a9abc78310>, verb_extension=<colcon_core.verb.build.BuildVerb object at 0x78a9abc3fd00>, main=<bound method BuildVerb.main of <colcon_core.verb.build.BuildVerb object at 0x78a9abc3fd00>>, mixin_verb=('build',))
[4.442s] Level 1:colcon.colcon_core.package_discovery:discover_packages(colcon_meta) check parameters
[4.443s] Level 1:colcon.colcon_core.package_discovery:discover_packages(recursive) check parameters
[4.497s] Level 1:colcon.colcon_core.package_discovery:discover_packages(ignore) check parameters
[4.497s] Level 1:colcon.colcon_core.package_discovery:discover_packages(path) check parameters
[4.497s] Level 1:colcon.colcon_core.package_discovery:discover_packages(colcon_meta) discover
[4.498s] Level 1:colcon.colcon_core.package_discovery:discover_packages(recursive) discover
[4.498s] INFO:colcon.colcon_core.package_discovery:Crawling recursively for packages in '/home/harry/robotik'
[4.498s] Level 1:colcon.colcon_core.package_identification:_identify(.) by extensions ['ignore', 'ignore_ament_install']
[4.499s] Level 1:colcon.colcon_core.package_identification:_identify(.) by extension 'ignore'
[4.499s] Level 1:colcon.colcon_core.package_identification:_identify(.) by extension 'ignore_ament_install'
[4.500s] Level 1:colcon.colcon_core.package_identification:_identify(.) by extensions ['colcon_pkg']
[4.500s] Level 1:colcon.colcon_core.package_identification:_identify(.) by extension 'colcon_pkg'
[4.500s] Level 1:colcon.colcon_core.package_identification:_identify(.) by extensions ['colcon_meta']
[4.501s] Level 1:colcon.colcon_core.package_identification:_identify(.) by extension 'colcon_meta'
[4.501s] Level 1:colcon.colcon_core.package_identification:_identify(.) by extensions ['ros']
[4.501s] Level 1:colcon.colcon_core.package_identification:_identify(.) by extension 'ros'
[4.597s] Level 1:colcon.colcon_core.package_identification:_identify(.) by extensions ['cmake', 'python']
[4.597s] Level 1:colcon.colcon_core.package_identification:_identify(.) by extension 'cmake'
[4.598s] Level 1:colcon.colcon_core.package_identification:_identify(.) by extension 'python'
[4.598s] Level 1:colcon.colcon_core.package_identification:_identify(.) by extensions ['python_setup_py']
[4.598s] Level 1:colcon.colcon_core.package_identification:_identify(.) by extension 'python_setup_py'
[4.599s] Level 1:colcon.colcon_core.package_identification:_identify(build) by extensions ['ignore', 'ignore_ament_install']
[4.600s] Level 1:colcon.colcon_core.package_identification:_identify(build) by extension 'ignore'
[4.601s] Level 1:colcon.colcon_core.package_identification:_identify(build) ignored
[4.601s] Level 1:colcon.colcon_core.package_identification:_identify(install) by extensions ['ignore', 'ignore_ament_install']
[4.602s] Level 1:colcon.colcon_core.package_identification:_identify(install) by extension 'ignore'
[4.602s] Level 1:colcon.colcon_core.package_identification:_identify(install) ignored
[4.604s] Level 1:colcon.colcon_core.package_identification:_identify(log) by extensions ['ignore', 'ignore_ament_install']
[4.604s] Level 1:colcon.colcon_core.package_identification:_identify(log) by extension 'ignore'
[4.605s] Level 1:colcon.colcon_core.package_identification:_identify(log) ignored
[4.605s] Level 1:colcon.colcon_core.package_identification:_identify(src) by extensions ['ignore', 'ignore_ament_install']
[4.606s] Level 1:colcon.colcon_core.package_identification:_identify(src) by extension 'ignore'
[4.606s] Level 1:colcon.colcon_core.package_identification:_identify(src) by extension 'ignore_ament_install'
[4.606s] Level 1:colcon.colcon_core.package_identification:_identify(src) by extensions ['colcon_pkg']
[4.606s] Level 1:colcon.colcon_core.package_identification:_identify(src) by extension 'colcon_pkg'
[4.607s] Level 1:colcon.colcon_core.package_identification:_identify(src) by extensions ['colcon_meta']
[4.607s] Level 1:colcon.colcon_core.package_identification:_identify(src) by extension 'colcon_meta'
[4.607s] Level 1:colcon.colcon_core.package_identification:_identify(src) by extensions ['ros']
[4.607s] Level 1:colcon.colcon_core.package_identification:_identify(src) by extension 'ros'
[4.608s] Level 1:colcon.colcon_core.package_identification:_identify(src) by extensions ['cmake', 'python']
[4.608s] Level 1:colcon.colcon_core.package_identification:_identify(src) by extension 'cmake'
[4.608s] Level 1:colcon.colcon_core.package_identification:_identify(src) by extension 'python'
[4.609s] Level 1:colcon.colcon_core.package_identification:_identify(src) by extensions ['python_setup_py']
[4.609s] Level 1:colcon.colcon_core.package_identification:_identify(src) by extension 'python_setup_py'
[4.610s] Level 1:colcon.colcon_core.package_identification:_identify(src/apriltag_msgs) by extensions ['ignore', 'ignore_ament_install']
[4.610s] Level 1:colcon.colcon_core.package_identification:_identify(src/apriltag_msgs) by extension 'ignore'
[4.612s] Level 1:colcon.colcon_core.package_identification:_identify(src/apriltag_msgs) by extension 'ignore_ament_install'
[4.613s] Level 1:colcon.colcon_core.package_identification:_identify(src/apriltag_msgs) by extensions ['colcon_pkg']
[4.614s] Level 1:colcon.colcon_core.package_identification:_identify(src/apriltag_msgs) by extension 'colcon_pkg'
[4.614s] Level 1:colcon.colcon_core.package_identification:_identify(src/apriltag_msgs) by extensions ['colcon_meta']
[4.614s] Level 1:colcon.colcon_core.package_identification:_identify(src/apriltag_msgs) by extension 'colcon_meta'
[4.614s] Level 1:colcon.colcon_core.package_identification:_identify(src/apriltag_msgs) by extensions ['ros']
[4.614s] Level 1:colcon.colcon_core.package_identification:_identify(src/apriltag_msgs) by extension 'ros'
[4.615s] Level 1:colcon.colcon_core.package_identification:_identify(src/apriltag_msgs) by extensions ['cmake', 'python']
[4.615s] Level 1:colcon.colcon_core.package_identification:_identify(src/apriltag_msgs) by extension 'cmake'
[4.615s] Level 1:colcon.colcon_core.package_identification:_identify(src/apriltag_msgs) by extension 'python'
[4.616s] Level 1:colcon.colcon_core.package_identification:_identify(src/apriltag_msgs) by extensions ['python_setup_py']
[4.616s] Level 1:colcon.colcon_core.package_identification:_identify(src/apriltag_msgs) by extension 'python_setup_py'
[4.617s] Level 1:colcon.colcon_core.package_identification:_identify(src/apriltag_ros) by extensions ['ignore', 'ignore_ament_install']
[4.617s] Level 1:colcon.colcon_core.package_identification:_identify(src/apriltag_ros) by extension 'ignore'
[4.618s] Level 1:colcon.colcon_core.package_identification:_identify(src/apriltag_ros) by extension 'ignore_ament_install'
[4.619s] Level 1:colcon.colcon_core.package_identification:_identify(src/apriltag_ros) by extensions ['colcon_pkg']
[4.619s] Level 1:colcon.colcon_core.package_identification:_identify(src/apriltag_ros) by extension 'colcon_pkg'
[4.620s] Level 1:colcon.colcon_core.package_identification:_identify(src/apriltag_ros) by extensions ['colcon_meta']
[4.620s] Level 1:colcon.colcon_core.package_identification:_identify(src/apriltag_ros) by extension 'colcon_meta'
[4.621s] Level 1:colcon.colcon_core.package_identification:_identify(src/apriltag_ros) by extensions ['ros']
[4.621s] Level 1:colcon.colcon_core.package_identification:_identify(src/apriltag_ros) by extension 'ros'
[4.621s] Level 1:colcon.colcon_core.package_identification:_identify(src/apriltag_ros) by extensions ['cmake', 'python']
[4.622s] Level 1:colcon.colcon_core.package_identification:_identify(src/apriltag_ros) by extension 'cmake'
[4.622s] Level 1:colcon.colcon_core.package_identification:_identify(src/apriltag_ros) by extension 'python'
[4.622s] Level 1:colcon.colcon_core.package_identification:_identify(src/apriltag_ros) by extensions ['python_setup_py']
[4.622s] Level 1:colcon.colcon_core.package_identification:_identify(src/apriltag_ros) by extension 'python_setup_py'
[4.623s] Level 1:colcon.colcon_core.package_identification:_identify(src/art_gallery) by extensions ['ignore', 'ignore_ament_install']
[4.623s] Level 1:colcon.colcon_core.package_identification:_identify(src/art_gallery) by extension 'ignore'
[4.623s] Level 1:colcon.colcon_core.package_identification:_identify(src/art_gallery) by extension 'ignore_ament_install'
[4.624s] Level 1:colcon.colcon_core.package_identification:_identify(src/art_gallery) by extensions ['colcon_pkg']
[4.624s] Level 1:colcon.colcon_core.package_identification:_identify(src/art_gallery) by extension 'colcon_pkg'
[4.624s] Level 1:colcon.colcon_core.package_identification:_identify(src/art_gallery) by extensions ['colcon_meta']
[4.624s] Level 1:colcon.colcon_core.package_identification:_identify(src/art_gallery) by extension 'colcon_meta'
[4.625s] Level 1:colcon.colcon_core.package_identification:_identify(src/art_gallery) by extensions ['ros']
[4.625s] Level 1:colcon.colcon_core.package_identification:_identify(src/art_gallery) by extension 'ros'
[4.625s] Level 1:colcon.colcon_core.package_identification:_identify(src/art_gallery) by extensions ['cmake', 'python']
[4.626s] Level 1:colcon.colcon_core.package_identification:_identify(src/art_gallery) by extension 'cmake'
[4.626s] Level 1:colcon.colcon_core.package_identification:_identify(src/art_gallery) by extension 'python'
[4.626s] Level 1:colcon.colcon_core.package_identification:_identify(src/art_gallery) by extensions ['python_setup_py']
[4.626s] Level 1:colcon.colcon_core.package_identification:_identify(src/art_gallery) by extension 'python_setup_py'
[4.627s] Level 1:colcon.colcon_core.package_identification:_identify(src/art_gallery/art_maze) by extensions ['ignore', 'ignore_ament_install']
[4.627s] Level 1:colcon.colcon_core.package_identification:_identify(src/art_gallery/art_maze) by extension 'ignore'
[4.628s] Level 1:colcon.colcon_core.package_identification:_identify(src/art_gallery/art_maze) by extension 'ignore_ament_install'
[4.628s] Level 1:colcon.colcon_core.package_identification:_identify(src/art_gallery/art_maze) by extensions ['colcon_pkg']
[4.628s] Level 1:colcon.colcon_core.package_identification:_identify(src/art_gallery/art_maze) by extension 'colcon_pkg'
[4.628s] Level 1:colcon.colcon_core.package_identification:_identify(src/art_gallery/art_maze) by extensions ['colcon_meta']
[4.629s] Level 1:colcon.colcon_core.package_identification:_identify(src/art_gallery/art_maze) by extension 'colcon_meta'
[4.629s] Level 1:colcon.colcon_core.package_identification:_identify(src/art_gallery/art_maze) by extensions ['ros']
[4.629s] Level 1:colcon.colcon_core.package_identification:_identify(src/art_gallery/art_maze) by extension 'ros'
[4.646s] DEBUG:colcon.colcon_core.package_identification:Package 'src/art_gallery/art_maze' with type 'ros.ament_cmake' and name 'art_maze'
[4.647s] Level 1:colcon.colcon_core.package_identification:_identify(src/art_gallery/challenge_2025) by extensions ['ignore', 'ignore_ament_install']
[4.647s] Level 1:colcon.colcon_core.package_identification:_identify(src/art_gallery/challenge_2025) by extension 'ignore'
[4.648s] Level 1:colcon.colcon_core.package_identification:_identify(src/art_gallery/challenge_2025) by extension 'ignore_ament_install'
[4.648s] Level 1:colcon.colcon_core.package_identification:_identify(src/art_gallery/challenge_2025) by extensions ['colcon_pkg']
[4.649s] Level 1:colcon.colcon_core.package_identification:_identify(src/art_gallery/challenge_2025) by extension 'colcon_pkg'
[4.649s] Level 1:colcon.colcon_core.package_identification:_identify(src/art_gallery/challenge_2025) by extensions ['colcon_meta']
[4.649s] Level 1:colcon.colcon_core.package_identification:_identify(src/art_gallery/challenge_2025) by extension 'colcon_meta'
[4.650s] Level 1:colcon.colcon_core.package_identification:_identify(src/art_gallery/challenge_2025) by extensions ['ros']
[4.650s] Level 1:colcon.colcon_core.package_identification:_identify(src/art_gallery/challenge_2025) by extension 'ros'
[4.654s] DEBUG:colcon.colcon_core.package_identification:Package 'src/art_gallery/challenge_2025' with type 'ros.ament_python' and name 'challenge_2025'
[4.654s] Level 1:colcon.colcon_core.package_identification:_identify(src/art_gallery/curator) by extensions ['ignore', 'ignore_ament_install']
[4.655s] Level 1:colcon.colcon_core.package_identification:_identify(src/art_gallery/curator) by extension 'ignore'
[4.655s] Level 1:colcon.colcon_core.package_identification:_identify(src/art_gallery/curator) by extension 'ignore_ament_install'
[4.656s] Level 1:colcon.colcon_core.package_identification:_identify(src/art_gallery/curator) by extensions ['colcon_pkg']
[4.656s] Level 1:colcon.colcon_core.package_identification:_identify(src/art_gallery/curator) by extension 'colcon_pkg'
[4.656s] Level 1:colcon.colcon_core.package_identification:_identify(src/art_gallery/curator) by extensions ['colcon_meta']
[4.657s] Level 1:colcon.colcon_core.package_identification:_identify(src/art_gallery/curator) by extension 'colcon_meta'
[4.657s] Level 1:colcon.colcon_core.package_identification:_identify(src/art_gallery/curator) by extensions ['ros']
[4.657s] Level 1:colcon.colcon_core.package_identification:_identify(src/art_gallery/curator) by extension 'ros'
[4.660s] DEBUG:colcon.colcon_core.package_identification:Package 'src/art_gallery/curator' with type 'ros.ament_python' and name 'curator'
[4.661s] Level 1:colcon.colcon_core.package_identification:_identify(src/art_gallery/tb3_description) by extensions ['ignore', 'ignore_ament_install']
[4.661s] Level 1:colcon.colcon_core.package_identification:_identify(src/art_gallery/tb3_description) by extension 'ignore'
[4.662s] Level 1:colcon.colcon_core.package_identification:_identify(src/art_gallery/tb3_description) by extension 'ignore_ament_install'
[4.662s] Level 1:colcon.colcon_core.package_identification:_identify(src/art_gallery/tb3_description) by extensions ['colcon_pkg']
[4.662s] Level 1:colcon.colcon_core.package_identification:_identify(src/art_gallery/tb3_description) by extension 'colcon_pkg'
[4.663s] Level 1:colcon.colcon_core.package_identification:_identify(src/art_gallery/tb3_description) by extensions ['colcon_meta']
[4.663s] Level 1:colcon.colcon_core.package_identification:_identify(src/art_gallery/tb3_description) by extension 'colcon_meta'
[4.663s] Level 1:colcon.colcon_core.package_identification:_identify(src/art_gallery/tb3_description) by extensions ['ros']
[4.663s] Level 1:colcon.colcon_core.package_identification:_identify(src/art_gallery/tb3_description) by extension 'ros'
[4.666s] DEBUG:colcon.colcon_core.package_identification:Package 'src/art_gallery/tb3_description' with type 'ros.ament_python' and name 'tb3_description'
[4.667s] Level 1:colcon.colcon_core.package_identification:_identify(src/art_gallery/tb3_gazebo) by extensions ['ignore', 'ignore_ament_install']
[4.668s] Level 1:colcon.colcon_core.package_identification:_identify(src/art_gallery/tb3_gazebo) by extension 'ignore'
[4.669s] Level 1:colcon.colcon_core.package_identification:_identify(src/art_gallery/tb3_gazebo) by extension 'ignore_ament_install'
[4.670s] Level 1:colcon.colcon_core.package_identification:_identify(src/art_gallery/tb3_gazebo) by extensions ['colcon_pkg']
[4.670s] Level 1:colcon.colcon_core.package_identification:_identify(src/art_gallery/tb3_gazebo) by extension 'colcon_pkg'
[4.671s] Level 1:colcon.colcon_core.package_identification:_identify(src/art_gallery/tb3_gazebo) by extensions ['colcon_meta']
[4.672s] Level 1:colcon.colcon_core.package_identification:_identify(src/art_gallery/tb3_gazebo) by extension 'colcon_meta'
[4.672s] Level 1:colcon.colcon_core.package_identification:_identify(src/art_gallery/tb3_gazebo) by extensions ['ros']
[4.672s] Level 1:colcon.colcon_core.package_identification:_identify(src/art_gallery/tb3_gazebo) by extension 'ros'
[4.677s] DEBUG:colcon.colcon_core.package_identification:Package 'src/art_gallery/tb3_gazebo' with type 'ros.ament_cmake' and name 'tb3_gazebo'
[4.678s] Level 1:colcon.colcon_core.package_identification:_identify(src/create3_examples) by extensions ['ignore', 'ignore_ament_install']
[4.679s] Level 1:colcon.colcon_core.package_identification:_identify(src/create3_examples) by extension 'ignore'
[4.679s] Level 1:colcon.colcon_core.package_identification:_identify(src/create3_examples) by extension 'ignore_ament_install'
[4.679s] Level 1:colcon.colcon_core.package_identification:_identify(src/create3_examples) by extensions ['colcon_pkg']
[4.680s] Level 1:colcon.colcon_core.package_identification:_identify(src/create3_examples) by extension 'colcon_pkg'
[4.680s] Level 1:colcon.colcon_core.package_identification:_identify(src/create3_examples) by extensions ['colcon_meta']
[4.680s] Level 1:colcon.colcon_core.package_identification:_identify(src/create3_examples) by extension 'colcon_meta'
[4.681s] Level 1:colcon.colcon_core.package_identification:_identify(src/create3_examples) by extensions ['ros']
[4.681s] Level 1:colcon.colcon_core.package_identification:_identify(src/create3_examples) by extension 'ros'
[4.681s] Level 1:colcon.colcon_core.package_identification:_identify(src/create3_examples) by extensions ['cmake', 'python']
[4.682s] Level 1:colcon.colcon_core.package_identification:_identify(src/create3_examples) by extension 'cmake'
[4.682s] Level 1:colcon.colcon_core.package_identification:_identify(src/create3_examples) by extension 'python'
[4.682s] Level 1:colcon.colcon_core.package_identification:_identify(src/create3_examples) by extensions ['python_setup_py']
[4.682s] Level 1:colcon.colcon_core.package_identification:_identify(src/create3_examples) by extension 'python_setup_py'
[4.683s] Level 1:colcon.colcon_core.package_identification:_identify(src/my_first_package) by extensions ['ignore', 'ignore_ament_install']
[4.683s] Level 1:colcon.colcon_core.package_identification:_identify(src/my_first_package) by extension 'ignore'
[4.684s] Level 1:colcon.colcon_core.package_identification:_identify(src/my_first_package) by extension 'ignore_ament_install'
[4.684s] Level 1:colcon.colcon_core.package_identification:_identify(src/my_first_package) by extensions ['colcon_pkg']
[4.684s] Level 1:colcon.colcon_core.package_identification:_identify(src/my_first_package) by extension 'colcon_pkg'
[4.685s] Level 1:colcon.colcon_core.package_identification:_identify(src/my_first_package) by extensions ['colcon_meta']
[4.685s] Level 1:colcon.colcon_core.package_identification:_identify(src/my_first_package) by extension 'colcon_meta'
[4.685s] Level 1:colcon.colcon_core.package_identification:_identify(src/my_first_package) by extensions ['ros']
[4.685s] Level 1:colcon.colcon_core.package_identification:_identify(src/my_first_package) by extension 'ros'
[4.685s] Level 1:colcon.colcon_core.package_identification:_identify(src/my_first_package) by extensions ['cmake', 'python']
[4.686s] Level 1:colcon.colcon_core.package_identification:_identify(src/my_first_package) by extension 'cmake'
[4.686s] Level 1:colcon.colcon_core.package_identification:_identify(src/my_first_package) by extension 'python'
[4.686s] Level 1:colcon.colcon_core.package_identification:_identify(src/my_first_package) by extensions ['python_setup_py']
[4.686s] Level 1:colcon.colcon_core.package_identification:_identify(src/my_first_package) by extension 'python_setup_py'
[4.687s] Level 1:colcon.colcon_core.package_identification:_identify(src/my_first_package/my_first_package) by extensions ['ignore', 'ignore_ament_install']
[4.687s] Level 1:colcon.colcon_core.package_identification:_identify(src/my_first_package/my_first_package) by extension 'ignore'
[4.688s] Level 1:colcon.colcon_core.package_identification:_identify(src/my_first_package/my_first_package) by extension 'ignore_ament_install'
[4.689s] Level 1:colcon.colcon_core.package_identification:_identify(src/my_first_package/my_first_package) by extensions ['colcon_pkg']
[4.689s] Level 1:colcon.colcon_core.package_identification:_identify(src/my_first_package/my_first_package) by extension 'colcon_pkg'
[4.689s] Level 1:colcon.colcon_core.package_identification:_identify(src/my_first_package/my_first_package) by extensions ['colcon_meta']
[4.689s] Level 1:colcon.colcon_core.package_identification:_identify(src/my_first_package/my_first_package) by extension 'colcon_meta'
[4.689s] Level 1:colcon.colcon_core.package_identification:_identify(src/my_first_package/my_first_package) by extensions ['ros']
[4.689s] Level 1:colcon.colcon_core.package_identification:_identify(src/my_first_package/my_first_package) by extension 'ros'
[4.690s] Level 1:colcon.colcon_core.package_identification:_identify(src/my_first_package/my_first_package) by extensions ['cmake', 'python']
[4.690s] Level 1:colcon.colcon_core.package_identification:_identify(src/my_first_package/my_first_package) by extension 'cmake'
[4.690s] Level 1:colcon.colcon_core.package_identification:_identify(src/my_first_package/my_first_package) by extension 'python'
[4.691s] Level 1:colcon.colcon_core.package_identification:_identify(src/my_first_package/my_first_package) by extensions ['python_setup_py']
[4.691s] Level 1:colcon.colcon_core.package_identification:_identify(src/my_first_package/my_first_package) by extension 'python_setup_py'
[4.691s] Level 1:colcon.colcon_core.package_identification:_identify(src/my_robot_navigation) by extensions ['ignore', 'ignore_ament_install']
[4.692s] Level 1:colcon.colcon_core.package_identification:_identify(src/my_robot_navigation) by extension 'ignore'
[4.693s] Level 1:colcon.colcon_core.package_identification:_identify(src/my_robot_navigation) by extension 'ignore_ament_install'
[4.693s] Level 1:colcon.colcon_core.package_identification:_identify(src/my_robot_navigation) by extensions ['colcon_pkg']
[4.693s] Level 1:colcon.colcon_core.package_identification:_identify(src/my_robot_navigation) by extension 'colcon_pkg'
[4.694s] Level 1:colcon.colcon_core.package_identification:_identify(src/my_robot_navigation) by extensions ['colcon_meta']
[4.694s] Level 1:colcon.colcon_core.package_identification:_identify(src/my_robot_navigation) by extension 'colcon_meta'
[4.694s] Level 1:colcon.colcon_core.package_identification:_identify(src/my_robot_navigation) by extensions ['ros']
[4.695s] Level 1:colcon.colcon_core.package_identification:_identify(src/my_robot_navigation) by extension 'ros'
[4.698s] DEBUG:colcon.colcon_core.package_identification:Package 'src/my_robot_navigation' with type 'ros.ament_python' and name 'my_robot_navigation'
[4.699s] Level 1:colcon.colcon_core.package_identification:_identify(src/my_robot_slam) by extensions ['ignore', 'ignore_ament_install']
[4.699s] Level 1:colcon.colcon_core.package_identification:_identify(src/my_robot_slam) by extension 'ignore'
[4.700s] Level 1:colcon.colcon_core.package_identification:_identify(src/my_robot_slam) by extension 'ignore_ament_install'
[4.700s] Level 1:colcon.colcon_core.package_identification:_identify(src/my_robot_slam) by extensions ['colcon_pkg']
[4.701s] Level 1:colcon.colcon_core.package_identification:_identify(src/my_robot_slam) by extension 'colcon_pkg'
[4.701s] Level 1:colcon.colcon_core.package_identification:_identify(src/my_robot_slam) by extensions ['colcon_meta']
[4.701s] Level 1:colcon.colcon_core.package_identification:_identify(src/my_robot_slam) by extension 'colcon_meta'
[4.702s] Level 1:colcon.colcon_core.package_identification:_identify(src/my_robot_slam) by extensions ['ros']
[4.702s] Level 1:colcon.colcon_core.package_identification:_identify(src/my_robot_slam) by extension 'ros'
[4.709s] DEBUG:colcon.colcon_core.package_identification:Package 'src/my_robot_slam' with type 'ros.ament_cmake' and name 'my_robot_slam'
[4.710s] Level 1:colcon.colcon_core.package_identification:_identify(src/object_detection) by extensions ['ignore', 'ignore_ament_install']
[4.710s] Level 1:colcon.colcon_core.package_identification:_identify(src/object_detection) by extension 'ignore'
[4.711s] Level 1:colcon.colcon_core.package_identification:_identify(src/object_detection) by extension 'ignore_ament_install'
[4.711s] Level 1:colcon.colcon_core.package_identification:_identify(src/object_detection) by extensions ['colcon_pkg']
[4.711s] Level 1:colcon.colcon_core.package_identification:_identify(src/object_detection) by extension 'colcon_pkg'
[4.712s] Level 1:colcon.colcon_core.package_identification:_identify(src/object_detection) by extensions ['colcon_meta']
[4.712s] Level 1:colcon.colcon_core.package_identification:_identify(src/object_detection) by extension 'colcon_meta'
[4.713s] Level 1:colcon.colcon_core.package_identification:_identify(src/object_detection) by extensions ['ros']
[4.714s] Level 1:colcon.colcon_core.package_identification:_identify(src/object_detection) by extension 'ros'
[4.718s] DEBUG:colcon.colcon_core.package_identification:Package 'src/object_detection' with type 'ros.ament_python' and name 'object_detection'
[4.719s] Level 1:colcon.colcon_core.package_identification:_identify(src/pub_sub) by extensions ['ignore', 'ignore_ament_install']
[4.719s] Level 1:colcon.colcon_core.package_identification:_identify(src/pub_sub) by extension 'ignore'
[4.720s] Level 1:colcon.colcon_core.package_identification:_identify(src/pub_sub) by extension 'ignore_ament_install'
[4.720s] Level 1:colcon.colcon_core.package_identification:_identify(src/pub_sub) by extensions ['colcon_pkg']
[4.720s] Level 1:colcon.colcon_core.package_identification:_identify(src/pub_sub) by extension 'colcon_pkg'
[4.721s] Level 1:colcon.colcon_core.package_identification:_identify(src/pub_sub) by extensions ['colcon_meta']
[4.721s] Level 1:colcon.colcon_core.package_identification:_identify(src/pub_sub) by extension 'colcon_meta'
[4.721s] Level 1:colcon.colcon_core.package_identification:_identify(src/pub_sub) by extensions ['ros']
[4.721s] Level 1:colcon.colcon_core.package_identification:_identify(src/pub_sub) by extension 'ros'
[4.727s] DEBUG:colcon.colcon_core.package_identification:Package 'src/pub_sub' with type 'ros.ament_python' and name 'pub_sub'
[4.728s] Level 1:colcon.colcon_core.package_identification:_identify(src/robot_bringup) by extensions ['ignore', 'ignore_ament_install']
[4.728s] Level 1:colcon.colcon_core.package_identification:_identify(src/robot_bringup) by extension 'ignore'
[4.729s] Level 1:colcon.colcon_core.package_identification:_identify(src/robot_bringup) by extension 'ignore_ament_install'
[4.729s] Level 1:colcon.colcon_core.package_identification:_identify(src/robot_bringup) by extensions ['colcon_pkg']
[4.729s] Level 1:colcon.colcon_core.package_identification:_identify(src/robot_bringup) by extension 'colcon_pkg'
[4.730s] Level 1:colcon.colcon_core.package_identification:_identify(src/robot_bringup) by extensions ['colcon_meta']
[4.730s] Level 1:colcon.colcon_core.package_identification:_identify(src/robot_bringup) by extension 'colcon_meta'
[4.730s] Level 1:colcon.colcon_core.package_identification:_identify(src/robot_bringup) by extensions ['ros']
[4.730s] Level 1:colcon.colcon_core.package_identification:_identify(src/robot_bringup) by extension 'ros'
[4.734s] DEBUG:colcon.colcon_core.package_identification:Package 'src/robot_bringup' with type 'ros.ament_python' and name 'robot_bringup'
[4.734s] Level 1:colcon.colcon_core.package_identification:_identify(src/rplidar-ros) by extensions ['ignore', 'ignore_ament_install']
[4.735s] Level 1:colcon.colcon_core.package_identification:_identify(src/rplidar-ros) by extension 'ignore'
[4.735s] Level 1:colcon.colcon_core.package_identification:_identify(src/rplidar-ros) by extension 'ignore_ament_install'
[4.736s] Level 1:colcon.colcon_core.package_identification:_identify(src/rplidar-ros) by extensions ['colcon_pkg']
[4.736s] Level 1:colcon.colcon_core.package_identification:_identify(src/rplidar-ros) by extension 'colcon_pkg'
[4.736s] Level 1:colcon.colcon_core.package_identification:_identify(src/rplidar-ros) by extensions ['colcon_meta']
[4.736s] Level 1:colcon.colcon_core.package_identification:_identify(src/rplidar-ros) by extension 'colcon_meta'
[4.737s] Level 1:colcon.colcon_core.package_identification:_identify(src/rplidar-ros) by extensions ['ros']
[4.737s] Level 1:colcon.colcon_core.package_identification:_identify(src/rplidar-ros) by extension 'ros'
[4.740s] DEBUG:colcon.colcon_core.package_identification:Package 'src/rplidar-ros' with type 'ros.ament_cmake' and name 'rplidar_ros'
[4.741s] Level 1:colcon.colcon_core.package_identification:_identify(src/simulation) by extensions ['ignore', 'ignore_ament_install']
[4.746s] Level 1:colcon.colcon_core.package_identification:_identify(src/simulation) by extension 'ignore'
[4.746s] Level 1:colcon.colcon_core.package_identification:_identify(src/simulation) by extension 'ignore_ament_install'
[4.746s] Level 1:colcon.colcon_core.package_identification:_identify(src/simulation) by extensions ['colcon_pkg']
[4.748s] Level 1:colcon.colcon_core.package_identification:_identify(src/simulation) by extension 'colcon_pkg'
[4.748s] Level 1:colcon.colcon_core.package_identification:_identify(src/simulation) by extensions ['colcon_meta']
[4.749s] Level 1:colcon.colcon_core.package_identification:_identify(src/simulation) by extension 'colcon_meta'
[4.749s] Level 1:colcon.colcon_core.package_identification:_identify(src/simulation) by extensions ['ros']
[4.749s] Level 1:colcon.colcon_core.package_identification:_identify(src/simulation) by extension 'ros'
[4.750s] Level 1:colcon.colcon_core.package_identification:_identify(src/simulation) by extensions ['cmake', 'python']
[4.750s] Level 1:colcon.colcon_core.package_identification:_identify(src/simulation) by extension 'cmake'
[4.750s] Level 1:colcon.colcon_core.package_identification:_identify(src/simulation) by extension 'python'
[4.750s] Level 1:colcon.colcon_core.package_identification:_identify(src/simulation) by extensions ['python_setup_py']
[4.750s] Level 1:colcon.colcon_core.package_identification:_identify(src/simulation) by extension 'python_setup_py'
[4.751s] Level 1:colcon.colcon_core.package_identification:_identify(src/simulation/build) by extensions ['ignore', 'ignore_ament_install']
[4.751s] Level 1:colcon.colcon_core.package_identification:_identify(src/simulation/build) by extension 'ignore'
[4.752s] Level 1:colcon.colcon_core.package_identification:_identify(src/simulation/build) ignored
[4.752s] Level 1:colcon.colcon_core.package_identification:_identify(src/simulation/install) by extensions ['ignore', 'ignore_ament_install']
[4.753s] Level 1:colcon.colcon_core.package_identification:_identify(src/simulation/install) by extension 'ignore'
[4.753s] Level 1:colcon.colcon_core.package_identification:_identify(src/simulation/install) ignored
[4.754s] Level 1:colcon.colcon_core.package_identification:_identify(src/simulation/log) by extensions ['ignore', 'ignore_ament_install']
[4.754s] Level 1:colcon.colcon_core.package_identification:_identify(src/simulation/log) by extension 'ignore'
[4.754s] Level 1:colcon.colcon_core.package_identification:_identify(src/simulation/log) ignored
[4.755s] Level 1:colcon.colcon_core.package_identification:_identify(src/tag_detection) by extensions ['ignore', 'ignore_ament_install']
[4.755s] Level 1:colcon.colcon_core.package_identification:_identify(src/tag_detection) by extension 'ignore'
[4.756s] Level 1:colcon.colcon_core.package_identification:_identify(src/tag_detection) by extension 'ignore_ament_install'
[4.756s] Level 1:colcon.colcon_core.package_identification:_identify(src/tag_detection) by extensions ['colcon_pkg']
[4.756s] Level 1:colcon.colcon_core.package_identification:_identify(src/tag_detection) by extension 'colcon_pkg'
[4.756s] Level 1:colcon.colcon_core.package_identification:_identify(src/tag_detection) by extensions ['colcon_meta']
[4.756s] Level 1:colcon.colcon_core.package_identification:_identify(src/tag_detection) by extension 'colcon_meta'
[4.757s] Level 1:colcon.colcon_core.package_identification:_identify(src/tag_detection) by extensions ['ros']
[4.757s] Level 1:colcon.colcon_core.package_identification:_identify(src/tag_detection) by extension 'ros'
[4.761s] DEBUG:colcon.colcon_core.package_identification:Package 'src/tag_detection' with type 'ros.ament_python' and name 'tag_detection'
[4.761s] Level 1:colcon.colcon_core.package_identification:_identify(src/teleop) by extensions ['ignore', 'ignore_ament_install']
[4.762s] Level 1:colcon.colcon_core.package_identification:_identify(src/teleop) by extension 'ignore'
[4.762s] Level 1:colcon.colcon_core.package_identification:_identify(src/teleop) by extension 'ignore_ament_install'
[4.762s] Level 1:colcon.colcon_core.package_identification:_identify(src/teleop) by extensions ['colcon_pkg']
[4.763s] Level 1:colcon.colcon_core.package_identification:_identify(src/teleop) by extension 'colcon_pkg'
[4.764s] Level 1:colcon.colcon_core.package_identification:_identify(src/teleop) by extensions ['colcon_meta']
[4.764s] Level 1:colcon.colcon_core.package_identification:_identify(src/teleop) by extension 'colcon_meta'
[4.765s] Level 1:colcon.colcon_core.package_identification:_identify(src/teleop) by extensions ['ros']
[4.765s] Level 1:colcon.colcon_core.package_identification:_identify(src/teleop) by extension 'ros'
[4.768s] DEBUG:colcon.colcon_core.package_identification:Package 'src/teleop' with type 'ros.ament_python' and name 'teleop'
[4.769s] Level 1:colcon.colcon_core.package_identification:_identify(vs_worspace) by extensions ['ignore', 'ignore_ament_install']
[4.769s] Level 1:colcon.colcon_core.package_identification:_identify(vs_worspace) by extension 'ignore'
[4.769s] Level 1:colcon.colcon_core.package_identification:_identify(vs_worspace) by extension 'ignore_ament_install'
[4.770s] Level 1:colcon.colcon_core.package_identification:_identify(vs_worspace) by extensions ['colcon_pkg']
[4.770s] Level 1:colcon.colcon_core.package_identification:_identify(vs_worspace) by extension 'colcon_pkg'
[4.770s] Level 1:colcon.colcon_core.package_identification:_identify(vs_worspace) by extensions ['colcon_meta']
[4.770s] Level 1:colcon.colcon_core.package_identification:_identify(vs_worspace) by extension 'colcon_meta'
[4.771s] Level 1:colcon.colcon_core.package_identification:_identify(vs_worspace) by extensions ['ros']
[4.771s] Level 1:colcon.colcon_core.package_identification:_identify(vs_worspace) by extension 'ros'
[4.771s] Level 1:colcon.colcon_core.package_identification:_identify(vs_worspace) by extensions ['cmake', 'python']
[4.772s] Level 1:colcon.colcon_core.package_identification:_identify(vs_worspace) by extension 'cmake'
[4.772s] Level 1:colcon.colcon_core.package_identification:_identify(vs_worspace) by extension 'python'
[4.772s] Level 1:colcon.colcon_core.package_identification:_identify(vs_worspace) by extensions ['python_setup_py']
[4.772s] Level 1:colcon.colcon_core.package_identification:_identify(vs_worspace) by extension 'python_setup_py'
[4.773s] Level 1:colcon.colcon_core.package_discovery:discover_packages(recursive) using defaults
[4.773s] Level 1:colcon.colcon_core.package_discovery:discover_packages(ignore) discover
[4.773s] Level 1:colcon.colcon_core.package_discovery:discover_packages(ignore) using defaults
[4.773s] Level 1:colcon.colcon_core.package_discovery:discover_packages(path) discover
[4.773s] Level 1:colcon.colcon_core.package_discovery:discover_packages(path) using defaults
[4.943s] INFO:colcon.colcon_core.package_selection:Skipping not selected package 'art_maze' in 'src/art_gallery/art_maze'
[4.943s] INFO:colcon.colcon_core.package_selection:Skipping not selected package 'challenge_2025' in 'src/art_gallery/challenge_2025'
[4.943s] INFO:colcon.colcon_core.package_selection:Skipping not selected package 'curator' in 'src/art_gallery/curator'
[4.943s] INFO:colcon.colcon_core.package_selection:Skipping not selected package 'my_robot_navigation' in 'src/my_robot_navigation'
[4.943s] INFO:colcon.colcon_core.package_selection:Skipping not selected package 'my_robot_slam' in 'src/my_robot_slam'
[4.943s] INFO:colcon.colcon_core.package_selection:Skipping not selected package 'object_detection' in 'src/object_detection'
[4.943s] INFO:colcon.colcon_core.package_selection:Skipping not selected package 'pub_sub' in 'src/pub_sub'
[4.944s] INFO:colcon.colcon_core.package_selection:Skipping not selected package 'rplidar_ros' in 'src/rplidar-ros'
[4.944s] INFO:colcon.colcon_core.package_selection:Skipping not selected package 'tag_detection' in 'src/tag_detection'
[4.944s] INFO:colcon.colcon_core.package_selection:Skipping not selected package 'tb3_description' in 'src/art_gallery/tb3_description'
[4.944s] INFO:colcon.colcon_core.package_selection:Skipping not selected package 'tb3_gazebo' in 'src/art_gallery/tb3_gazebo'
[4.944s] INFO:colcon.colcon_core.package_selection:Skipping not selected package 'teleop' in 'src/teleop'
[4.946s] Level 1:colcon.colcon_core.package_discovery:discover_packages(prefix_path) check parameters
[4.946s] Level 1:colcon.colcon_core.package_discovery:discover_packages(prefix_path) discover
[4.963s] DEBUG:colcon.colcon_installed_package_information.package_discovery:Found 14 installed packages in /home/harry/robotik/install
[4.977s] DEBUG:colcon.colcon_installed_package_information.package_discovery:Found 342 installed packages in /opt/ros/humble
[4.989s] Level 1:colcon.colcon_core.package_discovery:discover_packages(prefix_path) using defaults
[5.320s] Level 5:colcon.colcon_core.verb:set package 'robot_bringup' build argument 'cmake_args' from command line to 'None'
[5.320s] Level 5:colcon.colcon_core.verb:set package 'robot_bringup' build argument 'cmake_target' from command line to 'None'
[5.320s] Level 5:colcon.colcon_core.verb:set package 'robot_bringup' build argument 'cmake_target_skip_unavailable' from command line to 'False'
[5.321s] Level 5:colcon.colcon_core.verb:set package 'robot_bringup' build argument 'cmake_clean_cache' from command line to 'False'
[5.321s] Level 5:colcon.colcon_core.verb:set package 'robot_bringup' build argument 'cmake_clean_first' from command line to 'False'
[5.321s] Level 5:colcon.colcon_core.verb:set package 'robot_bringup' build argument 'cmake_force_configure' from command line to 'False'
[5.321s] Level 5:colcon.colcon_core.verb:set package 'robot_bringup' build argument 'ament_cmake_args' from command line to 'None'
[5.321s] Level 5:colcon.colcon_core.verb:set package 'robot_bringup' build argument 'catkin_cmake_args' from command line to 'None'
[5.321s] Level 5:colcon.colcon_core.verb:set package 'robot_bringup' build argument 'catkin_skip_building_tests' from command line to 'False'
[5.322s] DEBUG:colcon.colcon_core.verb:Building package 'robot_bringup' with the following arguments: {'ament_cmake_args': None, 'build_base': '/home/harry/robotik/build/robot_bringup', 'catkin_cmake_args': None, 'catkin_skip_building_tests': False, 'cmake_args': None, 'cmake_clean_cache': False, 'cmake_clean_first': False, 'cmake_force_configure': False, 'cmake_target': None, 'cmake_target_skip_unavailable': False, 'install_base': '/home/harry/robotik/install/robot_bringup', 'merge_install': False, 'path': '/home/harry/robotik/src/robot_bringup', 'symlink_install': False, 'test_result_base': None}
[5.322s] INFO:colcon.colcon_core.executor:Executing jobs using 'parallel' executor
[5.326s] DEBUG:colcon.colcon_parallel_executor.executor.parallel:run_until_complete
[5.327s] INFO:colcon.colcon_ros.task.ament_python.build:Building ROS package in '/home/harry/robotik/src/robot_bringup' with build type 'ament_python'
[5.328s] Level 1:colcon.colcon_core.shell:create_environment_hook('robot_bringup', 'ament_prefix_path')
[5.347s] INFO:colcon.colcon_core.plugin_system:Skipping extension 'colcon_core.shell.bat': Not used on non-Windows systems
[5.348s] INFO:colcon.colcon_core.shell:Creating environment hook '/home/harry/robotik/install/robot_bringup/share/robot_bringup/hook/ament_prefix_path.ps1'
[5.351s] INFO:colcon.colcon_core.shell:Creating environment descriptor '/home/harry/robotik/install/robot_bringup/share/robot_bringup/hook/ament_prefix_path.dsv'
[5.355s] INFO:colcon.colcon_core.shell:Creating environment hook '/home/harry/robotik/install/robot_bringup/share/robot_bringup/hook/ament_prefix_path.sh'
[5.364s] INFO:colcon.colcon_core.shell:Skip shell extension 'powershell' for command environment: Not usable outside of PowerShell
[5.364s] DEBUG:colcon.colcon_core.shell:Skip shell extension 'dsv' for command environment
[7.507s] INFO:colcon.colcon_core.task.python.build:Building Python package in '/home/harry/robotik/src/robot_bringup'
[7.507s] INFO:colcon.colcon_core.shell:Skip shell extension 'powershell' for command environment: Not usable outside of PowerShell
[7.508s] DEBUG:colcon.colcon_core.shell:Skip shell extension 'dsv' for command environment
[9.590s] DEBUG:colcon.colcon_core.event_handler.log_command:Invoking command in '/home/harry/robotik/src/robot_bringup': PYTHONPATH=/home/harry/robotik/build/robot_bringup/prefix_override:/usr/lib/python3/dist-packages/colcon_core/task/python/colcon_distutils_commands:/home/harry/robotik/install/robot_bringup/lib/python3.10/site-packages:${PYTHONPATH} /usr/bin/python3 -W ignore:setup.py install is deprecated -W ignore:easy_install command is deprecated setup.py egg_info --egg-base ../../build/robot_bringup build --build-base /home/harry/robotik/build/robot_bringup/build install --record /home/harry/robotik/build/robot_bringup/install.log --single-version-externally-managed install_data
[11.357s] DEBUG:colcon.colcon_core.event_handler.log_command:Invoked command in '/home/harry/robotik/src/robot_bringup' returned '0': PYTHONPATH=/home/harry/robotik/build/robot_bringup/prefix_override:/usr/lib/python3/dist-packages/colcon_core/task/python/colcon_distutils_commands:/home/harry/robotik/install/robot_bringup/lib/python3.10/site-packages:${PYTHONPATH} /usr/bin/python3 -W ignore:setup.py install is deprecated -W ignore:easy_install command is deprecated setup.py egg_info --egg-base ../../build/robot_bringup build --build-base /home/harry/robotik/build/robot_bringup/build install --record /home/harry/robotik/build/robot_bringup/install.log --single-version-externally-managed install_data
[11.372s] Level 1:colcon.colcon_core.environment:checking '/home/harry/robotik/install/robot_bringup' for CMake module files
[11.374s] Level 1:colcon.colcon_core.environment:checking '/home/harry/robotik/install/robot_bringup' for CMake config files
[11.378s] Level 1:colcon.colcon_core.environment:checking '/home/harry/robotik/install/robot_bringup/lib'
[11.379s] Level 1:colcon.colcon_core.environment:checking '/home/harry/robotik/install/robot_bringup/bin'
[11.380s] Level 1:colcon.colcon_core.environment:checking '/home/harry/robotik/install/robot_bringup/lib/pkgconfig/robot_bringup.pc'
[11.382s] Level 1:colcon.colcon_core.environment:checking '/home/harry/robotik/install/robot_bringup/lib/python3.10/site-packages'
[11.382s] Level 1:colcon.colcon_core.shell:create_environment_hook('robot_bringup', 'pythonpath')
[11.383s] INFO:colcon.colcon_core.shell:Creating environment hook '/home/harry/robotik/install/robot_bringup/share/robot_bringup/hook/pythonpath.ps1'
[11.386s] INFO:colcon.colcon_core.shell:Creating environment descriptor '/home/harry/robotik/install/robot_bringup/share/robot_bringup/hook/pythonpath.dsv'
[11.390s] INFO:colcon.colcon_core.shell:Creating environment hook '/home/harry/robotik/install/robot_bringup/share/robot_bringup/hook/pythonpath.sh'
[11.395s] Level 1:colcon.colcon_core.environment:checking '/home/harry/robotik/install/robot_bringup/bin'
[11.395s] Level 1:colcon.colcon_core.environment:create_environment_scripts_only(robot_bringup)
[11.397s] INFO:colcon.colcon_core.shell:Creating package script '/home/harry/robotik/install/robot_bringup/share/robot_bringup/package.ps1'
[11.402s] INFO:colcon.colcon_core.shell:Creating package descriptor '/home/harry/robotik/install/robot_bringup/share/robot_bringup/package.dsv'
[11.410s] INFO:colcon.colcon_core.shell:Creating package script '/home/harry/robotik/install/robot_bringup/share/robot_bringup/package.sh'
[11.414s] INFO:colcon.colcon_core.shell:Creating package script '/home/harry/robotik/install/robot_bringup/share/robot_bringup/package.bash'
[11.418s] INFO:colcon.colcon_core.shell:Creating package script '/home/harry/robotik/install/robot_bringup/share/robot_bringup/package.zsh'
[11.425s] Level 1:colcon.colcon_core.environment:create_file_with_runtime_dependencies(/home/harry/robotik/install/robot_bringup/share/colcon-core/packages/robot_bringup)
[11.427s] DEBUG:colcon.colcon_parallel_executor.executor.parallel:closing loop
[11.431s] DEBUG:colcon.colcon_parallel_executor.executor.parallel:loop closed
[11.431s] DEBUG:colcon.colcon_parallel_executor.executor.parallel:run_until_complete finished with '0'
[11.432s] DEBUG:colcon.colcon_core.event_reactor:joining thread
[11.704s] INFO:colcon.colcon_core.plugin_system:Skipping extension 'colcon_notification.desktop_notification.notify_send': Could not find 'notify-send'
[11.705s] INFO:colcon.colcon_core.plugin_system:Skipping extension 'colcon_notification.desktop_notification.terminal_notifier': Not used on non-Darwin systems
[11.705s] INFO:colcon.colcon_core.plugin_system:Skipping extension 'colcon_notification.desktop_notification.win32': Not used on non-Windows systems
[11.705s] INFO:colcon.colcon_notification.desktop_notification:Sending desktop notification using 'notify2'
[11.706s] DEBUG:colcon.colcon_notification.desktop_notification.notify2:Failed to initialize notify2: org.freedesktop.DBus.Error.FileNotFound: Failed to connect to socket /run/user/1000/bus: No such file or directory
[11.706s] DEBUG:colcon.colcon_core.event_reactor:joined thread
[11.710s] INFO:colcon.colcon_core.shell:Creating prefix script '/home/harry/robotik/install/local_setup.ps1'
[11.716s] INFO:colcon.colcon_core.shell:Creating prefix util module '/home/harry/robotik/install/_local_setup_util_ps1.py'
[11.729s] INFO:colcon.colcon_core.shell:Creating prefix chain script '/home/harry/robotik/install/setup.ps1'
[11.739s] INFO:colcon.colcon_core.shell:Creating prefix script '/home/harry/robotik/install/local_setup.sh'
[11.744s] INFO:colcon.colcon_core.shell:Creating prefix util module '/home/harry/robotik/install/_local_setup_util_sh.py'
[11.749s] INFO:colcon.colcon_core.shell:Creating prefix chain script '/home/harry/robotik/install/setup.sh'
[11.759s] INFO:colcon.colcon_core.shell:Creating prefix script '/home/harry/robotik/install/local_setup.bash'
[11.763s] INFO:colcon.colcon_core.shell:Creating prefix chain script '/home/harry/robotik/install/setup.bash'
[11.776s] INFO:colcon.colcon_core.shell:Creating prefix script '/home/harry/robotik/install/local_setup.zsh'
[11.779s] INFO:colcon.colcon_core.shell:Creating prefix chain script '/home/harry/robotik/install/setup.zsh'
