[1.364s] Invoking command in '/home/rss/robot_harry/robotik/build/create3_teleop': PYTHONPATH=/home/rss/robot_harry/robotik/build/create3_teleop/prefix_override:/usr/lib/python3/dist-packages/colcon_core/task/python/colcon_distutils_commands:/home/rss/robot_harry/robotik/install/create3_teleop/lib/python3.10/site-packages:${PYTHONPATH} /usr/bin/python3 -W ignore:setup.py install is deprecated -W ignore:easy_install command is deprecated setup.py develop --uninstall --editable --build-directory /home/rss/robot_harry/robotik/build/create3_teleop/build
[1.748s] running develop
[1.966s] Removing /home/rss/robot_harry/robotik/install/create3_teleop/lib/python3.10/site-packages/create3-teleop.egg-link (link to .)
[2.114s] Invoked command in '/home/rss/robot_harry/robotik/build/create3_teleop' returned '0': PYTHONPATH=/home/rss/robot_harry/robotik/build/create3_teleop/prefix_override:/usr/lib/python3/dist-packages/colcon_core/task/python/colcon_distutils_commands:/home/rss/robot_harry/robotik/install/create3_teleop/lib/python3.10/site-packages:${PYTHONPATH} /usr/bin/python3 -W ignore:setup.py install is deprecated -W ignore:easy_install command is deprecated setup.py develop --uninstall --editable --build-directory /home/rss/robot_harry/robotik/build/create3_teleop/build
[2.118s] Invoking command in '/home/rss/robot_harry/robotik/src/create3_examples/create3_teleop': PYTHONPATH=/home/rss/robot_harry/robotik/build/create3_teleop/prefix_override:/usr/lib/python3/dist-packages/colcon_core/task/python/colcon_distutils_commands:/home/rss/robot_harry/robotik/install/create3_teleop/lib/python3.10/site-packages:${PYTHONPATH} /usr/bin/python3 -W ignore:setup.py install is deprecated -W ignore:easy_install command is deprecated setup.py egg_info --egg-base ../../../build/create3_teleop build --build-base /home/rss/robot_harry/robotik/build/create3_teleop/build install --record /home/rss/robot_harry/robotik/build/create3_teleop/install.log --single-version-externally-managed install_data --force
[2.462s] running egg_info
[2.463s] writing ../../../build/create3_teleop/create3_teleop.egg-info/PKG-INFO
[2.464s] writing dependency_links to ../../../build/create3_teleop/create3_teleop.egg-info/dependency_links.txt
[2.464s] writing requirements to ../../../build/create3_teleop/create3_teleop.egg-info/requires.txt
[2.464s] writing top-level names to ../../../build/create3_teleop/create3_teleop.egg-info/top_level.txt
[2.465s] reading manifest file '../../../build/create3_teleop/create3_teleop.egg-info/SOURCES.txt'
[2.466s] writing manifest file '../../../build/create3_teleop/create3_teleop.egg-info/SOURCES.txt'
[2.466s] running build
[2.466s] running install
[2.467s] running install_data
[2.468s] copying resource/create3_teleop -> /home/rss/robot_harry/robotik/install/create3_teleop/share/ament_index/resource_index/packages
[2.468s] copying package.xml -> /home/rss/robot_harry/robotik/install/create3_teleop/share/create3_teleop
[2.468s] copying launch/teleop_joystick_launch.py -> /home/rss/robot_harry/robotik/install/create3_teleop/share/create3_teleop/launch
[2.469s] running install_egg_info
[2.471s] Copying ../../../build/create3_teleop/create3_teleop.egg-info to /home/rss/robot_harry/robotik/install/create3_teleop/lib/python3.10/site-packages/create3_teleop-0.0.5-py3.10.egg-info
[2.471s] running install_scripts
[2.496s] writing list of installed files to '/home/rss/robot_harry/robotik/build/create3_teleop/install.log'
[2.634s] Invoked command in '/home/rss/robot_harry/robotik/src/create3_examples/create3_teleop' returned '0': PYTHONPATH=/home/rss/robot_harry/robotik/build/create3_teleop/prefix_override:/usr/lib/python3/dist-packages/colcon_core/task/python/colcon_distutils_commands:/home/rss/robot_harry/robotik/install/create3_teleop/lib/python3.10/site-packages:${PYTHONPATH} /usr/bin/python3 -W ignore:setup.py install is deprecated -W ignore:easy_install command is deprecated setup.py egg_info --egg-base ../../../build/create3_teleop build --build-base /home/rss/robot_harry/robotik/build/create3_teleop/build install --record /home/rss/robot_harry/robotik/build/create3_teleop/install.log --single-version-externally-managed install_data --force
