[4.254s] Invoking command in '/home/harry/robotik/src/robot_bringup': PYTHONPATH=/home/harry/robotik/build/robot_bringup/prefix_override:/usr/lib/python3/dist-packages/colcon_core/task/python/colcon_distutils_commands:/home/harry/robotik/install/robot_bringup/lib/python3.10/site-packages:${PYTHONPATH} /usr/bin/python3 -W ignore:setup.py install is deprecated -W ignore:easy_install command is deprecated setup.py egg_info --egg-base ../../build/robot_bringup build --build-base /home/harry/robotik/build/robot_bringup/build install --record /home/harry/robotik/build/robot_bringup/install.log --single-version-externally-managed install_data
[5.706s] running egg_info
[5.710s] writing ../../build/robot_bringup/robot_bringup.egg-info/PKG-INFO
[5.711s] writing dependency_links to ../../build/robot_bringup/robot_bringup.egg-info/dependency_links.txt
[5.721s] writing entry points to ../../build/robot_bringup/robot_bringup.egg-info/entry_points.txt
[5.727s] writing requirements to ../../build/robot_bringup/robot_bringup.egg-info/requires.txt
[5.728s] writing top-level names to ../../build/robot_bringup/robot_bringup.egg-info/top_level.txt
[5.733s] reading manifest file '../../build/robot_bringup/robot_bringup.egg-info/SOURCES.txt'
[5.738s] writing manifest file '../../build/robot_bringup/robot_bringup.egg-info/SOURCES.txt'
[5.742s] running build
[5.743s] running build_py
[5.744s] running install
[5.745s] running install_lib
[5.761s] running install_data
[5.763s] running install_egg_info
[5.772s] removing '/home/harry/robotik/install/robot_bringup/lib/python3.10/site-packages/robot_bringup-0.0.0-py3.10.egg-info' (and everything under it)
[5.779s] Copying ../../build/robot_bringup/robot_bringup.egg-info to /home/harry/robotik/install/robot_bringup/lib/python3.10/site-packages/robot_bringup-0.0.0-py3.10.egg-info
[5.785s] running install_scripts
[5.923s] writing list of installed files to '/home/harry/robotik/build/robot_bringup/install.log'
[6.020s] Invoked command in '/home/harry/robotik/src/robot_bringup' returned '0': PYTHONPATH=/home/harry/robotik/build/robot_bringup/prefix_override:/usr/lib/python3/dist-packages/colcon_core/task/python/colcon_distutils_commands:/home/harry/robotik/install/robot_bringup/lib/python3.10/site-packages:${PYTHONPATH} /usr/bin/python3 -W ignore:setup.py install is deprecated -W ignore:easy_install command is deprecated setup.py egg_info --egg-base ../../build/robot_bringup build --build-base /home/harry/robotik/build/robot_bringup/build install --record /home/harry/robotik/build/robot_bringup/install.log --single-version-externally-managed install_data
