[0.017s] Invoking command in '/home/rss/robot_harry/robotik/build/create3_coverage': CMAKE_PREFIX_PATH=/home/rss/robot_harry/robotik/install/create3_examples_msgs:/home/rss/robot_harry/robotik/install/create3_lidar_slam:/home/rss/robot_harry/robotik/install/rplidar_ros:/home/rss/robot_harry/robotik/install/realsense2_rviz_plugin:/home/rss/robot_harry/robotik/install/realsense2_description:/home/rss/robot_harry/robotik/install/realsense2_camera_msgs:/home/rss/robot_harry/robotik/install/create3_republisher:/home/rss/robot_harry/robotik/install/tb3_gazebo:/home/rss/robot_harry/robotik/install/my_robot_slam:/home/rss/robot_harry/robotik/install/art_maze:/home/rss/robot_harry/robotik/install/apriltag_ros:/home/rss/robot_harry/robotik/install/apriltag_msgs:/home/rss/robot_harry/robotik/install/realsense2_ros_mqtt_bridge:/home/rss/robot_harry/robotik/install/create3_teleop:/home/rss/robot_harry/robotik/install/create3_examples_py:/home/rss/robot_harry/robotik/install/webcam_bringup:/home/rss/robot_harry/robotik/install/teleop:/home/rss/robot_harry/robotik/install/tb3_description:/home/rss/robot_harry/robotik/install/tag_detection:/home/rss/robot_harry/robotik/install/robot_bringup:/home/rss/robot_harry/robotik/install/pub_sub:/home/rss/robot_harry/robotik/install/object_detection:/home/rss/robot_harry/robotik/install/my_robot_navigation:/home/rss/robot_harry/robotik/install/curator:/home/rss/robot_harry/robotik/install/challenge_2025:/opt/ros/humble LD_LIBRARY_PATH=/home/rss/robot_harry/robotik/install/create3_examples_msgs/lib:/home/rss/robot_harry/robotik/install/realsense2_camera_msgs/lib:/home/rss/robot_harry/robotik/install/apriltag_ros/lib:/home/rss/robot_harry/robotik/install/apriltag_msgs/lib:/opt/ros/humble/opt/rviz_ogre_vendor/lib:/opt/ros/humble/lib/x86_64-linux-gnu:/opt/ros/humble/lib /usr/bin/cmake /home/rss/robot_harry/robotik/src/create3_examples/create3_coverage -DCMAKE_INSTALL_PREFIX=/home/rss/robot_harry/robotik/install/create3_coverage
[0.084s] -- The C compiler identification is GNU 11.4.0
[0.151s] -- The CXX compiler identification is GNU 11.4.0
[0.157s] -- Detecting C compiler ABI info
[0.236s] -- Detecting C compiler ABI info - done
[0.242s] -- Check for working C compiler: /usr/bin/cc - skipped
[0.243s] -- Detecting C compile features
[0.243s] -- Detecting C compile features - done
[0.247s] -- Detecting CXX compiler ABI info
[0.349s] -- Detecting CXX compiler ABI info - done
[0.361s] -- Check for working CXX compiler: /usr/bin/c++ - skipped
[0.361s] -- Detecting CXX compile features
[0.361s] -- Detecting CXX compile features - done
[0.364s] -- Found ament_cmake: 1.3.12 (/opt/ros/humble/share/ament_cmake/cmake)
[0.540s] -- Found Python3: /usr/bin/python3 (found version "3.10.12") found components: Interpreter 
[0.650s] -- Found create3_examples_msgs: 0.0.5 (/home/rss/robot_harry/robotik/install/create3_examples_msgs/share/create3_examples_msgs/cmake)
[0.696s] -- Found rosidl_generator_c: 3.1.8 (/opt/ros/humble/share/rosidl_generator_c/cmake)
[0.700s] -- Found rosidl_adapter: 3.1.8 (/opt/ros/humble/share/rosidl_adapter/cmake)
[0.706s] -- Found rosidl_generator_cpp: 3.1.8 (/opt/ros/humble/share/rosidl_generator_cpp/cmake)
[0.717s] -- Using all available rosidl_typesupport_c: rosidl_typesupport_fastrtps_c;rosidl_typesupport_introspection_c
[0.730s] -- Using all available rosidl_typesupport_cpp: rosidl_typesupport_fastrtps_cpp;rosidl_typesupport_introspection_cpp
[0.773s] -- Found geometry_msgs: 4.9.0 (/opt/ros/humble/share/geometry_msgs/cmake)
[0.793s] -- Found irobot_create_msgs: 2.1.0 (/opt/ros/humble/share/irobot_create_msgs/cmake)
[0.808s] -- Found nav_msgs: 4.9.0 (/opt/ros/humble/share/nav_msgs/cmake)
[0.821s] -- Found rclcpp: 16.0.17 (/opt/ros/humble/share/rclcpp/cmake)
[0.851s] -- Found rmw_implementation_cmake: 6.1.2 (/opt/ros/humble/share/rmw_implementation_cmake/cmake)
[0.854s] -- Found rmw_fastrtps_cpp: 6.2.9 (/opt/ros/humble/share/rmw_fastrtps_cpp/cmake)
[0.922s] -- Found OpenSSL: /usr/lib/x86_64-linux-gnu/libcrypto.so (found version "3.0.2")  
[0.943s] -- Found FastRTPS: /opt/ros/humble/include  
[0.976s] -- Using RMW implementation 'rmw_fastrtps_cpp' as default
[0.983s] -- Looking for pthread.h
[1.035s] -- Looking for pthread.h - found
[1.035s] -- Performing Test CMAKE_HAVE_LIBC_PTHREAD
[1.086s] -- Performing Test CMAKE_HAVE_LIBC_PTHREAD - Success
[1.086s] -- Found Threads: TRUE  
[1.134s] -- Found rclcpp_action: 16.0.17 (/opt/ros/humble/share/rclcpp_action/cmake)
[1.147s] -- Found tf2_geometry_msgs: 0.25.18 (/opt/ros/humble/share/tf2_geometry_msgs/cmake)
[1.167s] -- Found eigen3_cmake_module: 0.1.1 (/opt/ros/humble/share/eigen3_cmake_module/cmake)
[1.168s] -- Found Eigen3: TRUE (found version "3.4.0") 
[1.168s] -- Ensuring Eigen3 include directory is part of orocos-kdl CMake target
[1.271s] -- Found ament_lint_auto: 0.12.14 (/opt/ros/humble/share/ament_lint_auto/cmake)
[1.375s] -- Added test 'cppcheck' to perform static code analysis on C / C++ code
[1.375s] -- Configured cppcheck include dirs: /home/rss/robot_harry/robotik/src/create3_examples/create3_coverage/include
[1.375s] -- Configured cppcheck exclude dirs and/or files: 
[1.376s] -- Added test 'lint_cmake' to check CMake code style
[1.378s] -- Added test 'uncrustify' to check C / C++ code style
[1.378s] -- Configured uncrustify additional arguments: 
[1.379s] -- Added test 'xmllint' to check XML markup files
[1.384s] -- Configuring done
[1.406s] -- Generating done
[1.413s] -- Build files have been written to: /home/rss/robot_harry/robotik/build/create3_coverage
[1.427s] Invoked command in '/home/rss/robot_harry/robotik/build/create3_coverage' returned '0': CMAKE_PREFIX_PATH=/home/rss/robot_harry/robotik/install/create3_examples_msgs:/home/rss/robot_harry/robotik/install/create3_lidar_slam:/home/rss/robot_harry/robotik/install/rplidar_ros:/home/rss/robot_harry/robotik/install/realsense2_rviz_plugin:/home/rss/robot_harry/robotik/install/realsense2_description:/home/rss/robot_harry/robotik/install/realsense2_camera_msgs:/home/rss/robot_harry/robotik/install/create3_republisher:/home/rss/robot_harry/robotik/install/tb3_gazebo:/home/rss/robot_harry/robotik/install/my_robot_slam:/home/rss/robot_harry/robotik/install/art_maze:/home/rss/robot_harry/robotik/install/apriltag_ros:/home/rss/robot_harry/robotik/install/apriltag_msgs:/home/rss/robot_harry/robotik/install/realsense2_ros_mqtt_bridge:/home/rss/robot_harry/robotik/install/create3_teleop:/home/rss/robot_harry/robotik/install/create3_examples_py:/home/rss/robot_harry/robotik/install/webcam_bringup:/home/rss/robot_harry/robotik/install/teleop:/home/rss/robot_harry/robotik/install/tb3_description:/home/rss/robot_harry/robotik/install/tag_detection:/home/rss/robot_harry/robotik/install/robot_bringup:/home/rss/robot_harry/robotik/install/pub_sub:/home/rss/robot_harry/robotik/install/object_detection:/home/rss/robot_harry/robotik/install/my_robot_navigation:/home/rss/robot_harry/robotik/install/curator:/home/rss/robot_harry/robotik/install/challenge_2025:/opt/ros/humble LD_LIBRARY_PATH=/home/rss/robot_harry/robotik/install/create3_examples_msgs/lib:/home/rss/robot_harry/robotik/install/realsense2_camera_msgs/lib:/home/rss/robot_harry/robotik/install/apriltag_ros/lib:/home/rss/robot_harry/robotik/install/apriltag_msgs/lib:/opt/ros/humble/opt/rviz_ogre_vendor/lib:/opt/ros/humble/lib/x86_64-linux-gnu:/opt/ros/humble/lib /usr/bin/cmake /home/rss/robot_harry/robotik/src/create3_examples/create3_coverage -DCMAKE_INSTALL_PREFIX=/home/rss/robot_harry/robotik/install/create3_coverage
[1.428s] Invoking command in '/home/rss/robot_harry/robotik/build/create3_coverage': CMAKE_PREFIX_PATH=/home/rss/robot_harry/robotik/install/create3_examples_msgs:/home/rss/robot_harry/robotik/install/create3_lidar_slam:/home/rss/robot_harry/robotik/install/rplidar_ros:/home/rss/robot_harry/robotik/install/realsense2_rviz_plugin:/home/rss/robot_harry/robotik/install/realsense2_description:/home/rss/robot_harry/robotik/install/realsense2_camera_msgs:/home/rss/robot_harry/robotik/install/create3_republisher:/home/rss/robot_harry/robotik/install/tb3_gazebo:/home/rss/robot_harry/robotik/install/my_robot_slam:/home/rss/robot_harry/robotik/install/art_maze:/home/rss/robot_harry/robotik/install/apriltag_ros:/home/rss/robot_harry/robotik/install/apriltag_msgs:/home/rss/robot_harry/robotik/install/realsense2_ros_mqtt_bridge:/home/rss/robot_harry/robotik/install/create3_teleop:/home/rss/robot_harry/robotik/install/create3_examples_py:/home/rss/robot_harry/robotik/install/webcam_bringup:/home/rss/robot_harry/robotik/install/teleop:/home/rss/robot_harry/robotik/install/tb3_description:/home/rss/robot_harry/robotik/install/tag_detection:/home/rss/robot_harry/robotik/install/robot_bringup:/home/rss/robot_harry/robotik/install/pub_sub:/home/rss/robot_harry/robotik/install/object_detection:/home/rss/robot_harry/robotik/install/my_robot_navigation:/home/rss/robot_harry/robotik/install/curator:/home/rss/robot_harry/robotik/install/challenge_2025:/opt/ros/humble LD_LIBRARY_PATH=/home/rss/robot_harry/robotik/install/create3_examples_msgs/lib:/home/rss/robot_harry/robotik/install/realsense2_camera_msgs/lib:/home/rss/robot_harry/robotik/install/apriltag_ros/lib:/home/rss/robot_harry/robotik/install/apriltag_msgs/lib:/opt/ros/humble/opt/rviz_ogre_vendor/lib:/opt/ros/humble/lib/x86_64-linux-gnu:/opt/ros/humble/lib /usr/bin/cmake --build /home/rss/robot_harry/robotik/build/create3_coverage -- -j8 -l8
[1.481s] [  8%] [32mBuilding CXX object CMakeFiles/create3_coverage_core.dir/src/behaviors/reflex-behavior.cpp.o[0m
[1.481s] [ 16%] [32mBuilding CXX object CMakeFiles/create3_coverage_core.dir/src/behaviors/dock-behavior.cpp.o[0m
[1.487s] [ 25%] [32mBuilding CXX object CMakeFiles/create3_coverage_core.dir/src/behaviors/rotate-behavior.cpp.o[0m
[1.487s] [ 33%] [32mBuilding CXX object CMakeFiles/create3_coverage_core.dir/src/behaviors/spiral-behavior.cpp.o[0m
[1.488s] [ 41%] [32mBuilding CXX object CMakeFiles/create3_coverage_core.dir/src/behaviors/drive-straight-behavior.cpp.o[0m
[1.490s] [ 50%] [32mBuilding CXX object CMakeFiles/create3_coverage_core.dir/src/behaviors/undock-behavior.cpp.o[0m
[1.508s] [ 58%] [32mBuilding CXX object CMakeFiles/create3_coverage_core.dir/src/behaviors/utils.cpp.o[0m
[1.509s] [ 66%] [32mBuilding CXX object CMakeFiles/create3_coverage_core.dir/src/coverage_state_machine.cpp.o[0m
[3.049s] [ 75%] [32mBuilding CXX object CMakeFiles/create3_coverage_core.dir/src/create3_coverage_node.cpp.o[0m
[20.754s] [ 83%] [32m[1mLinking CXX shared library libcreate3_coverage_core.so[0m
[21.903s] [ 83%] Built target create3_coverage_core
[21.916s] [ 91%] [32mBuilding CXX object CMakeFiles/create3_coverage.dir/src/main.cpp.o[0m
[24.073s] [100%] [32m[1mLinking CXX executable create3_coverage[0m
[24.425s] [100%] Built target create3_coverage
[24.432s] Invoked command in '/home/rss/robot_harry/robotik/build/create3_coverage' returned '0': CMAKE_PREFIX_PATH=/home/rss/robot_harry/robotik/install/create3_examples_msgs:/home/rss/robot_harry/robotik/install/create3_lidar_slam:/home/rss/robot_harry/robotik/install/rplidar_ros:/home/rss/robot_harry/robotik/install/realsense2_rviz_plugin:/home/rss/robot_harry/robotik/install/realsense2_description:/home/rss/robot_harry/robotik/install/realsense2_camera_msgs:/home/rss/robot_harry/robotik/install/create3_republisher:/home/rss/robot_harry/robotik/install/tb3_gazebo:/home/rss/robot_harry/robotik/install/my_robot_slam:/home/rss/robot_harry/robotik/install/art_maze:/home/rss/robot_harry/robotik/install/apriltag_ros:/home/rss/robot_harry/robotik/install/apriltag_msgs:/home/rss/robot_harry/robotik/install/realsense2_ros_mqtt_bridge:/home/rss/robot_harry/robotik/install/create3_teleop:/home/rss/robot_harry/robotik/install/create3_examples_py:/home/rss/robot_harry/robotik/install/webcam_bringup:/home/rss/robot_harry/robotik/install/teleop:/home/rss/robot_harry/robotik/install/tb3_description:/home/rss/robot_harry/robotik/install/tag_detection:/home/rss/robot_harry/robotik/install/robot_bringup:/home/rss/robot_harry/robotik/install/pub_sub:/home/rss/robot_harry/robotik/install/object_detection:/home/rss/robot_harry/robotik/install/my_robot_navigation:/home/rss/robot_harry/robotik/install/curator:/home/rss/robot_harry/robotik/install/challenge_2025:/opt/ros/humble LD_LIBRARY_PATH=/home/rss/robot_harry/robotik/install/create3_examples_msgs/lib:/home/rss/robot_harry/robotik/install/realsense2_camera_msgs/lib:/home/rss/robot_harry/robotik/install/apriltag_ros/lib:/home/rss/robot_harry/robotik/install/apriltag_msgs/lib:/opt/ros/humble/opt/rviz_ogre_vendor/lib:/opt/ros/humble/lib/x86_64-linux-gnu:/opt/ros/humble/lib /usr/bin/cmake --build /home/rss/robot_harry/robotik/build/create3_coverage -- -j8 -l8
[24.433s] Invoking command in '/home/rss/robot_harry/robotik/build/create3_coverage': CMAKE_PREFIX_PATH=/home/rss/robot_harry/robotik/install/create3_examples_msgs:/home/rss/robot_harry/robotik/install/create3_lidar_slam:/home/rss/robot_harry/robotik/install/rplidar_ros:/home/rss/robot_harry/robotik/install/realsense2_rviz_plugin:/home/rss/robot_harry/robotik/install/realsense2_description:/home/rss/robot_harry/robotik/install/realsense2_camera_msgs:/home/rss/robot_harry/robotik/install/create3_republisher:/home/rss/robot_harry/robotik/install/tb3_gazebo:/home/rss/robot_harry/robotik/install/my_robot_slam:/home/rss/robot_harry/robotik/install/art_maze:/home/rss/robot_harry/robotik/install/apriltag_ros:/home/rss/robot_harry/robotik/install/apriltag_msgs:/home/rss/robot_harry/robotik/install/realsense2_ros_mqtt_bridge:/home/rss/robot_harry/robotik/install/create3_teleop:/home/rss/robot_harry/robotik/install/create3_examples_py:/home/rss/robot_harry/robotik/install/webcam_bringup:/home/rss/robot_harry/robotik/install/teleop:/home/rss/robot_harry/robotik/install/tb3_description:/home/rss/robot_harry/robotik/install/tag_detection:/home/rss/robot_harry/robotik/install/robot_bringup:/home/rss/robot_harry/robotik/install/pub_sub:/home/rss/robot_harry/robotik/install/object_detection:/home/rss/robot_harry/robotik/install/my_robot_navigation:/home/rss/robot_harry/robotik/install/curator:/home/rss/robot_harry/robotik/install/challenge_2025:/opt/ros/humble LD_LIBRARY_PATH=/home/rss/robot_harry/robotik/install/create3_examples_msgs/lib:/home/rss/robot_harry/robotik/install/realsense2_camera_msgs/lib:/home/rss/robot_harry/robotik/install/apriltag_ros/lib:/home/rss/robot_harry/robotik/install/apriltag_msgs/lib:/opt/ros/humble/opt/rviz_ogre_vendor/lib:/opt/ros/humble/lib/x86_64-linux-gnu:/opt/ros/humble/lib /usr/bin/cmake --install /home/rss/robot_harry/robotik/build/create3_coverage
[24.438s] -- Install configuration: ""
[24.438s] -- Installing: /home/rss/robot_harry/robotik/install/create3_coverage/lib/libcreate3_coverage_core.so
[24.450s] -- Set runtime path of "/home/rss/robot_harry/robotik/install/create3_coverage/lib/libcreate3_coverage_core.so" to ""
[24.450s] -- Installing: /home/rss/robot_harry/robotik/install/create3_coverage/lib/create3_coverage/create3_coverage
[24.451s] -- Set runtime path of "/home/rss/robot_harry/robotik/install/create3_coverage/lib/create3_coverage/create3_coverage" to ""
[24.451s] -- Installing: /home/rss/robot_harry/robotik/install/create3_coverage/include/
[24.451s] -- Installing: /home/rss/robot_harry/robotik/install/create3_coverage/include//create3_coverage
[24.451s] -- Installing: /home/rss/robot_harry/robotik/install/create3_coverage/include//create3_coverage/create3_coverage_node.hpp
[24.451s] -- Installing: /home/rss/robot_harry/robotik/install/create3_coverage/include//create3_coverage/coverage_state_machine.hpp
[24.451s] -- Installing: /home/rss/robot_harry/robotik/install/create3_coverage/include//create3_coverage/state.hpp
[24.451s] -- Installing: /home/rss/robot_harry/robotik/install/create3_coverage/include//create3_coverage/behaviors
[24.451s] -- Installing: /home/rss/robot_harry/robotik/install/create3_coverage/include//create3_coverage/behaviors/drive-straight-behavior.hpp
[24.451s] -- Installing: /home/rss/robot_harry/robotik/install/create3_coverage/include//create3_coverage/behaviors/undock-behavior.hpp
[24.451s] -- Installing: /home/rss/robot_harry/robotik/install/create3_coverage/include//create3_coverage/behaviors/behavior.hpp
[24.451s] -- Installing: /home/rss/robot_harry/robotik/install/create3_coverage/include//create3_coverage/behaviors/dock-behavior.hpp
[24.451s] -- Installing: /home/rss/robot_harry/robotik/install/create3_coverage/include//create3_coverage/behaviors/reflex-behavior.hpp
[24.451s] -- Installing: /home/rss/robot_harry/robotik/install/create3_coverage/include//create3_coverage/behaviors/spiral-behavior.hpp
[24.451s] -- Installing: /home/rss/robot_harry/robotik/install/create3_coverage/include//create3_coverage/behaviors/rotate-behavior.hpp
[24.452s] -- Installing: /home/rss/robot_harry/robotik/install/create3_coverage/share/create3_coverage/environment/library_path.sh
[24.452s] -- Installing: /home/rss/robot_harry/robotik/install/create3_coverage/share/create3_coverage/environment/library_path.dsv
[24.452s] -- Installing: /home/rss/robot_harry/robotik/install/create3_coverage/share/ament_index/resource_index/package_run_dependencies/create3_coverage
[24.452s] -- Installing: /home/rss/robot_harry/robotik/install/create3_coverage/share/ament_index/resource_index/parent_prefix_path/create3_coverage
[24.452s] -- Installing: /home/rss/robot_harry/robotik/install/create3_coverage/share/create3_coverage/environment/ament_prefix_path.sh
[24.452s] -- Installing: /home/rss/robot_harry/robotik/install/create3_coverage/share/create3_coverage/environment/ament_prefix_path.dsv
[24.453s] -- Installing: /home/rss/robot_harry/robotik/install/create3_coverage/share/create3_coverage/environment/path.sh
[24.453s] -- Installing: /home/rss/robot_harry/robotik/install/create3_coverage/share/create3_coverage/environment/path.dsv
[24.453s] -- Installing: /home/rss/robot_harry/robotik/install/create3_coverage/share/create3_coverage/local_setup.bash
[24.453s] -- Installing: /home/rss/robot_harry/robotik/install/create3_coverage/share/create3_coverage/local_setup.sh
[24.453s] -- Installing: /home/rss/robot_harry/robotik/install/create3_coverage/share/create3_coverage/local_setup.zsh
[24.453s] -- Installing: /home/rss/robot_harry/robotik/install/create3_coverage/share/create3_coverage/local_setup.dsv
[24.453s] -- Installing: /home/rss/robot_harry/robotik/install/create3_coverage/share/create3_coverage/package.dsv
[24.453s] -- Installing: /home/rss/robot_harry/robotik/install/create3_coverage/share/ament_index/resource_index/packages/create3_coverage
[24.453s] -- Installing: /home/rss/robot_harry/robotik/install/create3_coverage/share/create3_coverage/cmake/ament_cmake_export_include_directories-extras.cmake
[24.453s] -- Installing: /home/rss/robot_harry/robotik/install/create3_coverage/share/create3_coverage/cmake/ament_cmake_export_libraries-extras.cmake
[24.453s] -- Installing: /home/rss/robot_harry/robotik/install/create3_coverage/share/create3_coverage/cmake/ament_cmake_export_dependencies-extras.cmake
[24.453s] -- Installing: /home/rss/robot_harry/robotik/install/create3_coverage/share/create3_coverage/cmake/create3_coverageConfig.cmake
[24.453s] -- Installing: /home/rss/robot_harry/robotik/install/create3_coverage/share/create3_coverage/cmake/create3_coverageConfig-version.cmake
[24.454s] -- Installing: /home/rss/robot_harry/robotik/install/create3_coverage/share/create3_coverage/package.xml
[24.455s] Invoked command in '/home/rss/robot_harry/robotik/build/create3_coverage' returned '0': CMAKE_PREFIX_PATH=/home/rss/robot_harry/robotik/install/create3_examples_msgs:/home/rss/robot_harry/robotik/install/create3_lidar_slam:/home/rss/robot_harry/robotik/install/rplidar_ros:/home/rss/robot_harry/robotik/install/realsense2_rviz_plugin:/home/rss/robot_harry/robotik/install/realsense2_description:/home/rss/robot_harry/robotik/install/realsense2_camera_msgs:/home/rss/robot_harry/robotik/install/create3_republisher:/home/rss/robot_harry/robotik/install/tb3_gazebo:/home/rss/robot_harry/robotik/install/my_robot_slam:/home/rss/robot_harry/robotik/install/art_maze:/home/rss/robot_harry/robotik/install/apriltag_ros:/home/rss/robot_harry/robotik/install/apriltag_msgs:/home/rss/robot_harry/robotik/install/realsense2_ros_mqtt_bridge:/home/rss/robot_harry/robotik/install/create3_teleop:/home/rss/robot_harry/robotik/install/create3_examples_py:/home/rss/robot_harry/robotik/install/webcam_bringup:/home/rss/robot_harry/robotik/install/teleop:/home/rss/robot_harry/robotik/install/tb3_description:/home/rss/robot_harry/robotik/install/tag_detection:/home/rss/robot_harry/robotik/install/robot_bringup:/home/rss/robot_harry/robotik/install/pub_sub:/home/rss/robot_harry/robotik/install/object_detection:/home/rss/robot_harry/robotik/install/my_robot_navigation:/home/rss/robot_harry/robotik/install/curator:/home/rss/robot_harry/robotik/install/challenge_2025:/opt/ros/humble LD_LIBRARY_PATH=/home/rss/robot_harry/robotik/install/create3_examples_msgs/lib:/home/rss/robot_harry/robotik/install/realsense2_camera_msgs/lib:/home/rss/robot_harry/robotik/install/apriltag_ros/lib:/home/rss/robot_harry/robotik/install/apriltag_msgs/lib:/opt/ros/humble/opt/rviz_ogre_vendor/lib:/opt/ros/humble/lib/x86_64-linux-gnu:/opt/ros/humble/lib /usr/bin/cmake --install /home/rss/robot_harry/robotik/build/create3_coverage
