[0.963s] Invoking command in '/home/rss/robot_harry/robotik/src/tag_detection': PYTHONPATH=/home/rss/robot_harry/robotik/build/tag_detection/prefix_override:/usr/lib/python3/dist-packages/colcon_core/task/python/colcon_distutils_commands:/home/rss/robot_harry/robotik/install/tag_detection/lib/python3.10/site-packages:${PYTHONPATH} /usr/bin/python3 -W ignore:setup.py install is deprecated -W ignore:easy_install command is deprecated setup.py egg_info --egg-base ../../build/tag_detection build --build-base /home/rss/robot_harry/robotik/build/tag_detection/build install --record /home/rss/robot_harry/robotik/build/tag_detection/install.log --single-version-externally-managed install_data
[1.169s] running egg_info
[1.169s] writing ../../build/tag_detection/tag_detection.egg-info/PKG-INFO
[1.170s] writing dependency_links to ../../build/tag_detection/tag_detection.egg-info/dependency_links.txt
[1.170s] writing entry points to ../../build/tag_detection/tag_detection.egg-info/entry_points.txt
[1.170s] writing requirements to ../../build/tag_detection/tag_detection.egg-info/requires.txt
[1.170s] writing top-level names to ../../build/tag_detection/tag_detection.egg-info/top_level.txt
[1.171s] reading manifest file '../../build/tag_detection/tag_detection.egg-info/SOURCES.txt'
[1.172s] writing manifest file '../../build/tag_detection/tag_detection.egg-info/SOURCES.txt'
[1.172s] running build
[1.172s] running build_py
[1.172s] copying tag_detection/tf_listener.py -> /home/rss/robot_harry/robotik/build/tag_detection/build/lib/tag_detection
[1.172s] running install
[1.172s] running install_lib
[1.173s] copying /home/rss/robot_harry/robotik/build/tag_detection/build/lib/tag_detection/tf_listener.py -> /home/rss/robot_harry/robotik/install/tag_detection/lib/python3.10/site-packages/tag_detection
[1.173s] byte-compiling /home/rss/robot_harry/robotik/install/tag_detection/lib/python3.10/site-packages/tag_detection/tf_listener.py to tf_listener.cpython-310.pyc
[1.174s] running install_data
[1.174s] running install_egg_info
[1.175s] removing '/home/rss/robot_harry/robotik/install/tag_detection/lib/python3.10/site-packages/tag_detection-0.0.0-py3.10.egg-info' (and everything under it)
[1.175s] Copying ../../build/tag_detection/tag_detection.egg-info to /home/rss/robot_harry/robotik/install/tag_detection/lib/python3.10/site-packages/tag_detection-0.0.0-py3.10.egg-info
[1.176s] running install_scripts
[1.191s] Installing distance_calc script to /home/rss/robot_harry/robotik/install/tag_detection/lib/tag_detection
[1.191s] Installing listenernode script to /home/rss/robot_harry/robotik/install/tag_detection/lib/tag_detection
[1.191s] writing list of installed files to '/home/rss/robot_harry/robotik/build/tag_detection/install.log'
[1.209s] Invoked command in '/home/rss/robot_harry/robotik/src/tag_detection' returned '0': PYTHONPATH=/home/rss/robot_harry/robotik/build/tag_detection/prefix_override:/usr/lib/python3/dist-packages/colcon_core/task/python/colcon_distutils_commands:/home/rss/robot_harry/robotik/install/tag_detection/lib/python3.10/site-packages:${PYTHONPATH} /usr/bin/python3 -W ignore:setup.py install is deprecated -W ignore:easy_install command is deprecated setup.py egg_info --egg-base ../../build/tag_detection build --build-base /home/rss/robot_harry/robotik/build/tag_detection/build install --record /home/rss/robot_harry/robotik/build/tag_detection/install.log --single-version-externally-managed install_data
