[0.213s] Invoking command in '/home/rss/robot_harry/robotik/build/create3_republisher': CMAKE_PREFIX_PATH=${CMAKE_PREFIX_PATH}:/home/rss/robot_harry/robotik/install/webcam_bringup:/home/rss/robot_harry/robotik/install/teleop:/home/rss/robot_harry/robotik/install/tag_detection:/home/rss/robot_harry/robotik/install/robot_bringup:/home/rss/robot_harry/robotik/install/pub_sub:/home/rss/robot_harry/robotik/install/object_detection:/home/rss/robot_harry/robotik/install/my_robot_navigation:/home/rss/robot_harry/robotik/install/create3_teleop:/home/rss/robot_harry/robotik/install/create3_examples_py:/opt/ros/humble /usr/bin/cmake /home/rss/robot_harry/robotik/src/create3_examples/create3_republisher -DCMAKE_INSTALL_PREFIX=/home/rss/robot_harry/robotik/install/create3_republisher
[0.676s] -- Found ament_cmake: 1.3.12 (/opt/ros/humble/share/ament_cmake/cmake)
[0.676s] -- Override CMake install command with custom implementation using symlinks instead of copying resources
[0.677s] -- Found irobot_create_msgs: 2.1.0 (/opt/ros/humble/share/irobot_create_msgs/cmake)
[0.677s] -- Found rosidl_generator_c: 3.1.8 (/opt/ros/humble/share/rosidl_generator_c/cmake)
[0.677s] -- Found rosidl_adapter: 3.1.8 (/opt/ros/humble/share/rosidl_adapter/cmake)
[0.677s] -- Found rosidl_generator_cpp: 3.1.8 (/opt/ros/humble/share/rosidl_generator_cpp/cmake)
[0.677s] -- Using all available rosidl_typesupport_c: rosidl_typesupport_fastrtps_c;rosidl_typesupport_introspection_c
[0.677s] -- Using all available rosidl_typesupport_cpp: rosidl_typesupport_fastrtps_cpp;rosidl_typesupport_introspection_cpp
[0.677s] -- Found rclcpp: 16.0.17 (/opt/ros/humble/share/rclcpp/cmake)
[0.677s] -- Found rmw_implementation_cmake: 6.1.2 (/opt/ros/humble/share/rmw_implementation_cmake/cmake)
[0.677s] -- Found rmw_fastrtps_cpp: 6.2.9 (/opt/ros/humble/share/rmw_fastrtps_cpp/cmake)
[0.677s] -- Using RMW implementation 'rmw_fastrtps_cpp' as default
[0.677s] -- Found rclcpp_action: 16.0.17 (/opt/ros/humble/share/rclcpp_action/cmake)
[0.677s] -- Configuring done
[0.677s] -- Generating done
[0.677s] -- Build files have been written to: /home/rss/robot_harry/robotik/build/create3_republisher
[0.680s] Invoked command in '/home/rss/robot_harry/robotik/build/create3_republisher' returned '0': CMAKE_PREFIX_PATH=${CMAKE_PREFIX_PATH}:/home/rss/robot_harry/robotik/install/webcam_bringup:/home/rss/robot_harry/robotik/install/teleop:/home/rss/robot_harry/robotik/install/tag_detection:/home/rss/robot_harry/robotik/install/robot_bringup:/home/rss/robot_harry/robotik/install/pub_sub:/home/rss/robot_harry/robotik/install/object_detection:/home/rss/robot_harry/robotik/install/my_robot_navigation:/home/rss/robot_harry/robotik/install/create3_teleop:/home/rss/robot_harry/robotik/install/create3_examples_py:/opt/ros/humble /usr/bin/cmake /home/rss/robot_harry/robotik/src/create3_examples/create3_republisher -DCMAKE_INSTALL_PREFIX=/home/rss/robot_harry/robotik/install/create3_republisher
[0.681s] Invoking command in '/home/rss/robot_harry/robotik/build/create3_republisher': CMAKE_PREFIX_PATH=${CMAKE_PREFIX_PATH}:/home/rss/robot_harry/robotik/install/webcam_bringup:/home/rss/robot_harry/robotik/install/teleop:/home/rss/robot_harry/robotik/install/tag_detection:/home/rss/robot_harry/robotik/install/robot_bringup:/home/rss/robot_harry/robotik/install/pub_sub:/home/rss/robot_harry/robotik/install/object_detection:/home/rss/robot_harry/robotik/install/my_robot_navigation:/home/rss/robot_harry/robotik/install/create3_teleop:/home/rss/robot_harry/robotik/install/create3_examples_py:/opt/ros/humble /usr/bin/cmake --build /home/rss/robot_harry/robotik/build/create3_republisher -- -j8 -l8
[0.891s] [35m[1mConsolidate compiler generated dependencies of target create3_republisher[0m
[0.891s] [100%] Built target create3_republisher
[0.895s] Invoked command in '/home/rss/robot_harry/robotik/build/create3_republisher' returned '0': CMAKE_PREFIX_PATH=${CMAKE_PREFIX_PATH}:/home/rss/robot_harry/robotik/install/webcam_bringup:/home/rss/robot_harry/robotik/install/teleop:/home/rss/robot_harry/robotik/install/tag_detection:/home/rss/robot_harry/robotik/install/robot_bringup:/home/rss/robot_harry/robotik/install/pub_sub:/home/rss/robot_harry/robotik/install/object_detection:/home/rss/robot_harry/robotik/install/my_robot_navigation:/home/rss/robot_harry/robotik/install/create3_teleop:/home/rss/robot_harry/robotik/install/create3_examples_py:/opt/ros/humble /usr/bin/cmake --build /home/rss/robot_harry/robotik/build/create3_republisher -- -j8 -l8
[0.905s] Invoking command in '/home/rss/robot_harry/robotik/build/create3_republisher': CMAKE_PREFIX_PATH=${CMAKE_PREFIX_PATH}:/home/rss/robot_harry/robotik/install/webcam_bringup:/home/rss/robot_harry/robotik/install/teleop:/home/rss/robot_harry/robotik/install/tag_detection:/home/rss/robot_harry/robotik/install/robot_bringup:/home/rss/robot_harry/robotik/install/pub_sub:/home/rss/robot_harry/robotik/install/object_detection:/home/rss/robot_harry/robotik/install/my_robot_navigation:/home/rss/robot_harry/robotik/install/create3_teleop:/home/rss/robot_harry/robotik/install/create3_examples_py:/opt/ros/humble /usr/bin/cmake --install /home/rss/robot_harry/robotik/build/create3_republisher
[0.920s] -- Install configuration: ""
[0.920s] -- Execute custom install script
[0.920s] -- Up-to-date symlink: /home/rss/robot_harry/robotik/install/create3_republisher/lib/create3_republisher/create3_republisher
[0.920s] -- Up-to-date symlink: /home/rss/robot_harry/robotik/install/create3_republisher/share/create3_republisher/bringup/create3_republisher_launch.py
[0.921s] -- Up-to-date symlink: /home/rss/robot_harry/robotik/install/create3_republisher/share/create3_republisher/bringup/params.yaml
[0.921s] -- Up-to-date symlink: /home/rss/robot_harry/robotik/install/create3_republisher/share/create3_republisher/dds-config/fastdds-active-unicast.xml
[0.921s] -- Up-to-date symlink: /home/rss/robot_harry/robotik/install/create3_republisher/share/create3_republisher/dds-config/fastdds-passive-unicast.xml
[0.921s] -- Up-to-date symlink: /home/rss/robot_harry/robotik/install/create3_republisher/share/create3_republisher/dds-config/fastdds-robot-passive-unicast.xml
[0.921s] -- Up-to-date symlink: /home/rss/robot_harry/robotik/install/create3_republisher/share/ament_index/resource_index/package_run_dependencies/create3_republisher
[0.921s] -- Up-to-date symlink: /home/rss/robot_harry/robotik/install/create3_republisher/share/ament_index/resource_index/parent_prefix_path/create3_republisher
[0.921s] -- Up-to-date symlink: /home/rss/robot_harry/robotik/install/create3_republisher/share/create3_republisher/environment/ament_prefix_path.sh
[0.921s] -- Up-to-date symlink: /home/rss/robot_harry/robotik/install/create3_republisher/share/create3_republisher/environment/ament_prefix_path.dsv
[0.921s] -- Up-to-date symlink: /home/rss/robot_harry/robotik/install/create3_republisher/share/create3_republisher/environment/path.sh
[0.921s] -- Up-to-date symlink: /home/rss/robot_harry/robotik/install/create3_republisher/share/create3_republisher/environment/path.dsv
[0.921s] -- Up-to-date symlink: /home/rss/robot_harry/robotik/install/create3_republisher/share/create3_republisher/local_setup.bash
[0.921s] -- Up-to-date symlink: /home/rss/robot_harry/robotik/install/create3_republisher/share/create3_republisher/local_setup.sh
[0.921s] -- Up-to-date symlink: /home/rss/robot_harry/robotik/install/create3_republisher/share/create3_republisher/local_setup.zsh
[0.921s] -- Up-to-date symlink: /home/rss/robot_harry/robotik/install/create3_republisher/share/create3_republisher/local_setup.dsv
[0.921s] -- Symlinking: /home/rss/robot_harry/robotik/install/create3_republisher/share/create3_republisher/package.dsv
[0.925s] -- Up-to-date symlink: /home/rss/robot_harry/robotik/install/create3_republisher/share/ament_index/resource_index/packages/create3_republisher
[0.925s] -- Up-to-date symlink: /home/rss/robot_harry/robotik/install/create3_republisher/share/create3_republisher/cmake/create3_republisherConfig.cmake
[0.925s] -- Up-to-date symlink: /home/rss/robot_harry/robotik/install/create3_republisher/share/create3_republisher/cmake/create3_republisherConfig-version.cmake
[0.926s] -- Up-to-date symlink: /home/rss/robot_harry/robotik/install/create3_republisher/share/create3_republisher/package.xml
[0.928s] Invoked command in '/home/rss/robot_harry/robotik/build/create3_republisher' returned '0': CMAKE_PREFIX_PATH=${CMAKE_PREFIX_PATH}:/home/rss/robot_harry/robotik/install/webcam_bringup:/home/rss/robot_harry/robotik/install/teleop:/home/rss/robot_harry/robotik/install/tag_detection:/home/rss/robot_harry/robotik/install/robot_bringup:/home/rss/robot_harry/robotik/install/pub_sub:/home/rss/robot_harry/robotik/install/object_detection:/home/rss/robot_harry/robotik/install/my_robot_navigation:/home/rss/robot_harry/robotik/install/create3_teleop:/home/rss/robot_harry/robotik/install/create3_examples_py:/opt/ros/humble /usr/bin/cmake --install /home/rss/robot_harry/robotik/build/create3_republisher
