[1.152s] Invoking command in '/home/harry/robot/src/robot_bringup': PYTHONPATH=/home/harry/robot/build/robot_bringup/prefix_override:/usr/lib/python3/dist-packages/colcon_core/task/python/colcon_distutils_commands:/home/harry/robot/install/robot_bringup/lib/python3.10/site-packages:${PYTHONPATH} /usr/bin/python3 -W ignore:setup.py install is deprecated -W ignore:easy_install command is deprecated setup.py egg_info --egg-base ../../build/robot_bringup build --build-base /home/harry/robot/build/robot_bringup/build install --record /home/harry/robot/build/robot_bringup/install.log --single-version-externally-managed install_data
[1.515s] running egg_info
[1.516s] writing ../../build/robot_bringup/robot_bringup.egg-info/PKG-INFO
[1.517s] writing dependency_links to ../../build/robot_bringup/robot_bringup.egg-info/dependency_links.txt
[1.517s] writing entry points to ../../build/robot_bringup/robot_bringup.egg-info/entry_points.txt
[1.517s] writing requirements to ../../build/robot_bringup/robot_bringup.egg-info/requires.txt
[1.518s] writing top-level names to ../../build/robot_bringup/robot_bringup.egg-info/top_level.txt
[1.520s] reading manifest file '../../build/robot_bringup/robot_bringup.egg-info/SOURCES.txt'
[1.521s] writing manifest file '../../build/robot_bringup/robot_bringup.egg-info/SOURCES.txt'
[1.521s] running build
[1.521s] running build_py
[1.522s] running install
[1.522s] running install_lib
[1.525s] running install_data
[1.525s] running install_egg_info
[1.528s] removing '/home/harry/robot/install/robot_bringup/lib/python3.10/site-packages/robot_bringup-0.0.0-py3.10.egg-info' (and everything under it)
[1.528s] Copying ../../build/robot_bringup/robot_bringup.egg-info to /home/harry/robot/install/robot_bringup/lib/python3.10/site-packages/robot_bringup-0.0.0-py3.10.egg-info
[1.529s] running install_scripts
[1.558s] writing list of installed files to '/home/harry/robot/build/robot_bringup/install.log'
[1.925s] Invoked command in '/home/harry/robot/src/robot_bringup' returned '0': PYTHONPATH=/home/harry/robot/build/robot_bringup/prefix_override:/usr/lib/python3/dist-packages/colcon_core/task/python/colcon_distutils_commands:/home/harry/robot/install/robot_bringup/lib/python3.10/site-packages:${PYTHONPATH} /usr/bin/python3 -W ignore:setup.py install is deprecated -W ignore:easy_install command is deprecated setup.py egg_info --egg-base ../../build/robot_bringup build --build-base /home/harry/robot/build/robot_bringup/build install --record /home/harry/robot/build/robot_bringup/install.log --single-version-externally-managed install_data
