[0.026s] Invoking command in '/home/rss/robot_harry/robotik/build/apriltag_msgs': CMAKE_PREFIX_PATH=${CMAKE_PREFIX_PATH}:/home/rss/robot_harry/robotik/install/realsense2_ros_mqtt_bridge:/home/rss/robot_harry/robotik/install/create3_teleop:/home/rss/robot_harry/robotik/install/create3_examples_py:/home/rss/robot_harry/robotik/install/webcam_bringup:/home/rss/robot_harry/robotik/install/teleop:/home/rss/robot_harry/robotik/install/tb3_description:/home/rss/robot_harry/robotik/install/tag_detection:/home/rss/robot_harry/robotik/install/robot_bringup:/home/rss/robot_harry/robotik/install/pub_sub:/home/rss/robot_harry/robotik/install/object_detection:/home/rss/robot_harry/robotik/install/my_robot_navigation:/home/rss/robot_harry/robotik/install/curator:/home/rss/robot_harry/robotik/install/challenge_2025:/opt/ros/humble /usr/bin/cmake /home/rss/robot_harry/robotik/src/apriltag_msgs -DCMAKE_INSTALL_PREFIX=/home/rss/robot_harry/robotik/install/apriltag_msgs
[0.720s] -- The C compiler identification is GNU 11.4.0
[0.720s] -- The CXX compiler identification is GNU 11.4.0
[0.720s] -- Detecting C compiler ABI info
[0.720s] -- Detecting C compiler ABI info - done
[0.720s] -- Check for working C compiler: /usr/bin/cc - skipped
[0.720s] -- Detecting C compile features
[0.720s] -- Detecting C compile features - done
[0.721s] -- Detecting CXX compiler ABI info
[0.721s] -- Detecting CXX compiler ABI info - done
[0.721s] -- Check for working CXX compiler: /usr/bin/c++ - skipped
[0.721s] -- Detecting CXX compile features
[0.721s] -- Detecting CXX compile features - done
[0.721s] -- Found ament_cmake: 1.3.12 (/opt/ros/humble/share/ament_cmake/cmake)
[0.721s] -- Found Python3: /usr/bin/python3 (found version "3.10.12") found components: Interpreter 
[0.721s] -- Found rosidl_default_generators: 1.2.0 (/opt/ros/humble/share/rosidl_default_generators/cmake)
[0.721s] -- Using all available rosidl_typesupport_c: rosidl_typesupport_fastrtps_c;rosidl_typesupport_introspection_c
[0.721s] -- Found rosidl_adapter: 3.1.8 (/opt/ros/humble/share/rosidl_adapter/cmake)
[0.721s] -- Using all available rosidl_typesupport_cpp: rosidl_typesupport_fastrtps_cpp;rosidl_typesupport_introspection_cpp
[0.721s] -- Found std_msgs: 4.9.0 (/opt/ros/humble/share/std_msgs/cmake)
[0.877s] -- Found ament_cmake_ros: 0.10.0 (/opt/ros/humble/share/ament_cmake_ros/cmake)
[1.198s] -- Using all available rosidl_typesupport_c: rosidl_typesupport_fastrtps_c;rosidl_typesupport_introspection_c
[1.841s] -- Using all available rosidl_typesupport_cpp: rosidl_typesupport_fastrtps_cpp;rosidl_typesupport_introspection_cpp
[1.882s] -- Found PythonInterp: /usr/bin/python3 (found suitable version "3.10.12", minimum required is "3.6") 
[1.884s] -- Found python_cmake_module: 0.10.0 (/opt/ros/humble/share/python_cmake_module/cmake)
[1.927s] -- Found PythonLibs: /usr/lib/x86_64-linux-gnu/libpython3.10.so (found suitable version "3.10.12", minimum required is "3.5") 
[1.927s] -- Using PYTHON_EXECUTABLE: /usr/bin/python3
[1.927s] -- Using PYTHON_INCLUDE_DIRS: /usr/include/python3.10
[1.927s] -- Using PYTHON_LIBRARIES: /usr/lib/x86_64-linux-gnu/libpython3.10.so
[2.014s] -- Found PythonExtra: .so  
[2.123s] -- Found ament_lint_auto: 0.12.14 (/opt/ros/humble/share/ament_lint_auto/cmake)
[2.151s] -- Added test 'lint_cmake' to check CMake code style
[2.155s] -- Added test 'xmllint' to check XML markup files
[2.157s] -- Configuring done
[2.216s] -- Generating done
[2.255s] -- Build files have been written to: /home/rss/robot_harry/robotik/build/apriltag_msgs
[3.167s] Invoked command in '/home/rss/robot_harry/robotik/build/apriltag_msgs' returned '0': CMAKE_PREFIX_PATH=${CMAKE_PREFIX_PATH}:/home/rss/robot_harry/robotik/install/realsense2_ros_mqtt_bridge:/home/rss/robot_harry/robotik/install/create3_teleop:/home/rss/robot_harry/robotik/install/create3_examples_py:/home/rss/robot_harry/robotik/install/webcam_bringup:/home/rss/robot_harry/robotik/install/teleop:/home/rss/robot_harry/robotik/install/tb3_description:/home/rss/robot_harry/robotik/install/tag_detection:/home/rss/robot_harry/robotik/install/robot_bringup:/home/rss/robot_harry/robotik/install/pub_sub:/home/rss/robot_harry/robotik/install/object_detection:/home/rss/robot_harry/robotik/install/my_robot_navigation:/home/rss/robot_harry/robotik/install/curator:/home/rss/robot_harry/robotik/install/challenge_2025:/opt/ros/humble /usr/bin/cmake /home/rss/robot_harry/robotik/src/apriltag_msgs -DCMAKE_INSTALL_PREFIX=/home/rss/robot_harry/robotik/install/apriltag_msgs
[3.168s] Invoking command in '/home/rss/robot_harry/robotik/build/apriltag_msgs': CMAKE_PREFIX_PATH=${CMAKE_PREFIX_PATH}:/home/rss/robot_harry/robotik/install/realsense2_ros_mqtt_bridge:/home/rss/robot_harry/robotik/install/create3_teleop:/home/rss/robot_harry/robotik/install/create3_examples_py:/home/rss/robot_harry/robotik/install/webcam_bringup:/home/rss/robot_harry/robotik/install/teleop:/home/rss/robot_harry/robotik/install/tb3_description:/home/rss/robot_harry/robotik/install/tag_detection:/home/rss/robot_harry/robotik/install/robot_bringup:/home/rss/robot_harry/robotik/install/pub_sub:/home/rss/robot_harry/robotik/install/object_detection:/home/rss/robot_harry/robotik/install/my_robot_navigation:/home/rss/robot_harry/robotik/install/curator:/home/rss/robot_harry/robotik/install/challenge_2025:/opt/ros/humble /usr/bin/cmake --build /home/rss/robot_harry/robotik/build/apriltag_msgs -- -j8 -l8
[3.272s] [  2%] [34m[1mGenerating C code for ROS interfaces[0m
[3.298s] [  4%] [34m[1mGenerating C++ code for ROS interfaces[0m
[3.341s] [  4%] Built target ament_cmake_python_copy_apriltag_msgs
[3.813s] running egg_info
[3.813s] creating apriltag_msgs.egg-info
[3.813s] writing apriltag_msgs.egg-info/PKG-INFO
[3.814s] writing dependency_links to apriltag_msgs.egg-info/dependency_links.txt
[3.814s] writing top-level names to apriltag_msgs.egg-info/top_level.txt
[3.814s] writing manifest file 'apriltag_msgs.egg-info/SOURCES.txt'
[3.816s] reading manifest file 'apriltag_msgs.egg-info/SOURCES.txt'
[3.817s] writing manifest file 'apriltag_msgs.egg-info/SOURCES.txt'
[3.892s] [  4%] Built target ament_cmake_python_build_apriltag_msgs_egg
[4.811s] [  4%] Built target apriltag_msgs__cpp
[4.853s] [  8%] [34m[1mGenerating C++ type support dispatch for ROS interfaces[0m
[4.853s] [  8%] [34m[1mGenerating C++ type support for eProsima Fast-RTPS[0m
[4.863s] [ 10%] [34m[1mGenerating C++ introspection for ROS interfaces[0m
[5.045s] [ 12%] [32mBuilding C object CMakeFiles/apriltag_msgs__rosidl_generator_c.dir/rosidl_generator_c/apriltag_msgs/msg/detail/april_tag_detection__functions.c.o[0m
[5.047s] [ 14%] [32mBuilding C object CMakeFiles/apriltag_msgs__rosidl_generator_c.dir/rosidl_generator_c/apriltag_msgs/msg/detail/april_tag_detection_array__functions.c.o[0m
[5.062s] [ 17%] [32mBuilding C object CMakeFiles/apriltag_msgs__rosidl_generator_c.dir/rosidl_generator_c/apriltag_msgs/msg/detail/point__functions.c.o[0m
[5.231s] [ 19%] [32m[1mLinking C shared library libapriltag_msgs__rosidl_generator_c.so[0m
[5.350s] [ 19%] Built target apriltag_msgs__rosidl_generator_c
[5.406s] [ 21%] [34m[1mGenerating C type support for eProsima Fast-RTPS[0m
[5.412s] [ 23%] [34m[1mGenerating C introspection for ROS interfaces[0m
[5.413s] [ 25%] [34m[1mGenerating C type support dispatch for ROS interfaces[0m
[6.027s] [ 27%] [32mBuilding CXX object CMakeFiles/apriltag_msgs__rosidl_typesupport_fastrtps_cpp.dir/rosidl_typesupport_fastrtps_cpp/apriltag_msgs/msg/detail/dds_fastrtps/point__type_support.cpp.o[0m
[6.027s] [ 29%] [32mBuilding CXX object CMakeFiles/apriltag_msgs__rosidl_typesupport_cpp.dir/rosidl_typesupport_cpp/apriltag_msgs/msg/point__type_support.cpp.o[0m
[6.028s] [ 31%] [32mBuilding CXX object CMakeFiles/apriltag_msgs__rosidl_typesupport_cpp.dir/rosidl_typesupport_cpp/apriltag_msgs/msg/april_tag_detection__type_support.cpp.o[0m
[6.029s] [ 34%] [32mBuilding CXX object CMakeFiles/apriltag_msgs__rosidl_typesupport_fastrtps_cpp.dir/rosidl_typesupport_fastrtps_cpp/apriltag_msgs/msg/detail/dds_fastrtps/april_tag_detection__type_support.cpp.o[0m
[6.307s] [ 36%] [32mBuilding CXX object CMakeFiles/apriltag_msgs__rosidl_typesupport_introspection_cpp.dir/rosidl_typesupport_introspection_cpp/apriltag_msgs/msg/detail/point__type_support.cpp.o[0m
[6.392s] [ 38%] [32mBuilding CXX object CMakeFiles/apriltag_msgs__rosidl_typesupport_introspection_cpp.dir/rosidl_typesupport_introspection_cpp/apriltag_msgs/msg/detail/april_tag_detection__type_support.cpp.o[0m
[7.138s] [ 40%] [32mBuilding CXX object CMakeFiles/apriltag_msgs__rosidl_typesupport_c.dir/rosidl_typesupport_c/apriltag_msgs/msg/point__type_support.cpp.o[0m
[7.138s] [ 42%] [32mBuilding C object CMakeFiles/apriltag_msgs__rosidl_typesupport_introspection_c.dir/rosidl_typesupport_introspection_c/apriltag_msgs/msg/detail/point__type_support.c.o[0m
[7.226s] [ 44%] [32mBuilding CXX object CMakeFiles/apriltag_msgs__rosidl_typesupport_cpp.dir/rosidl_typesupport_cpp/apriltag_msgs/msg/april_tag_detection_array__type_support.cpp.o[0m
[7.236s] [ 46%] [32mBuilding C object CMakeFiles/apriltag_msgs__rosidl_typesupport_introspection_c.dir/rosidl_typesupport_introspection_c/apriltag_msgs/msg/detail/april_tag_detection__type_support.c.o[0m
[7.270s] [ 48%] [32mBuilding CXX object CMakeFiles/apriltag_msgs__rosidl_typesupport_c.dir/rosidl_typesupport_c/apriltag_msgs/msg/april_tag_detection__type_support.cpp.o[0m
[7.305s] [ 51%] [32mBuilding CXX object CMakeFiles/apriltag_msgs__rosidl_typesupport_c.dir/rosidl_typesupport_c/apriltag_msgs/msg/april_tag_detection_array__type_support.cpp.o[0m
[7.407s] [ 55%] [32mBuilding C object CMakeFiles/apriltag_msgs__rosidl_typesupport_introspection_c.dir/rosidl_typesupport_introspection_c/apriltag_msgs/msg/detail/april_tag_detection_array__type_support.c.o[0m
[7.407s] [ 55%] [32mBuilding CXX object CMakeFiles/apriltag_msgs__rosidl_typesupport_fastrtps_cpp.dir/rosidl_typesupport_fastrtps_cpp/apriltag_msgs/msg/detail/dds_fastrtps/april_tag_detection_array__type_support.cpp.o[0m
[7.410s] [ 57%] [32m[1mLinking CXX shared library libapriltag_msgs__rosidl_typesupport_c.so[0m
[7.523s] [ 59%] [32mBuilding CXX object CMakeFiles/apriltag_msgs__rosidl_typesupport_introspection_cpp.dir/rosidl_typesupport_introspection_cpp/apriltag_msgs/msg/detail/april_tag_detection_array__type_support.cpp.o[0m
[7.523s] [ 61%] [32m[1mLinking C shared library libapriltag_msgs__rosidl_typesupport_introspection_c.so[0m
[7.568s] [ 63%] [32mBuilding CXX object CMakeFiles/apriltag_msgs__rosidl_typesupport_fastrtps_c.dir/rosidl_typesupport_fastrtps_c/apriltag_msgs/msg/detail/point__type_support_c.cpp.o[0m
[7.618s] [ 63%] Built target apriltag_msgs__rosidl_typesupport_c
[7.624s] [ 63%] Built target apriltag_msgs__rosidl_typesupport_introspection_c
[7.629s] [ 65%] [32mBuilding CXX object CMakeFiles/apriltag_msgs__rosidl_typesupport_fastrtps_c.dir/rosidl_typesupport_fastrtps_c/apriltag_msgs/msg/detail/april_tag_detection__type_support_c.cpp.o[0m
[7.650s] [ 68%] [32mBuilding CXX object CMakeFiles/apriltag_msgs__rosidl_typesupport_fastrtps_c.dir/rosidl_typesupport_fastrtps_c/apriltag_msgs/msg/detail/april_tag_detection_array__type_support_c.cpp.o[0m
[8.068s] [ 70%] [32m[1mLinking CXX shared library libapriltag_msgs__rosidl_typesupport_cpp.so[0m
[8.170s] [ 70%] Built target apriltag_msgs__rosidl_typesupport_cpp
[8.462s] [ 72%] [32m[1mLinking CXX shared library libapriltag_msgs__rosidl_typesupport_fastrtps_cpp.so[0m
[8.510s] [ 74%] [32m[1mLinking CXX shared library libapriltag_msgs__rosidl_typesupport_fastrtps_c.so[0m
[8.587s] [ 76%] [32m[1mLinking CXX shared library libapriltag_msgs__rosidl_typesupport_introspection_cpp.so[0m
[8.693s] [ 76%] Built target apriltag_msgs__rosidl_typesupport_fastrtps_cpp
[8.714s] [ 76%] Built target apriltag_msgs__rosidl_typesupport_fastrtps_c
[8.741s] [ 76%] Built target apriltag_msgs__rosidl_typesupport_introspection_cpp
[8.785s] [ 76%] Built target apriltag_msgs
[8.844s] [ 78%] [34m[1mGenerating Python code for ROS interfaces[0m
[10.229s] [ 78%] Built target apriltag_msgs__py
[10.260s] [ 80%] [32mBuilding C object CMakeFiles/apriltag_msgs__rosidl_generator_py.dir/rosidl_generator_py/apriltag_msgs/msg/_point_s.c.o[0m
[10.266s] [ 82%] [32mBuilding C object CMakeFiles/apriltag_msgs__rosidl_generator_py.dir/rosidl_generator_py/apriltag_msgs/msg/_april_tag_detection_s.c.o[0m
[10.271s] [ 85%] [32mBuilding C object CMakeFiles/apriltag_msgs__rosidl_generator_py.dir/rosidl_generator_py/apriltag_msgs/msg/_april_tag_detection_array_s.c.o[0m
[10.484s] [ 87%] [32m[1mLinking C shared library rosidl_generator_py/apriltag_msgs/libapriltag_msgs__rosidl_generator_py.so[0m
[10.564s] [ 87%] Built target apriltag_msgs__rosidl_generator_py
[10.607s] [ 89%] [32mBuilding C object CMakeFiles/apriltag_msgs__rosidl_typesupport_fastrtps_c__pyext.dir/rosidl_generator_py/apriltag_msgs/_apriltag_msgs_s.ep.rosidl_typesupport_fastrtps_c.c.o[0m
[10.612s] [ 91%] [32mBuilding C object CMakeFiles/apriltag_msgs__rosidl_typesupport_c__pyext.dir/rosidl_generator_py/apriltag_msgs/_apriltag_msgs_s.ep.rosidl_typesupport_c.c.o[0m
[10.620s] [ 93%] [32mBuilding C object CMakeFiles/apriltag_msgs__rosidl_typesupport_introspection_c__pyext.dir/rosidl_generator_py/apriltag_msgs/_apriltag_msgs_s.ep.rosidl_typesupport_introspection_c.c.o[0m
[10.730s] [ 95%] [32m[1mLinking C shared library rosidl_generator_py/apriltag_msgs/apriltag_msgs_s__rosidl_typesupport_fastrtps_c.cpython-310-x86_64-linux-gnu.so[0m
[10.749s] [ 97%] [32m[1mLinking C shared library rosidl_generator_py/apriltag_msgs/apriltag_msgs_s__rosidl_typesupport_introspection_c.cpython-310-x86_64-linux-gnu.so[0m
[10.781s] [100%] [32m[1mLinking C shared library rosidl_generator_py/apriltag_msgs/apriltag_msgs_s__rosidl_typesupport_c.cpython-310-x86_64-linux-gnu.so[0m
[10.786s] [100%] Built target apriltag_msgs__rosidl_typesupport_fastrtps_c__pyext
[10.803s] [100%] Built target apriltag_msgs__rosidl_typesupport_introspection_c__pyext
[10.831s] [100%] Built target apriltag_msgs__rosidl_typesupport_c__pyext
[10.850s] Invoked command in '/home/rss/robot_harry/robotik/build/apriltag_msgs' returned '0': CMAKE_PREFIX_PATH=${CMAKE_PREFIX_PATH}:/home/rss/robot_harry/robotik/install/realsense2_ros_mqtt_bridge:/home/rss/robot_harry/robotik/install/create3_teleop:/home/rss/robot_harry/robotik/install/create3_examples_py:/home/rss/robot_harry/robotik/install/webcam_bringup:/home/rss/robot_harry/robotik/install/teleop:/home/rss/robot_harry/robotik/install/tb3_description:/home/rss/robot_harry/robotik/install/tag_detection:/home/rss/robot_harry/robotik/install/robot_bringup:/home/rss/robot_harry/robotik/install/pub_sub:/home/rss/robot_harry/robotik/install/object_detection:/home/rss/robot_harry/robotik/install/my_robot_navigation:/home/rss/robot_harry/robotik/install/curator:/home/rss/robot_harry/robotik/install/challenge_2025:/opt/ros/humble /usr/bin/cmake --build /home/rss/robot_harry/robotik/build/apriltag_msgs -- -j8 -l8
[10.851s] Invoking command in '/home/rss/robot_harry/robotik/build/apriltag_msgs': CMAKE_PREFIX_PATH=${CMAKE_PREFIX_PATH}:/home/rss/robot_harry/robotik/install/realsense2_ros_mqtt_bridge:/home/rss/robot_harry/robotik/install/create3_teleop:/home/rss/robot_harry/robotik/install/create3_examples_py:/home/rss/robot_harry/robotik/install/webcam_bringup:/home/rss/robot_harry/robotik/install/teleop:/home/rss/robot_harry/robotik/install/tb3_description:/home/rss/robot_harry/robotik/install/tag_detection:/home/rss/robot_harry/robotik/install/robot_bringup:/home/rss/robot_harry/robotik/install/pub_sub:/home/rss/robot_harry/robotik/install/object_detection:/home/rss/robot_harry/robotik/install/my_robot_navigation:/home/rss/robot_harry/robotik/install/curator:/home/rss/robot_harry/robotik/install/challenge_2025:/opt/ros/humble /usr/bin/cmake --install /home/rss/robot_harry/robotik/build/apriltag_msgs
[10.862s] -- Install configuration: ""
[10.863s] -- Installing: /home/rss/robot_harry/robotik/install/apriltag_msgs/share/ament_index/resource_index/rosidl_interfaces/apriltag_msgs
[10.864s] -- Installing: /home/rss/robot_harry/robotik/install/apriltag_msgs/include/apriltag_msgs/apriltag_msgs
[10.864s] -- Installing: /home/rss/robot_harry/robotik/install/apriltag_msgs/include/apriltag_msgs/apriltag_msgs/msg
[10.864s] -- Installing: /home/rss/robot_harry/robotik/install/apriltag_msgs/include/apriltag_msgs/apriltag_msgs/msg/april_tag_detection_array.h
[10.864s] -- Installing: /home/rss/robot_harry/robotik/install/apriltag_msgs/include/apriltag_msgs/apriltag_msgs/msg/april_tag_detection.h
[10.864s] -- Installing: /home/rss/robot_harry/robotik/install/apriltag_msgs/include/apriltag_msgs/apriltag_msgs/msg/point.h
[10.864s] -- Installing: /home/rss/robot_harry/robotik/install/apriltag_msgs/include/apriltag_msgs/apriltag_msgs/msg/detail
[10.865s] -- Installing: /home/rss/robot_harry/robotik/install/apriltag_msgs/include/apriltag_msgs/apriltag_msgs/msg/detail/point__type_support.h
[10.865s] -- Installing: /home/rss/robot_harry/robotik/install/apriltag_msgs/include/apriltag_msgs/apriltag_msgs/msg/detail/april_tag_detection_array__type_support.h
[10.867s] -- Installing: /home/rss/robot_harry/robotik/install/apriltag_msgs/include/apriltag_msgs/apriltag_msgs/msg/detail/april_tag_detection__type_support.h
[10.868s] -- Installing: /home/rss/robot_harry/robotik/install/apriltag_msgs/include/apriltag_msgs/apriltag_msgs/msg/detail/april_tag_detection_array__functions.c
[10.868s] -- Installing: /home/rss/robot_harry/robotik/install/apriltag_msgs/include/apriltag_msgs/apriltag_msgs/msg/detail/april_tag_detection_array__struct.h
[10.868s] -- Installing: /home/rss/robot_harry/robotik/install/apriltag_msgs/include/apriltag_msgs/apriltag_msgs/msg/detail/april_tag_detection__struct.h
[10.868s] -- Installing: /home/rss/robot_harry/robotik/install/apriltag_msgs/include/apriltag_msgs/apriltag_msgs/msg/detail/point__functions.h
[10.868s] -- Installing: /home/rss/robot_harry/robotik/install/apriltag_msgs/include/apriltag_msgs/apriltag_msgs/msg/detail/april_tag_detection__functions.c
[10.868s] -- Installing: /home/rss/robot_harry/robotik/install/apriltag_msgs/include/apriltag_msgs/apriltag_msgs/msg/detail/april_tag_detection_array__functions.h
[10.868s] -- Installing: /home/rss/robot_harry/robotik/install/apriltag_msgs/include/apriltag_msgs/apriltag_msgs/msg/detail/point__struct.h
[10.868s] -- Installing: /home/rss/robot_harry/robotik/install/apriltag_msgs/include/apriltag_msgs/apriltag_msgs/msg/detail/april_tag_detection__functions.h
[10.869s] -- Installing: /home/rss/robot_harry/robotik/install/apriltag_msgs/include/apriltag_msgs/apriltag_msgs/msg/detail/point__functions.c
[10.869s] -- Installing: /home/rss/robot_harry/robotik/install/apriltag_msgs/include/apriltag_msgs/apriltag_msgs/msg/rosidl_generator_c__visibility_control.h
[10.869s] -- Installing: /home/rss/robot_harry/robotik/install/apriltag_msgs/share/apriltag_msgs/environment/library_path.sh
[10.869s] -- Installing: /home/rss/robot_harry/robotik/install/apriltag_msgs/share/apriltag_msgs/environment/library_path.dsv
[10.869s] -- Installing: /home/rss/robot_harry/robotik/install/apriltag_msgs/lib/libapriltag_msgs__rosidl_generator_c.so
[10.869s] -- Set runtime path of "/home/rss/robot_harry/robotik/install/apriltag_msgs/lib/libapriltag_msgs__rosidl_generator_c.so" to ""
[10.869s] -- Up-to-date: /home/rss/robot_harry/robotik/install/apriltag_msgs/include/apriltag_msgs/apriltag_msgs
[10.869s] -- Up-to-date: /home/rss/robot_harry/robotik/install/apriltag_msgs/include/apriltag_msgs/apriltag_msgs/msg
[10.869s] -- Installing: /home/rss/robot_harry/robotik/install/apriltag_msgs/include/apriltag_msgs/apriltag_msgs/msg/rosidl_typesupport_fastrtps_c__visibility_control.h
[10.869s] -- Up-to-date: /home/rss/robot_harry/robotik/install/apriltag_msgs/include/apriltag_msgs/apriltag_msgs/msg/detail
[10.869s] -- Installing: /home/rss/robot_harry/robotik/install/apriltag_msgs/include/apriltag_msgs/apriltag_msgs/msg/detail/april_tag_detection__rosidl_typesupport_fastrtps_c.h
[10.870s] -- Installing: /home/rss/robot_harry/robotik/install/apriltag_msgs/include/apriltag_msgs/apriltag_msgs/msg/detail/april_tag_detection_array__rosidl_typesupport_fastrtps_c.h
[10.870s] -- Installing: /home/rss/robot_harry/robotik/install/apriltag_msgs/include/apriltag_msgs/apriltag_msgs/msg/detail/point__rosidl_typesupport_fastrtps_c.h
[10.870s] -- Installing: /home/rss/robot_harry/robotik/install/apriltag_msgs/lib/libapriltag_msgs__rosidl_typesupport_fastrtps_c.so
[10.870s] -- Set runtime path of "/home/rss/robot_harry/robotik/install/apriltag_msgs/lib/libapriltag_msgs__rosidl_typesupport_fastrtps_c.so" to ""
[10.870s] -- Up-to-date: /home/rss/robot_harry/robotik/install/apriltag_msgs/include/apriltag_msgs/apriltag_msgs
[10.870s] -- Up-to-date: /home/rss/robot_harry/robotik/install/apriltag_msgs/include/apriltag_msgs/apriltag_msgs/msg
[10.870s] -- Installing: /home/rss/robot_harry/robotik/install/apriltag_msgs/include/apriltag_msgs/apriltag_msgs/msg/rosidl_typesupport_introspection_c__visibility_control.h
[10.870s] -- Up-to-date: /home/rss/robot_harry/robotik/install/apriltag_msgs/include/apriltag_msgs/apriltag_msgs/msg/detail
[10.870s] -- Installing: /home/rss/robot_harry/robotik/install/apriltag_msgs/include/apriltag_msgs/apriltag_msgs/msg/detail/point__type_support.c
[10.870s] -- Installing: /home/rss/robot_harry/robotik/install/apriltag_msgs/include/apriltag_msgs/apriltag_msgs/msg/detail/april_tag_detection_array__type_support.c
[10.870s] -- Installing: /home/rss/robot_harry/robotik/install/apriltag_msgs/include/apriltag_msgs/apriltag_msgs/msg/detail/april_tag_detection__type_support.c
[10.870s] -- Installing: /home/rss/robot_harry/robotik/install/apriltag_msgs/include/apriltag_msgs/apriltag_msgs/msg/detail/april_tag_detection_array__rosidl_typesupport_introspection_c.h
[10.871s] -- Installing: /home/rss/robot_harry/robotik/install/apriltag_msgs/include/apriltag_msgs/apriltag_msgs/msg/detail/april_tag_detection__rosidl_typesupport_introspection_c.h
[10.871s] -- Installing: /home/rss/robot_harry/robotik/install/apriltag_msgs/include/apriltag_msgs/apriltag_msgs/msg/detail/point__rosidl_typesupport_introspection_c.h
[10.871s] -- Installing: /home/rss/robot_harry/robotik/install/apriltag_msgs/lib/libapriltag_msgs__rosidl_typesupport_introspection_c.so
[10.871s] -- Set runtime path of "/home/rss/robot_harry/robotik/install/apriltag_msgs/lib/libapriltag_msgs__rosidl_typesupport_introspection_c.so" to ""
[10.871s] -- Installing: /home/rss/robot_harry/robotik/install/apriltag_msgs/lib/libapriltag_msgs__rosidl_typesupport_c.so
[10.871s] -- Set runtime path of "/home/rss/robot_harry/robotik/install/apriltag_msgs/lib/libapriltag_msgs__rosidl_typesupport_c.so" to ""
[10.871s] -- Up-to-date: /home/rss/robot_harry/robotik/install/apriltag_msgs/include/apriltag_msgs/apriltag_msgs
[10.871s] -- Up-to-date: /home/rss/robot_harry/robotik/install/apriltag_msgs/include/apriltag_msgs/apriltag_msgs/msg
[10.871s] -- Installing: /home/rss/robot_harry/robotik/install/apriltag_msgs/include/apriltag_msgs/apriltag_msgs/msg/point.hpp
[10.871s] -- Installing: /home/rss/robot_harry/robotik/install/apriltag_msgs/include/apriltag_msgs/apriltag_msgs/msg/april_tag_detection.hpp
[10.872s] -- Up-to-date: /home/rss/robot_harry/robotik/install/apriltag_msgs/include/apriltag_msgs/apriltag_msgs/msg/detail
[10.872s] -- Installing: /home/rss/robot_harry/robotik/install/apriltag_msgs/include/apriltag_msgs/apriltag_msgs/msg/detail/april_tag_detection_array__type_support.hpp
[10.872s] -- Installing: /home/rss/robot_harry/robotik/install/apriltag_msgs/include/apriltag_msgs/apriltag_msgs/msg/detail/april_tag_detection__traits.hpp
[10.872s] -- Installing: /home/rss/robot_harry/robotik/install/apriltag_msgs/include/apriltag_msgs/apriltag_msgs/msg/detail/april_tag_detection__type_support.hpp
[10.872s] -- Installing: /home/rss/robot_harry/robotik/install/apriltag_msgs/include/apriltag_msgs/apriltag_msgs/msg/detail/april_tag_detection_array__struct.hpp
[10.872s] -- Installing: /home/rss/robot_harry/robotik/install/apriltag_msgs/include/apriltag_msgs/apriltag_msgs/msg/detail/point__traits.hpp
[10.872s] -- Installing: /home/rss/robot_harry/robotik/install/apriltag_msgs/include/apriltag_msgs/apriltag_msgs/msg/detail/april_tag_detection__builder.hpp
[10.872s] -- Installing: /home/rss/robot_harry/robotik/install/apriltag_msgs/include/apriltag_msgs/apriltag_msgs/msg/detail/point__struct.hpp
[10.872s] -- Installing: /home/rss/robot_harry/robotik/install/apriltag_msgs/include/apriltag_msgs/apriltag_msgs/msg/detail/point__type_support.hpp
[10.872s] -- Installing: /home/rss/robot_harry/robotik/install/apriltag_msgs/include/apriltag_msgs/apriltag_msgs/msg/detail/april_tag_detection_array__builder.hpp
[10.872s] -- Installing: /home/rss/robot_harry/robotik/install/apriltag_msgs/include/apriltag_msgs/apriltag_msgs/msg/detail/april_tag_detection__struct.hpp
[10.872s] -- Installing: /home/rss/robot_harry/robotik/install/apriltag_msgs/include/apriltag_msgs/apriltag_msgs/msg/detail/april_tag_detection_array__traits.hpp
[10.872s] -- Installing: /home/rss/robot_harry/robotik/install/apriltag_msgs/include/apriltag_msgs/apriltag_msgs/msg/detail/point__builder.hpp
[10.873s] -- Installing: /home/rss/robot_harry/robotik/install/apriltag_msgs/include/apriltag_msgs/apriltag_msgs/msg/rosidl_generator_cpp__visibility_control.hpp
[10.873s] -- Installing: /home/rss/robot_harry/robotik/install/apriltag_msgs/include/apriltag_msgs/apriltag_msgs/msg/april_tag_detection_array.hpp
[10.873s] -- Up-to-date: /home/rss/robot_harry/robotik/install/apriltag_msgs/include/apriltag_msgs/apriltag_msgs
[10.873s] -- Up-to-date: /home/rss/robot_harry/robotik/install/apriltag_msgs/include/apriltag_msgs/apriltag_msgs/msg
[10.873s] -- Installing: /home/rss/robot_harry/robotik/install/apriltag_msgs/include/apriltag_msgs/apriltag_msgs/msg/rosidl_typesupport_fastrtps_cpp__visibility_control.h
[10.873s] -- Up-to-date: /home/rss/robot_harry/robotik/install/apriltag_msgs/include/apriltag_msgs/apriltag_msgs/msg/detail
[10.873s] -- Installing: /home/rss/robot_harry/robotik/install/apriltag_msgs/include/apriltag_msgs/apriltag_msgs/msg/detail/dds_fastrtps
[10.873s] -- Installing: /home/rss/robot_harry/robotik/install/apriltag_msgs/include/apriltag_msgs/apriltag_msgs/msg/detail/april_tag_detection_array__rosidl_typesupport_fastrtps_cpp.hpp
[10.874s] -- Installing: /home/rss/robot_harry/robotik/install/apriltag_msgs/include/apriltag_msgs/apriltag_msgs/msg/detail/april_tag_detection__rosidl_typesupport_fastrtps_cpp.hpp
[10.874s] -- Installing: /home/rss/robot_harry/robotik/install/apriltag_msgs/include/apriltag_msgs/apriltag_msgs/msg/detail/point__rosidl_typesupport_fastrtps_cpp.hpp
[10.874s] -- Installing: /home/rss/robot_harry/robotik/install/apriltag_msgs/lib/libapriltag_msgs__rosidl_typesupport_fastrtps_cpp.so
[10.874s] -- Set runtime path of "/home/rss/robot_harry/robotik/install/apriltag_msgs/lib/libapriltag_msgs__rosidl_typesupport_fastrtps_cpp.so" to ""
[10.874s] -- Up-to-date: /home/rss/robot_harry/robotik/install/apriltag_msgs/include/apriltag_msgs/apriltag_msgs
[10.874s] -- Up-to-date: /home/rss/robot_harry/robotik/install/apriltag_msgs/include/apriltag_msgs/apriltag_msgs/msg
[10.874s] -- Up-to-date: /home/rss/robot_harry/robotik/install/apriltag_msgs/include/apriltag_msgs/apriltag_msgs/msg/detail
[10.874s] -- Installing: /home/rss/robot_harry/robotik/install/apriltag_msgs/include/apriltag_msgs/apriltag_msgs/msg/detail/april_tag_detection_array__type_support.cpp
[10.874s] -- Installing: /home/rss/robot_harry/robotik/install/apriltag_msgs/include/apriltag_msgs/apriltag_msgs/msg/detail/april_tag_detection__rosidl_typesupport_introspection_cpp.hpp
[10.874s] -- Installing: /home/rss/robot_harry/robotik/install/apriltag_msgs/include/apriltag_msgs/apriltag_msgs/msg/detail/point__rosidl_typesupport_introspection_cpp.hpp
[10.874s] -- Installing: /home/rss/robot_harry/robotik/install/apriltag_msgs/include/apriltag_msgs/apriltag_msgs/msg/detail/point__type_support.cpp
[10.874s] -- Installing: /home/rss/robot_harry/robotik/install/apriltag_msgs/include/apriltag_msgs/apriltag_msgs/msg/detail/april_tag_detection_array__rosidl_typesupport_introspection_cpp.hpp
[10.874s] -- Installing: /home/rss/robot_harry/robotik/install/apriltag_msgs/include/apriltag_msgs/apriltag_msgs/msg/detail/april_tag_detection__type_support.cpp
[10.874s] -- Installing: /home/rss/robot_harry/robotik/install/apriltag_msgs/lib/libapriltag_msgs__rosidl_typesupport_introspection_cpp.so
[10.874s] -- Set runtime path of "/home/rss/robot_harry/robotik/install/apriltag_msgs/lib/libapriltag_msgs__rosidl_typesupport_introspection_cpp.so" to ""
[10.874s] -- Installing: /home/rss/robot_harry/robotik/install/apriltag_msgs/lib/libapriltag_msgs__rosidl_typesupport_cpp.so
[10.875s] -- Set runtime path of "/home/rss/robot_harry/robotik/install/apriltag_msgs/lib/libapriltag_msgs__rosidl_typesupport_cpp.so" to ""
[10.875s] -- Installing: /home/rss/robot_harry/robotik/install/apriltag_msgs/share/apriltag_msgs/environment/pythonpath.sh
[10.875s] -- Installing: /home/rss/robot_harry/robotik/install/apriltag_msgs/share/apriltag_msgs/environment/pythonpath.dsv
[10.875s] -- Installing: /home/rss/robot_harry/robotik/install/apriltag_msgs/local/lib/python3.10/dist-packages/apriltag_msgs-2.0.1-py3.10.egg-info
[10.875s] -- Installing: /home/rss/robot_harry/robotik/install/apriltag_msgs/local/lib/python3.10/dist-packages/apriltag_msgs-2.0.1-py3.10.egg-info/dependency_links.txt
[10.875s] -- Installing: /home/rss/robot_harry/robotik/install/apriltag_msgs/local/lib/python3.10/dist-packages/apriltag_msgs-2.0.1-py3.10.egg-info/SOURCES.txt
[10.875s] -- Installing: /home/rss/robot_harry/robotik/install/apriltag_msgs/local/lib/python3.10/dist-packages/apriltag_msgs-2.0.1-py3.10.egg-info/PKG-INFO
[10.875s] -- Installing: /home/rss/robot_harry/robotik/install/apriltag_msgs/local/lib/python3.10/dist-packages/apriltag_msgs-2.0.1-py3.10.egg-info/top_level.txt
[10.875s] -- Installing: /home/rss/robot_harry/robotik/install/apriltag_msgs/local/lib/python3.10/dist-packages/apriltag_msgs
[10.875s] -- Installing: /home/rss/robot_harry/robotik/install/apriltag_msgs/local/lib/python3.10/dist-packages/apriltag_msgs/_apriltag_msgs_s.ep.rosidl_typesupport_introspection_c.c
[10.876s] -- Installing: /home/rss/robot_harry/robotik/install/apriltag_msgs/local/lib/python3.10/dist-packages/apriltag_msgs/__init__.py
[10.876s] -- Installing: /home/rss/robot_harry/robotik/install/apriltag_msgs/local/lib/python3.10/dist-packages/apriltag_msgs/_apriltag_msgs_s.ep.rosidl_typesupport_c.c
[10.876s] -- Installing: /home/rss/robot_harry/robotik/install/apriltag_msgs/local/lib/python3.10/dist-packages/apriltag_msgs/apriltag_msgs_s__rosidl_typesupport_c.cpython-310-x86_64-linux-gnu.so
[10.876s] -- Installing: /home/rss/robot_harry/robotik/install/apriltag_msgs/local/lib/python3.10/dist-packages/apriltag_msgs/libapriltag_msgs__rosidl_generator_py.so
[10.877s] -- Installing: /home/rss/robot_harry/robotik/install/apriltag_msgs/local/lib/python3.10/dist-packages/apriltag_msgs/apriltag_msgs_s__rosidl_typesupport_introspection_c.cpython-310-x86_64-linux-gnu.so
[10.877s] -- Installing: /home/rss/robot_harry/robotik/install/apriltag_msgs/local/lib/python3.10/dist-packages/apriltag_msgs/_apriltag_msgs_s.ep.rosidl_typesupport_fastrtps_c.c
[10.877s] -- Installing: /home/rss/robot_harry/robotik/install/apriltag_msgs/local/lib/python3.10/dist-packages/apriltag_msgs/msg
[10.877s] -- Installing: /home/rss/robot_harry/robotik/install/apriltag_msgs/local/lib/python3.10/dist-packages/apriltag_msgs/msg/_april_tag_detection_array_s.c
[10.877s] -- Installing: /home/rss/robot_harry/robotik/install/apriltag_msgs/local/lib/python3.10/dist-packages/apriltag_msgs/msg/_april_tag_detection_array.py
[10.877s] -- Installing: /home/rss/robot_harry/robotik/install/apriltag_msgs/local/lib/python3.10/dist-packages/apriltag_msgs/msg/__init__.py
[10.877s] -- Installing: /home/rss/robot_harry/robotik/install/apriltag_msgs/local/lib/python3.10/dist-packages/apriltag_msgs/msg/_april_tag_detection.py
[10.877s] -- Installing: /home/rss/robot_harry/robotik/install/apriltag_msgs/local/lib/python3.10/dist-packages/apriltag_msgs/msg/_point_s.c
[10.877s] -- Installing: /home/rss/robot_harry/robotik/install/apriltag_msgs/local/lib/python3.10/dist-packages/apriltag_msgs/msg/_point.py
[10.877s] -- Installing: /home/rss/robot_harry/robotik/install/apriltag_msgs/local/lib/python3.10/dist-packages/apriltag_msgs/msg/_april_tag_detection_s.c
[10.878s] -- Installing: /home/rss/robot_harry/robotik/install/apriltag_msgs/local/lib/python3.10/dist-packages/apriltag_msgs/apriltag_msgs_s__rosidl_typesupport_fastrtps_c.cpython-310-x86_64-linux-gnu.so
[10.926s] Listing '/home/rss/robot_harry/robotik/install/apriltag_msgs/local/lib/python3.10/dist-packages/apriltag_msgs'...
[10.926s] Compiling '/home/rss/robot_harry/robotik/install/apriltag_msgs/local/lib/python3.10/dist-packages/apriltag_msgs/__init__.py'...
[10.926s] Listing '/home/rss/robot_harry/robotik/install/apriltag_msgs/local/lib/python3.10/dist-packages/apriltag_msgs/msg'...
[10.926s] Compiling '/home/rss/robot_harry/robotik/install/apriltag_msgs/local/lib/python3.10/dist-packages/apriltag_msgs/msg/__init__.py'...
[10.926s] Compiling '/home/rss/robot_harry/robotik/install/apriltag_msgs/local/lib/python3.10/dist-packages/apriltag_msgs/msg/_april_tag_detection.py'...
[10.926s] Compiling '/home/rss/robot_harry/robotik/install/apriltag_msgs/local/lib/python3.10/dist-packages/apriltag_msgs/msg/_april_tag_detection_array.py'...
[10.927s] Compiling '/home/rss/robot_harry/robotik/install/apriltag_msgs/local/lib/python3.10/dist-packages/apriltag_msgs/msg/_point.py'...
[10.931s] -- Installing: /home/rss/robot_harry/robotik/install/apriltag_msgs/local/lib/python3.10/dist-packages/apriltag_msgs/apriltag_msgs_s__rosidl_typesupport_fastrtps_c.cpython-310-x86_64-linux-gnu.so
[10.932s] -- Set runtime path of "/home/rss/robot_harry/robotik/install/apriltag_msgs/local/lib/python3.10/dist-packages/apriltag_msgs/apriltag_msgs_s__rosidl_typesupport_fastrtps_c.cpython-310-x86_64-linux-gnu.so" to ""
[10.932s] -- Installing: /home/rss/robot_harry/robotik/install/apriltag_msgs/local/lib/python3.10/dist-packages/apriltag_msgs/apriltag_msgs_s__rosidl_typesupport_introspection_c.cpython-310-x86_64-linux-gnu.so
[10.932s] -- Set runtime path of "/home/rss/robot_harry/robotik/install/apriltag_msgs/local/lib/python3.10/dist-packages/apriltag_msgs/apriltag_msgs_s__rosidl_typesupport_introspection_c.cpython-310-x86_64-linux-gnu.so" to ""
[10.932s] -- Installing: /home/rss/robot_harry/robotik/install/apriltag_msgs/local/lib/python3.10/dist-packages/apriltag_msgs/apriltag_msgs_s__rosidl_typesupport_c.cpython-310-x86_64-linux-gnu.so
[10.933s] -- Set runtime path of "/home/rss/robot_harry/robotik/install/apriltag_msgs/local/lib/python3.10/dist-packages/apriltag_msgs/apriltag_msgs_s__rosidl_typesupport_c.cpython-310-x86_64-linux-gnu.so" to ""
[10.933s] -- Installing: /home/rss/robot_harry/robotik/install/apriltag_msgs/lib/libapriltag_msgs__rosidl_generator_py.so
[10.935s] -- Set runtime path of "/home/rss/robot_harry/robotik/install/apriltag_msgs/lib/libapriltag_msgs__rosidl_generator_py.so" to ""
[10.935s] -- Installing: /home/rss/robot_harry/robotik/install/apriltag_msgs/share/apriltag_msgs/msg/Point.idl
[10.935s] -- Installing: /home/rss/robot_harry/robotik/install/apriltag_msgs/share/apriltag_msgs/msg/AprilTagDetection.idl
[10.935s] -- Installing: /home/rss/robot_harry/robotik/install/apriltag_msgs/share/apriltag_msgs/msg/AprilTagDetectionArray.idl
[10.935s] -- Installing: /home/rss/robot_harry/robotik/install/apriltag_msgs/share/apriltag_msgs/msg/Point.msg
[10.935s] -- Installing: /home/rss/robot_harry/robotik/install/apriltag_msgs/share/apriltag_msgs/msg/AprilTagDetection.msg
[10.935s] -- Installing: /home/rss/robot_harry/robotik/install/apriltag_msgs/share/apriltag_msgs/msg/AprilTagDetectionArray.msg
[10.937s] -- Installing: /home/rss/robot_harry/robotik/install/apriltag_msgs/share/ament_index/resource_index/package_run_dependencies/apriltag_msgs
[10.937s] -- Installing: /home/rss/robot_harry/robotik/install/apriltag_msgs/share/ament_index/resource_index/parent_prefix_path/apriltag_msgs
[10.937s] -- Installing: /home/rss/robot_harry/robotik/install/apriltag_msgs/share/apriltag_msgs/environment/ament_prefix_path.sh
[10.937s] -- Installing: /home/rss/robot_harry/robotik/install/apriltag_msgs/share/apriltag_msgs/environment/ament_prefix_path.dsv
[10.937s] -- Installing: /home/rss/robot_harry/robotik/install/apriltag_msgs/share/apriltag_msgs/environment/path.sh
[10.937s] -- Installing: /home/rss/robot_harry/robotik/install/apriltag_msgs/share/apriltag_msgs/environment/path.dsv
[10.937s] -- Installing: /home/rss/robot_harry/robotik/install/apriltag_msgs/share/apriltag_msgs/local_setup.bash
[10.937s] -- Installing: /home/rss/robot_harry/robotik/install/apriltag_msgs/share/apriltag_msgs/local_setup.sh
[10.937s] -- Installing: /home/rss/robot_harry/robotik/install/apriltag_msgs/share/apriltag_msgs/local_setup.zsh
[10.937s] -- Installing: /home/rss/robot_harry/robotik/install/apriltag_msgs/share/apriltag_msgs/local_setup.dsv
[10.938s] -- Installing: /home/rss/robot_harry/robotik/install/apriltag_msgs/share/apriltag_msgs/package.dsv
[10.938s] -- Installing: /home/rss/robot_harry/robotik/install/apriltag_msgs/share/ament_index/resource_index/packages/apriltag_msgs
[10.938s] -- Installing: /home/rss/robot_harry/robotik/install/apriltag_msgs/share/apriltag_msgs/cmake/export_apriltag_msgs__rosidl_generator_cExport.cmake
[10.938s] -- Installing: /home/rss/robot_harry/robotik/install/apriltag_msgs/share/apriltag_msgs/cmake/export_apriltag_msgs__rosidl_generator_cExport-noconfig.cmake
[10.938s] -- Installing: /home/rss/robot_harry/robotik/install/apriltag_msgs/share/apriltag_msgs/cmake/export_apriltag_msgs__rosidl_typesupport_fastrtps_cExport.cmake
[10.938s] -- Installing: /home/rss/robot_harry/robotik/install/apriltag_msgs/share/apriltag_msgs/cmake/export_apriltag_msgs__rosidl_typesupport_fastrtps_cExport-noconfig.cmake
[10.938s] -- Installing: /home/rss/robot_harry/robotik/install/apriltag_msgs/share/apriltag_msgs/cmake/apriltag_msgs__rosidl_typesupport_introspection_cExport.cmake
[10.938s] -- Installing: /home/rss/robot_harry/robotik/install/apriltag_msgs/share/apriltag_msgs/cmake/apriltag_msgs__rosidl_typesupport_introspection_cExport-noconfig.cmake
[10.938s] -- Installing: /home/rss/robot_harry/robotik/install/apriltag_msgs/share/apriltag_msgs/cmake/apriltag_msgs__rosidl_typesupport_cExport.cmake
[10.938s] -- Installing: /home/rss/robot_harry/robotik/install/apriltag_msgs/share/apriltag_msgs/cmake/apriltag_msgs__rosidl_typesupport_cExport-noconfig.cmake
[10.938s] -- Installing: /home/rss/robot_harry/robotik/install/apriltag_msgs/share/apriltag_msgs/cmake/export_apriltag_msgs__rosidl_generator_cppExport.cmake
[10.938s] -- Installing: /home/rss/robot_harry/robotik/install/apriltag_msgs/share/apriltag_msgs/cmake/export_apriltag_msgs__rosidl_typesupport_fastrtps_cppExport.cmake
[10.938s] -- Installing: /home/rss/robot_harry/robotik/install/apriltag_msgs/share/apriltag_msgs/cmake/export_apriltag_msgs__rosidl_typesupport_fastrtps_cppExport-noconfig.cmake
[10.938s] -- Installing: /home/rss/robot_harry/robotik/install/apriltag_msgs/share/apriltag_msgs/cmake/apriltag_msgs__rosidl_typesupport_introspection_cppExport.cmake
[10.938s] -- Installing: /home/rss/robot_harry/robotik/install/apriltag_msgs/share/apriltag_msgs/cmake/apriltag_msgs__rosidl_typesupport_introspection_cppExport-noconfig.cmake
[10.939s] -- Installing: /home/rss/robot_harry/robotik/install/apriltag_msgs/share/apriltag_msgs/cmake/apriltag_msgs__rosidl_typesupport_cppExport.cmake
[10.939s] -- Installing: /home/rss/robot_harry/robotik/install/apriltag_msgs/share/apriltag_msgs/cmake/apriltag_msgs__rosidl_typesupport_cppExport-noconfig.cmake
[10.939s] -- Installing: /home/rss/robot_harry/robotik/install/apriltag_msgs/share/apriltag_msgs/cmake/export_apriltag_msgs__rosidl_generator_pyExport.cmake
[10.939s] -- Installing: /home/rss/robot_harry/robotik/install/apriltag_msgs/share/apriltag_msgs/cmake/export_apriltag_msgs__rosidl_generator_pyExport-noconfig.cmake
[10.939s] -- Installing: /home/rss/robot_harry/robotik/install/apriltag_msgs/share/apriltag_msgs/cmake/rosidl_cmake-extras.cmake
[10.939s] -- Installing: /home/rss/robot_harry/robotik/install/apriltag_msgs/share/apriltag_msgs/cmake/ament_cmake_export_dependencies-extras.cmake
[10.940s] -- Installing: /home/rss/robot_harry/robotik/install/apriltag_msgs/share/apriltag_msgs/cmake/ament_cmake_export_include_directories-extras.cmake
[10.940s] -- Installing: /home/rss/robot_harry/robotik/install/apriltag_msgs/share/apriltag_msgs/cmake/ament_cmake_export_libraries-extras.cmake
[10.940s] -- Installing: /home/rss/robot_harry/robotik/install/apriltag_msgs/share/apriltag_msgs/cmake/ament_cmake_export_targets-extras.cmake
[10.940s] -- Installing: /home/rss/robot_harry/robotik/install/apriltag_msgs/share/apriltag_msgs/cmake/rosidl_cmake_export_typesupport_targets-extras.cmake
[10.940s] -- Installing: /home/rss/robot_harry/robotik/install/apriltag_msgs/share/apriltag_msgs/cmake/rosidl_cmake_export_typesupport_libraries-extras.cmake
[10.940s] -- Installing: /home/rss/robot_harry/robotik/install/apriltag_msgs/share/apriltag_msgs/cmake/apriltag_msgsConfig.cmake
[10.941s] -- Installing: /home/rss/robot_harry/robotik/install/apriltag_msgs/share/apriltag_msgs/cmake/apriltag_msgsConfig-version.cmake
[10.941s] -- Installing: /home/rss/robot_harry/robotik/install/apriltag_msgs/share/apriltag_msgs/package.xml
[10.944s] Invoked command in '/home/rss/robot_harry/robotik/build/apriltag_msgs' returned '0': CMAKE_PREFIX_PATH=${CMAKE_PREFIX_PATH}:/home/rss/robot_harry/robotik/install/realsense2_ros_mqtt_bridge:/home/rss/robot_harry/robotik/install/create3_teleop:/home/rss/robot_harry/robotik/install/create3_examples_py:/home/rss/robot_harry/robotik/install/webcam_bringup:/home/rss/robot_harry/robotik/install/teleop:/home/rss/robot_harry/robotik/install/tb3_description:/home/rss/robot_harry/robotik/install/tag_detection:/home/rss/robot_harry/robotik/install/robot_bringup:/home/rss/robot_harry/robotik/install/pub_sub:/home/rss/robot_harry/robotik/install/object_detection:/home/rss/robot_harry/robotik/install/my_robot_navigation:/home/rss/robot_harry/robotik/install/curator:/home/rss/robot_harry/robotik/install/challenge_2025:/opt/ros/humble /usr/bin/cmake --install /home/rss/robot_harry/robotik/build/apriltag_msgs
