[0.926s] Invoking command in '/home/rss/robot_harry/robotik/src/teleop': PYTHONPATH=/home/rss/robot_harry/robotik/build/teleop/prefix_override:/usr/lib/python3/dist-packages/colcon_core/task/python/colcon_distutils_commands:/home/rss/robot_harry/robotik/install/teleop/lib/python3.10/site-packages:${PYTHONPATH} /usr/bin/python3 -W ignore:setup.py install is deprecated -W ignore:easy_install command is deprecated setup.py egg_info --egg-base ../../build/teleop build --build-base /home/rss/robot_harry/robotik/build/teleop/build install --record /home/rss/robot_harry/robotik/build/teleop/install.log --single-version-externally-managed install_data
[1.280s] running egg_info
[1.280s] writing ../../build/teleop/teleop.egg-info/PKG-INFO
[1.280s] writing dependency_links to ../../build/teleop/teleop.egg-info/dependency_links.txt
[1.280s] writing entry points to ../../build/teleop/teleop.egg-info/entry_points.txt
[1.280s] writing requirements to ../../build/teleop/teleop.egg-info/requires.txt
[1.280s] writing top-level names to ../../build/teleop/teleop.egg-info/top_level.txt
[1.281s] reading manifest file '../../build/teleop/teleop.egg-info/SOURCES.txt'
[1.282s] writing manifest file '../../build/teleop/teleop.egg-info/SOURCES.txt'
[1.282s] running build
[1.282s] running build_py
[1.282s] running install
[1.282s] running install_lib
[1.283s] running install_data
[1.283s] running install_egg_info
[1.285s] removing '/home/rss/robot_harry/robotik/install/teleop/lib/python3.10/site-packages/teleop-0.0.0-py3.10.egg-info' (and everything under it)
[1.285s] Copying ../../build/teleop/teleop.egg-info to /home/rss/robot_harry/robotik/install/teleop/lib/python3.10/site-packages/teleop-0.0.0-py3.10.egg-info
[1.286s] running install_scripts
[1.309s] Installing teleop_node script to /home/rss/robot_harry/robotik/install/teleop/lib/teleop
[1.309s] writing list of installed files to '/home/rss/robot_harry/robotik/build/teleop/install.log'
[1.336s] Invoked command in '/home/rss/robot_harry/robotik/src/teleop' returned '0': PYTHONPATH=/home/rss/robot_harry/robotik/build/teleop/prefix_override:/usr/lib/python3/dist-packages/colcon_core/task/python/colcon_distutils_commands:/home/rss/robot_harry/robotik/install/teleop/lib/python3.10/site-packages:${PYTHONPATH} /usr/bin/python3 -W ignore:setup.py install is deprecated -W ignore:easy_install command is deprecated setup.py egg_info --egg-base ../../build/teleop build --build-base /home/rss/robot_harry/robotik/build/teleop/build install --record /home/rss/robot_harry/robotik/build/teleop/install.log --single-version-externally-managed install_data
