[1.856s] Invoking command in '/home/harry/robot/src/pub_sub': PYTHONPATH=/home/harry/robot/build/pub_sub/prefix_override:/usr/lib/python3/dist-packages/colcon_core/task/python/colcon_distutils_commands:/home/harry/robot/install/pub_sub/lib/python3.10/site-packages:${PYTHONPATH} /usr/bin/python3 -W ignore:setup.py install is deprecated -W ignore:easy_install command is deprecated setup.py egg_info --egg-base ../../build/pub_sub build --build-base /home/harry/robot/build/pub_sub/build install --record /home/harry/robot/build/pub_sub/install.log --single-version-externally-managed install_data
[2.243s] running egg_info
[2.244s] writing ../../build/pub_sub/pub_sub.egg-info/PKG-INFO
[2.245s] writing dependency_links to ../../build/pub_sub/pub_sub.egg-info/dependency_links.txt
[2.245s] writing entry points to ../../build/pub_sub/pub_sub.egg-info/entry_points.txt
[2.245s] writing requirements to ../../build/pub_sub/pub_sub.egg-info/requires.txt
[2.246s] writing top-level names to ../../build/pub_sub/pub_sub.egg-info/top_level.txt
[2.250s] reading manifest file '../../build/pub_sub/pub_sub.egg-info/SOURCES.txt'
[2.250s] writing manifest file '../../build/pub_sub/pub_sub.egg-info/SOURCES.txt'
[2.250s] running build
[2.250s] running build_py
[2.250s] running install
[2.251s] running install_lib
[2.254s] running install_data
[2.254s] running install_egg_info
[2.258s] removing '/home/harry/robot/install/pub_sub/lib/python3.10/site-packages/pub_sub-0.0.0-py3.10.egg-info' (and everything under it)
[2.258s] Copying ../../build/pub_sub/pub_sub.egg-info to /home/harry/robot/install/pub_sub/lib/python3.10/site-packages/pub_sub-0.0.0-py3.10.egg-info
[2.258s] running install_scripts
[2.288s] Installing publisher_node script to /home/harry/robot/install/pub_sub/lib/pub_sub
[2.289s] Installing subscriber_node script to /home/harry/robot/install/pub_sub/lib/pub_sub
[2.290s] Installing test_cam_node script to /home/harry/robot/install/pub_sub/lib/pub_sub
[2.290s] Installing yolo_detector_node script to /home/harry/robot/install/pub_sub/lib/pub_sub
[2.290s] writing list of installed files to '/home/harry/robot/build/pub_sub/install.log'
[2.394s] Invoked command in '/home/harry/robot/src/pub_sub' returned '0': PYTHONPATH=/home/harry/robot/build/pub_sub/prefix_override:/usr/lib/python3/dist-packages/colcon_core/task/python/colcon_distutils_commands:/home/harry/robot/install/pub_sub/lib/python3.10/site-packages:${PYTHONPATH} /usr/bin/python3 -W ignore:setup.py install is deprecated -W ignore:easy_install command is deprecated setup.py egg_info --egg-base ../../build/pub_sub build --build-base /home/harry/robot/build/pub_sub/build install --record /home/harry/robot/build/pub_sub/install.log --single-version-externally-managed install_data
