[1.516s] Invoking command in '/home/rss/robot_harry/robotik/src/create3_examples/create3_examples_py': PYTHONPATH=/home/rss/robot_harry/robotik/build/create3_examples_py/prefix_override:/usr/lib/python3/dist-packages/colcon_core/task/python/colcon_distutils_commands:/home/rss/robot_harry/robotik/install/create3_examples_py/lib/python3.10/site-packages:${PYTHONPATH} /usr/bin/python3 -W ignore:setup.py install is deprecated -W ignore:easy_install command is deprecated setup.py egg_info --egg-base ../../../build/create3_examples_py build --build-base /home/rss/robot_harry/robotik/build/create3_examples_py/build install --record /home/rss/robot_harry/robotik/build/create3_examples_py/install.log --single-version-externally-managed install_data
[1.784s] running egg_info
[1.785s] writing ../../../build/create3_examples_py/create3_examples_py.egg-info/PKG-INFO
[1.785s] writing dependency_links to ../../../build/create3_examples_py/create3_examples_py.egg-info/dependency_links.txt
[1.785s] writing entry points to ../../../build/create3_examples_py/create3_examples_py.egg-info/entry_points.txt
[1.785s] writing requirements to ../../../build/create3_examples_py/create3_examples_py.egg-info/requires.txt
[1.786s] writing top-level names to ../../../build/create3_examples_py/create3_examples_py.egg-info/top_level.txt
[1.787s] reading manifest file '../../../build/create3_examples_py/create3_examples_py.egg-info/SOURCES.txt'
[1.788s] writing manifest file '../../../build/create3_examples_py/create3_examples_py.egg-info/SOURCES.txt'
[1.788s] running build
[1.788s] running build_py
[1.789s] running install
[1.789s] running install_lib
[1.790s] running install_data
[1.790s] running install_egg_info
[1.792s] removing '/home/rss/robot_harry/robotik/install/create3_examples_py/lib/python3.10/site-packages/create3_examples_py-0.0.5-py3.10.egg-info' (and everything under it)
[1.792s] Copying ../../../build/create3_examples_py/create3_examples_py.egg-info to /home/rss/robot_harry/robotik/install/create3_examples_py/lib/python3.10/site-packages/create3_examples_py-0.0.5-py3.10.egg-info
[1.793s] running install_scripts
[1.809s] Installing create3_dance script to /home/rss/robot_harry/robotik/install/create3_examples_py/lib/create3_examples_py
[1.810s] writing list of installed files to '/home/rss/robot_harry/robotik/build/create3_examples_py/install.log'
[2.040s] Invoked command in '/home/rss/robot_harry/robotik/src/create3_examples/create3_examples_py' returned '0': PYTHONPATH=/home/rss/robot_harry/robotik/build/create3_examples_py/prefix_override:/usr/lib/python3/dist-packages/colcon_core/task/python/colcon_distutils_commands:/home/rss/robot_harry/robotik/install/create3_examples_py/lib/python3.10/site-packages:${PYTHONPATH} /usr/bin/python3 -W ignore:setup.py install is deprecated -W ignore:easy_install command is deprecated setup.py egg_info --egg-base ../../../build/create3_examples_py build --build-base /home/rss/robot_harry/robotik/build/create3_examples_py/build install --record /home/rss/robot_harry/robotik/build/create3_examples_py/install.log --single-version-externally-managed install_data
