[1.845s] Invoking command in '/home/rss/robot_harry/robotik/src/webcam_bringup': PYTHONPATH=/home/rss/robot_harry/robotik/build/webcam_bringup/prefix_override:/usr/lib/python3/dist-packages/colcon_core/task/python/colcon_distutils_commands:/home/rss/robot_harry/robotik/install/webcam_bringup/lib/python3.10/site-packages:${PYTHONPATH} /usr/bin/python3 -W ignore:setup.py install is deprecated -W ignore:easy_install command is deprecated setup.py egg_info --egg-base ../../build/webcam_bringup build --build-base /home/rss/robot_harry/robotik/build/webcam_bringup/build install --record /home/rss/robot_harry/robotik/build/webcam_bringup/install.log --single-version-externally-managed install_data
[2.475s] running egg_info
[2.476s] creating ../../build/webcam_bringup/webcam_bringup.egg-info
[2.476s] writing ../../build/webcam_bringup/webcam_bringup.egg-info/PKG-INFO
[2.477s] writing dependency_links to ../../build/webcam_bringup/webcam_bringup.egg-info/dependency_links.txt
[2.477s] writing entry points to ../../build/webcam_bringup/webcam_bringup.egg-info/entry_points.txt
[2.477s] writing requirements to ../../build/webcam_bringup/webcam_bringup.egg-info/requires.txt
[2.477s] writing top-level names to ../../build/webcam_bringup/webcam_bringup.egg-info/top_level.txt
[2.477s] writing manifest file '../../build/webcam_bringup/webcam_bringup.egg-info/SOURCES.txt'
[2.484s] reading manifest file '../../build/webcam_bringup/webcam_bringup.egg-info/SOURCES.txt'
[2.484s] writing manifest file '../../build/webcam_bringup/webcam_bringup.egg-info/SOURCES.txt'
[2.485s] running build
[2.485s] running build_py
[2.485s] creating /home/rss/robot_harry/robotik/build/webcam_bringup/build
[2.485s] creating /home/rss/robot_harry/robotik/build/webcam_bringup/build/lib
[2.485s] creating /home/rss/robot_harry/robotik/build/webcam_bringup/build/lib/webcam_bringup
[2.485s] copying webcam_bringup/__init__.py -> /home/rss/robot_harry/robotik/build/webcam_bringup/build/lib/webcam_bringup
[2.485s] running install
[2.485s] running install_lib
[2.486s] creating /home/rss/robot_harry/robotik/install/webcam_bringup/lib/python3.10/site-packages/webcam_bringup
[2.486s] copying /home/rss/robot_harry/robotik/build/webcam_bringup/build/lib/webcam_bringup/__init__.py -> /home/rss/robot_harry/robotik/install/webcam_bringup/lib/python3.10/site-packages/webcam_bringup
[2.487s] byte-compiling /home/rss/robot_harry/robotik/install/webcam_bringup/lib/python3.10/site-packages/webcam_bringup/__init__.py to __init__.cpython-310.pyc
[2.487s] running install_data
[2.489s] creating /home/rss/robot_harry/robotik/install/webcam_bringup/share/ament_index
[2.489s] creating /home/rss/robot_harry/robotik/install/webcam_bringup/share/ament_index/resource_index
[2.489s] creating /home/rss/robot_harry/robotik/install/webcam_bringup/share/ament_index/resource_index/packages
[2.489s] copying resource/webcam_bringup -> /home/rss/robot_harry/robotik/install/webcam_bringup/share/ament_index/resource_index/packages
[2.490s] copying package.xml -> /home/rss/robot_harry/robotik/install/webcam_bringup/share/webcam_bringup
[2.490s] creating /home/rss/robot_harry/robotik/install/webcam_bringup/share/webcam_bringup/launch
[2.490s] copying launch/webcam.launch.yaml -> /home/rss/robot_harry/robotik/install/webcam_bringup/share/webcam_bringup/launch
[2.490s] creating /home/rss/robot_harry/robotik/install/webcam_bringup/share/webcam_bringup/config
[2.490s] copying config/webcam.yaml -> /home/rss/robot_harry/robotik/install/webcam_bringup/share/webcam_bringup/config
[2.490s] copying config/camera_params.yaml -> /home/rss/robot_harry/robotik/install/webcam_bringup/share/webcam_bringup/config
[2.490s] running install_egg_info
[2.490s] Copying ../../build/webcam_bringup/webcam_bringup.egg-info to /home/rss/robot_harry/robotik/install/webcam_bringup/lib/python3.10/site-packages/webcam_bringup-0.0.0-py3.10.egg-info
[2.497s] running install_scripts
[2.533s] writing list of installed files to '/home/rss/robot_harry/robotik/build/webcam_bringup/install.log'
[2.572s] Invoked command in '/home/rss/robot_harry/robotik/src/webcam_bringup' returned '0': PYTHONPATH=/home/rss/robot_harry/robotik/build/webcam_bringup/prefix_override:/usr/lib/python3/dist-packages/colcon_core/task/python/colcon_distutils_commands:/home/rss/robot_harry/robotik/install/webcam_bringup/lib/python3.10/site-packages:${PYTHONPATH} /usr/bin/python3 -W ignore:setup.py install is deprecated -W ignore:easy_install command is deprecated setup.py egg_info --egg-base ../../build/webcam_bringup build --build-base /home/rss/robot_harry/robotik/build/webcam_bringup/build install --record /home/rss/robot_harry/robotik/build/webcam_bringup/install.log --single-version-externally-managed install_data
