[1.062s] Invoking command in '/home/rss/robot_harry/robotik/src/create3_examples/create3_teleop': PYTHONPATH=/home/rss/robot_harry/robotik/build/create3_teleop/prefix_override:/usr/lib/python3/dist-packages/colcon_core/task/python/colcon_distutils_commands:/home/rss/robot_harry/robotik/install/create3_teleop/lib/python3.10/site-packages:${PYTHONPATH} /usr/bin/python3 -W ignore:setup.py install is deprecated -W ignore:easy_install command is deprecated setup.py egg_info --egg-base ../../../build/create3_teleop build --build-base /home/rss/robot_harry/robotik/build/create3_teleop/build install --record /home/rss/robot_harry/robotik/build/create3_teleop/install.log --single-version-externally-managed install_data
[1.569s] running egg_info
[1.577s] creating ../../../build/create3_teleop/create3_teleop.egg-info
[1.577s] writing ../../../build/create3_teleop/create3_teleop.egg-info/PKG-INFO
[1.577s] writing dependency_links to ../../../build/create3_teleop/create3_teleop.egg-info/dependency_links.txt
[1.577s] writing requirements to ../../../build/create3_teleop/create3_teleop.egg-info/requires.txt
[1.577s] writing top-level names to ../../../build/create3_teleop/create3_teleop.egg-info/top_level.txt
[1.577s] writing manifest file '../../../build/create3_teleop/create3_teleop.egg-info/SOURCES.txt'
[1.584s] reading manifest file '../../../build/create3_teleop/create3_teleop.egg-info/SOURCES.txt'
[1.585s] writing manifest file '../../../build/create3_teleop/create3_teleop.egg-info/SOURCES.txt'
[1.585s] running build
[1.585s] running install
[1.588s] running install_data
[1.588s] creating /home/rss/robot_harry/robotik/install/create3_teleop/share/ament_index
[1.588s] creating /home/rss/robot_harry/robotik/install/create3_teleop/share/ament_index/resource_index
[1.588s] creating /home/rss/robot_harry/robotik/install/create3_teleop/share/ament_index/resource_index/packages
[1.588s] copying resource/create3_teleop -> /home/rss/robot_harry/robotik/install/create3_teleop/share/ament_index/resource_index/packages
[1.589s] copying package.xml -> /home/rss/robot_harry/robotik/install/create3_teleop/share/create3_teleop
[1.593s] creating /home/rss/robot_harry/robotik/install/create3_teleop/share/create3_teleop/launch
[1.593s] copying launch/teleop_joystick_launch.py -> /home/rss/robot_harry/robotik/install/create3_teleop/share/create3_teleop/launch
[1.593s] running install_egg_info
[1.605s] Copying ../../../build/create3_teleop/create3_teleop.egg-info to /home/rss/robot_harry/robotik/install/create3_teleop/lib/python3.10/site-packages/create3_teleop-0.0.5-py3.10.egg-info
[1.605s] running install_scripts
[1.654s] writing list of installed files to '/home/rss/robot_harry/robotik/build/create3_teleop/install.log'
[2.212s] Invoked command in '/home/rss/robot_harry/robotik/src/create3_examples/create3_teleop' returned '0': PYTHONPATH=/home/rss/robot_harry/robotik/build/create3_teleop/prefix_override:/usr/lib/python3/dist-packages/colcon_core/task/python/colcon_distutils_commands:/home/rss/robot_harry/robotik/install/create3_teleop/lib/python3.10/site-packages:${PYTHONPATH} /usr/bin/python3 -W ignore:setup.py install is deprecated -W ignore:easy_install command is deprecated setup.py egg_info --egg-base ../../../build/create3_teleop build --build-base /home/rss/robot_harry/robotik/build/create3_teleop/build install --record /home/rss/robot_harry/robotik/build/create3_teleop/install.log --single-version-externally-managed install_data
