[2.355s] Invoking command in '/home/rss/robot_harry/robotik/src/object_detection': PYTHONPATH=/home/rss/robot_harry/robotik/build/object_detection/prefix_override:/usr/lib/python3/dist-packages/colcon_core/task/python/colcon_distutils_commands:/home/rss/robot_harry/robotik/install/object_detection/lib/python3.10/site-packages:${PYTHONPATH} /usr/bin/python3 -W ignore:setup.py install is deprecated -W ignore:easy_install command is deprecated setup.py egg_info --egg-base ../../build/object_detection build --build-base /home/rss/robot_harry/robotik/build/object_detection/build install --record /home/rss/robot_harry/robotik/build/object_detection/install.log --single-version-externally-managed install_data
[2.808s] running egg_info
[2.808s] creating ../../build/object_detection/object_detection.egg-info
[2.809s] writing ../../build/object_detection/object_detection.egg-info/PKG-INFO
[2.810s] writing dependency_links to ../../build/object_detection/object_detection.egg-info/dependency_links.txt
[2.810s] writing entry points to ../../build/object_detection/object_detection.egg-info/entry_points.txt
[2.810s] writing requirements to ../../build/object_detection/object_detection.egg-info/requires.txt
[2.810s] writing top-level names to ../../build/object_detection/object_detection.egg-info/top_level.txt
[2.810s] writing manifest file '../../build/object_detection/object_detection.egg-info/SOURCES.txt'
[2.813s] reading manifest file '../../build/object_detection/object_detection.egg-info/SOURCES.txt'
[2.813s] writing manifest file '../../build/object_detection/object_detection.egg-info/SOURCES.txt'
[2.817s] running build
[2.817s] running build_py
[2.817s] creating /home/rss/robot_harry/robotik/build/object_detection/build
[2.817s] creating /home/rss/robot_harry/robotik/build/object_detection/build/lib
[2.817s] creating /home/rss/robot_harry/robotik/build/object_detection/build/lib/object_detection
[2.817s] copying object_detection/yolo_detection.py -> /home/rss/robot_harry/robotik/build/object_detection/build/lib/object_detection
[2.817s] copying object_detection/__init__.py -> /home/rss/robot_harry/robotik/build/object_detection/build/lib/object_detection
[2.818s] running install
[2.818s] running install_lib
[2.818s] creating /home/rss/robot_harry/robotik/install/object_detection/lib/python3.10/site-packages/object_detection
[2.818s] copying /home/rss/robot_harry/robotik/build/object_detection/build/lib/object_detection/yolo_detection.py -> /home/rss/robot_harry/robotik/install/object_detection/lib/python3.10/site-packages/object_detection
[2.818s] copying /home/rss/robot_harry/robotik/build/object_detection/build/lib/object_detection/__init__.py -> /home/rss/robot_harry/robotik/install/object_detection/lib/python3.10/site-packages/object_detection
[2.818s] byte-compiling /home/rss/robot_harry/robotik/install/object_detection/lib/python3.10/site-packages/object_detection/yolo_detection.py to yolo_detection.cpython-310.pyc
[2.818s] byte-compiling /home/rss/robot_harry/robotik/install/object_detection/lib/python3.10/site-packages/object_detection/__init__.py to __init__.cpython-310.pyc
[2.818s] running install_data
[2.818s] creating /home/rss/robot_harry/robotik/install/object_detection/share/ament_index
[2.818s] creating /home/rss/robot_harry/robotik/install/object_detection/share/ament_index/resource_index
[2.818s] creating /home/rss/robot_harry/robotik/install/object_detection/share/ament_index/resource_index/packages
[2.818s] copying resource/object_detection -> /home/rss/robot_harry/robotik/install/object_detection/share/ament_index/resource_index/packages
[2.818s] copying package.xml -> /home/rss/robot_harry/robotik/install/object_detection/share/object_detection
[2.818s] running install_egg_info
[2.819s] Copying ../../build/object_detection/object_detection.egg-info to /home/rss/robot_harry/robotik/install/object_detection/lib/python3.10/site-packages/object_detection-0.0.0-py3.10.egg-info
[2.820s] running install_scripts
[2.849s] Installing yolo_to_ros script to /home/rss/robot_harry/robotik/install/object_detection/lib/object_detection
[2.849s] writing list of installed files to '/home/rss/robot_harry/robotik/build/object_detection/install.log'
[2.891s] Invoked command in '/home/rss/robot_harry/robotik/src/object_detection' returned '0': PYTHONPATH=/home/rss/robot_harry/robotik/build/object_detection/prefix_override:/usr/lib/python3/dist-packages/colcon_core/task/python/colcon_distutils_commands:/home/rss/robot_harry/robotik/install/object_detection/lib/python3.10/site-packages:${PYTHONPATH} /usr/bin/python3 -W ignore:setup.py install is deprecated -W ignore:easy_install command is deprecated setup.py egg_info --egg-base ../../build/object_detection build --build-base /home/rss/robot_harry/robotik/build/object_detection/build install --record /home/rss/robot_harry/robotik/build/object_detection/install.log --single-version-externally-managed install_data
