[3.460s] Invoking command in '/home/rss/robot_harry/robotik/src/pub_sub': PYTHONPATH=/home/rss/robot_harry/robotik/build/pub_sub/prefix_override:/usr/lib/python3/dist-packages/colcon_core/task/python/colcon_distutils_commands:/home/rss/robot_harry/robotik/install/pub_sub/lib/python3.10/site-packages:${PYTHONPATH} /usr/bin/python3 -W ignore:setup.py install is deprecated -W ignore:easy_install command is deprecated setup.py egg_info --egg-base ../../build/pub_sub build --build-base /home/rss/robot_harry/robotik/build/pub_sub/build install --record /home/rss/robot_harry/robotik/build/pub_sub/install.log --single-version-externally-managed install_data
[4.538s] running egg_info
[4.549s] creating ../../build/pub_sub/pub_sub.egg-info
[4.549s] writing ../../build/pub_sub/pub_sub.egg-info/PKG-INFO
[4.549s] writing dependency_links to ../../build/pub_sub/pub_sub.egg-info/dependency_links.txt
[4.549s] writing entry points to ../../build/pub_sub/pub_sub.egg-info/entry_points.txt
[4.550s] writing requirements to ../../build/pub_sub/pub_sub.egg-info/requires.txt
[4.550s] writing top-level names to ../../build/pub_sub/pub_sub.egg-info/top_level.txt
[4.550s] writing manifest file '../../build/pub_sub/pub_sub.egg-info/SOURCES.txt'
[4.555s] reading manifest file '../../build/pub_sub/pub_sub.egg-info/SOURCES.txt'
[4.564s] writing manifest file '../../build/pub_sub/pub_sub.egg-info/SOURCES.txt'
[4.564s] running build
[4.564s] running build_py
[4.572s] creating /home/rss/robot_harry/robotik/build/pub_sub/build
[4.572s] creating /home/rss/robot_harry/robotik/build/pub_sub/build/lib
[4.572s] creating /home/rss/robot_harry/robotik/build/pub_sub/build/lib/pub_sub
[4.572s] copying pub_sub/cam_publisher.py -> /home/rss/robot_harry/robotik/build/pub_sub/build/lib/pub_sub
[4.572s] copying pub_sub/test_cam.py -> /home/rss/robot_harry/robotik/build/pub_sub/build/lib/pub_sub
[4.572s] copying pub_sub/__init__.py -> /home/rss/robot_harry/robotik/build/pub_sub/build/lib/pub_sub
[4.572s] copying pub_sub/sub.py -> /home/rss/robot_harry/robotik/build/pub_sub/build/lib/pub_sub
[4.572s] copying pub_sub/communication_node.py -> /home/rss/robot_harry/robotik/build/pub_sub/build/lib/pub_sub
[4.572s] copying pub_sub/publisher.py -> /home/rss/robot_harry/robotik/build/pub_sub/build/lib/pub_sub
[4.573s] copying pub_sub/yolo_detector.py -> /home/rss/robot_harry/robotik/build/pub_sub/build/lib/pub_sub
[4.573s] running install
[4.573s] running install_lib
[4.573s] creating /home/rss/robot_harry/robotik/install/pub_sub/lib/python3.10/site-packages/pub_sub
[4.573s] copying /home/rss/robot_harry/robotik/build/pub_sub/build/lib/pub_sub/cam_publisher.py -> /home/rss/robot_harry/robotik/install/pub_sub/lib/python3.10/site-packages/pub_sub
[4.580s] copying /home/rss/robot_harry/robotik/build/pub_sub/build/lib/pub_sub/test_cam.py -> /home/rss/robot_harry/robotik/install/pub_sub/lib/python3.10/site-packages/pub_sub
[4.580s] copying /home/rss/robot_harry/robotik/build/pub_sub/build/lib/pub_sub/__init__.py -> /home/rss/robot_harry/robotik/install/pub_sub/lib/python3.10/site-packages/pub_sub
[4.580s] copying /home/rss/robot_harry/robotik/build/pub_sub/build/lib/pub_sub/sub.py -> /home/rss/robot_harry/robotik/install/pub_sub/lib/python3.10/site-packages/pub_sub
[4.580s] copying /home/rss/robot_harry/robotik/build/pub_sub/build/lib/pub_sub/communication_node.py -> /home/rss/robot_harry/robotik/install/pub_sub/lib/python3.10/site-packages/pub_sub
[4.580s] copying /home/rss/robot_harry/robotik/build/pub_sub/build/lib/pub_sub/publisher.py -> /home/rss/robot_harry/robotik/install/pub_sub/lib/python3.10/site-packages/pub_sub
[4.580s] copying /home/rss/robot_harry/robotik/build/pub_sub/build/lib/pub_sub/yolo_detector.py -> /home/rss/robot_harry/robotik/install/pub_sub/lib/python3.10/site-packages/pub_sub
[4.582s] byte-compiling /home/rss/robot_harry/robotik/install/pub_sub/lib/python3.10/site-packages/pub_sub/cam_publisher.py to cam_publisher.cpython-310.pyc
[4.583s] byte-compiling /home/rss/robot_harry/robotik/install/pub_sub/lib/python3.10/site-packages/pub_sub/test_cam.py to test_cam.cpython-310.pyc
[4.588s] byte-compiling /home/rss/robot_harry/robotik/install/pub_sub/lib/python3.10/site-packages/pub_sub/__init__.py to __init__.cpython-310.pyc
[4.588s] byte-compiling /home/rss/robot_harry/robotik/install/pub_sub/lib/python3.10/site-packages/pub_sub/sub.py to sub.cpython-310.pyc
[4.588s] byte-compiling /home/rss/robot_harry/robotik/install/pub_sub/lib/python3.10/site-packages/pub_sub/communication_node.py to communication_node.cpython-310.pyc
[4.588s] byte-compiling /home/rss/robot_harry/robotik/install/pub_sub/lib/python3.10/site-packages/pub_sub/publisher.py to publisher.cpython-310.pyc
[4.591s] byte-compiling /home/rss/robot_harry/robotik/install/pub_sub/lib/python3.10/site-packages/pub_sub/yolo_detector.py to yolo_detector.cpython-310.pyc
[4.593s] running install_data
[4.593s] creating /home/rss/robot_harry/robotik/install/pub_sub/share/ament_index
[4.593s] creating /home/rss/robot_harry/robotik/install/pub_sub/share/ament_index/resource_index
[4.593s] creating /home/rss/robot_harry/robotik/install/pub_sub/share/ament_index/resource_index/packages
[4.593s] copying resource/pub_sub -> /home/rss/robot_harry/robotik/install/pub_sub/share/ament_index/resource_index/packages
[4.593s] copying package.xml -> /home/rss/robot_harry/robotik/install/pub_sub/share/pub_sub
[4.593s] running install_egg_info
[4.604s] Copying ../../build/pub_sub/pub_sub.egg-info to /home/rss/robot_harry/robotik/install/pub_sub/lib/python3.10/site-packages/pub_sub-0.0.0-py3.10.egg-info
[4.604s] running install_scripts
[4.684s] Installing publisher_node script to /home/rss/robot_harry/robotik/install/pub_sub/lib/pub_sub
[4.684s] Installing subscriber_node script to /home/rss/robot_harry/robotik/install/pub_sub/lib/pub_sub
[4.684s] Installing test_cam_node script to /home/rss/robot_harry/robotik/install/pub_sub/lib/pub_sub
[4.684s] Installing yolo_detector_node script to /home/rss/robot_harry/robotik/install/pub_sub/lib/pub_sub
[4.684s] writing list of installed files to '/home/rss/robot_harry/robotik/build/pub_sub/install.log'
[4.824s] Invoked command in '/home/rss/robot_harry/robotik/src/pub_sub' returned '0': PYTHONPATH=/home/rss/robot_harry/robotik/build/pub_sub/prefix_override:/usr/lib/python3/dist-packages/colcon_core/task/python/colcon_distutils_commands:/home/rss/robot_harry/robotik/install/pub_sub/lib/python3.10/site-packages:${PYTHONPATH} /usr/bin/python3 -W ignore:setup.py install is deprecated -W ignore:easy_install command is deprecated setup.py egg_info --egg-base ../../build/pub_sub build --build-base /home/rss/robot_harry/robotik/build/pub_sub/build install --record /home/rss/robot_harry/robotik/build/pub_sub/install.log --single-version-externally-managed install_data
