[1.012s] Invoking command in '/home/rss/robot_harry/robotik/src/webcam_bringup': PYTHONPATH=/home/rss/robot_harry/robotik/build/webcam_bringup/prefix_override:/usr/lib/python3/dist-packages/colcon_core/task/python/colcon_distutils_commands:/home/rss/robot_harry/robotik/install/webcam_bringup/lib/python3.10/site-packages:${PYTHONPATH} /usr/bin/python3 -W ignore:setup.py install is deprecated -W ignore:easy_install command is deprecated setup.py egg_info --egg-base ../../build/webcam_bringup build --build-base /home/rss/robot_harry/robotik/build/webcam_bringup/build install --record /home/rss/robot_harry/robotik/build/webcam_bringup/install.log --single-version-externally-managed install_data
[1.222s] running egg_info
[1.223s] writing ../../build/webcam_bringup/webcam_bringup.egg-info/PKG-INFO
[1.223s] writing dependency_links to ../../build/webcam_bringup/webcam_bringup.egg-info/dependency_links.txt
[1.223s] writing entry points to ../../build/webcam_bringup/webcam_bringup.egg-info/entry_points.txt
[1.223s] writing requirements to ../../build/webcam_bringup/webcam_bringup.egg-info/requires.txt
[1.224s] writing top-level names to ../../build/webcam_bringup/webcam_bringup.egg-info/top_level.txt
[1.225s] reading manifest file '../../build/webcam_bringup/webcam_bringup.egg-info/SOURCES.txt'
[1.226s] writing manifest file '../../build/webcam_bringup/webcam_bringup.egg-info/SOURCES.txt'
[1.226s] running build
[1.226s] running build_py
[1.226s] running install
[1.226s] running install_lib
[1.227s] running install_data
[1.228s] running install_egg_info
[1.229s] removing '/home/rss/robot_harry/robotik/install/webcam_bringup/lib/python3.10/site-packages/webcam_bringup-0.0.0-py3.10.egg-info' (and everything under it)
[1.229s] Copying ../../build/webcam_bringup/webcam_bringup.egg-info to /home/rss/robot_harry/robotik/install/webcam_bringup/lib/python3.10/site-packages/webcam_bringup-0.0.0-py3.10.egg-info
[1.230s] running install_scripts
[1.249s] writing list of installed files to '/home/rss/robot_harry/robotik/build/webcam_bringup/install.log'
[1.269s] Invoked command in '/home/rss/robot_harry/robotik/src/webcam_bringup' returned '0': PYTHONPATH=/home/rss/robot_harry/robotik/build/webcam_bringup/prefix_override:/usr/lib/python3/dist-packages/colcon_core/task/python/colcon_distutils_commands:/home/rss/robot_harry/robotik/install/webcam_bringup/lib/python3.10/site-packages:${PYTHONPATH} /usr/bin/python3 -W ignore:setup.py install is deprecated -W ignore:easy_install command is deprecated setup.py egg_info --egg-base ../../build/webcam_bringup build --build-base /home/rss/robot_harry/robotik/build/webcam_bringup/build install --record /home/rss/robot_harry/robotik/build/webcam_bringup/install.log --single-version-externally-managed install_data
