[0.029s] Invoking command in '/home/rss/robot_harry/robotik/build/apriltag_msgs': CMAKE_PREFIX_PATH=${CMAKE_PREFIX_PATH}:/home/rss/robot_harry/robotik/install/tag_detection:/home/rss/robot_harry/robotik/install/webcam_bringup:/home/rss/robot_harry/robotik/install/teleop:/home/rss/robot_harry/robotik/install/robot_bringup:/home/rss/robot_harry/robotik/install/realsense2_ros_mqtt_bridge:/home/rss/robot_harry/robotik/install/pub_sub:/home/rss/robot_harry/robotik/install/object_detection:/home/rss/robot_harry/robotik/install/my_robot_navigation:/home/rss/robot_harry/robotik/install/create3_teleop:/home/rss/robot_harry/robotik/install/create3_examples_py:/opt/ros/humble /usr/bin/cmake --build /home/rss/robot_harry/robotik/build/apriltag_msgs -- -j8 -l8
[0.621s] -- Found ament_cmake: 1.3.12 (/opt/ros/humble/share/ament_cmake/cmake)
[0.621s] -- Found rosidl_default_generators: 1.2.0 (/opt/ros/humble/share/rosidl_default_generators/cmake)
[0.622s] -- Using all available rosidl_typesupport_c: rosidl_typesupport_fastrtps_c;rosidl_typesupport_introspection_c
[0.622s] -- Found rosidl_adapter: 3.1.8 (/opt/ros/humble/share/rosidl_adapter/cmake)
[0.622s] -- Using all available rosidl_typesupport_cpp: rosidl_typesupport_fastrtps_cpp;rosidl_typesupport_introspection_cpp
[0.622s] -- Found std_msgs: 4.9.0 (/opt/ros/humble/share/std_msgs/cmake)
[0.622s] -- Found ament_cmake_ros: 0.10.0 (/opt/ros/humble/share/ament_cmake_ros/cmake)
[0.622s] -- Using all available rosidl_typesupport_c: rosidl_typesupport_fastrtps_c;rosidl_typesupport_introspection_c
[0.913s] -- Using all available rosidl_typesupport_cpp: rosidl_typesupport_fastrtps_cpp;rosidl_typesupport_introspection_cpp
[0.937s] -- Found python_cmake_module: 0.10.0 (/opt/ros/humble/share/python_cmake_module/cmake)
[0.954s] -- Using PYTHON_EXECUTABLE: /usr/bin/python3
[0.954s] -- Using PYTHON_INCLUDE_DIRS: /usr/include/python3.10
[0.954s] -- Using PYTHON_LIBRARIES: /usr/lib/x86_64-linux-gnu/libpython3.10.so
[0.976s] -- Found ament_lint_auto: 0.12.14 (/opt/ros/humble/share/ament_lint_auto/cmake)
[0.981s] -- Added test 'lint_cmake' to check CMake code style
[0.982s] -- Added test 'xmllint' to check XML markup files
[0.983s] -- Configuring done
[1.003s] -- Generating done
[1.011s] -- Build files have been written to: /home/rss/robot_harry/robotik/build/apriltag_msgs
[1.030s] [35m[1mConsolidate compiler generated dependencies of target apriltag_msgs__rosidl_generator_c[0m
[1.036s] [  2%] Built target apriltag_msgs__cpp
[1.038s] [ 12%] Built target apriltag_msgs__rosidl_generator_c
[1.045s] [ 12%] Built target ament_cmake_python_copy_apriltag_msgs
[1.046s] [35m[1mConsolidate compiler generated dependencies of target apriltag_msgs__rosidl_typesupport_cpp[0m
[1.046s] [35m[1mConsolidate compiler generated dependencies of target apriltag_msgs__rosidl_typesupport_fastrtps_cpp[0m
[1.047s] [35m[1mConsolidate compiler generated dependencies of target apriltag_msgs__rosidl_typesupport_c[0m
[1.047s] [35m[1mConsolidate compiler generated dependencies of target apriltag_msgs__rosidl_typesupport_introspection_cpp[0m
[1.048s] [35m[1mConsolidate compiler generated dependencies of target apriltag_msgs__rosidl_typesupport_fastrtps_c[0m
[1.050s] [35m[1mConsolidate compiler generated dependencies of target apriltag_msgs__rosidl_typesupport_introspection_c[0m
[1.062s] [ 23%] Built target apriltag_msgs__rosidl_typesupport_cpp
[1.062s] [ 34%] Built target apriltag_msgs__rosidl_typesupport_fastrtps_cpp
[1.063s] [ 44%] Built target apriltag_msgs__rosidl_typesupport_c
[1.063s] [ 55%] Built target apriltag_msgs__rosidl_typesupport_introspection_cpp
[1.063s] [ 65%] Built target apriltag_msgs__rosidl_typesupport_introspection_c
[1.063s] [ 76%] Built target apriltag_msgs__rosidl_typesupport_fastrtps_c
[1.077s] [ 76%] Built target apriltag_msgs
[1.091s] [ 78%] Built target apriltag_msgs__py
[1.098s] [35m[1mConsolidate compiler generated dependencies of target apriltag_msgs__rosidl_generator_py[0m
[1.108s] [ 87%] Built target apriltag_msgs__rosidl_generator_py
[1.115s] [35m[1mConsolidate compiler generated dependencies of target apriltag_msgs__rosidl_typesupport_fastrtps_c__pyext[0m
[1.118s] [35m[1mConsolidate compiler generated dependencies of target apriltag_msgs__rosidl_typesupport_c__pyext[0m
[1.118s] [35m[1mConsolidate compiler generated dependencies of target apriltag_msgs__rosidl_typesupport_introspection_c__pyext[0m
[1.125s] [ 91%] Built target apriltag_msgs__rosidl_typesupport_fastrtps_c__pyext
[1.129s] [ 95%] Built target apriltag_msgs__rosidl_typesupport_c__pyext
[1.130s] [100%] Built target apriltag_msgs__rosidl_typesupport_introspection_c__pyext
[1.265s] running egg_info
[1.266s] writing apriltag_msgs.egg-info/PKG-INFO
[1.266s] writing dependency_links to apriltag_msgs.egg-info/dependency_links.txt
[1.266s] writing top-level names to apriltag_msgs.egg-info/top_level.txt
[1.266s] reading manifest file 'apriltag_msgs.egg-info/SOURCES.txt'
[1.267s] writing manifest file 'apriltag_msgs.egg-info/SOURCES.txt'
[1.296s] [100%] Built target ament_cmake_python_build_apriltag_msgs_egg
[1.695s] Invoked command in '/home/rss/robot_harry/robotik/build/apriltag_msgs' returned '0': CMAKE_PREFIX_PATH=${CMAKE_PREFIX_PATH}:/home/rss/robot_harry/robotik/install/tag_detection:/home/rss/robot_harry/robotik/install/webcam_bringup:/home/rss/robot_harry/robotik/install/teleop:/home/rss/robot_harry/robotik/install/robot_bringup:/home/rss/robot_harry/robotik/install/realsense2_ros_mqtt_bridge:/home/rss/robot_harry/robotik/install/pub_sub:/home/rss/robot_harry/robotik/install/object_detection:/home/rss/robot_harry/robotik/install/my_robot_navigation:/home/rss/robot_harry/robotik/install/create3_teleop:/home/rss/robot_harry/robotik/install/create3_examples_py:/opt/ros/humble /usr/bin/cmake --build /home/rss/robot_harry/robotik/build/apriltag_msgs -- -j8 -l8
[1.696s] Invoking command in '/home/rss/robot_harry/robotik/build/apriltag_msgs': CMAKE_PREFIX_PATH=${CMAKE_PREFIX_PATH}:/home/rss/robot_harry/robotik/install/tag_detection:/home/rss/robot_harry/robotik/install/webcam_bringup:/home/rss/robot_harry/robotik/install/teleop:/home/rss/robot_harry/robotik/install/robot_bringup:/home/rss/robot_harry/robotik/install/realsense2_ros_mqtt_bridge:/home/rss/robot_harry/robotik/install/pub_sub:/home/rss/robot_harry/robotik/install/object_detection:/home/rss/robot_harry/robotik/install/my_robot_navigation:/home/rss/robot_harry/robotik/install/create3_teleop:/home/rss/robot_harry/robotik/install/create3_examples_py:/opt/ros/humble /usr/bin/cmake --install /home/rss/robot_harry/robotik/build/apriltag_msgs
[1.703s] -- Install configuration: ""
[1.703s] -- Up-to-date: /home/rss/robot_harry/robotik/install/apriltag_msgs/share/ament_index/resource_index/rosidl_interfaces/apriltag_msgs
[1.704s] -- Up-to-date: /home/rss/robot_harry/robotik/install/apriltag_msgs/include/apriltag_msgs/apriltag_msgs
[1.704s] -- Up-to-date: /home/rss/robot_harry/robotik/install/apriltag_msgs/include/apriltag_msgs/apriltag_msgs/msg
[1.704s] -- Up-to-date: /home/rss/robot_harry/robotik/install/apriltag_msgs/include/apriltag_msgs/apriltag_msgs/msg/april_tag_detection_array.h
[1.704s] -- Up-to-date: /home/rss/robot_harry/robotik/install/apriltag_msgs/include/apriltag_msgs/apriltag_msgs/msg/april_tag_detection.h
[1.704s] -- Up-to-date: /home/rss/robot_harry/robotik/install/apriltag_msgs/include/apriltag_msgs/apriltag_msgs/msg/point.h
[1.704s] -- Up-to-date: /home/rss/robot_harry/robotik/install/apriltag_msgs/include/apriltag_msgs/apriltag_msgs/msg/detail
[1.704s] -- Up-to-date: /home/rss/robot_harry/robotik/install/apriltag_msgs/include/apriltag_msgs/apriltag_msgs/msg/detail/point__type_support.h
[1.704s] -- Up-to-date: /home/rss/robot_harry/robotik/install/apriltag_msgs/include/apriltag_msgs/apriltag_msgs/msg/detail/april_tag_detection_array__type_support.h
[1.704s] -- Up-to-date: /home/rss/robot_harry/robotik/install/apriltag_msgs/include/apriltag_msgs/apriltag_msgs/msg/detail/april_tag_detection__type_support.h
[1.704s] -- Up-to-date: /home/rss/robot_harry/robotik/install/apriltag_msgs/include/apriltag_msgs/apriltag_msgs/msg/detail/april_tag_detection_array__functions.c
[1.705s] -- Up-to-date: /home/rss/robot_harry/robotik/install/apriltag_msgs/include/apriltag_msgs/apriltag_msgs/msg/detail/april_tag_detection_array__struct.h
[1.705s] -- Up-to-date: /home/rss/robot_harry/robotik/install/apriltag_msgs/include/apriltag_msgs/apriltag_msgs/msg/detail/april_tag_detection__struct.h
[1.705s] -- Up-to-date: /home/rss/robot_harry/robotik/install/apriltag_msgs/include/apriltag_msgs/apriltag_msgs/msg/detail/point__functions.h
[1.705s] -- Up-to-date: /home/rss/robot_harry/robotik/install/apriltag_msgs/include/apriltag_msgs/apriltag_msgs/msg/detail/april_tag_detection__functions.c
[1.705s] -- Up-to-date: /home/rss/robot_harry/robotik/install/apriltag_msgs/include/apriltag_msgs/apriltag_msgs/msg/detail/april_tag_detection_array__functions.h
[1.705s] -- Up-to-date: /home/rss/robot_harry/robotik/install/apriltag_msgs/include/apriltag_msgs/apriltag_msgs/msg/detail/point__struct.h
[1.705s] -- Up-to-date: /home/rss/robot_harry/robotik/install/apriltag_msgs/include/apriltag_msgs/apriltag_msgs/msg/detail/april_tag_detection__functions.h
[1.705s] -- Up-to-date: /home/rss/robot_harry/robotik/install/apriltag_msgs/include/apriltag_msgs/apriltag_msgs/msg/detail/point__functions.c
[1.705s] -- Up-to-date: /home/rss/robot_harry/robotik/install/apriltag_msgs/include/apriltag_msgs/apriltag_msgs/msg/rosidl_generator_c__visibility_control.h
[1.705s] -- Up-to-date: /home/rss/robot_harry/robotik/install/apriltag_msgs/share/apriltag_msgs/environment/library_path.sh
[1.706s] -- Installing: /home/rss/robot_harry/robotik/install/apriltag_msgs/share/apriltag_msgs/environment/library_path.dsv
[1.706s] -- Up-to-date: /home/rss/robot_harry/robotik/install/apriltag_msgs/lib/libapriltag_msgs__rosidl_generator_c.so
[1.706s] -- Up-to-date: /home/rss/robot_harry/robotik/install/apriltag_msgs/include/apriltag_msgs/apriltag_msgs
[1.706s] -- Up-to-date: /home/rss/robot_harry/robotik/install/apriltag_msgs/include/apriltag_msgs/apriltag_msgs/msg
[1.706s] -- Up-to-date: /home/rss/robot_harry/robotik/install/apriltag_msgs/include/apriltag_msgs/apriltag_msgs/msg/rosidl_typesupport_fastrtps_c__visibility_control.h
[1.706s] -- Up-to-date: /home/rss/robot_harry/robotik/install/apriltag_msgs/include/apriltag_msgs/apriltag_msgs/msg/detail
[1.706s] -- Up-to-date: /home/rss/robot_harry/robotik/install/apriltag_msgs/include/apriltag_msgs/apriltag_msgs/msg/detail/april_tag_detection__rosidl_typesupport_fastrtps_c.h
[1.707s] -- Up-to-date: /home/rss/robot_harry/robotik/install/apriltag_msgs/include/apriltag_msgs/apriltag_msgs/msg/detail/april_tag_detection_array__rosidl_typesupport_fastrtps_c.h
[1.707s] -- Up-to-date: /home/rss/robot_harry/robotik/install/apriltag_msgs/include/apriltag_msgs/apriltag_msgs/msg/detail/point__rosidl_typesupport_fastrtps_c.h
[1.707s] -- Up-to-date: /home/rss/robot_harry/robotik/install/apriltag_msgs/lib/libapriltag_msgs__rosidl_typesupport_fastrtps_c.so
[1.707s] -- Up-to-date: /home/rss/robot_harry/robotik/install/apriltag_msgs/include/apriltag_msgs/apriltag_msgs
[1.707s] -- Up-to-date: /home/rss/robot_harry/robotik/install/apriltag_msgs/include/apriltag_msgs/apriltag_msgs/msg
[1.708s] -- Up-to-date: /home/rss/robot_harry/robotik/install/apriltag_msgs/include/apriltag_msgs/apriltag_msgs/msg/rosidl_typesupport_introspection_c__visibility_control.h
[1.708s] -- Up-to-date: /home/rss/robot_harry/robotik/install/apriltag_msgs/include/apriltag_msgs/apriltag_msgs/msg/detail
[1.708s] -- Up-to-date: /home/rss/robot_harry/robotik/install/apriltag_msgs/include/apriltag_msgs/apriltag_msgs/msg/detail/point__type_support.c
[1.708s] -- Up-to-date: /home/rss/robot_harry/robotik/install/apriltag_msgs/include/apriltag_msgs/apriltag_msgs/msg/detail/april_tag_detection_array__type_support.c
[1.708s] -- Up-to-date: /home/rss/robot_harry/robotik/install/apriltag_msgs/include/apriltag_msgs/apriltag_msgs/msg/detail/april_tag_detection__type_support.c
[1.708s] -- Up-to-date: /home/rss/robot_harry/robotik/install/apriltag_msgs/include/apriltag_msgs/apriltag_msgs/msg/detail/april_tag_detection_array__rosidl_typesupport_introspection_c.h
[1.708s] -- Up-to-date: /home/rss/robot_harry/robotik/install/apriltag_msgs/include/apriltag_msgs/apriltag_msgs/msg/detail/april_tag_detection__rosidl_typesupport_introspection_c.h
[1.708s] -- Up-to-date: /home/rss/robot_harry/robotik/install/apriltag_msgs/include/apriltag_msgs/apriltag_msgs/msg/detail/point__rosidl_typesupport_introspection_c.h
[1.708s] -- Up-to-date: /home/rss/robot_harry/robotik/install/apriltag_msgs/lib/libapriltag_msgs__rosidl_typesupport_introspection_c.so
[1.708s] -- Up-to-date: /home/rss/robot_harry/robotik/install/apriltag_msgs/lib/libapriltag_msgs__rosidl_typesupport_c.so
[1.708s] -- Up-to-date: /home/rss/robot_harry/robotik/install/apriltag_msgs/include/apriltag_msgs/apriltag_msgs
[1.708s] -- Up-to-date: /home/rss/robot_harry/robotik/install/apriltag_msgs/include/apriltag_msgs/apriltag_msgs/msg
[1.708s] -- Up-to-date: /home/rss/robot_harry/robotik/install/apriltag_msgs/include/apriltag_msgs/apriltag_msgs/msg/point.hpp
[1.708s] -- Up-to-date: /home/rss/robot_harry/robotik/install/apriltag_msgs/include/apriltag_msgs/apriltag_msgs/msg/april_tag_detection.hpp
[1.709s] -- Up-to-date: /home/rss/robot_harry/robotik/install/apriltag_msgs/include/apriltag_msgs/apriltag_msgs/msg/detail
[1.709s] -- Up-to-date: /home/rss/robot_harry/robotik/install/apriltag_msgs/include/apriltag_msgs/apriltag_msgs/msg/detail/april_tag_detection_array__type_support.hpp
[1.709s] -- Up-to-date: /home/rss/robot_harry/robotik/install/apriltag_msgs/include/apriltag_msgs/apriltag_msgs/msg/detail/april_tag_detection__traits.hpp
[1.709s] -- Up-to-date: /home/rss/robot_harry/robotik/install/apriltag_msgs/include/apriltag_msgs/apriltag_msgs/msg/detail/april_tag_detection__type_support.hpp
[1.709s] -- Up-to-date: /home/rss/robot_harry/robotik/install/apriltag_msgs/include/apriltag_msgs/apriltag_msgs/msg/detail/april_tag_detection_array__struct.hpp
[1.709s] -- Up-to-date: /home/rss/robot_harry/robotik/install/apriltag_msgs/include/apriltag_msgs/apriltag_msgs/msg/detail/point__traits.hpp
[1.709s] -- Up-to-date: /home/rss/robot_harry/robotik/install/apriltag_msgs/include/apriltag_msgs/apriltag_msgs/msg/detail/april_tag_detection__builder.hpp
[1.709s] -- Up-to-date: /home/rss/robot_harry/robotik/install/apriltag_msgs/include/apriltag_msgs/apriltag_msgs/msg/detail/point__struct.hpp
[1.709s] -- Up-to-date: /home/rss/robot_harry/robotik/install/apriltag_msgs/include/apriltag_msgs/apriltag_msgs/msg/detail/point__type_support.hpp
[1.709s] -- Up-to-date: /home/rss/robot_harry/robotik/install/apriltag_msgs/include/apriltag_msgs/apriltag_msgs/msg/detail/april_tag_detection_array__builder.hpp
[1.709s] -- Up-to-date: /home/rss/robot_harry/robotik/install/apriltag_msgs/include/apriltag_msgs/apriltag_msgs/msg/detail/april_tag_detection__struct.hpp
[1.709s] -- Up-to-date: /home/rss/robot_harry/robotik/install/apriltag_msgs/include/apriltag_msgs/apriltag_msgs/msg/detail/april_tag_detection_array__traits.hpp
[1.709s] -- Up-to-date: /home/rss/robot_harry/robotik/install/apriltag_msgs/include/apriltag_msgs/apriltag_msgs/msg/detail/point__builder.hpp
[1.710s] -- Up-to-date: /home/rss/robot_harry/robotik/install/apriltag_msgs/include/apriltag_msgs/apriltag_msgs/msg/rosidl_generator_cpp__visibility_control.hpp
[1.710s] -- Up-to-date: /home/rss/robot_harry/robotik/install/apriltag_msgs/include/apriltag_msgs/apriltag_msgs/msg/april_tag_detection_array.hpp
[1.710s] -- Up-to-date: /home/rss/robot_harry/robotik/install/apriltag_msgs/include/apriltag_msgs/apriltag_msgs
[1.710s] -- Up-to-date: /home/rss/robot_harry/robotik/install/apriltag_msgs/include/apriltag_msgs/apriltag_msgs/msg
[1.710s] -- Up-to-date: /home/rss/robot_harry/robotik/install/apriltag_msgs/include/apriltag_msgs/apriltag_msgs/msg/rosidl_typesupport_fastrtps_cpp__visibility_control.h
[1.710s] -- Up-to-date: /home/rss/robot_harry/robotik/install/apriltag_msgs/include/apriltag_msgs/apriltag_msgs/msg/detail
[1.710s] -- Up-to-date: /home/rss/robot_harry/robotik/install/apriltag_msgs/include/apriltag_msgs/apriltag_msgs/msg/detail/dds_fastrtps
[1.710s] -- Up-to-date: /home/rss/robot_harry/robotik/install/apriltag_msgs/include/apriltag_msgs/apriltag_msgs/msg/detail/april_tag_detection_array__rosidl_typesupport_fastrtps_cpp.hpp
[1.710s] -- Up-to-date: /home/rss/robot_harry/robotik/install/apriltag_msgs/include/apriltag_msgs/apriltag_msgs/msg/detail/april_tag_detection__rosidl_typesupport_fastrtps_cpp.hpp
[1.710s] -- Up-to-date: /home/rss/robot_harry/robotik/install/apriltag_msgs/include/apriltag_msgs/apriltag_msgs/msg/detail/point__rosidl_typesupport_fastrtps_cpp.hpp
[1.710s] -- Up-to-date: /home/rss/robot_harry/robotik/install/apriltag_msgs/lib/libapriltag_msgs__rosidl_typesupport_fastrtps_cpp.so
[1.710s] -- Up-to-date: /home/rss/robot_harry/robotik/install/apriltag_msgs/include/apriltag_msgs/apriltag_msgs
[1.710s] -- Up-to-date: /home/rss/robot_harry/robotik/install/apriltag_msgs/include/apriltag_msgs/apriltag_msgs/msg
[1.710s] -- Up-to-date: /home/rss/robot_harry/robotik/install/apriltag_msgs/include/apriltag_msgs/apriltag_msgs/msg/detail
[1.710s] -- Up-to-date: /home/rss/robot_harry/robotik/install/apriltag_msgs/include/apriltag_msgs/apriltag_msgs/msg/detail/april_tag_detection_array__type_support.cpp
[1.711s] -- Up-to-date: /home/rss/robot_harry/robotik/install/apriltag_msgs/include/apriltag_msgs/apriltag_msgs/msg/detail/april_tag_detection__rosidl_typesupport_introspection_cpp.hpp
[1.711s] -- Up-to-date: /home/rss/robot_harry/robotik/install/apriltag_msgs/include/apriltag_msgs/apriltag_msgs/msg/detail/point__rosidl_typesupport_introspection_cpp.hpp
[1.711s] -- Up-to-date: /home/rss/robot_harry/robotik/install/apriltag_msgs/include/apriltag_msgs/apriltag_msgs/msg/detail/point__type_support.cpp
[1.711s] -- Up-to-date: /home/rss/robot_harry/robotik/install/apriltag_msgs/include/apriltag_msgs/apriltag_msgs/msg/detail/april_tag_detection_array__rosidl_typesupport_introspection_cpp.hpp
[1.711s] -- Up-to-date: /home/rss/robot_harry/robotik/install/apriltag_msgs/include/apriltag_msgs/apriltag_msgs/msg/detail/april_tag_detection__type_support.cpp
[1.711s] -- Up-to-date: /home/rss/robot_harry/robotik/install/apriltag_msgs/lib/libapriltag_msgs__rosidl_typesupport_introspection_cpp.so
[1.711s] -- Up-to-date: /home/rss/robot_harry/robotik/install/apriltag_msgs/lib/libapriltag_msgs__rosidl_typesupport_cpp.so
[1.711s] -- Up-to-date: /home/rss/robot_harry/robotik/install/apriltag_msgs/share/apriltag_msgs/environment/pythonpath.sh
[1.711s] -- Installing: /home/rss/robot_harry/robotik/install/apriltag_msgs/share/apriltag_msgs/environment/pythonpath.dsv
[1.711s] -- Up-to-date: /home/rss/robot_harry/robotik/install/apriltag_msgs/local/lib/python3.10/dist-packages/apriltag_msgs-2.0.1-py3.10.egg-info
[1.712s] -- Installing: /home/rss/robot_harry/robotik/install/apriltag_msgs/local/lib/python3.10/dist-packages/apriltag_msgs-2.0.1-py3.10.egg-info/dependency_links.txt
[1.712s] -- Installing: /home/rss/robot_harry/robotik/install/apriltag_msgs/local/lib/python3.10/dist-packages/apriltag_msgs-2.0.1-py3.10.egg-info/SOURCES.txt
[1.712s] -- Installing: /home/rss/robot_harry/robotik/install/apriltag_msgs/local/lib/python3.10/dist-packages/apriltag_msgs-2.0.1-py3.10.egg-info/PKG-INFO
[1.712s] -- Installing: /home/rss/robot_harry/robotik/install/apriltag_msgs/local/lib/python3.10/dist-packages/apriltag_msgs-2.0.1-py3.10.egg-info/top_level.txt
[1.712s] -- Up-to-date: /home/rss/robot_harry/robotik/install/apriltag_msgs/local/lib/python3.10/dist-packages/apriltag_msgs
[1.712s] -- Up-to-date: /home/rss/robot_harry/robotik/install/apriltag_msgs/local/lib/python3.10/dist-packages/apriltag_msgs/_apriltag_msgs_s.ep.rosidl_typesupport_introspection_c.c
[1.712s] -- Installing: /home/rss/robot_harry/robotik/install/apriltag_msgs/local/lib/python3.10/dist-packages/apriltag_msgs/__init__.py
[1.713s] -- Up-to-date: /home/rss/robot_harry/robotik/install/apriltag_msgs/local/lib/python3.10/dist-packages/apriltag_msgs/_apriltag_msgs_s.ep.rosidl_typesupport_c.c
[1.713s] -- Up-to-date: /home/rss/robot_harry/robotik/install/apriltag_msgs/local/lib/python3.10/dist-packages/apriltag_msgs/apriltag_msgs_s__rosidl_typesupport_c.cpython-310-x86_64-linux-gnu.so
[1.713s] -- Up-to-date: /home/rss/robot_harry/robotik/install/apriltag_msgs/local/lib/python3.10/dist-packages/apriltag_msgs/libapriltag_msgs__rosidl_generator_py.so
[1.713s] -- Up-to-date: /home/rss/robot_harry/robotik/install/apriltag_msgs/local/lib/python3.10/dist-packages/apriltag_msgs/apriltag_msgs_s__rosidl_typesupport_introspection_c.cpython-310-x86_64-linux-gnu.so
[1.713s] -- Up-to-date: /home/rss/robot_harry/robotik/install/apriltag_msgs/local/lib/python3.10/dist-packages/apriltag_msgs/_apriltag_msgs_s.ep.rosidl_typesupport_fastrtps_c.c
[1.713s] -- Up-to-date: /home/rss/robot_harry/robotik/install/apriltag_msgs/local/lib/python3.10/dist-packages/apriltag_msgs/msg
[1.713s] -- Up-to-date: /home/rss/robot_harry/robotik/install/apriltag_msgs/local/lib/python3.10/dist-packages/apriltag_msgs/msg/_april_tag_detection_array_s.c
[1.713s] -- Up-to-date: /home/rss/robot_harry/robotik/install/apriltag_msgs/local/lib/python3.10/dist-packages/apriltag_msgs/msg/_april_tag_detection_array.py
[1.713s] -- Up-to-date: /home/rss/robot_harry/robotik/install/apriltag_msgs/local/lib/python3.10/dist-packages/apriltag_msgs/msg/__init__.py
[1.713s] -- Up-to-date: /home/rss/robot_harry/robotik/install/apriltag_msgs/local/lib/python3.10/dist-packages/apriltag_msgs/msg/_april_tag_detection.py
[1.713s] -- Up-to-date: /home/rss/robot_harry/robotik/install/apriltag_msgs/local/lib/python3.10/dist-packages/apriltag_msgs/msg/_point_s.c
[1.713s] -- Up-to-date: /home/rss/robot_harry/robotik/install/apriltag_msgs/local/lib/python3.10/dist-packages/apriltag_msgs/msg/_point.py
[1.713s] -- Up-to-date: /home/rss/robot_harry/robotik/install/apriltag_msgs/local/lib/python3.10/dist-packages/apriltag_msgs/msg/_april_tag_detection_s.c
[1.713s] -- Up-to-date: /home/rss/robot_harry/robotik/install/apriltag_msgs/local/lib/python3.10/dist-packages/apriltag_msgs/apriltag_msgs_s__rosidl_typesupport_fastrtps_c.cpython-310-x86_64-linux-gnu.so
[1.743s] Listing '/home/rss/robot_harry/robotik/install/apriltag_msgs/local/lib/python3.10/dist-packages/apriltag_msgs'...
[1.744s] Compiling '/home/rss/robot_harry/robotik/install/apriltag_msgs/local/lib/python3.10/dist-packages/apriltag_msgs/__init__.py'...
[1.744s] Listing '/home/rss/robot_harry/robotik/install/apriltag_msgs/local/lib/python3.10/dist-packages/apriltag_msgs/msg'...
[1.747s] -- Up-to-date: /home/rss/robot_harry/robotik/install/apriltag_msgs/local/lib/python3.10/dist-packages/apriltag_msgs/apriltag_msgs_s__rosidl_typesupport_fastrtps_c.cpython-310-x86_64-linux-gnu.so
[1.748s] -- Up-to-date: /home/rss/robot_harry/robotik/install/apriltag_msgs/local/lib/python3.10/dist-packages/apriltag_msgs/apriltag_msgs_s__rosidl_typesupport_introspection_c.cpython-310-x86_64-linux-gnu.so
[1.748s] -- Up-to-date: /home/rss/robot_harry/robotik/install/apriltag_msgs/local/lib/python3.10/dist-packages/apriltag_msgs/apriltag_msgs_s__rosidl_typesupport_c.cpython-310-x86_64-linux-gnu.so
[1.748s] -- Up-to-date: /home/rss/robot_harry/robotik/install/apriltag_msgs/lib/libapriltag_msgs__rosidl_generator_py.so
[1.748s] -- Up-to-date: /home/rss/robot_harry/robotik/install/apriltag_msgs/share/apriltag_msgs/msg/Point.idl
[1.748s] -- Up-to-date: /home/rss/robot_harry/robotik/install/apriltag_msgs/share/apriltag_msgs/msg/AprilTagDetection.idl
[1.748s] -- Up-to-date: /home/rss/robot_harry/robotik/install/apriltag_msgs/share/apriltag_msgs/msg/AprilTagDetectionArray.idl
[1.749s] -- Installing: /home/rss/robot_harry/robotik/install/apriltag_msgs/share/apriltag_msgs/msg/Point.msg
[1.749s] -- Installing: /home/rss/robot_harry/robotik/install/apriltag_msgs/share/apriltag_msgs/msg/AprilTagDetection.msg
[1.749s] -- Installing: /home/rss/robot_harry/robotik/install/apriltag_msgs/share/apriltag_msgs/msg/AprilTagDetectionArray.msg
[1.749s] -- Up-to-date: /home/rss/robot_harry/robotik/install/apriltag_msgs/share/ament_index/resource_index/package_run_dependencies/apriltag_msgs
[1.749s] -- Installing: /home/rss/robot_harry/robotik/install/apriltag_msgs/share/ament_index/resource_index/parent_prefix_path/apriltag_msgs
[1.749s] -- Up-to-date: /home/rss/robot_harry/robotik/install/apriltag_msgs/share/apriltag_msgs/environment/ament_prefix_path.sh
[1.749s] -- Installing: /home/rss/robot_harry/robotik/install/apriltag_msgs/share/apriltag_msgs/environment/ament_prefix_path.dsv
[1.750s] -- Up-to-date: /home/rss/robot_harry/robotik/install/apriltag_msgs/share/apriltag_msgs/environment/path.sh
[1.750s] -- Installing: /home/rss/robot_harry/robotik/install/apriltag_msgs/share/apriltag_msgs/environment/path.dsv
[1.750s] -- Up-to-date: /home/rss/robot_harry/robotik/install/apriltag_msgs/share/apriltag_msgs/local_setup.bash
[1.750s] -- Up-to-date: /home/rss/robot_harry/robotik/install/apriltag_msgs/share/apriltag_msgs/local_setup.sh
[1.750s] -- Up-to-date: /home/rss/robot_harry/robotik/install/apriltag_msgs/share/apriltag_msgs/local_setup.zsh
[1.750s] -- Installing: /home/rss/robot_harry/robotik/install/apriltag_msgs/share/apriltag_msgs/local_setup.dsv
[1.751s] -- Installing: /home/rss/robot_harry/robotik/install/apriltag_msgs/share/apriltag_msgs/package.dsv
[1.751s] -- Up-to-date: /home/rss/robot_harry/robotik/install/apriltag_msgs/share/ament_index/resource_index/packages/apriltag_msgs
[1.751s] -- Up-to-date: /home/rss/robot_harry/robotik/install/apriltag_msgs/share/apriltag_msgs/cmake/export_apriltag_msgs__rosidl_generator_cExport.cmake
[1.751s] -- Up-to-date: /home/rss/robot_harry/robotik/install/apriltag_msgs/share/apriltag_msgs/cmake/export_apriltag_msgs__rosidl_generator_cExport-noconfig.cmake
[1.751s] -- Up-to-date: /home/rss/robot_harry/robotik/install/apriltag_msgs/share/apriltag_msgs/cmake/export_apriltag_msgs__rosidl_typesupport_fastrtps_cExport.cmake
[1.751s] -- Up-to-date: /home/rss/robot_harry/robotik/install/apriltag_msgs/share/apriltag_msgs/cmake/export_apriltag_msgs__rosidl_typesupport_fastrtps_cExport-noconfig.cmake
[1.752s] -- Up-to-date: /home/rss/robot_harry/robotik/install/apriltag_msgs/share/apriltag_msgs/cmake/apriltag_msgs__rosidl_typesupport_introspection_cExport.cmake
[1.752s] -- Up-to-date: /home/rss/robot_harry/robotik/install/apriltag_msgs/share/apriltag_msgs/cmake/apriltag_msgs__rosidl_typesupport_introspection_cExport-noconfig.cmake
[1.752s] -- Up-to-date: /home/rss/robot_harry/robotik/install/apriltag_msgs/share/apriltag_msgs/cmake/apriltag_msgs__rosidl_typesupport_cExport.cmake
[1.752s] -- Up-to-date: /home/rss/robot_harry/robotik/install/apriltag_msgs/share/apriltag_msgs/cmake/apriltag_msgs__rosidl_typesupport_cExport-noconfig.cmake
[1.752s] -- Up-to-date: /home/rss/robot_harry/robotik/install/apriltag_msgs/share/apriltag_msgs/cmake/export_apriltag_msgs__rosidl_generator_cppExport.cmake
[1.752s] -- Up-to-date: /home/rss/robot_harry/robotik/install/apriltag_msgs/share/apriltag_msgs/cmake/export_apriltag_msgs__rosidl_typesupport_fastrtps_cppExport.cmake
[1.752s] -- Up-to-date: /home/rss/robot_harry/robotik/install/apriltag_msgs/share/apriltag_msgs/cmake/export_apriltag_msgs__rosidl_typesupport_fastrtps_cppExport-noconfig.cmake
[1.752s] -- Up-to-date: /home/rss/robot_harry/robotik/install/apriltag_msgs/share/apriltag_msgs/cmake/apriltag_msgs__rosidl_typesupport_introspection_cppExport.cmake
[1.752s] -- Up-to-date: /home/rss/robot_harry/robotik/install/apriltag_msgs/share/apriltag_msgs/cmake/apriltag_msgs__rosidl_typesupport_introspection_cppExport-noconfig.cmake
[1.752s] -- Up-to-date: /home/rss/robot_harry/robotik/install/apriltag_msgs/share/apriltag_msgs/cmake/apriltag_msgs__rosidl_typesupport_cppExport.cmake
[1.753s] -- Up-to-date: /home/rss/robot_harry/robotik/install/apriltag_msgs/share/apriltag_msgs/cmake/apriltag_msgs__rosidl_typesupport_cppExport-noconfig.cmake
[1.753s] -- Up-to-date: /home/rss/robot_harry/robotik/install/apriltag_msgs/share/apriltag_msgs/cmake/export_apriltag_msgs__rosidl_generator_pyExport.cmake
[1.753s] -- Up-to-date: /home/rss/robot_harry/robotik/install/apriltag_msgs/share/apriltag_msgs/cmake/export_apriltag_msgs__rosidl_generator_pyExport-noconfig.cmake
[1.753s] -- Up-to-date: /home/rss/robot_harry/robotik/install/apriltag_msgs/share/apriltag_msgs/cmake/rosidl_cmake-extras.cmake
[1.753s] -- Up-to-date: /home/rss/robot_harry/robotik/install/apriltag_msgs/share/apriltag_msgs/cmake/ament_cmake_export_dependencies-extras.cmake
[1.753s] -- Up-to-date: /home/rss/robot_harry/robotik/install/apriltag_msgs/share/apriltag_msgs/cmake/ament_cmake_export_include_directories-extras.cmake
[1.754s] -- Up-to-date: /home/rss/robot_harry/robotik/install/apriltag_msgs/share/apriltag_msgs/cmake/ament_cmake_export_libraries-extras.cmake
[1.754s] -- Up-to-date: /home/rss/robot_harry/robotik/install/apriltag_msgs/share/apriltag_msgs/cmake/ament_cmake_export_targets-extras.cmake
[1.754s] -- Up-to-date: /home/rss/robot_harry/robotik/install/apriltag_msgs/share/apriltag_msgs/cmake/rosidl_cmake_export_typesupport_targets-extras.cmake
[1.754s] -- Up-to-date: /home/rss/robot_harry/robotik/install/apriltag_msgs/share/apriltag_msgs/cmake/rosidl_cmake_export_typesupport_libraries-extras.cmake
[1.754s] -- Up-to-date: /home/rss/robot_harry/robotik/install/apriltag_msgs/share/apriltag_msgs/cmake/apriltag_msgsConfig.cmake
[1.754s] -- Up-to-date: /home/rss/robot_harry/robotik/install/apriltag_msgs/share/apriltag_msgs/cmake/apriltag_msgsConfig-version.cmake
[1.754s] -- Installing: /home/rss/robot_harry/robotik/install/apriltag_msgs/share/apriltag_msgs/package.xml
[2.141s] Invoked command in '/home/rss/robot_harry/robotik/build/apriltag_msgs' returned '0': CMAKE_PREFIX_PATH=${CMAKE_PREFIX_PATH}:/home/rss/robot_harry/robotik/install/tag_detection:/home/rss/robot_harry/robotik/install/webcam_bringup:/home/rss/robot_harry/robotik/install/teleop:/home/rss/robot_harry/robotik/install/robot_bringup:/home/rss/robot_harry/robotik/install/realsense2_ros_mqtt_bridge:/home/rss/robot_harry/robotik/install/pub_sub:/home/rss/robot_harry/robotik/install/object_detection:/home/rss/robot_harry/robotik/install/my_robot_navigation:/home/rss/robot_harry/robotik/install/create3_teleop:/home/rss/robot_harry/robotik/install/create3_examples_py:/opt/ros/humble /usr/bin/cmake --install /home/rss/robot_harry/robotik/build/apriltag_msgs
