running develop
running egg_info
creating create3_teleop.egg-info
writing create3_teleop.egg-info/PKG-INFO
writing dependency_links to create3_teleop.egg-info/dependency_links.txt
writing requirements to create3_teleop.egg-info/requires.txt
writing top-level names to create3_teleop.egg-info/top_level.txt
writing manifest file 'create3_teleop.egg-info/SOURCES.txt'
reading manifest file 'create3_teleop.egg-info/SOURCES.txt'
writing manifest file 'create3_teleop.egg-info/SOURCES.txt'
running build_ext
Creating /home/rss/robot_harry/robotik/install/create3_teleop/lib/python3.10/site-packages/create3-teleop.egg-link (link to .)

Installed /home/rss/robot_harry/robotik/build/create3_teleop
running symlink_data
creating /home/rss/robot_harry/robotik/install/create3_teleop/share/ament_index
creating /home/rss/robot_harry/robotik/install/create3_teleop/share/ament_index/resource_index
creating /home/rss/robot_harry/robotik/install/create3_teleop/share/ament_index/resource_index/packages
symbolically linking /home/rss/robot_harry/robotik/build/create3_teleop/resource/create3_teleop -> /home/rss/robot_harry/robotik/install/create3_teleop/share/ament_index/resource_index/packages
symbolically linking /home/rss/robot_harry/robotik/build/create3_teleop/package.xml -> /home/rss/robot_harry/robotik/install/create3_teleop/share/create3_teleop
creating /home/rss/robot_harry/robotik/install/create3_teleop/share/create3_teleop/launch
symbolically linking /home/rss/robot_harry/robotik/build/create3_teleop/launch/teleop_joystick_launch.py -> /home/rss/robot_harry/robotik/install/create3_teleop/share/create3_teleop/launch
