[2.177s] Invoking command in '/home/harry/robotik/src/robot_bringup': PYTHONPATH=/home/harry/robotik/build/robot_bringup/prefix_override:/usr/lib/python3/dist-packages/colcon_core/task/python/colcon_distutils_commands:/home/harry/robotik/install/robot_bringup/lib/python3.10/site-packages:${PYTHONPATH} /usr/bin/python3 -W ignore:setup.py install is deprecated -W ignore:easy_install command is deprecated setup.py egg_info --egg-base ../../build/robot_bringup build --build-base /home/harry/robotik/build/robot_bringup/build install --record /home/harry/robotik/build/robot_bringup/install.log --single-version-externally-managed install_data
[2.992s] running egg_info
[2.993s] writing ../../build/robot_bringup/robot_bringup.egg-info/PKG-INFO
[2.994s] writing dependency_links to ../../build/robot_bringup/robot_bringup.egg-info/dependency_links.txt
[2.994s] writing entry points to ../../build/robot_bringup/robot_bringup.egg-info/entry_points.txt
[2.995s] writing requirements to ../../build/robot_bringup/robot_bringup.egg-info/requires.txt
[2.995s] writing top-level names to ../../build/robot_bringup/robot_bringup.egg-info/top_level.txt
[2.997s] reading manifest file '../../build/robot_bringup/robot_bringup.egg-info/SOURCES.txt'
[2.999s] writing manifest file '../../build/robot_bringup/robot_bringup.egg-info/SOURCES.txt'
[2.999s] running build
[2.999s] running build_py
[2.999s] running install
[3.000s] running install_lib
[3.003s] running install_data
[3.003s] copying launch/robot1.launch.yaml -> /home/harry/robotik/install/robot_bringup/share/robot_bringup/launch
[3.004s] running install_egg_info
[3.007s] removing '/home/harry/robotik/install/robot_bringup/lib/python3.10/site-packages/robot_bringup-0.0.0-py3.10.egg-info' (and everything under it)
[3.007s] Copying ../../build/robot_bringup/robot_bringup.egg-info to /home/harry/robotik/install/robot_bringup/lib/python3.10/site-packages/robot_bringup-0.0.0-py3.10.egg-info
[3.009s] running install_scripts
[3.049s] writing list of installed files to '/home/harry/robotik/build/robot_bringup/install.log'
[3.089s] Invoked command in '/home/harry/robotik/src/robot_bringup' returned '0': PYTHONPATH=/home/harry/robotik/build/robot_bringup/prefix_override:/usr/lib/python3/dist-packages/colcon_core/task/python/colcon_distutils_commands:/home/harry/robotik/install/robot_bringup/lib/python3.10/site-packages:${PYTHONPATH} /usr/bin/python3 -W ignore:setup.py install is deprecated -W ignore:easy_install command is deprecated setup.py egg_info --egg-base ../../build/robot_bringup build --build-base /home/harry/robotik/build/robot_bringup/build install --record /home/harry/robotik/build/robot_bringup/install.log --single-version-externally-managed install_data
