[1.343s] Invoking command in '/home/rss/robot_harry/robotik/src/tag_detection': PYTHONPATH=/home/rss/robot_harry/robotik/build/tag_detection/prefix_override:/usr/lib/python3/dist-packages/colcon_core/task/python/colcon_distutils_commands:/home/rss/robot_harry/robotik/install/tag_detection/lib/python3.10/site-packages:${PYTHONPATH} /usr/bin/python3 -W ignore:setup.py install is deprecated -W ignore:easy_install command is deprecated setup.py egg_info --egg-base ../../build/tag_detection build --build-base /home/rss/robot_harry/robotik/build/tag_detection/build install --record /home/rss/robot_harry/robotik/build/tag_detection/install.log --single-version-externally-managed install_data
[1.655s] running egg_info
[1.656s] creating ../../build/tag_detection/tag_detection.egg-info
[1.656s] writing ../../build/tag_detection/tag_detection.egg-info/PKG-INFO
[1.656s] writing dependency_links to ../../build/tag_detection/tag_detection.egg-info/dependency_links.txt
[1.656s] writing entry points to ../../build/tag_detection/tag_detection.egg-info/entry_points.txt
[1.657s] writing requirements to ../../build/tag_detection/tag_detection.egg-info/requires.txt
[1.657s] writing top-level names to ../../build/tag_detection/tag_detection.egg-info/top_level.txt
[1.657s] writing manifest file '../../build/tag_detection/tag_detection.egg-info/SOURCES.txt'
[1.659s] reading manifest file '../../build/tag_detection/tag_detection.egg-info/SOURCES.txt'
[1.660s] writing manifest file '../../build/tag_detection/tag_detection.egg-info/SOURCES.txt'
[1.660s] running build
[1.660s] running build_py
[1.660s] creating /home/rss/robot_harry/robotik/build/tag_detection/build
[1.660s] creating /home/rss/robot_harry/robotik/build/tag_detection/build/lib
[1.660s] creating /home/rss/robot_harry/robotik/build/tag_detection/build/lib/tag_detection
[1.660s] copying tag_detection/__init__.py -> /home/rss/robot_harry/robotik/build/tag_detection/build/lib/tag_detection
[1.661s] copying tag_detection/tf_listener.py -> /home/rss/robot_harry/robotik/build/tag_detection/build/lib/tag_detection
[1.661s] copying tag_detection/distance_calculator.py -> /home/rss/robot_harry/robotik/build/tag_detection/build/lib/tag_detection
[1.661s] running install
[1.661s] running install_lib
[1.662s] creating /home/rss/robot_harry/robotik/install/tag_detection/lib/python3.10/site-packages/tag_detection
[1.662s] copying /home/rss/robot_harry/robotik/build/tag_detection/build/lib/tag_detection/__init__.py -> /home/rss/robot_harry/robotik/install/tag_detection/lib/python3.10/site-packages/tag_detection
[1.662s] copying /home/rss/robot_harry/robotik/build/tag_detection/build/lib/tag_detection/tf_listener.py -> /home/rss/robot_harry/robotik/install/tag_detection/lib/python3.10/site-packages/tag_detection
[1.662s] copying /home/rss/robot_harry/robotik/build/tag_detection/build/lib/tag_detection/distance_calculator.py -> /home/rss/robot_harry/robotik/install/tag_detection/lib/python3.10/site-packages/tag_detection
[1.662s] byte-compiling /home/rss/robot_harry/robotik/install/tag_detection/lib/python3.10/site-packages/tag_detection/__init__.py to __init__.cpython-310.pyc
[1.663s] byte-compiling /home/rss/robot_harry/robotik/install/tag_detection/lib/python3.10/site-packages/tag_detection/tf_listener.py to tf_listener.cpython-310.pyc
[1.663s] byte-compiling /home/rss/robot_harry/robotik/install/tag_detection/lib/python3.10/site-packages/tag_detection/distance_calculator.py to distance_calculator.cpython-310.pyc
[1.663s] running install_data
[1.664s] creating /home/rss/robot_harry/robotik/install/tag_detection/share/ament_index
[1.664s] creating /home/rss/robot_harry/robotik/install/tag_detection/share/ament_index/resource_index
[1.664s] creating /home/rss/robot_harry/robotik/install/tag_detection/share/ament_index/resource_index/packages
[1.664s] copying resource/tag_detection -> /home/rss/robot_harry/robotik/install/tag_detection/share/ament_index/resource_index/packages
[1.664s] copying package.xml -> /home/rss/robot_harry/robotik/install/tag_detection/share/tag_detection
[1.664s] creating /home/rss/robot_harry/robotik/install/tag_detection/share/tag_detection/launch
[1.664s] copying launch/track.launch.yaml -> /home/rss/robot_harry/robotik/install/tag_detection/share/tag_detection/launch
[1.664s] running install_egg_info
[1.665s] Copying ../../build/tag_detection/tag_detection.egg-info to /home/rss/robot_harry/robotik/install/tag_detection/lib/python3.10/site-packages/tag_detection-0.0.0-py3.10.egg-info
[1.666s] running install_scripts
[1.682s] Installing distance_calc script to /home/rss/robot_harry/robotik/install/tag_detection/lib/tag_detection
[1.683s] Installing listenernode script to /home/rss/robot_harry/robotik/install/tag_detection/lib/tag_detection
[1.683s] writing list of installed files to '/home/rss/robot_harry/robotik/build/tag_detection/install.log'
[1.704s] Invoked command in '/home/rss/robot_harry/robotik/src/tag_detection' returned '0': PYTHONPATH=/home/rss/robot_harry/robotik/build/tag_detection/prefix_override:/usr/lib/python3/dist-packages/colcon_core/task/python/colcon_distutils_commands:/home/rss/robot_harry/robotik/install/tag_detection/lib/python3.10/site-packages:${PYTHONPATH} /usr/bin/python3 -W ignore:setup.py install is deprecated -W ignore:easy_install command is deprecated setup.py egg_info --egg-base ../../build/tag_detection build --build-base /home/rss/robot_harry/robotik/build/tag_detection/build install --record /home/rss/robot_harry/robotik/build/tag_detection/install.log --single-version-externally-managed install_data
