[3.209s] Invoking command in '/home/rss/robot_harry/robotik/build/tag_detection': PYTHONPATH=/home/rss/robot_harry/robotik/build/tag_detection/prefix_override:/usr/lib/python3/dist-packages/colcon_core/task/python/colcon_distutils_commands:/home/rss/robot_harry/robotik/install/tag_detection/lib/python3.10/site-packages:${PYTHONPATH} /usr/bin/python3 -W ignore:setup.py install is deprecated -W ignore:easy_install command is deprecated setup.py develop --editable --build-directory /home/rss/robot_harry/robotik/build/tag_detection/build --no-deps symlink_data
[3.998s] running develop
[4.385s] running egg_info
[4.397s] creating tag_detection.egg-info
[4.399s] writing tag_detection.egg-info/PKG-INFO
[4.399s] writing dependency_links to tag_detection.egg-info/dependency_links.txt
[4.399s] writing entry points to tag_detection.egg-info/entry_points.txt
[4.399s] writing requirements to tag_detection.egg-info/requires.txt
[4.399s] writing top-level names to tag_detection.egg-info/top_level.txt
[4.399s] writing manifest file 'tag_detection.egg-info/SOURCES.txt'
[4.400s] reading manifest file 'tag_detection.egg-info/SOURCES.txt'
[4.403s] writing manifest file 'tag_detection.egg-info/SOURCES.txt'
[4.406s] running build_ext
[4.406s] Creating /home/rss/robot_harry/robotik/install/tag_detection/lib/python3.10/site-packages/tag-detection.egg-link (link to .)
[4.406s] Installing distance_calc script to /home/rss/robot_harry/robotik/install/tag_detection/lib/tag_detection
[4.406s] Installing listenernode script to /home/rss/robot_harry/robotik/install/tag_detection/lib/tag_detection
[4.411s] 
[4.411s] Installed /home/rss/robot_harry/robotik/build/tag_detection
[4.411s] running symlink_data
[4.412s] creating /home/rss/robot_harry/robotik/install/tag_detection/share/ament_index
[4.412s] creating /home/rss/robot_harry/robotik/install/tag_detection/share/ament_index/resource_index
[4.412s] creating /home/rss/robot_harry/robotik/install/tag_detection/share/ament_index/resource_index/packages
[4.412s] symbolically linking /home/rss/robot_harry/robotik/build/tag_detection/resource/tag_detection -> /home/rss/robot_harry/robotik/install/tag_detection/share/ament_index/resource_index/packages
[4.412s] symbolically linking /home/rss/robot_harry/robotik/build/tag_detection/package.xml -> /home/rss/robot_harry/robotik/install/tag_detection/share/tag_detection
[4.417s] creating /home/rss/robot_harry/robotik/install/tag_detection/share/tag_detection/launch
[4.417s] symbolically linking /home/rss/robot_harry/robotik/build/tag_detection/launch/tag_detec_webcam.launch.yaml -> /home/rss/robot_harry/robotik/install/tag_detection/share/tag_detection/launch
[4.417s] symbolically linking /home/rss/robot_harry/robotik/build/tag_detection/launch/track.launch.yaml -> /home/rss/robot_harry/robotik/install/tag_detection/share/tag_detection/launch
[4.417s] symbolically linking /home/rss/robot_harry/robotik/build/tag_detection/launch/tag_detec.launch.yaml -> /home/rss/robot_harry/robotik/install/tag_detection/share/tag_detection/launch
[4.497s] Invoked command in '/home/rss/robot_harry/robotik/build/tag_detection' returned '0': PYTHONPATH=/home/rss/robot_harry/robotik/build/tag_detection/prefix_override:/usr/lib/python3/dist-packages/colcon_core/task/python/colcon_distutils_commands:/home/rss/robot_harry/robotik/install/tag_detection/lib/python3.10/site-packages:${PYTHONPATH} /usr/bin/python3 -W ignore:setup.py install is deprecated -W ignore:easy_install command is deprecated setup.py develop --editable --build-directory /home/rss/robot_harry/robotik/build/tag_detection/build --no-deps symlink_data
