[1.153s] Invoking command in '/home/rss/robot_harry/robotik/src/create3_examples/create3_teleop': PYTHONPATH=/home/rss/robot_harry/robotik/build/create3_teleop/prefix_override:/usr/lib/python3/dist-packages/colcon_core/task/python/colcon_distutils_commands:/home/rss/robot_harry/robotik/install/create3_teleop/lib/python3.10/site-packages:${PYTHONPATH} /usr/bin/python3 -W ignore:setup.py install is deprecated -W ignore:easy_install command is deprecated setup.py egg_info --egg-base ../../../build/create3_teleop build --build-base /home/rss/robot_harry/robotik/build/create3_teleop/build install --record /home/rss/robot_harry/robotik/build/create3_teleop/install.log --single-version-externally-managed install_data
[1.433s] running egg_info
[1.437s] creating ../../../build/create3_teleop/create3_teleop.egg-info
[1.437s] writing ../../../build/create3_teleop/create3_teleop.egg-info/PKG-INFO
[1.437s] writing dependency_links to ../../../build/create3_teleop/create3_teleop.egg-info/dependency_links.txt
[1.437s] writing requirements to ../../../build/create3_teleop/create3_teleop.egg-info/requires.txt
[1.437s] writing top-level names to ../../../build/create3_teleop/create3_teleop.egg-info/top_level.txt
[1.438s] writing manifest file '../../../build/create3_teleop/create3_teleop.egg-info/SOURCES.txt'
[1.438s] reading manifest file '../../../build/create3_teleop/create3_teleop.egg-info/SOURCES.txt'
[1.438s] writing manifest file '../../../build/create3_teleop/create3_teleop.egg-info/SOURCES.txt'
[1.438s] running build
[1.438s] running install
[1.438s] running install_data
[1.438s] creating /home/rss/robot_harry/robotik/install/create3_teleop/share/ament_index
[1.438s] creating /home/rss/robot_harry/robotik/install/create3_teleop/share/ament_index/resource_index
[1.438s] creating /home/rss/robot_harry/robotik/install/create3_teleop/share/ament_index/resource_index/packages
[1.438s] copying resource/create3_teleop -> /home/rss/robot_harry/robotik/install/create3_teleop/share/ament_index/resource_index/packages
[1.438s] copying package.xml -> /home/rss/robot_harry/robotik/install/create3_teleop/share/create3_teleop
[1.438s] creating /home/rss/robot_harry/robotik/install/create3_teleop/share/create3_teleop/launch
[1.438s] copying launch/teleop_joystick_launch.py -> /home/rss/robot_harry/robotik/install/create3_teleop/share/create3_teleop/launch
[1.438s] running install_egg_info
[1.440s] Copying ../../../build/create3_teleop/create3_teleop.egg-info to /home/rss/robot_harry/robotik/install/create3_teleop/lib/python3.10/site-packages/create3_teleop-0.0.5-py3.10.egg-info
[1.441s] running install_scripts
[1.469s] writing list of installed files to '/home/rss/robot_harry/robotik/build/create3_teleop/install.log'
[1.493s] Invoked command in '/home/rss/robot_harry/robotik/src/create3_examples/create3_teleop' returned '0': PYTHONPATH=/home/rss/robot_harry/robotik/build/create3_teleop/prefix_override:/usr/lib/python3/dist-packages/colcon_core/task/python/colcon_distutils_commands:/home/rss/robot_harry/robotik/install/create3_teleop/lib/python3.10/site-packages:${PYTHONPATH} /usr/bin/python3 -W ignore:setup.py install is deprecated -W ignore:easy_install command is deprecated setup.py egg_info --egg-base ../../../build/create3_teleop build --build-base /home/rss/robot_harry/robotik/build/create3_teleop/build install --record /home/rss/robot_harry/robotik/build/create3_teleop/install.log --single-version-externally-managed install_data
