[0.229s] Invoking command in '/home/rss/robot_harry/robotik/build/create3_republisher': CMAKE_PREFIX_PATH=${CMAKE_PREFIX_PATH}:/home/rss/robot_harry/robotik/install/realsense2_ros_mqtt_bridge:/home/rss/robot_harry/robotik/install/create3_teleop:/home/rss/robot_harry/robotik/install/create3_examples_py:/home/rss/robot_harry/robotik/install/webcam_bringup:/home/rss/robot_harry/robotik/install/teleop:/home/rss/robot_harry/robotik/install/tb3_description:/home/rss/robot_harry/robotik/install/tag_detection:/home/rss/robot_harry/robotik/install/robot_bringup:/home/rss/robot_harry/robotik/install/pub_sub:/home/rss/robot_harry/robotik/install/object_detection:/home/rss/robot_harry/robotik/install/my_robot_navigation:/home/rss/robot_harry/robotik/install/curator:/home/rss/robot_harry/robotik/install/challenge_2025:/opt/ros/humble /usr/bin/cmake /home/rss/robot_harry/robotik/src/create3_examples/create3_republisher -DCMAKE_INSTALL_PREFIX=/home/rss/robot_harry/robotik/install/create3_republisher
[0.711s] -- The C compiler identification is GNU 11.4.0
[0.711s] -- The CXX compiler identification is GNU 11.4.0
[0.711s] -- Detecting C compiler ABI info
[0.711s] -- Detecting C compiler ABI info - done
[0.711s] -- Check for working C compiler: /usr/bin/cc - skipped
[0.711s] -- Detecting C compile features
[0.711s] -- Detecting C compile features - done
[0.712s] -- Detecting CXX compiler ABI info
[0.712s] -- Detecting CXX compiler ABI info - done
[0.712s] -- Check for working CXX compiler: /usr/bin/c++ - skipped
[0.712s] -- Detecting CXX compile features
[0.712s] -- Detecting CXX compile features - done
[0.712s] -- Found ament_cmake: 1.3.12 (/opt/ros/humble/share/ament_cmake/cmake)
[0.712s] -- Found Python3: /usr/bin/python3 (found version "3.10.12") found components: Interpreter 
[0.712s] -- Found irobot_create_msgs: 2.1.0 (/opt/ros/humble/share/irobot_create_msgs/cmake)
[0.714s] -- Found rosidl_generator_c: 3.1.8 (/opt/ros/humble/share/rosidl_generator_c/cmake)
[0.722s] -- Found rosidl_adapter: 3.1.8 (/opt/ros/humble/share/rosidl_adapter/cmake)
[0.733s] -- Found rosidl_generator_cpp: 3.1.8 (/opt/ros/humble/share/rosidl_generator_cpp/cmake)
[0.747s] -- Using all available rosidl_typesupport_c: rosidl_typesupport_fastrtps_c;rosidl_typesupport_introspection_c
[0.766s] -- Using all available rosidl_typesupport_cpp: rosidl_typesupport_fastrtps_cpp;rosidl_typesupport_introspection_cpp
[0.874s] -- Found rclcpp: 16.0.17 (/opt/ros/humble/share/rclcpp/cmake)
[0.917s] -- Found rmw_implementation_cmake: 6.1.2 (/opt/ros/humble/share/rmw_implementation_cmake/cmake)
[0.920s] -- Found rmw_fastrtps_cpp: 6.2.9 (/opt/ros/humble/share/rmw_fastrtps_cpp/cmake)
[1.026s] -- Found OpenSSL: /usr/lib/x86_64-linux-gnu/libcrypto.so (found version "3.0.2")  
[1.062s] -- Found FastRTPS: /opt/ros/humble/include  
[1.117s] -- Using RMW implementation 'rmw_fastrtps_cpp' as default
[1.129s] -- Looking for pthread.h
[1.237s] -- Looking for pthread.h - found
[1.238s] -- Performing Test CMAKE_HAVE_LIBC_PTHREAD
[1.450s] -- Performing Test CMAKE_HAVE_LIBC_PTHREAD - Success
[1.462s] -- Found Threads: TRUE  
[1.539s] -- Found rclcpp_action: 16.0.17 (/opt/ros/humble/share/rclcpp_action/cmake)
[1.640s] -- Configuring done
[1.670s] -- Generating done
[1.681s] -- Build files have been written to: /home/rss/robot_harry/robotik/build/create3_republisher
[2.184s] Invoked command in '/home/rss/robot_harry/robotik/build/create3_republisher' returned '0': CMAKE_PREFIX_PATH=${CMAKE_PREFIX_PATH}:/home/rss/robot_harry/robotik/install/realsense2_ros_mqtt_bridge:/home/rss/robot_harry/robotik/install/create3_teleop:/home/rss/robot_harry/robotik/install/create3_examples_py:/home/rss/robot_harry/robotik/install/webcam_bringup:/home/rss/robot_harry/robotik/install/teleop:/home/rss/robot_harry/robotik/install/tb3_description:/home/rss/robot_harry/robotik/install/tag_detection:/home/rss/robot_harry/robotik/install/robot_bringup:/home/rss/robot_harry/robotik/install/pub_sub:/home/rss/robot_harry/robotik/install/object_detection:/home/rss/robot_harry/robotik/install/my_robot_navigation:/home/rss/robot_harry/robotik/install/curator:/home/rss/robot_harry/robotik/install/challenge_2025:/opt/ros/humble /usr/bin/cmake /home/rss/robot_harry/robotik/src/create3_examples/create3_republisher -DCMAKE_INSTALL_PREFIX=/home/rss/robot_harry/robotik/install/create3_republisher
[2.194s] Invoking command in '/home/rss/robot_harry/robotik/build/create3_republisher': CMAKE_PREFIX_PATH=${CMAKE_PREFIX_PATH}:/home/rss/robot_harry/robotik/install/realsense2_ros_mqtt_bridge:/home/rss/robot_harry/robotik/install/create3_teleop:/home/rss/robot_harry/robotik/install/create3_examples_py:/home/rss/robot_harry/robotik/install/webcam_bringup:/home/rss/robot_harry/robotik/install/teleop:/home/rss/robot_harry/robotik/install/tb3_description:/home/rss/robot_harry/robotik/install/tag_detection:/home/rss/robot_harry/robotik/install/robot_bringup:/home/rss/robot_harry/robotik/install/pub_sub:/home/rss/robot_harry/robotik/install/object_detection:/home/rss/robot_harry/robotik/install/my_robot_navigation:/home/rss/robot_harry/robotik/install/curator:/home/rss/robot_harry/robotik/install/challenge_2025:/opt/ros/humble /usr/bin/cmake --build /home/rss/robot_harry/robotik/build/create3_republisher -- -j8 -l8
[2.335s] [ 50%] [32mBuilding CXX object CMakeFiles/create3_republisher.dir/republisher.cpp.o[0m
[28.330s] [100%] [32m[1mLinking CXX executable create3_republisher[0m
[29.233s] [100%] Built target create3_republisher
[29.241s] Invoked command in '/home/rss/robot_harry/robotik/build/create3_republisher' returned '0': CMAKE_PREFIX_PATH=${CMAKE_PREFIX_PATH}:/home/rss/robot_harry/robotik/install/realsense2_ros_mqtt_bridge:/home/rss/robot_harry/robotik/install/create3_teleop:/home/rss/robot_harry/robotik/install/create3_examples_py:/home/rss/robot_harry/robotik/install/webcam_bringup:/home/rss/robot_harry/robotik/install/teleop:/home/rss/robot_harry/robotik/install/tb3_description:/home/rss/robot_harry/robotik/install/tag_detection:/home/rss/robot_harry/robotik/install/robot_bringup:/home/rss/robot_harry/robotik/install/pub_sub:/home/rss/robot_harry/robotik/install/object_detection:/home/rss/robot_harry/robotik/install/my_robot_navigation:/home/rss/robot_harry/robotik/install/curator:/home/rss/robot_harry/robotik/install/challenge_2025:/opt/ros/humble /usr/bin/cmake --build /home/rss/robot_harry/robotik/build/create3_republisher -- -j8 -l8
[29.243s] Invoking command in '/home/rss/robot_harry/robotik/build/create3_republisher': CMAKE_PREFIX_PATH=${CMAKE_PREFIX_PATH}:/home/rss/robot_harry/robotik/install/realsense2_ros_mqtt_bridge:/home/rss/robot_harry/robotik/install/create3_teleop:/home/rss/robot_harry/robotik/install/create3_examples_py:/home/rss/robot_harry/robotik/install/webcam_bringup:/home/rss/robot_harry/robotik/install/teleop:/home/rss/robot_harry/robotik/install/tb3_description:/home/rss/robot_harry/robotik/install/tag_detection:/home/rss/robot_harry/robotik/install/robot_bringup:/home/rss/robot_harry/robotik/install/pub_sub:/home/rss/robot_harry/robotik/install/object_detection:/home/rss/robot_harry/robotik/install/my_robot_navigation:/home/rss/robot_harry/robotik/install/curator:/home/rss/robot_harry/robotik/install/challenge_2025:/opt/ros/humble /usr/bin/cmake --install /home/rss/robot_harry/robotik/build/create3_republisher
[29.247s] -- Install configuration: ""
[29.247s] -- Installing: /home/rss/robot_harry/robotik/install/create3_republisher/lib/create3_republisher/create3_republisher
[29.252s] -- Set runtime path of "/home/rss/robot_harry/robotik/install/create3_republisher/lib/create3_republisher/create3_republisher" to ""
[29.252s] -- Installing: /home/rss/robot_harry/robotik/install/create3_republisher/share/create3_republisher/bringup
[29.252s] -- Installing: /home/rss/robot_harry/robotik/install/create3_republisher/share/create3_republisher/bringup/params.yaml
[29.252s] -- Installing: /home/rss/robot_harry/robotik/install/create3_republisher/share/create3_republisher/bringup/create3_republisher_launch.py
[29.252s] -- Installing: /home/rss/robot_harry/robotik/install/create3_republisher/share/create3_republisher/dds-config
[29.252s] -- Installing: /home/rss/robot_harry/robotik/install/create3_republisher/share/create3_republisher/dds-config/fastdds-robot-passive-unicast.xml
[29.252s] -- Installing: /home/rss/robot_harry/robotik/install/create3_republisher/share/create3_republisher/dds-config/fastdds-passive-unicast.xml
[29.252s] -- Installing: /home/rss/robot_harry/robotik/install/create3_republisher/share/create3_republisher/dds-config/fastdds-active-unicast.xml
[29.253s] -- Installing: /home/rss/robot_harry/robotik/install/create3_republisher/share/ament_index/resource_index/package_run_dependencies/create3_republisher
[29.253s] -- Installing: /home/rss/robot_harry/robotik/install/create3_republisher/share/ament_index/resource_index/parent_prefix_path/create3_republisher
[29.253s] -- Installing: /home/rss/robot_harry/robotik/install/create3_republisher/share/create3_republisher/environment/ament_prefix_path.sh
[29.253s] -- Installing: /home/rss/robot_harry/robotik/install/create3_republisher/share/create3_republisher/environment/ament_prefix_path.dsv
[29.253s] -- Installing: /home/rss/robot_harry/robotik/install/create3_republisher/share/create3_republisher/environment/path.sh
[29.253s] -- Installing: /home/rss/robot_harry/robotik/install/create3_republisher/share/create3_republisher/environment/path.dsv
[29.253s] -- Installing: /home/rss/robot_harry/robotik/install/create3_republisher/share/create3_republisher/local_setup.bash
[29.253s] -- Installing: /home/rss/robot_harry/robotik/install/create3_republisher/share/create3_republisher/local_setup.sh
[29.253s] -- Installing: /home/rss/robot_harry/robotik/install/create3_republisher/share/create3_republisher/local_setup.zsh
[29.253s] -- Installing: /home/rss/robot_harry/robotik/install/create3_republisher/share/create3_republisher/local_setup.dsv
[29.253s] -- Installing: /home/rss/robot_harry/robotik/install/create3_republisher/share/create3_republisher/package.dsv
[29.253s] -- Installing: /home/rss/robot_harry/robotik/install/create3_republisher/share/ament_index/resource_index/packages/create3_republisher
[29.253s] -- Installing: /home/rss/robot_harry/robotik/install/create3_republisher/share/create3_republisher/cmake/create3_republisherConfig.cmake
[29.253s] -- Installing: /home/rss/robot_harry/robotik/install/create3_republisher/share/create3_republisher/cmake/create3_republisherConfig-version.cmake
[29.253s] -- Installing: /home/rss/robot_harry/robotik/install/create3_republisher/share/create3_republisher/package.xml
[29.255s] Invoked command in '/home/rss/robot_harry/robotik/build/create3_republisher' returned '0': CMAKE_PREFIX_PATH=${CMAKE_PREFIX_PATH}:/home/rss/robot_harry/robotik/install/realsense2_ros_mqtt_bridge:/home/rss/robot_harry/robotik/install/create3_teleop:/home/rss/robot_harry/robotik/install/create3_examples_py:/home/rss/robot_harry/robotik/install/webcam_bringup:/home/rss/robot_harry/robotik/install/teleop:/home/rss/robot_harry/robotik/install/tb3_description:/home/rss/robot_harry/robotik/install/tag_detection:/home/rss/robot_harry/robotik/install/robot_bringup:/home/rss/robot_harry/robotik/install/pub_sub:/home/rss/robot_harry/robotik/install/object_detection:/home/rss/robot_harry/robotik/install/my_robot_navigation:/home/rss/robot_harry/robotik/install/curator:/home/rss/robot_harry/robotik/install/challenge_2025:/opt/ros/humble /usr/bin/cmake --install /home/rss/robot_harry/robotik/build/create3_republisher
