running egg_info
creating ../../build/teleop/teleop.egg-info
writing ../../build/teleop/teleop.egg-info/PKG-INFO
writing dependency_links to ../../build/teleop/teleop.egg-info/dependency_links.txt
writing entry points to ../../build/teleop/teleop.egg-info/entry_points.txt
writing requirements to ../../build/teleop/teleop.egg-info/requires.txt
writing top-level names to ../../build/teleop/teleop.egg-info/top_level.txt
writing manifest file '../../build/teleop/teleop.egg-info/SOURCES.txt'
reading manifest file '../../build/teleop/teleop.egg-info/SOURCES.txt'
writing manifest file '../../build/teleop/teleop.egg-info/SOURCES.txt'
running build
running build_py
creating /home/harry/robot/build/teleop/build
creating /home/harry/robot/build/teleop/build/lib
creating /home/harry/robot/build/teleop/build/lib/teleop
copying teleop/__init__.py -> /home/harry/robot/build/teleop/build/lib/teleop
copying teleop/teleop.py -> /home/harry/robot/build/teleop/build/lib/teleop
running install
running install_lib
creating /home/harry/robot/install/teleop/lib/python3.10/site-packages/teleop
copying /home/harry/robot/build/teleop/build/lib/teleop/__init__.py -> /home/harry/robot/install/teleop/lib/python3.10/site-packages/teleop
copying /home/harry/robot/build/teleop/build/lib/teleop/teleop.py -> /home/harry/robot/install/teleop/lib/python3.10/site-packages/teleop
byte-compiling /home/harry/robot/install/teleop/lib/python3.10/site-packages/teleop/__init__.py to __init__.cpython-310.pyc
byte-compiling /home/harry/robot/install/teleop/lib/python3.10/site-packages/teleop/teleop.py to teleop.cpython-310.pyc
running install_data
creating /home/harry/robot/install/teleop/share/ament_index
creating /home/harry/robot/install/teleop/share/ament_index/resource_index
creating /home/harry/robot/install/teleop/share/ament_index/resource_index/packages
copying resource/teleop -> /home/harry/robot/install/teleop/share/ament_index/resource_index/packages
copying package.xml -> /home/harry/robot/install/teleop/share/teleop
creating /home/harry/robot/install/teleop/share/teleop/launch
copying launch/teleop_launch.launch.py -> /home/harry/robot/install/teleop/share/teleop/launch
running install_egg_info
Copying ../../build/teleop/teleop.egg-info to /home/harry/robot/install/teleop/lib/python3.10/site-packages/teleop-0.0.0-py3.10.egg-info
running install_scripts
Installing teleop_node script to /home/harry/robot/install/teleop/lib/teleop
writing list of installed files to '/home/harry/robot/build/teleop/install.log'
