[1.753s] Invoking command in '/home/harry/robot/src/teleop': PYTHONPATH=/home/harry/robot/build/teleop/prefix_override:/usr/lib/python3/dist-packages/colcon_core/task/python/colcon_distutils_commands:/home/harry/robot/install/teleop/lib/python3.10/site-packages:${PYTHONPATH} /usr/bin/python3 -W ignore:setup.py install is deprecated -W ignore:easy_install command is deprecated setup.py egg_info --egg-base ../../build/teleop build --build-base /home/harry/robot/build/teleop/build install --record /home/harry/robot/build/teleop/install.log --single-version-externally-managed install_data
[2.308s] running egg_info
[2.309s] creating ../../build/teleop/teleop.egg-info
[2.311s] writing ../../build/teleop/teleop.egg-info/PKG-INFO
[2.312s] writing dependency_links to ../../build/teleop/teleop.egg-info/dependency_links.txt
[2.313s] writing entry points to ../../build/teleop/teleop.egg-info/entry_points.txt
[2.314s] writing requirements to ../../build/teleop/teleop.egg-info/requires.txt
[2.314s] writing top-level names to ../../build/teleop/teleop.egg-info/top_level.txt
[2.317s] writing manifest file '../../build/teleop/teleop.egg-info/SOURCES.txt'
[2.322s] reading manifest file '../../build/teleop/teleop.egg-info/SOURCES.txt'
[2.324s] writing manifest file '../../build/teleop/teleop.egg-info/SOURCES.txt'
[2.325s] running build
[2.326s] running build_py
[2.326s] creating /home/harry/robot/build/teleop/build
[2.327s] creating /home/harry/robot/build/teleop/build/lib
[2.327s] creating /home/harry/robot/build/teleop/build/lib/teleop
[2.328s] copying teleop/__init__.py -> /home/harry/robot/build/teleop/build/lib/teleop
[2.328s] copying teleop/teleop.py -> /home/harry/robot/build/teleop/build/lib/teleop
[2.329s] running install
[2.330s] running install_lib
[2.332s] creating /home/harry/robot/install/teleop/lib/python3.10/site-packages/teleop
[2.332s] copying /home/harry/robot/build/teleop/build/lib/teleop/__init__.py -> /home/harry/robot/install/teleop/lib/python3.10/site-packages/teleop
[2.333s] copying /home/harry/robot/build/teleop/build/lib/teleop/teleop.py -> /home/harry/robot/install/teleop/lib/python3.10/site-packages/teleop
[2.335s] byte-compiling /home/harry/robot/install/teleop/lib/python3.10/site-packages/teleop/__init__.py to __init__.cpython-310.pyc
[2.337s] byte-compiling /home/harry/robot/install/teleop/lib/python3.10/site-packages/teleop/teleop.py to teleop.cpython-310.pyc
[2.337s] running install_data
[2.338s] creating /home/harry/robot/install/teleop/share/ament_index
[2.338s] creating /home/harry/robot/install/teleop/share/ament_index/resource_index
[2.338s] creating /home/harry/robot/install/teleop/share/ament_index/resource_index/packages
[2.339s] copying resource/teleop -> /home/harry/robot/install/teleop/share/ament_index/resource_index/packages
[2.339s] copying package.xml -> /home/harry/robot/install/teleop/share/teleop
[2.340s] creating /home/harry/robot/install/teleop/share/teleop/launch
[2.340s] copying launch/teleop_launch.launch.py -> /home/harry/robot/install/teleop/share/teleop/launch
[2.341s] running install_egg_info
[2.347s] Copying ../../build/teleop/teleop.egg-info to /home/harry/robot/install/teleop/lib/python3.10/site-packages/teleop-0.0.0-py3.10.egg-info
[2.347s] running install_scripts
[2.397s] Installing teleop_node script to /home/harry/robot/install/teleop/lib/teleop
[2.397s] writing list of installed files to '/home/harry/robot/build/teleop/install.log'
[2.495s] Invoked command in '/home/harry/robot/src/teleop' returned '0': PYTHONPATH=/home/harry/robot/build/teleop/prefix_override:/usr/lib/python3/dist-packages/colcon_core/task/python/colcon_distutils_commands:/home/harry/robot/install/teleop/lib/python3.10/site-packages:${PYTHONPATH} /usr/bin/python3 -W ignore:setup.py install is deprecated -W ignore:easy_install command is deprecated setup.py egg_info --egg-base ../../build/teleop build --build-base /home/harry/robot/build/teleop/build install --record /home/harry/robot/build/teleop/install.log --single-version-externally-managed install_data
