[1.570s] Invoking command in '/home/harry/robotik/src/teleop': PYTHONPATH=/home/harry/robotik/build/teleop/prefix_override:/usr/lib/python3/dist-packages/colcon_core/task/python/colcon_distutils_commands:/home/harry/robotik/install/teleop/lib/python3.10/site-packages:${PYTHONPATH} /usr/bin/python3 -W ignore:setup.py install is deprecated -W ignore:easy_install command is deprecated setup.py egg_info --egg-base ../../build/teleop build --build-base /home/harry/robotik/build/teleop/build install --record /home/harry/robotik/build/teleop/install.log --single-version-externally-managed install_data
[2.357s] running egg_info
[2.359s] writing ../../build/teleop/teleop.egg-info/PKG-INFO
[2.360s] writing dependency_links to ../../build/teleop/teleop.egg-info/dependency_links.txt
[2.361s] writing entry points to ../../build/teleop/teleop.egg-info/entry_points.txt
[2.362s] writing requirements to ../../build/teleop/teleop.egg-info/requires.txt
[2.362s] writing top-level names to ../../build/teleop/teleop.egg-info/top_level.txt
[2.366s] reading manifest file '../../build/teleop/teleop.egg-info/SOURCES.txt'
[2.368s] writing manifest file '../../build/teleop/teleop.egg-info/SOURCES.txt'
[2.368s] running build
[2.369s] running build_py
[2.369s] running install
[2.370s] running install_lib
[2.375s] running install_data
[2.375s] running install_egg_info
[2.379s] removing '/home/harry/robotik/install/teleop/lib/python3.10/site-packages/teleop-0.0.0-py3.10.egg-info' (and everything under it)
[2.381s] Copying ../../build/teleop/teleop.egg-info to /home/harry/robotik/install/teleop/lib/python3.10/site-packages/teleop-0.0.0-py3.10.egg-info
[2.383s] running install_scripts
[2.428s] Installing teleop_node script to /home/harry/robotik/install/teleop/lib/teleop
[2.428s] writing list of installed files to '/home/harry/robotik/build/teleop/install.log'
[2.481s] Invoked command in '/home/harry/robotik/src/teleop' returned '0': PYTHONPATH=/home/harry/robotik/build/teleop/prefix_override:/usr/lib/python3/dist-packages/colcon_core/task/python/colcon_distutils_commands:/home/harry/robotik/install/teleop/lib/python3.10/site-packages:${PYTHONPATH} /usr/bin/python3 -W ignore:setup.py install is deprecated -W ignore:easy_install command is deprecated setup.py egg_info --egg-base ../../build/teleop build --build-base /home/harry/robotik/build/teleop/build install --record /home/harry/robotik/build/teleop/install.log --single-version-externally-managed install_data
