[0.214s] Invoking command in '/home/rss/robot_harry/robotik/build/create3_republisher': CMAKE_PREFIX_PATH=${CMAKE_PREFIX_PATH}:/home/rss/robot_harry/robotik/install/webcam_bringup:/home/rss/robot_harry/robotik/install/teleop:/home/rss/robot_harry/robotik/install/robot_bringup:/home/rss/robot_harry/robotik/install/realsense2_ros_mqtt_bridge:/home/rss/robot_harry/robotik/install/pub_sub:/home/rss/robot_harry/robotik/install/object_detection:/home/rss/robot_harry/robotik/install/my_robot_navigation:/home/rss/robot_harry/robotik/install/create3_teleop:/home/rss/robot_harry/robotik/install/create3_examples_py:/opt/ros/humble /usr/bin/cmake /home/rss/robot_harry/robotik/src/create3_examples/create3_republisher -DCMAKE_INSTALL_PREFIX=/home/rss/robot_harry/robotik/install/create3_republisher
[0.641s] -- The C compiler identification is GNU 11.4.0
[0.641s] -- The CXX compiler identification is GNU 11.4.0
[0.642s] -- Detecting C compiler ABI info
[0.642s] -- Detecting C compiler ABI info - done
[0.642s] -- Check for working C compiler: /usr/bin/cc - skipped
[0.642s] -- Detecting C compile features
[0.642s] -- Detecting C compile features - done
[0.642s] -- Detecting CXX compiler ABI info
[0.642s] -- Detecting CXX compiler ABI info - done
[0.642s] -- Check for working CXX compiler: /usr/bin/c++ - skipped
[0.642s] -- Detecting CXX compile features
[0.642s] -- Detecting CXX compile features - done
[0.642s] -- Found ament_cmake: 1.3.12 (/opt/ros/humble/share/ament_cmake/cmake)
[0.642s] -- Found Python3: /usr/bin/python3 (found version "3.10.12") found components: Interpreter 
[0.709s] -- Found irobot_create_msgs: 2.1.0 (/opt/ros/humble/share/irobot_create_msgs/cmake)
[0.750s] -- Found rosidl_generator_c: 3.1.8 (/opt/ros/humble/share/rosidl_generator_c/cmake)
[0.757s] -- Found rosidl_adapter: 3.1.8 (/opt/ros/humble/share/rosidl_adapter/cmake)
[0.767s] -- Found rosidl_generator_cpp: 3.1.8 (/opt/ros/humble/share/rosidl_generator_cpp/cmake)
[0.786s] -- Using all available rosidl_typesupport_c: rosidl_typesupport_fastrtps_c;rosidl_typesupport_introspection_c
[0.806s] -- Using all available rosidl_typesupport_cpp: rosidl_typesupport_fastrtps_cpp;rosidl_typesupport_introspection_cpp
[0.914s] -- Found rclcpp: 16.0.17 (/opt/ros/humble/share/rclcpp/cmake)
[0.963s] -- Found rmw_implementation_cmake: 6.1.2 (/opt/ros/humble/share/rmw_implementation_cmake/cmake)
[0.968s] -- Found rmw_fastrtps_cpp: 6.2.9 (/opt/ros/humble/share/rmw_fastrtps_cpp/cmake)
[1.088s] -- Found OpenSSL: /usr/lib/x86_64-linux-gnu/libcrypto.so (found version "3.0.2")  
[1.123s] -- Found FastRTPS: /opt/ros/humble/include  
[1.219s] -- Using RMW implementation 'rmw_fastrtps_cpp' as default
[1.233s] -- Looking for pthread.h
[1.403s] -- Looking for pthread.h - found
[1.403s] -- Performing Test CMAKE_HAVE_LIBC_PTHREAD
[1.590s] -- Performing Test CMAKE_HAVE_LIBC_PTHREAD - Success
[1.590s] -- Found Threads: TRUE  
[1.705s] -- Found rclcpp_action: 16.0.17 (/opt/ros/humble/share/rclcpp_action/cmake)
[1.905s] -- Configuring done
[1.932s] -- Generating done
[1.938s] -- Build files have been written to: /home/rss/robot_harry/robotik/build/create3_republisher
[2.204s] Invoked command in '/home/rss/robot_harry/robotik/build/create3_republisher' returned '0': CMAKE_PREFIX_PATH=${CMAKE_PREFIX_PATH}:/home/rss/robot_harry/robotik/install/webcam_bringup:/home/rss/robot_harry/robotik/install/teleop:/home/rss/robot_harry/robotik/install/robot_bringup:/home/rss/robot_harry/robotik/install/realsense2_ros_mqtt_bridge:/home/rss/robot_harry/robotik/install/pub_sub:/home/rss/robot_harry/robotik/install/object_detection:/home/rss/robot_harry/robotik/install/my_robot_navigation:/home/rss/robot_harry/robotik/install/create3_teleop:/home/rss/robot_harry/robotik/install/create3_examples_py:/opt/ros/humble /usr/bin/cmake /home/rss/robot_harry/robotik/src/create3_examples/create3_republisher -DCMAKE_INSTALL_PREFIX=/home/rss/robot_harry/robotik/install/create3_republisher
[2.205s] Invoking command in '/home/rss/robot_harry/robotik/build/create3_republisher': CMAKE_PREFIX_PATH=${CMAKE_PREFIX_PATH}:/home/rss/robot_harry/robotik/install/webcam_bringup:/home/rss/robot_harry/robotik/install/teleop:/home/rss/robot_harry/robotik/install/robot_bringup:/home/rss/robot_harry/robotik/install/realsense2_ros_mqtt_bridge:/home/rss/robot_harry/robotik/install/pub_sub:/home/rss/robot_harry/robotik/install/object_detection:/home/rss/robot_harry/robotik/install/my_robot_navigation:/home/rss/robot_harry/robotik/install/create3_teleop:/home/rss/robot_harry/robotik/install/create3_examples_py:/opt/ros/humble /usr/bin/cmake --build /home/rss/robot_harry/robotik/build/create3_republisher -- -j8 -l8
[2.330s] [ 50%] [32mBuilding CXX object CMakeFiles/create3_republisher.dir/republisher.cpp.o[0m
[25.506s] [100%] [32m[1mLinking CXX executable create3_republisher[0m
[26.280s] [100%] Built target create3_republisher
[26.287s] Invoked command in '/home/rss/robot_harry/robotik/build/create3_republisher' returned '0': CMAKE_PREFIX_PATH=${CMAKE_PREFIX_PATH}:/home/rss/robot_harry/robotik/install/webcam_bringup:/home/rss/robot_harry/robotik/install/teleop:/home/rss/robot_harry/robotik/install/robot_bringup:/home/rss/robot_harry/robotik/install/realsense2_ros_mqtt_bridge:/home/rss/robot_harry/robotik/install/pub_sub:/home/rss/robot_harry/robotik/install/object_detection:/home/rss/robot_harry/robotik/install/my_robot_navigation:/home/rss/robot_harry/robotik/install/create3_teleop:/home/rss/robot_harry/robotik/install/create3_examples_py:/opt/ros/humble /usr/bin/cmake --build /home/rss/robot_harry/robotik/build/create3_republisher -- -j8 -l8
[26.288s] Invoking command in '/home/rss/robot_harry/robotik/build/create3_republisher': CMAKE_PREFIX_PATH=${CMAKE_PREFIX_PATH}:/home/rss/robot_harry/robotik/install/webcam_bringup:/home/rss/robot_harry/robotik/install/teleop:/home/rss/robot_harry/robotik/install/robot_bringup:/home/rss/robot_harry/robotik/install/realsense2_ros_mqtt_bridge:/home/rss/robot_harry/robotik/install/pub_sub:/home/rss/robot_harry/robotik/install/object_detection:/home/rss/robot_harry/robotik/install/my_robot_navigation:/home/rss/robot_harry/robotik/install/create3_teleop:/home/rss/robot_harry/robotik/install/create3_examples_py:/opt/ros/humble /usr/bin/cmake --install /home/rss/robot_harry/robotik/build/create3_republisher
[26.293s] -- Install configuration: ""
[26.293s] -- Installing: /home/rss/robot_harry/robotik/install/create3_republisher/lib/create3_republisher/create3_republisher
[26.298s] -- Set runtime path of "/home/rss/robot_harry/robotik/install/create3_republisher/lib/create3_republisher/create3_republisher" to ""
[26.299s] -- Installing: /home/rss/robot_harry/robotik/install/create3_republisher/share/create3_republisher/bringup
[26.299s] -- Installing: /home/rss/robot_harry/robotik/install/create3_republisher/share/create3_republisher/bringup/params.yaml
[26.299s] -- Installing: /home/rss/robot_harry/robotik/install/create3_republisher/share/create3_republisher/bringup/create3_republisher_launch.py
[26.299s] -- Installing: /home/rss/robot_harry/robotik/install/create3_republisher/share/create3_republisher/dds-config
[26.299s] -- Installing: /home/rss/robot_harry/robotik/install/create3_republisher/share/create3_republisher/dds-config/fastdds-robot-passive-unicast.xml
[26.299s] -- Installing: /home/rss/robot_harry/robotik/install/create3_republisher/share/create3_republisher/dds-config/fastdds-passive-unicast.xml
[26.299s] -- Installing: /home/rss/robot_harry/robotik/install/create3_republisher/share/create3_republisher/dds-config/fastdds-active-unicast.xml
[26.299s] -- Installing: /home/rss/robot_harry/robotik/install/create3_republisher/share/ament_index/resource_index/package_run_dependencies/create3_republisher
[26.299s] -- Installing: /home/rss/robot_harry/robotik/install/create3_republisher/share/ament_index/resource_index/parent_prefix_path/create3_republisher
[26.299s] -- Installing: /home/rss/robot_harry/robotik/install/create3_republisher/share/create3_republisher/environment/ament_prefix_path.sh
[26.299s] -- Installing: /home/rss/robot_harry/robotik/install/create3_republisher/share/create3_republisher/environment/ament_prefix_path.dsv
[26.299s] -- Installing: /home/rss/robot_harry/robotik/install/create3_republisher/share/create3_republisher/environment/path.sh
[26.299s] -- Installing: /home/rss/robot_harry/robotik/install/create3_republisher/share/create3_republisher/environment/path.dsv
[26.299s] -- Installing: /home/rss/robot_harry/robotik/install/create3_republisher/share/create3_republisher/local_setup.bash
[26.299s] -- Installing: /home/rss/robot_harry/robotik/install/create3_republisher/share/create3_republisher/local_setup.sh
[26.299s] -- Installing: /home/rss/robot_harry/robotik/install/create3_republisher/share/create3_republisher/local_setup.zsh
[26.299s] -- Installing: /home/rss/robot_harry/robotik/install/create3_republisher/share/create3_republisher/local_setup.dsv
[26.299s] -- Installing: /home/rss/robot_harry/robotik/install/create3_republisher/share/create3_republisher/package.dsv
[26.299s] -- Installing: /home/rss/robot_harry/robotik/install/create3_republisher/share/ament_index/resource_index/packages/create3_republisher
[26.300s] -- Installing: /home/rss/robot_harry/robotik/install/create3_republisher/share/create3_republisher/cmake/create3_republisherConfig.cmake
[26.300s] -- Installing: /home/rss/robot_harry/robotik/install/create3_republisher/share/create3_republisher/cmake/create3_republisherConfig-version.cmake
[26.300s] -- Installing: /home/rss/robot_harry/robotik/install/create3_republisher/share/create3_republisher/package.xml
[26.301s] Invoked command in '/home/rss/robot_harry/robotik/build/create3_republisher' returned '0': CMAKE_PREFIX_PATH=${CMAKE_PREFIX_PATH}:/home/rss/robot_harry/robotik/install/webcam_bringup:/home/rss/robot_harry/robotik/install/teleop:/home/rss/robot_harry/robotik/install/robot_bringup:/home/rss/robot_harry/robotik/install/realsense2_ros_mqtt_bridge:/home/rss/robot_harry/robotik/install/pub_sub:/home/rss/robot_harry/robotik/install/object_detection:/home/rss/robot_harry/robotik/install/my_robot_navigation:/home/rss/robot_harry/robotik/install/create3_teleop:/home/rss/robot_harry/robotik/install/create3_examples_py:/opt/ros/humble /usr/bin/cmake --install /home/rss/robot_harry/robotik/build/create3_republisher
