[0.027s] Invoking command in '/home/rss/robot_harry/robotik/build/apriltag_ros': CMAKE_PREFIX_PATH=/home/rss/robot_harry/robotik/install/apriltag_msgs:/home/rss/robot_harry/robotik/install/create3_lidar_slam:/home/rss/robot_harry/robotik/install/rplidar_ros:/home/rss/robot_harry/robotik/install/realsense2_rviz_plugin:/home/rss/robot_harry/robotik/install/realsense2_description:/home/rss/robot_harry/robotik/install/realsense2_camera_msgs:/home/rss/robot_harry/robotik/install/my_robot_slam:/home/rss/robot_harry/robotik/install/create3_republisher:/home/rss/robot_harry/robotik/install/create3_coverage:/home/rss/robot_harry/robotik/install/create3_examples_msgs:/home/rss/robot_harry/robotik/install/apriltag_ros:/home/rss/robot_harry/robotik/install/tag_detection:/home/rss/robot_harry/robotik/install/webcam_bringup:/home/rss/robot_harry/robotik/install/teleop:/home/rss/robot_harry/robotik/install/robot_bringup:/home/rss/robot_harry/robotik/install/realsense2_ros_mqtt_bridge:/home/rss/robot_harry/robotik/install/pub_sub:/home/rss/robot_harry/robotik/install/object_detection:/home/rss/robot_harry/robotik/install/my_robot_navigation:/home/rss/robot_harry/robotik/install/create3_teleop:/home/rss/robot_harry/robotik/install/create3_examples_py:/opt/ros/humble LD_LIBRARY_PATH=/home/rss/robot_harry/robotik/install/apriltag_msgs/lib:/home/rss/robot_harry/robotik/install/realsense2_camera_msgs/lib:/home/rss/robot_harry/robotik/install/create3_coverage/lib:/home/rss/robot_harry/robotik/install/create3_examples_msgs/lib:/home/rss/robot_harry/robotik/install/apriltag_ros/lib:/opt/ros/humble/opt/rviz_ogre_vendor/lib:/opt/ros/humble/lib/x86_64-linux-gnu:/opt/ros/humble/lib /usr/bin/cmake --build /home/rss/robot_harry/robotik/build/apriltag_ros -- -j8 -l8
[0.051s] -- Found rclcpp: 16.0.17 (/opt/ros/humble/share/rclcpp/cmake)
[0.190s] -- Found rosidl_generator_c: 3.1.8 (/opt/ros/humble/share/rosidl_generator_c/cmake)
[0.192s] -- Found rosidl_adapter: 3.1.8 (/opt/ros/humble/share/rosidl_adapter/cmake)
[0.196s] -- Found rosidl_generator_cpp: 3.1.8 (/opt/ros/humble/share/rosidl_generator_cpp/cmake)
[0.203s] -- Using all available rosidl_typesupport_c: rosidl_typesupport_fastrtps_c;rosidl_typesupport_introspection_c
[0.212s] -- Using all available rosidl_typesupport_cpp: rosidl_typesupport_fastrtps_cpp;rosidl_typesupport_introspection_cpp
[0.235s] -- Found rmw_implementation_cmake: 6.1.2 (/opt/ros/humble/share/rmw_implementation_cmake/cmake)
[0.237s] -- Found rmw_fastrtps_cpp: 6.2.9 (/opt/ros/humble/share/rmw_fastrtps_cpp/cmake)
[0.345s] -- Using RMW implementation 'rmw_fastrtps_cpp' as default
[0.385s] -- Found rclcpp_components: 16.0.17 (/opt/ros/humble/share/rclcpp_components/cmake)
[0.397s] -- Found sensor_msgs: 4.9.0 (/opt/ros/humble/share/sensor_msgs/cmake)
[0.417s] -- Found apriltag_msgs: 2.0.1 (/home/rss/robot_harry/robotik/install/apriltag_msgs/share/apriltag_msgs/cmake)
[0.425s] -- Found tf2_ros: 0.25.18 (/opt/ros/humble/share/tf2_ros/cmake)
[0.473s] -- Found image_transport: 3.1.12 (/opt/ros/humble/share/image_transport/cmake)
[0.487s] -- Found cv_bridge: 3.2.1 (/opt/ros/humble/share/cv_bridge/cmake)
[0.500s] -- Found ament_lint_auto: 0.12.14 (/opt/ros/humble/share/ament_lint_auto/cmake)
[0.580s] -- Added test 'clang_format' to check C / C++ code style
[0.581s] -- Added test 'cppcheck' to perform static code analysis on C / C++ code
[0.581s] -- Configured cppcheck include dirs: 
[0.581s] -- Configured cppcheck exclude dirs and/or files: 
[0.582s] -- Configuring done
[0.600s] -- Generating done
[0.607s] -- Build files have been written to: /home/rss/robot_harry/robotik/build/apriltag_ros
[0.630s] [35m[1mConsolidate compiler generated dependencies of target conversion[0m
[0.630s] [35m[1mConsolidate compiler generated dependencies of target apriltag_node[0m
[0.630s] [35m[1mConsolidate compiler generated dependencies of target tags[0m
[0.642s] [ 20%] [32mBuilding CXX object CMakeFiles/tags.dir/src/tag_functions.cpp.o[0m
[0.642s] [ 20%] [32mBuilding CXX object CMakeFiles/conversion.dir/src/conversion.cpp.o[0m
[0.643s] [ 40%] Built target apriltag_node
[0.870s] [ 50%] [32m[1mLinking CXX static library libtags.a[0m
[0.892s] [ 50%] Built target tags
[1.654s] [ 60%] [32m[1mLinking CXX static library libconversion.a[0m
[1.676s] [ 60%] Built target conversion
[1.683s] [35m[1mConsolidate compiler generated dependencies of target pose_estimation[0m
[1.693s] [ 70%] [32mBuilding CXX object CMakeFiles/pose_estimation.dir/src/pose_estimation.cpp.o[0m
[2.616s] [ 80%] [32m[1mLinking CXX static library libpose_estimation.a[0m
[2.636s] [ 80%] Built target pose_estimation
[2.643s] [35m[1mConsolidate compiler generated dependencies of target AprilTagNode[0m
[2.653s] [ 90%] [32mBuilding CXX object CMakeFiles/AprilTagNode.dir/src/AprilTagNode.cpp.o[0m
[6.318s] [100%] [32m[1mLinking CXX shared library libAprilTagNode.so[0m
[6.534s] [100%] Built target AprilTagNode
[6.541s] Invoked command in '/home/rss/robot_harry/robotik/build/apriltag_ros' returned '0': CMAKE_PREFIX_PATH=/home/rss/robot_harry/robotik/install/apriltag_msgs:/home/rss/robot_harry/robotik/install/create3_lidar_slam:/home/rss/robot_harry/robotik/install/rplidar_ros:/home/rss/robot_harry/robotik/install/realsense2_rviz_plugin:/home/rss/robot_harry/robotik/install/realsense2_description:/home/rss/robot_harry/robotik/install/realsense2_camera_msgs:/home/rss/robot_harry/robotik/install/my_robot_slam:/home/rss/robot_harry/robotik/install/create3_republisher:/home/rss/robot_harry/robotik/install/create3_coverage:/home/rss/robot_harry/robotik/install/create3_examples_msgs:/home/rss/robot_harry/robotik/install/apriltag_ros:/home/rss/robot_harry/robotik/install/tag_detection:/home/rss/robot_harry/robotik/install/webcam_bringup:/home/rss/robot_harry/robotik/install/teleop:/home/rss/robot_harry/robotik/install/robot_bringup:/home/rss/robot_harry/robotik/install/realsense2_ros_mqtt_bridge:/home/rss/robot_harry/robotik/install/pub_sub:/home/rss/robot_harry/robotik/install/object_detection:/home/rss/robot_harry/robotik/install/my_robot_navigation:/home/rss/robot_harry/robotik/install/create3_teleop:/home/rss/robot_harry/robotik/install/create3_examples_py:/opt/ros/humble LD_LIBRARY_PATH=/home/rss/robot_harry/robotik/install/apriltag_msgs/lib:/home/rss/robot_harry/robotik/install/realsense2_camera_msgs/lib:/home/rss/robot_harry/robotik/install/create3_coverage/lib:/home/rss/robot_harry/robotik/install/create3_examples_msgs/lib:/home/rss/robot_harry/robotik/install/apriltag_ros/lib:/opt/ros/humble/opt/rviz_ogre_vendor/lib:/opt/ros/humble/lib/x86_64-linux-gnu:/opt/ros/humble/lib /usr/bin/cmake --build /home/rss/robot_harry/robotik/build/apriltag_ros -- -j8 -l8
[6.543s] Invoking command in '/home/rss/robot_harry/robotik/build/apriltag_ros': CMAKE_PREFIX_PATH=/home/rss/robot_harry/robotik/install/apriltag_msgs:/home/rss/robot_harry/robotik/install/create3_lidar_slam:/home/rss/robot_harry/robotik/install/rplidar_ros:/home/rss/robot_harry/robotik/install/realsense2_rviz_plugin:/home/rss/robot_harry/robotik/install/realsense2_description:/home/rss/robot_harry/robotik/install/realsense2_camera_msgs:/home/rss/robot_harry/robotik/install/my_robot_slam:/home/rss/robot_harry/robotik/install/create3_republisher:/home/rss/robot_harry/robotik/install/create3_coverage:/home/rss/robot_harry/robotik/install/create3_examples_msgs:/home/rss/robot_harry/robotik/install/apriltag_ros:/home/rss/robot_harry/robotik/install/tag_detection:/home/rss/robot_harry/robotik/install/webcam_bringup:/home/rss/robot_harry/robotik/install/teleop:/home/rss/robot_harry/robotik/install/robot_bringup:/home/rss/robot_harry/robotik/install/realsense2_ros_mqtt_bridge:/home/rss/robot_harry/robotik/install/pub_sub:/home/rss/robot_harry/robotik/install/object_detection:/home/rss/robot_harry/robotik/install/my_robot_navigation:/home/rss/robot_harry/robotik/install/create3_teleop:/home/rss/robot_harry/robotik/install/create3_examples_py:/opt/ros/humble LD_LIBRARY_PATH=/home/rss/robot_harry/robotik/install/apriltag_msgs/lib:/home/rss/robot_harry/robotik/install/realsense2_camera_msgs/lib:/home/rss/robot_harry/robotik/install/create3_coverage/lib:/home/rss/robot_harry/robotik/install/create3_examples_msgs/lib:/home/rss/robot_harry/robotik/install/apriltag_ros/lib:/opt/ros/humble/opt/rviz_ogre_vendor/lib:/opt/ros/humble/lib/x86_64-linux-gnu:/opt/ros/humble/lib /usr/bin/cmake --install /home/rss/robot_harry/robotik/build/apriltag_ros
[6.547s] -- Install configuration: ""
[6.547s] -- Up-to-date: /home/rss/robot_harry/robotik/install/apriltag_ros/lib/apriltag_ros/apriltag_node
[6.547s] -- Up-to-date: /home/rss/robot_harry/robotik/install/apriltag_ros/share/apriltag_ros/environment/library_path.sh
[6.547s] -- Installing: /home/rss/robot_harry/robotik/install/apriltag_ros/share/apriltag_ros/environment/library_path.dsv
[6.548s] -- Installing: /home/rss/robot_harry/robotik/install/apriltag_ros/lib/libAprilTagNode.so
[6.549s] -- Set runtime path of "/home/rss/robot_harry/robotik/install/apriltag_ros/lib/libAprilTagNode.so" to ""
[6.549s] -- Up-to-date: /home/rss/robot_harry/robotik/install/apriltag_ros/share/apriltag_ros/cfg
[6.550s] -- Installing: /home/rss/robot_harry/robotik/install/apriltag_ros/share/apriltag_ros/cfg/tags_36h11.yaml
[6.550s] -- Up-to-date: /home/rss/robot_harry/robotik/install/apriltag_ros/share/apriltag_ros/launch
[6.550s] -- Installing: /home/rss/robot_harry/robotik/install/apriltag_ros/share/apriltag_ros/launch/camera_36h11.launch.yml
[6.550s] -- Up-to-date: /home/rss/robot_harry/robotik/install/apriltag_ros/share/ament_index/resource_index/package_run_dependencies/apriltag_ros
[6.550s] -- Installing: /home/rss/robot_harry/robotik/install/apriltag_ros/share/ament_index/resource_index/parent_prefix_path/apriltag_ros
[6.550s] -- Up-to-date: /home/rss/robot_harry/robotik/install/apriltag_ros/share/apriltag_ros/environment/ament_prefix_path.sh
[6.550s] -- Installing: /home/rss/robot_harry/robotik/install/apriltag_ros/share/apriltag_ros/environment/ament_prefix_path.dsv
[6.550s] -- Up-to-date: /home/rss/robot_harry/robotik/install/apriltag_ros/share/apriltag_ros/environment/path.sh
[6.550s] -- Installing: /home/rss/robot_harry/robotik/install/apriltag_ros/share/apriltag_ros/environment/path.dsv
[6.550s] -- Up-to-date: /home/rss/robot_harry/robotik/install/apriltag_ros/share/apriltag_ros/local_setup.bash
[6.550s] -- Up-to-date: /home/rss/robot_harry/robotik/install/apriltag_ros/share/apriltag_ros/local_setup.sh
[6.550s] -- Up-to-date: /home/rss/robot_harry/robotik/install/apriltag_ros/share/apriltag_ros/local_setup.zsh
[6.550s] -- Installing: /home/rss/robot_harry/robotik/install/apriltag_ros/share/apriltag_ros/local_setup.dsv
[6.550s] -- Installing: /home/rss/robot_harry/robotik/install/apriltag_ros/share/apriltag_ros/package.dsv
[6.550s] -- Up-to-date: /home/rss/robot_harry/robotik/install/apriltag_ros/share/ament_index/resource_index/packages/apriltag_ros
[6.550s] -- Up-to-date: /home/rss/robot_harry/robotik/install/apriltag_ros/share/ament_index/resource_index/rclcpp_components/apriltag_ros
[6.550s] -- Up-to-date: /home/rss/robot_harry/robotik/install/apriltag_ros/share/apriltag_ros/cmake/apriltag_rosConfig.cmake
[6.550s] -- Up-to-date: /home/rss/robot_harry/robotik/install/apriltag_ros/share/apriltag_ros/cmake/apriltag_rosConfig-version.cmake
[6.550s] -- Installing: /home/rss/robot_harry/robotik/install/apriltag_ros/share/apriltag_ros/package.xml
[6.552s] Invoked command in '/home/rss/robot_harry/robotik/build/apriltag_ros' returned '0': CMAKE_PREFIX_PATH=/home/rss/robot_harry/robotik/install/apriltag_msgs:/home/rss/robot_harry/robotik/install/create3_lidar_slam:/home/rss/robot_harry/robotik/install/rplidar_ros:/home/rss/robot_harry/robotik/install/realsense2_rviz_plugin:/home/rss/robot_harry/robotik/install/realsense2_description:/home/rss/robot_harry/robotik/install/realsense2_camera_msgs:/home/rss/robot_harry/robotik/install/my_robot_slam:/home/rss/robot_harry/robotik/install/create3_republisher:/home/rss/robot_harry/robotik/install/create3_coverage:/home/rss/robot_harry/robotik/install/create3_examples_msgs:/home/rss/robot_harry/robotik/install/apriltag_ros:/home/rss/robot_harry/robotik/install/tag_detection:/home/rss/robot_harry/robotik/install/webcam_bringup:/home/rss/robot_harry/robotik/install/teleop:/home/rss/robot_harry/robotik/install/robot_bringup:/home/rss/robot_harry/robotik/install/realsense2_ros_mqtt_bridge:/home/rss/robot_harry/robotik/install/pub_sub:/home/rss/robot_harry/robotik/install/object_detection:/home/rss/robot_harry/robotik/install/my_robot_navigation:/home/rss/robot_harry/robotik/install/create3_teleop:/home/rss/robot_harry/robotik/install/create3_examples_py:/opt/ros/humble LD_LIBRARY_PATH=/home/rss/robot_harry/robotik/install/apriltag_msgs/lib:/home/rss/robot_harry/robotik/install/realsense2_camera_msgs/lib:/home/rss/robot_harry/robotik/install/create3_coverage/lib:/home/rss/robot_harry/robotik/install/create3_examples_msgs/lib:/home/rss/robot_harry/robotik/install/apriltag_ros/lib:/opt/ros/humble/opt/rviz_ogre_vendor/lib:/opt/ros/humble/lib/x86_64-linux-gnu:/opt/ros/humble/lib /usr/bin/cmake --install /home/rss/robot_harry/robotik/build/apriltag_ros
