[0.721s] Invoking command in '/home/rss/robot_harry/robotik/src/webcam_bringup': PYTHONPATH=/home/rss/robot_harry/robotik/build/webcam_bringup/prefix_override:/usr/lib/python3/dist-packages/colcon_core/task/python/colcon_distutils_commands:/home/rss/robot_harry/robotik/install/webcam_bringup/lib/python3.10/site-packages:${PYTHONPATH} /usr/bin/python3 -W ignore:setup.py install is deprecated -W ignore:easy_install command is deprecated setup.py egg_info --egg-base ../../build/webcam_bringup build --build-base /home/rss/robot_harry/robotik/build/webcam_bringup/build install --record /home/rss/robot_harry/robotik/build/webcam_bringup/install.log --single-version-externally-managed install_data
[0.919s] running egg_info
[0.920s] writing ../../build/webcam_bringup/webcam_bringup.egg-info/PKG-INFO
[0.920s] writing dependency_links to ../../build/webcam_bringup/webcam_bringup.egg-info/dependency_links.txt
[0.920s] writing entry points to ../../build/webcam_bringup/webcam_bringup.egg-info/entry_points.txt
[0.920s] writing requirements to ../../build/webcam_bringup/webcam_bringup.egg-info/requires.txt
[0.920s] writing top-level names to ../../build/webcam_bringup/webcam_bringup.egg-info/top_level.txt
[0.922s] reading manifest file '../../build/webcam_bringup/webcam_bringup.egg-info/SOURCES.txt'
[0.923s] writing manifest file '../../build/webcam_bringup/webcam_bringup.egg-info/SOURCES.txt'
[0.923s] running build
[0.923s] running build_py
[0.923s] running install
[0.924s] running install_lib
[0.925s] running install_data
[0.925s] running install_egg_info
[0.927s] removing '/home/rss/robot_harry/robotik/install/webcam_bringup/lib/python3.10/site-packages/webcam_bringup-0.0.0-py3.10.egg-info' (and everything under it)
[0.927s] Copying ../../build/webcam_bringup/webcam_bringup.egg-info to /home/rss/robot_harry/robotik/install/webcam_bringup/lib/python3.10/site-packages/webcam_bringup-0.0.0-py3.10.egg-info
[0.928s] running install_scripts
[0.944s] writing list of installed files to '/home/rss/robot_harry/robotik/build/webcam_bringup/install.log'
[0.968s] Invoked command in '/home/rss/robot_harry/robotik/src/webcam_bringup' returned '0': PYTHONPATH=/home/rss/robot_harry/robotik/build/webcam_bringup/prefix_override:/usr/lib/python3/dist-packages/colcon_core/task/python/colcon_distutils_commands:/home/rss/robot_harry/robotik/install/webcam_bringup/lib/python3.10/site-packages:${PYTHONPATH} /usr/bin/python3 -W ignore:setup.py install is deprecated -W ignore:easy_install command is deprecated setup.py egg_info --egg-base ../../build/webcam_bringup build --build-base /home/rss/robot_harry/robotik/build/webcam_bringup/build install --record /home/rss/robot_harry/robotik/build/webcam_bringup/install.log --single-version-externally-managed install_data
