/home/harry/robot/install/pub_sub/lib/python3.10/site-packages/pub_sub/publisher.py
/home/harry/robot/install/pub_sub/lib/python3.10/site-packages/pub_sub/yolo_detector.py
/home/harry/robot/install/pub_sub/lib/python3.10/site-packages/pub_sub/__init__.py
/home/harry/robot/install/pub_sub/lib/python3.10/site-packages/pub_sub/sub.py
/home/harry/robot/install/pub_sub/lib/python3.10/site-packages/pub_sub/test_cam.py
/home/harry/robot/install/pub_sub/lib/python3.10/site-packages/pub_sub/communication_node.py
/home/harry/robot/install/pub_sub/lib/python3.10/site-packages/pub_sub/cam_publisher.py
/home/harry/robot/install/pub_sub/lib/python3.10/site-packages/pub_sub/__pycache__/publisher.cpython-310.pyc
/home/harry/robot/install/pub_sub/lib/python3.10/site-packages/pub_sub/__pycache__/yolo_detector.cpython-310.pyc
/home/harry/robot/install/pub_sub/lib/python3.10/site-packages/pub_sub/__pycache__/__init__.cpython-310.pyc
/home/harry/robot/install/pub_sub/lib/python3.10/site-packages/pub_sub/__pycache__/sub.cpython-310.pyc
/home/harry/robot/install/pub_sub/lib/python3.10/site-packages/pub_sub/__pycache__/test_cam.cpython-310.pyc
/home/harry/robot/install/pub_sub/lib/python3.10/site-packages/pub_sub/__pycache__/communication_node.cpython-310.pyc
/home/harry/robot/install/pub_sub/lib/python3.10/site-packages/pub_sub/__pycache__/cam_publisher.cpython-310.pyc
/home/harry/robot/install/pub_sub/share/ament_index/resource_index/packages/pub_sub
/home/harry/robot/install/pub_sub/share/pub_sub/package.xml
/home/harry/robot/install/pub_sub/lib/python3.10/site-packages/pub_sub-0.0.0-py3.10.egg-info/entry_points.txt
/home/harry/robot/install/pub_sub/lib/python3.10/site-packages/pub_sub-0.0.0-py3.10.egg-info/dependency_links.txt
/home/harry/robot/install/pub_sub/lib/python3.10/site-packages/pub_sub-0.0.0-py3.10.egg-info/PKG-INFO
/home/harry/robot/install/pub_sub/lib/python3.10/site-packages/pub_sub-0.0.0-py3.10.egg-info/top_level.txt
/home/harry/robot/install/pub_sub/lib/python3.10/site-packages/pub_sub-0.0.0-py3.10.egg-info/SOURCES.txt
/home/harry/robot/install/pub_sub/lib/python3.10/site-packages/pub_sub-0.0.0-py3.10.egg-info/requires.txt
/home/harry/robot/install/pub_sub/lib/python3.10/site-packages/pub_sub-0.0.0-py3.10.egg-info/zip-safe
/home/harry/robot/install/pub_sub/lib/pub_sub/publisher_node
/home/harry/robot/install/pub_sub/lib/pub_sub/subscriber_node
/home/harry/robot/install/pub_sub/lib/pub_sub/test_cam_node
/home/harry/robot/install/pub_sub/lib/pub_sub/yolo_detector_node
