[1.025s] Invoking command in '/home/rss/robot_harry/robotik/src/my_robot_navigation': PYTHONPATH=/home/rss/robot_harry/robotik/build/my_robot_navigation/prefix_override:/usr/lib/python3/dist-packages/colcon_core/task/python/colcon_distutils_commands:/home/rss/robot_harry/robotik/install/my_robot_navigation/lib/python3.10/site-packages:${PYTHONPATH} /usr/bin/python3 -W ignore:setup.py install is deprecated -W ignore:easy_install command is deprecated setup.py egg_info --egg-base ../../build/my_robot_navigation build --build-base /home/rss/robot_harry/robotik/build/my_robot_navigation/build install --record /home/rss/robot_harry/robotik/build/my_robot_navigation/install.log --single-version-externally-managed install_data
[1.436s] running egg_info
[1.436s] creating ../../build/my_robot_navigation/my_robot_navigation.egg-info
[1.439s] writing ../../build/my_robot_navigation/my_robot_navigation.egg-info/PKG-INFO
[1.439s] writing dependency_links to ../../build/my_robot_navigation/my_robot_navigation.egg-info/dependency_links.txt
[1.439s] writing entry points to ../../build/my_robot_navigation/my_robot_navigation.egg-info/entry_points.txt
[1.439s] writing requirements to ../../build/my_robot_navigation/my_robot_navigation.egg-info/requires.txt
[1.439s] writing top-level names to ../../build/my_robot_navigation/my_robot_navigation.egg-info/top_level.txt
[1.439s] writing manifest file '../../build/my_robot_navigation/my_robot_navigation.egg-info/SOURCES.txt'
[1.442s] reading manifest file '../../build/my_robot_navigation/my_robot_navigation.egg-info/SOURCES.txt'
[1.446s] writing manifest file '../../build/my_robot_navigation/my_robot_navigation.egg-info/SOURCES.txt'
[1.446s] running build
[1.446s] running build_py
[1.446s] creating /home/rss/robot_harry/robotik/build/my_robot_navigation/build
[1.446s] creating /home/rss/robot_harry/robotik/build/my_robot_navigation/build/lib
[1.446s] creating /home/rss/robot_harry/robotik/build/my_robot_navigation/build/lib/my_robot_navigation
[1.446s] copying my_robot_navigation/__init__.py -> /home/rss/robot_harry/robotik/build/my_robot_navigation/build/lib/my_robot_navigation
[1.446s] copying my_robot_navigation/auto_explorer.py -> /home/rss/robot_harry/robotik/build/my_robot_navigation/build/lib/my_robot_navigation
[1.446s] running install
[1.447s] running install_lib
[1.449s] creating /home/rss/robot_harry/robotik/install/my_robot_navigation/lib/python3.10/site-packages/my_robot_navigation
[1.449s] copying /home/rss/robot_harry/robotik/build/my_robot_navigation/build/lib/my_robot_navigation/__init__.py -> /home/rss/robot_harry/robotik/install/my_robot_navigation/lib/python3.10/site-packages/my_robot_navigation
[1.449s] copying /home/rss/robot_harry/robotik/build/my_robot_navigation/build/lib/my_robot_navigation/auto_explorer.py -> /home/rss/robot_harry/robotik/install/my_robot_navigation/lib/python3.10/site-packages/my_robot_navigation
[1.453s] byte-compiling /home/rss/robot_harry/robotik/install/my_robot_navigation/lib/python3.10/site-packages/my_robot_navigation/__init__.py to __init__.cpython-310.pyc
[1.453s] byte-compiling /home/rss/robot_harry/robotik/install/my_robot_navigation/lib/python3.10/site-packages/my_robot_navigation/auto_explorer.py to auto_explorer.cpython-310.pyc
[1.455s] running install_data
[1.455s] creating /home/rss/robot_harry/robotik/install/my_robot_navigation/share/ament_index
[1.455s] creating /home/rss/robot_harry/robotik/install/my_robot_navigation/share/ament_index/resource_index
[1.455s] creating /home/rss/robot_harry/robotik/install/my_robot_navigation/share/ament_index/resource_index/packages
[1.455s] copying resource/my_robot_navigation -> /home/rss/robot_harry/robotik/install/my_robot_navigation/share/ament_index/resource_index/packages
[1.455s] copying package.xml -> /home/rss/robot_harry/robotik/install/my_robot_navigation/share/my_robot_navigation
[1.455s] creating /home/rss/robot_harry/robotik/install/my_robot_navigation/share/my_robot_navigation/launch
[1.455s] copying launch/robot_nav.launch.py -> /home/rss/robot_harry/robotik/install/my_robot_navigation/share/my_robot_navigation/launch
[1.461s] creating /home/rss/robot_harry/robotik/install/my_robot_navigation/share/my_robot_navigation/config
[1.461s] copying config/nav2_params.yaml -> /home/rss/robot_harry/robotik/install/my_robot_navigation/share/my_robot_navigation/config
[1.462s] running install_egg_info
[1.462s] Copying ../../build/my_robot_navigation/my_robot_navigation.egg-info to /home/rss/robot_harry/robotik/install/my_robot_navigation/lib/python3.10/site-packages/my_robot_navigation-0.0.0-py3.10.egg-info
[1.462s] running install_scripts
[1.516s] Installing auto_explorer_node script to /home/rss/robot_harry/robotik/install/my_robot_navigation/lib/my_robot_navigation
[1.516s] writing list of installed files to '/home/rss/robot_harry/robotik/build/my_robot_navigation/install.log'
[1.564s] Invoked command in '/home/rss/robot_harry/robotik/src/my_robot_navigation' returned '0': PYTHONPATH=/home/rss/robot_harry/robotik/build/my_robot_navigation/prefix_override:/usr/lib/python3/dist-packages/colcon_core/task/python/colcon_distutils_commands:/home/rss/robot_harry/robotik/install/my_robot_navigation/lib/python3.10/site-packages:${PYTHONPATH} /usr/bin/python3 -W ignore:setup.py install is deprecated -W ignore:easy_install command is deprecated setup.py egg_info --egg-base ../../build/my_robot_navigation build --build-base /home/rss/robot_harry/robotik/build/my_robot_navigation/build install --record /home/rss/robot_harry/robotik/build/my_robot_navigation/install.log --single-version-externally-managed install_data
