[100%] Built target create3_republisher
-- Install configuration: ""
-- Execute custom install script
-- Up-to-date symlink: /home/rss/robot_harry/robotik/install/create3_republisher/lib/create3_republisher/create3_republisher
-- Up-to-date symlink: /home/rss/robot_harry/robotik/install/create3_republisher/share/create3_republisher/bringup/create3_republisher_launch.py
-- Up-to-date symlink: /home/rss/robot_harry/robotik/install/create3_republisher/share/create3_republisher/bringup/params.yaml
-- Up-to-date symlink: /home/rss/robot_harry/robotik/install/create3_republisher/share/create3_republisher/dds-config/fastdds-active-unicast.xml
-- Up-to-date symlink: /home/rss/robot_harry/robotik/install/create3_republisher/share/create3_republisher/dds-config/fastdds-passive-unicast.xml
-- Up-to-date symlink: /home/rss/robot_harry/robotik/install/create3_republisher/share/create3_republisher/dds-config/fastdds-robot-passive-unicast.xml
-- Up-to-date symlink: /home/rss/robot_harry/robotik/install/create3_republisher/share/ament_index/resource_index/package_run_dependencies/create3_republisher
-- Up-to-date symlink: /home/rss/robot_harry/robotik/install/create3_republisher/share/ament_index/resource_index/parent_prefix_path/create3_republisher
-- Up-to-date symlink: /home/rss/robot_harry/robotik/install/create3_republisher/share/create3_republisher/environment/ament_prefix_path.sh
-- Up-to-date symlink: /home/rss/robot_harry/robotik/install/create3_republisher/share/create3_republisher/environment/ament_prefix_path.dsv
-- Up-to-date symlink: /home/rss/robot_harry/robotik/install/create3_republisher/share/create3_republisher/environment/path.sh
-- Up-to-date symlink: /home/rss/robot_harry/robotik/install/create3_republisher/share/create3_republisher/environment/path.dsv
-- Up-to-date symlink: /home/rss/robot_harry/robotik/install/create3_republisher/share/create3_republisher/local_setup.bash
-- Up-to-date symlink: /home/rss/robot_harry/robotik/install/create3_republisher/share/create3_republisher/local_setup.sh
-- Up-to-date symlink: /home/rss/robot_harry/robotik/install/create3_republisher/share/create3_republisher/local_setup.zsh
-- Up-to-date symlink: /home/rss/robot_harry/robotik/install/create3_republisher/share/create3_republisher/local_setup.dsv
-- Symlinking: /home/rss/robot_harry/robotik/install/create3_republisher/share/create3_republisher/package.dsv
-- Up-to-date symlink: /home/rss/robot_harry/robotik/install/create3_republisher/share/ament_index/resource_index/packages/create3_republisher
-- Up-to-date symlink: /home/rss/robot_harry/robotik/install/create3_republisher/share/create3_republisher/cmake/create3_republisherConfig.cmake
-- Up-to-date symlink: /home/rss/robot_harry/robotik/install/create3_republisher/share/create3_republisher/cmake/create3_republisherConfig-version.cmake
-- Up-to-date symlink: /home/rss/robot_harry/robotik/install/create3_republisher/share/create3_republisher/package.xml
