[2.203s] Invoking command in '/home/harry/robot/src/my_robot_navigation': PYTHONPATH=/home/harry/robot/build/my_robot_navigation/prefix_override:/usr/lib/python3/dist-packages/colcon_core/task/python/colcon_distutils_commands:/home/harry/robot/install/my_robot_navigation/lib/python3.10/site-packages:${PYTHONPATH} /usr/bin/python3 -W ignore:setup.py install is deprecated -W ignore:easy_install command is deprecated setup.py egg_info --egg-base ../../build/my_robot_navigation build --build-base /home/harry/robot/build/my_robot_navigation/build install --record /home/harry/robot/build/my_robot_navigation/install.log --single-version-externally-managed install_data
[2.876s] running egg_info
[2.878s] creating ../../build/my_robot_navigation/my_robot_navigation.egg-info
[2.880s] writing ../../build/my_robot_navigation/my_robot_navigation.egg-info/PKG-INFO
[2.883s] writing dependency_links to ../../build/my_robot_navigation/my_robot_navigation.egg-info/dependency_links.txt
[2.883s] writing entry points to ../../build/my_robot_navigation/my_robot_navigation.egg-info/entry_points.txt
[2.883s] writing requirements to ../../build/my_robot_navigation/my_robot_navigation.egg-info/requires.txt
[2.884s] writing top-level names to ../../build/my_robot_navigation/my_robot_navigation.egg-info/top_level.txt
[2.884s] writing manifest file '../../build/my_robot_navigation/my_robot_navigation.egg-info/SOURCES.txt'
[2.890s] reading manifest file '../../build/my_robot_navigation/my_robot_navigation.egg-info/SOURCES.txt'
[2.893s] writing manifest file '../../build/my_robot_navigation/my_robot_navigation.egg-info/SOURCES.txt'
[2.893s] running build
[2.893s] running build_py
[2.894s] creating /home/harry/robot/build/my_robot_navigation/build
[2.894s] creating /home/harry/robot/build/my_robot_navigation/build/lib
[2.894s] creating /home/harry/robot/build/my_robot_navigation/build/lib/my_robot_navigation
[2.894s] copying my_robot_navigation/auto_explorer.py -> /home/harry/robot/build/my_robot_navigation/build/lib/my_robot_navigation
[2.895s] copying my_robot_navigation/__init__.py -> /home/harry/robot/build/my_robot_navigation/build/lib/my_robot_navigation
[2.896s] running install
[2.898s] running install_lib
[2.898s] creating /home/harry/robot/install/my_robot_navigation/lib/python3.10/site-packages/my_robot_navigation
[2.898s] copying /home/harry/robot/build/my_robot_navigation/build/lib/my_robot_navigation/auto_explorer.py -> /home/harry/robot/install/my_robot_navigation/lib/python3.10/site-packages/my_robot_navigation
[2.898s] copying /home/harry/robot/build/my_robot_navigation/build/lib/my_robot_navigation/__init__.py -> /home/harry/robot/install/my_robot_navigation/lib/python3.10/site-packages/my_robot_navigation
[2.900s] byte-compiling /home/harry/robot/install/my_robot_navigation/lib/python3.10/site-packages/my_robot_navigation/auto_explorer.py to auto_explorer.cpython-310.pyc
[2.902s] byte-compiling /home/harry/robot/install/my_robot_navigation/lib/python3.10/site-packages/my_robot_navigation/__init__.py to __init__.cpython-310.pyc
[2.905s] running install_data
[2.905s] creating /home/harry/robot/install/my_robot_navigation/share/ament_index
[2.905s] creating /home/harry/robot/install/my_robot_navigation/share/ament_index/resource_index
[2.906s] creating /home/harry/robot/install/my_robot_navigation/share/ament_index/resource_index/packages
[2.906s] copying resource/my_robot_navigation -> /home/harry/robot/install/my_robot_navigation/share/ament_index/resource_index/packages
[2.906s] copying package.xml -> /home/harry/robot/install/my_robot_navigation/share/my_robot_navigation
[2.906s] creating /home/harry/robot/install/my_robot_navigation/share/my_robot_navigation/launch
[2.906s] copying launch/robot_nav.launch.py -> /home/harry/robot/install/my_robot_navigation/share/my_robot_navigation/launch
[2.906s] creating /home/harry/robot/install/my_robot_navigation/share/my_robot_navigation/config
[2.906s] copying config/nav2_params.yaml -> /home/harry/robot/install/my_robot_navigation/share/my_robot_navigation/config
[2.907s] running install_egg_info
[2.912s] Copying ../../build/my_robot_navigation/my_robot_navigation.egg-info to /home/harry/robot/install/my_robot_navigation/lib/python3.10/site-packages/my_robot_navigation-0.0.0-py3.10.egg-info
[2.912s] running install_scripts
[2.967s] Installing auto_explorer_node script to /home/harry/robot/install/my_robot_navigation/lib/my_robot_navigation
[2.970s] writing list of installed files to '/home/harry/robot/build/my_robot_navigation/install.log'
[3.042s] Invoked command in '/home/harry/robot/src/my_robot_navigation' returned '0': PYTHONPATH=/home/harry/robot/build/my_robot_navigation/prefix_override:/usr/lib/python3/dist-packages/colcon_core/task/python/colcon_distutils_commands:/home/harry/robot/install/my_robot_navigation/lib/python3.10/site-packages:${PYTHONPATH} /usr/bin/python3 -W ignore:setup.py install is deprecated -W ignore:easy_install command is deprecated setup.py egg_info --egg-base ../../build/my_robot_navigation build --build-base /home/harry/robot/build/my_robot_navigation/build install --record /home/harry/robot/build/my_robot_navigation/install.log --single-version-externally-managed install_data
