[2.853s] Invoking command in '/home/rss/robot_harry/robotik/src/tag_detection': PYTHONPATH=/home/rss/robot_harry/robotik/build/tag_detection/prefix_override:/usr/lib/python3/dist-packages/colcon_core/task/python/colcon_distutils_commands:/home/rss/robot_harry/robotik/install/tag_detection/lib/python3.10/site-packages:${PYTHONPATH} /usr/bin/python3 -W ignore:setup.py install is deprecated -W ignore:easy_install command is deprecated setup.py egg_info --egg-base ../../build/tag_detection build --build-base /home/rss/robot_harry/robotik/build/tag_detection/build install --record /home/rss/robot_harry/robotik/build/tag_detection/install.log --single-version-externally-managed install_data
[3.831s] running egg_info
[3.832s] creating ../../build/tag_detection/tag_detection.egg-info
[3.832s] writing ../../build/tag_detection/tag_detection.egg-info/PKG-INFO
[3.833s] writing dependency_links to ../../build/tag_detection/tag_detection.egg-info/dependency_links.txt
[3.833s] writing entry points to ../../build/tag_detection/tag_detection.egg-info/entry_points.txt
[3.838s] writing requirements to ../../build/tag_detection/tag_detection.egg-info/requires.txt
[3.839s] writing top-level names to ../../build/tag_detection/tag_detection.egg-info/top_level.txt
[3.839s] writing manifest file '../../build/tag_detection/tag_detection.egg-info/SOURCES.txt'
[3.846s] reading manifest file '../../build/tag_detection/tag_detection.egg-info/SOURCES.txt'
[3.846s] writing manifest file '../../build/tag_detection/tag_detection.egg-info/SOURCES.txt'
[3.846s] running build
[3.846s] running build_py
[3.846s] creating /home/rss/robot_harry/robotik/build/tag_detection/build
[3.846s] creating /home/rss/robot_harry/robotik/build/tag_detection/build/lib
[3.846s] creating /home/rss/robot_harry/robotik/build/tag_detection/build/lib/tag_detection
[3.846s] copying tag_detection/__init__.py -> /home/rss/robot_harry/robotik/build/tag_detection/build/lib/tag_detection
[3.846s] copying tag_detection/tf_listener.py -> /home/rss/robot_harry/robotik/build/tag_detection/build/lib/tag_detection
[3.846s] copying tag_detection/distance_calculator.py -> /home/rss/robot_harry/robotik/build/tag_detection/build/lib/tag_detection
[3.846s] running install
[3.850s] running install_lib
[3.850s] creating /home/rss/robot_harry/robotik/install/tag_detection/lib/python3.10/site-packages/tag_detection
[3.851s] copying /home/rss/robot_harry/robotik/build/tag_detection/build/lib/tag_detection/__init__.py -> /home/rss/robot_harry/robotik/install/tag_detection/lib/python3.10/site-packages/tag_detection
[3.851s] copying /home/rss/robot_harry/robotik/build/tag_detection/build/lib/tag_detection/tf_listener.py -> /home/rss/robot_harry/robotik/install/tag_detection/lib/python3.10/site-packages/tag_detection
[3.851s] copying /home/rss/robot_harry/robotik/build/tag_detection/build/lib/tag_detection/distance_calculator.py -> /home/rss/robot_harry/robotik/install/tag_detection/lib/python3.10/site-packages/tag_detection
[3.852s] byte-compiling /home/rss/robot_harry/robotik/install/tag_detection/lib/python3.10/site-packages/tag_detection/__init__.py to __init__.cpython-310.pyc
[3.853s] byte-compiling /home/rss/robot_harry/robotik/install/tag_detection/lib/python3.10/site-packages/tag_detection/tf_listener.py to tf_listener.cpython-310.pyc
[3.857s] byte-compiling /home/rss/robot_harry/robotik/install/tag_detection/lib/python3.10/site-packages/tag_detection/distance_calculator.py to distance_calculator.cpython-310.pyc
[3.857s] running install_data
[3.857s] creating /home/rss/robot_harry/robotik/install/tag_detection/share/ament_index
[3.857s] creating /home/rss/robot_harry/robotik/install/tag_detection/share/ament_index/resource_index
[3.858s] creating /home/rss/robot_harry/robotik/install/tag_detection/share/ament_index/resource_index/packages
[3.858s] copying resource/tag_detection -> /home/rss/robot_harry/robotik/install/tag_detection/share/ament_index/resource_index/packages
[3.858s] copying package.xml -> /home/rss/robot_harry/robotik/install/tag_detection/share/tag_detection
[3.858s] creating /home/rss/robot_harry/robotik/install/tag_detection/share/tag_detection/launch
[3.858s] copying launch/track.launch.yaml -> /home/rss/robot_harry/robotik/install/tag_detection/share/tag_detection/launch
[3.858s] running install_egg_info
[3.872s] Copying ../../build/tag_detection/tag_detection.egg-info to /home/rss/robot_harry/robotik/install/tag_detection/lib/python3.10/site-packages/tag_detection-0.0.0-py3.10.egg-info
[3.872s] running install_scripts
[3.910s] Installing distance_calc script to /home/rss/robot_harry/robotik/install/tag_detection/lib/tag_detection
[3.910s] Installing listenernode script to /home/rss/robot_harry/robotik/install/tag_detection/lib/tag_detection
[3.911s] writing list of installed files to '/home/rss/robot_harry/robotik/build/tag_detection/install.log'
[3.996s] Invoked command in '/home/rss/robot_harry/robotik/src/tag_detection' returned '0': PYTHONPATH=/home/rss/robot_harry/robotik/build/tag_detection/prefix_override:/usr/lib/python3/dist-packages/colcon_core/task/python/colcon_distutils_commands:/home/rss/robot_harry/robotik/install/tag_detection/lib/python3.10/site-packages:${PYTHONPATH} /usr/bin/python3 -W ignore:setup.py install is deprecated -W ignore:easy_install command is deprecated setup.py egg_info --egg-base ../../build/tag_detection build --build-base /home/rss/robot_harry/robotik/build/tag_detection/build install --record /home/rss/robot_harry/robotik/build/tag_detection/install.log --single-version-externally-managed install_data
