[0.404s] Invoking command in '/home/harry/robot/build/my_robot_slam': CMAKE_PREFIX_PATH=${CMAKE_PREFIX_PATH}:/home/harry/robot/install/webcam_bringup:/home/harry/robot/install/teleop:/home/harry/robot/install/tag_detection:/home/harry/robot/install/robot_bringup:/home/harry/robot/install/pub_sub:/home/harry/robot/install/object_detection:/home/harry/robot/install/my_robot_navigation:/home/harry/robot/install/create3_teleop:/home/harry/robot/install/create3_examples_py:/opt/ros/humble /usr/bin/cmake --build /home/harry/robot/build/my_robot_slam -- -j4 -l4
[1.224s] Invoked command in '/home/harry/robot/build/my_robot_slam' returned '0': CMAKE_PREFIX_PATH=${CMAKE_PREFIX_PATH}:/home/harry/robot/install/webcam_bringup:/home/harry/robot/install/teleop:/home/harry/robot/install/tag_detection:/home/harry/robot/install/robot_bringup:/home/harry/robot/install/pub_sub:/home/harry/robot/install/object_detection:/home/harry/robot/install/my_robot_navigation:/home/harry/robot/install/create3_teleop:/home/harry/robot/install/create3_examples_py:/opt/ros/humble /usr/bin/cmake --build /home/harry/robot/build/my_robot_slam -- -j4 -l4
[1.237s] Invoking command in '/home/harry/robot/build/my_robot_slam': CMAKE_PREFIX_PATH=${CMAKE_PREFIX_PATH}:/home/harry/robot/install/webcam_bringup:/home/harry/robot/install/teleop:/home/harry/robot/install/tag_detection:/home/harry/robot/install/robot_bringup:/home/harry/robot/install/pub_sub:/home/harry/robot/install/object_detection:/home/harry/robot/install/my_robot_navigation:/home/harry/robot/install/create3_teleop:/home/harry/robot/install/create3_examples_py:/opt/ros/humble /usr/bin/cmake --install /home/harry/robot/build/my_robot_slam
[1.253s] -- Install configuration: ""
[1.254s] -- Up-to-date: /home/harry/robot/install/my_robot_slam/share/my_robot_slam/launch
[1.254s] -- Up-to-date: /home/harry/robot/install/my_robot_slam/share/my_robot_slam/launch/slam_toolbox.launch.yaml
[1.254s] -- Up-to-date: /home/harry/robot/install/my_robot_slam/share/my_robot_slam/launch/localizatio_gem.launch.yaml
[1.254s] -- Up-to-date: /home/harry/robot/install/my_robot_slam/share/my_robot_slam/launch/localization.launch.yaml
[1.254s] -- Up-to-date: /home/harry/robot/install/my_robot_slam/share/my_robot_slam/maps
[1.254s] -- Up-to-date: /home/harry/robot/install/my_robot_slam/share/my_robot_slam/maps/my_map.yaml
[1.254s] -- Up-to-date: /home/harry/robot/install/my_robot_slam/share/my_robot_slam/maps/my_map.pgm
[1.254s] -- Up-to-date: /home/harry/robot/install/my_robot_slam/share/ament_index/resource_index/package_run_dependencies/my_robot_slam
[1.255s] -- Up-to-date: /home/harry/robot/install/my_robot_slam/share/ament_index/resource_index/parent_prefix_path/my_robot_slam
[1.255s] -- Up-to-date: /home/harry/robot/install/my_robot_slam/share/my_robot_slam/environment/ament_prefix_path.sh
[1.255s] -- Up-to-date: /home/harry/robot/install/my_robot_slam/share/my_robot_slam/environment/ament_prefix_path.dsv
[1.255s] -- Up-to-date: /home/harry/robot/install/my_robot_slam/share/my_robot_slam/environment/path.sh
[1.255s] -- Up-to-date: /home/harry/robot/install/my_robot_slam/share/my_robot_slam/environment/path.dsv
[1.255s] -- Up-to-date: /home/harry/robot/install/my_robot_slam/share/my_robot_slam/local_setup.bash
[1.255s] -- Up-to-date: /home/harry/robot/install/my_robot_slam/share/my_robot_slam/local_setup.sh
[1.255s] -- Up-to-date: /home/harry/robot/install/my_robot_slam/share/my_robot_slam/local_setup.zsh
[1.255s] -- Up-to-date: /home/harry/robot/install/my_robot_slam/share/my_robot_slam/local_setup.dsv
[1.255s] -- Up-to-date: /home/harry/robot/install/my_robot_slam/share/my_robot_slam/package.dsv
[1.255s] -- Up-to-date: /home/harry/robot/install/my_robot_slam/share/ament_index/resource_index/packages/my_robot_slam
[1.255s] -- Up-to-date: /home/harry/robot/install/my_robot_slam/share/my_robot_slam/cmake/my_robot_slamConfig.cmake
[1.255s] -- Up-to-date: /home/harry/robot/install/my_robot_slam/share/my_robot_slam/cmake/my_robot_slamConfig-version.cmake
[1.255s] -- Up-to-date: /home/harry/robot/install/my_robot_slam/share/my_robot_slam/package.xml
[1.256s] Invoked command in '/home/harry/robot/build/my_robot_slam' returned '0': CMAKE_PREFIX_PATH=${CMAKE_PREFIX_PATH}:/home/harry/robot/install/webcam_bringup:/home/harry/robot/install/teleop:/home/harry/robot/install/tag_detection:/home/harry/robot/install/robot_bringup:/home/harry/robot/install/pub_sub:/home/harry/robot/install/object_detection:/home/harry/robot/install/my_robot_navigation:/home/harry/robot/install/create3_teleop:/home/harry/robot/install/create3_examples_py:/opt/ros/humble /usr/bin/cmake --install /home/harry/robot/build/my_robot_slam
