[1.497s] Invoking command in '/home/rss/robot_harry/robotik/src/tag_detection': PYTHONPATH=/home/rss/robot_harry/robotik/build/tag_detection/prefix_override:/usr/lib/python3/dist-packages/colcon_core/task/python/colcon_distutils_commands:/home/rss/robot_harry/robotik/install/tag_detection/lib/python3.10/site-packages:${PYTHONPATH} /usr/bin/python3 -W ignore:setup.py install is deprecated -W ignore:easy_install command is deprecated setup.py egg_info --egg-base ../../build/tag_detection build --build-base /home/rss/robot_harry/robotik/build/tag_detection/build install --record /home/rss/robot_harry/robotik/build/tag_detection/install.log --single-version-externally-managed install_data
[1.763s] running egg_info
[1.764s] writing ../../build/tag_detection/tag_detection.egg-info/PKG-INFO
[1.765s] writing dependency_links to ../../build/tag_detection/tag_detection.egg-info/dependency_links.txt
[1.765s] writing entry points to ../../build/tag_detection/tag_detection.egg-info/entry_points.txt
[1.765s] writing requirements to ../../build/tag_detection/tag_detection.egg-info/requires.txt
[1.765s] writing top-level names to ../../build/tag_detection/tag_detection.egg-info/top_level.txt
[1.767s] reading manifest file '../../build/tag_detection/tag_detection.egg-info/SOURCES.txt'
[1.767s] writing manifest file '../../build/tag_detection/tag_detection.egg-info/SOURCES.txt'
[1.767s] running build
[1.767s] running build_py
[1.770s] copying tag_detection/tf_listener.py -> /home/rss/robot_harry/robotik/build/tag_detection/build/lib/tag_detection
[1.770s] running install
[1.771s] running install_lib
[1.771s] copying /home/rss/robot_harry/robotik/build/tag_detection/build/lib/tag_detection/tf_listener.py -> /home/rss/robot_harry/robotik/install/tag_detection/lib/python3.10/site-packages/tag_detection
[1.771s] byte-compiling /home/rss/robot_harry/robotik/install/tag_detection/lib/python3.10/site-packages/tag_detection/tf_listener.py to tf_listener.cpython-310.pyc
[1.771s] running install_data
[1.772s] copying launch/track.launch.yaml -> /home/rss/robot_harry/robotik/install/tag_detection/share/tag_detection/launch
[1.772s] copying launch/tag_detec_web_cam.launch.yaml -> /home/rss/robot_harry/robotik/install/tag_detection/share/tag_detection/launch
[1.772s] running install_egg_info
[1.773s] removing '/home/rss/robot_harry/robotik/install/tag_detection/lib/python3.10/site-packages/tag_detection-0.0.0-py3.10.egg-info' (and everything under it)
[1.773s] Copying ../../build/tag_detection/tag_detection.egg-info to /home/rss/robot_harry/robotik/install/tag_detection/lib/python3.10/site-packages/tag_detection-0.0.0-py3.10.egg-info
[1.774s] running install_scripts
[1.797s] Installing distance_calc script to /home/rss/robot_harry/robotik/install/tag_detection/lib/tag_detection
[1.800s] Installing listenernode script to /home/rss/robot_harry/robotik/install/tag_detection/lib/tag_detection
[1.800s] writing list of installed files to '/home/rss/robot_harry/robotik/build/tag_detection/install.log'
[1.841s] Invoked command in '/home/rss/robot_harry/robotik/src/tag_detection' returned '0': PYTHONPATH=/home/rss/robot_harry/robotik/build/tag_detection/prefix_override:/usr/lib/python3/dist-packages/colcon_core/task/python/colcon_distutils_commands:/home/rss/robot_harry/robotik/install/tag_detection/lib/python3.10/site-packages:${PYTHONPATH} /usr/bin/python3 -W ignore:setup.py install is deprecated -W ignore:easy_install command is deprecated setup.py egg_info --egg-base ../../build/tag_detection build --build-base /home/rss/robot_harry/robotik/build/tag_detection/build install --record /home/rss/robot_harry/robotik/build/tag_detection/install.log --single-version-externally-managed install_data
