[1.578s] Invoking command in '/home/rss/robot_harry/robotik/src/create3_examples/create3_examples_py': PYTHONPATH=/home/rss/robot_harry/robotik/build/create3_examples_py/prefix_override:/usr/lib/python3/dist-packages/colcon_core/task/python/colcon_distutils_commands:/home/rss/robot_harry/robotik/install/create3_examples_py/lib/python3.10/site-packages:${PYTHONPATH} /usr/bin/python3 -W ignore:setup.py install is deprecated -W ignore:easy_install command is deprecated setup.py egg_info --egg-base ../../../build/create3_examples_py build --build-base /home/rss/robot_harry/robotik/build/create3_examples_py/build install --record /home/rss/robot_harry/robotik/build/create3_examples_py/install.log --single-version-externally-managed install_data
[1.860s] running egg_info
[1.862s] writing ../../../build/create3_examples_py/create3_examples_py.egg-info/PKG-INFO
[1.862s] writing dependency_links to ../../../build/create3_examples_py/create3_examples_py.egg-info/dependency_links.txt
[1.862s] writing entry points to ../../../build/create3_examples_py/create3_examples_py.egg-info/entry_points.txt
[1.862s] writing requirements to ../../../build/create3_examples_py/create3_examples_py.egg-info/requires.txt
[1.862s] writing top-level names to ../../../build/create3_examples_py/create3_examples_py.egg-info/top_level.txt
[1.864s] reading manifest file '../../../build/create3_examples_py/create3_examples_py.egg-info/SOURCES.txt'
[1.864s] writing manifest file '../../../build/create3_examples_py/create3_examples_py.egg-info/SOURCES.txt'
[1.864s] running build
[1.864s] running build_py
[1.865s] running install
[1.865s] running install_lib
[1.866s] running install_data
[1.866s] running install_egg_info
[1.868s] removing '/home/rss/robot_harry/robotik/install/create3_examples_py/lib/python3.10/site-packages/create3_examples_py-0.0.5-py3.10.egg-info' (and everything under it)
[1.868s] Copying ../../../build/create3_examples_py/create3_examples_py.egg-info to /home/rss/robot_harry/robotik/install/create3_examples_py/lib/python3.10/site-packages/create3_examples_py-0.0.5-py3.10.egg-info
[1.868s] running install_scripts
[1.886s] Installing create3_dance script to /home/rss/robot_harry/robotik/install/create3_examples_py/lib/create3_examples_py
[1.887s] writing list of installed files to '/home/rss/robot_harry/robotik/build/create3_examples_py/install.log'
[2.144s] Invoked command in '/home/rss/robot_harry/robotik/src/create3_examples/create3_examples_py' returned '0': PYTHONPATH=/home/rss/robot_harry/robotik/build/create3_examples_py/prefix_override:/usr/lib/python3/dist-packages/colcon_core/task/python/colcon_distutils_commands:/home/rss/robot_harry/robotik/install/create3_examples_py/lib/python3.10/site-packages:${PYTHONPATH} /usr/bin/python3 -W ignore:setup.py install is deprecated -W ignore:easy_install command is deprecated setup.py egg_info --egg-base ../../../build/create3_examples_py build --build-base /home/rss/robot_harry/robotik/build/create3_examples_py/build install --record /home/rss/robot_harry/robotik/build/create3_examples_py/install.log --single-version-externally-managed install_data
