[0.403s] Invoking command in '/home/rss/robot_harry/robotik/src/webcam_bringup': PYTHONPATH=/home/rss/robot_harry/robotik/src/build/webcam_bringup/prefix_override:/usr/lib/python3/dist-packages/colcon_core/task/python/colcon_distutils_commands:/home/rss/robot_harry/robotik/src/install/webcam_bringup/lib/python3.10/site-packages:${PYTHONPATH} /usr/bin/python3 -W ignore:setup.py install is deprecated -W ignore:easy_install command is deprecated setup.py egg_info --egg-base ../build/webcam_bringup build --build-base /home/rss/robot_harry/robotik/src/build/webcam_bringup/build install --record /home/rss/robot_harry/robotik/src/build/webcam_bringup/install.log --single-version-externally-managed install_data
[0.564s] running egg_info
[0.565s] creating ../build/webcam_bringup/webcam_bringup.egg-info
[0.565s] writing ../build/webcam_bringup/webcam_bringup.egg-info/PKG-INFO
[0.565s] writing dependency_links to ../build/webcam_bringup/webcam_bringup.egg-info/dependency_links.txt
[0.565s] writing entry points to ../build/webcam_bringup/webcam_bringup.egg-info/entry_points.txt
[0.565s] writing requirements to ../build/webcam_bringup/webcam_bringup.egg-info/requires.txt
[0.565s] writing top-level names to ../build/webcam_bringup/webcam_bringup.egg-info/top_level.txt
[0.565s] writing manifest file '../build/webcam_bringup/webcam_bringup.egg-info/SOURCES.txt'
[0.567s] reading manifest file '../build/webcam_bringup/webcam_bringup.egg-info/SOURCES.txt'
[0.568s] writing manifest file '../build/webcam_bringup/webcam_bringup.egg-info/SOURCES.txt'
[0.568s] running build
[0.568s] running build_py
[0.568s] creating /home/rss/robot_harry/robotik/src/build/webcam_bringup/build
[0.568s] creating /home/rss/robot_harry/robotik/src/build/webcam_bringup/build/lib
[0.568s] creating /home/rss/robot_harry/robotik/src/build/webcam_bringup/build/lib/webcam_bringup
[0.569s] copying webcam_bringup/__init__.py -> /home/rss/robot_harry/robotik/src/build/webcam_bringup/build/lib/webcam_bringup
[0.569s] running install
[0.569s] running install_lib
[0.569s] creating /home/rss/robot_harry/robotik/src/install/webcam_bringup/lib/python3.10/site-packages/webcam_bringup
[0.569s] copying /home/rss/robot_harry/robotik/src/build/webcam_bringup/build/lib/webcam_bringup/__init__.py -> /home/rss/robot_harry/robotik/src/install/webcam_bringup/lib/python3.10/site-packages/webcam_bringup
[0.570s] byte-compiling /home/rss/robot_harry/robotik/src/install/webcam_bringup/lib/python3.10/site-packages/webcam_bringup/__init__.py to __init__.cpython-310.pyc
[0.570s] running install_data
[0.570s] creating /home/rss/robot_harry/robotik/src/install/webcam_bringup/share/ament_index
[0.570s] creating /home/rss/robot_harry/robotik/src/install/webcam_bringup/share/ament_index/resource_index
[0.570s] creating /home/rss/robot_harry/robotik/src/install/webcam_bringup/share/ament_index/resource_index/packages
[0.570s] copying resource/webcam_bringup -> /home/rss/robot_harry/robotik/src/install/webcam_bringup/share/ament_index/resource_index/packages
[0.570s] copying package.xml -> /home/rss/robot_harry/robotik/src/install/webcam_bringup/share/webcam_bringup
[0.570s] creating /home/rss/robot_harry/robotik/src/install/webcam_bringup/share/webcam_bringup/launch
[0.570s] copying launch/webcam.launch.yaml -> /home/rss/robot_harry/robotik/src/install/webcam_bringup/share/webcam_bringup/launch
[0.570s] creating /home/rss/robot_harry/robotik/src/install/webcam_bringup/share/webcam_bringup/config
[0.570s] running install_egg_info
[0.571s] Copying ../build/webcam_bringup/webcam_bringup.egg-info to /home/rss/robot_harry/robotik/src/install/webcam_bringup/lib/python3.10/site-packages/webcam_bringup-0.0.0-py3.10.egg-info
[0.572s] running install_scripts
[0.587s] writing list of installed files to '/home/rss/robot_harry/robotik/src/build/webcam_bringup/install.log'
[0.603s] Invoked command in '/home/rss/robot_harry/robotik/src/webcam_bringup' returned '0': PYTHONPATH=/home/rss/robot_harry/robotik/src/build/webcam_bringup/prefix_override:/usr/lib/python3/dist-packages/colcon_core/task/python/colcon_distutils_commands:/home/rss/robot_harry/robotik/src/install/webcam_bringup/lib/python3.10/site-packages:${PYTHONPATH} /usr/bin/python3 -W ignore:setup.py install is deprecated -W ignore:easy_install command is deprecated setup.py egg_info --egg-base ../build/webcam_bringup build --build-base /home/rss/robot_harry/robotik/src/build/webcam_bringup/build install --record /home/rss/robot_harry/robotik/src/build/webcam_bringup/install.log --single-version-externally-managed install_data
