[0.081s] Invoking command in '/home/harry/robot/build/rplidar_ros': CMAKE_PREFIX_PATH=${CMAKE_PREFIX_PATH}:/home/harry/robot/install/webcam_bringup:/home/harry/robot/install/teleop:/home/harry/robot/install/tag_detection:/home/harry/robot/install/robot_bringup:/home/harry/robot/install/pub_sub:/home/harry/robot/install/object_detection:/home/harry/robot/install/my_robot_navigation:/home/harry/robot/install/create3_teleop:/home/harry/robot/install/create3_examples_py:/opt/ros/humble /usr/bin/cmake --build /home/harry/robot/build/rplidar_ros -- -j4 -l4
[0.154s] [35m[1mConsolidate compiler generated dependencies of target rplidar_node[0m
[0.154s] [35m[1mConsolidate compiler generated dependencies of target rplidar_client[0m
[0.158s] [35m[1mConsolidate compiler generated dependencies of target rplidar_composition[0m
[0.197s] [ 47%] Built target rplidar_node
[0.198s] [ 52%] Built target rplidar_client
[0.208s] [100%] Built target rplidar_composition
[0.849s] Invoked command in '/home/harry/robot/build/rplidar_ros' returned '0': CMAKE_PREFIX_PATH=${CMAKE_PREFIX_PATH}:/home/harry/robot/install/webcam_bringup:/home/harry/robot/install/teleop:/home/harry/robot/install/tag_detection:/home/harry/robot/install/robot_bringup:/home/harry/robot/install/pub_sub:/home/harry/robot/install/object_detection:/home/harry/robot/install/my_robot_navigation:/home/harry/robot/install/create3_teleop:/home/harry/robot/install/create3_examples_py:/opt/ros/humble /usr/bin/cmake --build /home/harry/robot/build/rplidar_ros -- -j4 -l4
[0.854s] Invoking command in '/home/harry/robot/build/rplidar_ros': CMAKE_PREFIX_PATH=${CMAKE_PREFIX_PATH}:/home/harry/robot/install/webcam_bringup:/home/harry/robot/install/teleop:/home/harry/robot/install/tag_detection:/home/harry/robot/install/robot_bringup:/home/harry/robot/install/pub_sub:/home/harry/robot/install/object_detection:/home/harry/robot/install/my_robot_navigation:/home/harry/robot/install/create3_teleop:/home/harry/robot/install/create3_examples_py:/opt/ros/humble /usr/bin/cmake --install /home/harry/robot/build/rplidar_ros
[0.866s] -- Install configuration: ""
[0.866s] -- Up-to-date: /home/harry/robot/install/rplidar_ros/share/rplidar_ros/launch
[0.868s] -- Up-to-date: /home/harry/robot/install/rplidar_ros/share/rplidar_ros/launch/rplidar_s1_tcp_launch.py
[0.868s] -- Up-to-date: /home/harry/robot/install/rplidar_ros/share/rplidar_ros/launch/view_rplidar_s3_launch.py
[0.868s] -- Up-to-date: /home/harry/robot/install/rplidar_ros/share/rplidar_ros/launch/view_rplidar_a1_launch.py
[0.868s] -- Up-to-date: /home/harry/robot/install/rplidar_ros/share/rplidar_ros/launch/rplidar_s1_launch.py
[0.868s] -- Up-to-date: /home/harry/robot/install/rplidar_ros/share/rplidar_ros/launch/rplidar_c1_launch.py
[0.869s] -- Up-to-date: /home/harry/robot/install/rplidar_ros/share/rplidar_ros/launch/view_rplidar_s2_launch.py
[0.869s] -- Up-to-date: /home/harry/robot/install/rplidar_ros/share/rplidar_ros/launch/view_rplidar_a3_launch.py
[0.869s] -- Up-to-date: /home/harry/robot/install/rplidar_ros/share/rplidar_ros/launch/view_rplidar_s2e_launch.py
[0.873s] -- Up-to-date: /home/harry/robot/install/rplidar_ros/share/rplidar_ros/launch/rplidar_s2_launch.py
[0.874s] -- Up-to-date: /home/harry/robot/install/rplidar_ros/share/rplidar_ros/launch/rplidar_a1_launch.py
[0.874s] -- Up-to-date: /home/harry/robot/install/rplidar_ros/share/rplidar_ros/launch/rplidar_s3_launch.py
[0.876s] -- Up-to-date: /home/harry/robot/install/rplidar_ros/share/rplidar_ros/launch/view_rplidar_c1_launch.py
[0.876s] -- Up-to-date: /home/harry/robot/install/rplidar_ros/share/rplidar_ros/launch/view_rplidar_a2m8_launch.py
[0.877s] -- Up-to-date: /home/harry/robot/install/rplidar_ros/share/rplidar_ros/launch/rplidar_s2e_launch.py
[0.878s] -- Up-to-date: /home/harry/robot/install/rplidar_ros/share/rplidar_ros/launch/view_rplidar_a2m12_launch.py
[0.878s] -- Up-to-date: /home/harry/robot/install/rplidar_ros/share/rplidar_ros/launch/view_rplidar_t1_launch.py
[0.878s] -- Up-to-date: /home/harry/robot/install/rplidar_ros/share/rplidar_ros/launch/rplidar_a2m12_launch.py
[0.878s] -- Up-to-date: /home/harry/robot/install/rplidar_ros/share/rplidar_ros/launch/rplidar_t1_launch.py
[0.879s] -- Up-to-date: /home/harry/robot/install/rplidar_ros/share/rplidar_ros/launch/view_rplidar_s1_tcp_launch.py
[0.879s] -- Up-to-date: /home/harry/robot/install/rplidar_ros/share/rplidar_ros/launch/view_rplidar_a2m7_launch.py
[0.879s] -- Up-to-date: /home/harry/robot/install/rplidar_ros/share/rplidar_ros/launch/rplidar_a2m8_launch.py
[0.879s] -- Up-to-date: /home/harry/robot/install/rplidar_ros/share/rplidar_ros/launch/rplidar_a2m7_launch.py
[0.879s] -- Up-to-date: /home/harry/robot/install/rplidar_ros/share/rplidar_ros/launch/view_rplidar_s1_launch.py
[0.879s] -- Up-to-date: /home/harry/robot/install/rplidar_ros/share/rplidar_ros/launch/rplidar_a3_launch.py
[0.879s] -- Up-to-date: /home/harry/robot/install/rplidar_ros/share/rplidar_ros/rviz
[0.879s] -- Up-to-date: /home/harry/robot/install/rplidar_ros/share/rplidar_ros/rviz/rplidar_ros.rviz
[0.879s] -- Up-to-date: /home/harry/robot/install/rplidar_ros/lib/rplidar_ros/rplidar_node
[0.879s] -- Up-to-date: /home/harry/robot/install/rplidar_ros/lib/rplidar_ros/rplidar_composition
[0.879s] -- Up-to-date: /home/harry/robot/install/rplidar_ros/lib/rplidar_ros/rplidar_client
[0.879s] -- Up-to-date: /home/harry/robot/install/rplidar_ros/share/ament_index/resource_index/package_run_dependencies/rplidar_ros
[0.879s] -- Up-to-date: /home/harry/robot/install/rplidar_ros/share/ament_index/resource_index/parent_prefix_path/rplidar_ros
[0.879s] -- Up-to-date: /home/harry/robot/install/rplidar_ros/share/rplidar_ros/environment/ament_prefix_path.sh
[0.879s] -- Up-to-date: /home/harry/robot/install/rplidar_ros/share/rplidar_ros/environment/ament_prefix_path.dsv
[0.880s] -- Up-to-date: /home/harry/robot/install/rplidar_ros/share/rplidar_ros/environment/path.sh
[0.880s] -- Up-to-date: /home/harry/robot/install/rplidar_ros/share/rplidar_ros/environment/path.dsv
[0.880s] -- Up-to-date: /home/harry/robot/install/rplidar_ros/share/rplidar_ros/local_setup.bash
[0.880s] -- Up-to-date: /home/harry/robot/install/rplidar_ros/share/rplidar_ros/local_setup.sh
[0.881s] -- Up-to-date: /home/harry/robot/install/rplidar_ros/share/rplidar_ros/local_setup.zsh
[0.881s] -- Up-to-date: /home/harry/robot/install/rplidar_ros/share/rplidar_ros/local_setup.dsv
[0.882s] -- Installing: /home/harry/robot/install/rplidar_ros/share/rplidar_ros/package.dsv
[0.882s] -- Up-to-date: /home/harry/robot/install/rplidar_ros/share/ament_index/resource_index/packages/rplidar_ros
[0.882s] -- Up-to-date: /home/harry/robot/install/rplidar_ros/share/rplidar_ros/cmake/ament_cmake_export_dependencies-extras.cmake
[0.882s] -- Up-to-date: /home/harry/robot/install/rplidar_ros/share/rplidar_ros/cmake/ament_cmake_export_include_directories-extras.cmake
[0.883s] -- Up-to-date: /home/harry/robot/install/rplidar_ros/share/rplidar_ros/cmake/rplidar_rosConfig.cmake
[0.883s] -- Up-to-date: /home/harry/robot/install/rplidar_ros/share/rplidar_ros/cmake/rplidar_rosConfig-version.cmake
[0.883s] -- Up-to-date: /home/harry/robot/install/rplidar_ros/share/rplidar_ros/package.xml
[0.888s] Invoked command in '/home/harry/robot/build/rplidar_ros' returned '0': CMAKE_PREFIX_PATH=${CMAKE_PREFIX_PATH}:/home/harry/robot/install/webcam_bringup:/home/harry/robot/install/teleop:/home/harry/robot/install/tag_detection:/home/harry/robot/install/robot_bringup:/home/harry/robot/install/pub_sub:/home/harry/robot/install/object_detection:/home/harry/robot/install/my_robot_navigation:/home/harry/robot/install/create3_teleop:/home/harry/robot/install/create3_examples_py:/opt/ros/humble /usr/bin/cmake --install /home/harry/robot/build/rplidar_ros
