[0.278s] Invoking command in '/home/rss/robot_harry/robotik/build/create3_republisher': CMAKE_PREFIX_PATH=${CMAKE_PREFIX_PATH}:/home/rss/robot_harry/robotik/install/tag_detection:/home/rss/robot_harry/robotik/install/webcam_bringup:/home/rss/robot_harry/robotik/install/teleop:/home/rss/robot_harry/robotik/install/robot_bringup:/home/rss/robot_harry/robotik/install/pub_sub:/home/rss/robot_harry/robotik/install/object_detection:/home/rss/robot_harry/robotik/install/my_robot_navigation:/home/rss/robot_harry/robotik/install/create3_teleop:/home/rss/robot_harry/robotik/install/create3_examples_py:/opt/ros/humble /usr/bin/cmake --build /home/rss/robot_harry/robotik/build/create3_republisher -- -j8 -l8
[0.660s] [100%] Built target create3_republisher
[0.670s] Invoked command in '/home/rss/robot_harry/robotik/build/create3_republisher' returned '0': CMAKE_PREFIX_PATH=${CMAKE_PREFIX_PATH}:/home/rss/robot_harry/robotik/install/tag_detection:/home/rss/robot_harry/robotik/install/webcam_bringup:/home/rss/robot_harry/robotik/install/teleop:/home/rss/robot_harry/robotik/install/robot_bringup:/home/rss/robot_harry/robotik/install/pub_sub:/home/rss/robot_harry/robotik/install/object_detection:/home/rss/robot_harry/robotik/install/my_robot_navigation:/home/rss/robot_harry/robotik/install/create3_teleop:/home/rss/robot_harry/robotik/install/create3_examples_py:/opt/ros/humble /usr/bin/cmake --build /home/rss/robot_harry/robotik/build/create3_republisher -- -j8 -l8
[0.671s] Invoking command in '/home/rss/robot_harry/robotik/build/create3_republisher': CMAKE_PREFIX_PATH=${CMAKE_PREFIX_PATH}:/home/rss/robot_harry/robotik/install/tag_detection:/home/rss/robot_harry/robotik/install/webcam_bringup:/home/rss/robot_harry/robotik/install/teleop:/home/rss/robot_harry/robotik/install/robot_bringup:/home/rss/robot_harry/robotik/install/pub_sub:/home/rss/robot_harry/robotik/install/object_detection:/home/rss/robot_harry/robotik/install/my_robot_navigation:/home/rss/robot_harry/robotik/install/create3_teleop:/home/rss/robot_harry/robotik/install/create3_examples_py:/opt/ros/humble /usr/bin/cmake --install /home/rss/robot_harry/robotik/build/create3_republisher
[0.690s] -- Install configuration: ""
[0.690s] -- Up-to-date: /home/rss/robot_harry/robotik/install/create3_republisher/lib/create3_republisher/create3_republisher
[0.691s] -- Up-to-date: /home/rss/robot_harry/robotik/install/create3_republisher/share/create3_republisher/bringup
[0.691s] -- Up-to-date: /home/rss/robot_harry/robotik/install/create3_republisher/share/create3_republisher/bringup/params.yaml
[0.698s] -- Up-to-date: /home/rss/robot_harry/robotik/install/create3_republisher/share/create3_republisher/bringup/create3_republisher_launch.py
[0.698s] -- Up-to-date: /home/rss/robot_harry/robotik/install/create3_republisher/share/create3_republisher/dds-config
[0.698s] -- Up-to-date: /home/rss/robot_harry/robotik/install/create3_republisher/share/create3_republisher/dds-config/fastdds-robot-passive-unicast.xml
[0.699s] -- Up-to-date: /home/rss/robot_harry/robotik/install/create3_republisher/share/create3_republisher/dds-config/fastdds-passive-unicast.xml
[0.699s] -- Up-to-date: /home/rss/robot_harry/robotik/install/create3_republisher/share/create3_republisher/dds-config/fastdds-active-unicast.xml
[0.699s] -- Up-to-date: /home/rss/robot_harry/robotik/install/create3_republisher/share/ament_index/resource_index/package_run_dependencies/create3_republisher
[0.699s] -- Up-to-date: /home/rss/robot_harry/robotik/install/create3_republisher/share/ament_index/resource_index/parent_prefix_path/create3_republisher
[0.699s] -- Up-to-date: /home/rss/robot_harry/robotik/install/create3_republisher/share/create3_republisher/environment/ament_prefix_path.sh
[0.699s] -- Up-to-date: /home/rss/robot_harry/robotik/install/create3_republisher/share/create3_republisher/environment/ament_prefix_path.dsv
[0.699s] -- Up-to-date: /home/rss/robot_harry/robotik/install/create3_republisher/share/create3_republisher/environment/path.sh
[0.699s] -- Up-to-date: /home/rss/robot_harry/robotik/install/create3_republisher/share/create3_republisher/environment/path.dsv
[0.699s] -- Up-to-date: /home/rss/robot_harry/robotik/install/create3_republisher/share/create3_republisher/local_setup.bash
[0.699s] -- Up-to-date: /home/rss/robot_harry/robotik/install/create3_republisher/share/create3_republisher/local_setup.sh
[0.700s] -- Up-to-date: /home/rss/robot_harry/robotik/install/create3_republisher/share/create3_republisher/local_setup.zsh
[0.700s] -- Up-to-date: /home/rss/robot_harry/robotik/install/create3_republisher/share/create3_republisher/local_setup.dsv
[0.700s] -- Installing: /home/rss/robot_harry/robotik/install/create3_republisher/share/create3_republisher/package.dsv
[0.700s] -- Up-to-date: /home/rss/robot_harry/robotik/install/create3_republisher/share/ament_index/resource_index/packages/create3_republisher
[0.700s] -- Up-to-date: /home/rss/robot_harry/robotik/install/create3_republisher/share/create3_republisher/cmake/create3_republisherConfig.cmake
[0.700s] -- Up-to-date: /home/rss/robot_harry/robotik/install/create3_republisher/share/create3_republisher/cmake/create3_republisherConfig-version.cmake
[0.700s] -- Up-to-date: /home/rss/robot_harry/robotik/install/create3_republisher/share/create3_republisher/package.xml
[0.727s] Invoked command in '/home/rss/robot_harry/robotik/build/create3_republisher' returned '0': CMAKE_PREFIX_PATH=${CMAKE_PREFIX_PATH}:/home/rss/robot_harry/robotik/install/tag_detection:/home/rss/robot_harry/robotik/install/webcam_bringup:/home/rss/robot_harry/robotik/install/teleop:/home/rss/robot_harry/robotik/install/robot_bringup:/home/rss/robot_harry/robotik/install/pub_sub:/home/rss/robot_harry/robotik/install/object_detection:/home/rss/robot_harry/robotik/install/my_robot_navigation:/home/rss/robot_harry/robotik/install/create3_teleop:/home/rss/robot_harry/robotik/install/create3_examples_py:/opt/ros/humble /usr/bin/cmake --install /home/rss/robot_harry/robotik/build/create3_republisher
