[2.821s] Invoking command in '/home/rss/robot_harry/robotik/src/teleop': PYTHONPATH=/home/rss/robot_harry/robotik/build/teleop/prefix_override:/usr/lib/python3/dist-packages/colcon_core/task/python/colcon_distutils_commands:/home/rss/robot_harry/robotik/install/teleop/lib/python3.10/site-packages:${PYTHONPATH} /usr/bin/python3 -W ignore:setup.py install is deprecated -W ignore:easy_install command is deprecated setup.py egg_info --egg-base ../../build/teleop build --build-base /home/rss/robot_harry/robotik/build/teleop/build install --record /home/rss/robot_harry/robotik/build/teleop/install.log --single-version-externally-managed install_data
[3.501s] running egg_info
[3.504s] creating ../../build/teleop/teleop.egg-info
[3.504s] writing ../../build/teleop/teleop.egg-info/PKG-INFO
[3.504s] writing dependency_links to ../../build/teleop/teleop.egg-info/dependency_links.txt
[3.504s] writing entry points to ../../build/teleop/teleop.egg-info/entry_points.txt
[3.504s] writing requirements to ../../build/teleop/teleop.egg-info/requires.txt
[3.505s] writing top-level names to ../../build/teleop/teleop.egg-info/top_level.txt
[3.505s] writing manifest file '../../build/teleop/teleop.egg-info/SOURCES.txt'
[3.507s] reading manifest file '../../build/teleop/teleop.egg-info/SOURCES.txt'
[3.508s] writing manifest file '../../build/teleop/teleop.egg-info/SOURCES.txt'
[3.508s] running build
[3.508s] running build_py
[3.508s] creating /home/rss/robot_harry/robotik/build/teleop/build
[3.508s] creating /home/rss/robot_harry/robotik/build/teleop/build/lib
[3.512s] creating /home/rss/robot_harry/robotik/build/teleop/build/lib/teleop
[3.512s] copying teleop/teleop.py -> /home/rss/robot_harry/robotik/build/teleop/build/lib/teleop
[3.512s] copying teleop/__init__.py -> /home/rss/robot_harry/robotik/build/teleop/build/lib/teleop
[3.512s] running install
[3.512s] running install_lib
[3.512s] creating /home/rss/robot_harry/robotik/install/teleop/lib/python3.10/site-packages/teleop
[3.512s] copying /home/rss/robot_harry/robotik/build/teleop/build/lib/teleop/teleop.py -> /home/rss/robot_harry/robotik/install/teleop/lib/python3.10/site-packages/teleop
[3.512s] copying /home/rss/robot_harry/robotik/build/teleop/build/lib/teleop/__init__.py -> /home/rss/robot_harry/robotik/install/teleop/lib/python3.10/site-packages/teleop
[3.512s] byte-compiling /home/rss/robot_harry/robotik/install/teleop/lib/python3.10/site-packages/teleop/teleop.py to teleop.cpython-310.pyc
[3.512s] byte-compiling /home/rss/robot_harry/robotik/install/teleop/lib/python3.10/site-packages/teleop/__init__.py to __init__.cpython-310.pyc
[3.513s] running install_data
[3.513s] creating /home/rss/robot_harry/robotik/install/teleop/share/ament_index
[3.513s] creating /home/rss/robot_harry/robotik/install/teleop/share/ament_index/resource_index
[3.513s] creating /home/rss/robot_harry/robotik/install/teleop/share/ament_index/resource_index/packages
[3.513s] copying resource/teleop -> /home/rss/robot_harry/robotik/install/teleop/share/ament_index/resource_index/packages
[3.513s] copying package.xml -> /home/rss/robot_harry/robotik/install/teleop/share/teleop
[3.513s] creating /home/rss/robot_harry/robotik/install/teleop/share/teleop/launch
[3.513s] copying launch/teleop_launch.launch.py -> /home/rss/robot_harry/robotik/install/teleop/share/teleop/launch
[3.513s] running install_egg_info
[3.515s] Copying ../../build/teleop/teleop.egg-info to /home/rss/robot_harry/robotik/install/teleop/lib/python3.10/site-packages/teleop-0.0.0-py3.10.egg-info
[3.520s] running install_scripts
[3.551s] Installing teleop_node script to /home/rss/robot_harry/robotik/install/teleop/lib/teleop
[3.552s] writing list of installed files to '/home/rss/robot_harry/robotik/build/teleop/install.log'
[3.624s] Invoked command in '/home/rss/robot_harry/robotik/src/teleop' returned '0': PYTHONPATH=/home/rss/robot_harry/robotik/build/teleop/prefix_override:/usr/lib/python3/dist-packages/colcon_core/task/python/colcon_distutils_commands:/home/rss/robot_harry/robotik/install/teleop/lib/python3.10/site-packages:${PYTHONPATH} /usr/bin/python3 -W ignore:setup.py install is deprecated -W ignore:easy_install command is deprecated setup.py egg_info --egg-base ../../build/teleop build --build-base /home/rss/robot_harry/robotik/build/teleop/build install --record /home/rss/robot_harry/robotik/build/teleop/install.log --single-version-externally-managed install_data
