running develop
running egg_info
creating my_robot_navigation.egg-info
writing my_robot_navigation.egg-info/PKG-INFO
writing dependency_links to my_robot_navigation.egg-info/dependency_links.txt
writing entry points to my_robot_navigation.egg-info/entry_points.txt
writing requirements to my_robot_navigation.egg-info/requires.txt
writing top-level names to my_robot_navigation.egg-info/top_level.txt
writing manifest file 'my_robot_navigation.egg-info/SOURCES.txt'
reading manifest file 'my_robot_navigation.egg-info/SOURCES.txt'
writing manifest file 'my_robot_navigation.egg-info/SOURCES.txt'
running build_ext
Creating /home/rss/robot_harry/robotik/install/my_robot_navigation/lib/python3.10/site-packages/my-robot-navigation.egg-link (link to .)
Installing auto_explorer_node script to /home/rss/robot_harry/robotik/install/my_robot_navigation/lib/my_robot_navigation

Installed /home/rss/robot_harry/robotik/build/my_robot_navigation
running symlink_data
creating /home/rss/robot_harry/robotik/install/my_robot_navigation/share/ament_index
creating /home/rss/robot_harry/robotik/install/my_robot_navigation/share/ament_index/resource_index
creating /home/rss/robot_harry/robotik/install/my_robot_navigation/share/ament_index/resource_index/packages
symbolically linking /home/rss/robot_harry/robotik/build/my_robot_navigation/resource/my_robot_navigation -> /home/rss/robot_harry/robotik/install/my_robot_navigation/share/ament_index/resource_index/packages
symbolically linking /home/rss/robot_harry/robotik/build/my_robot_navigation/package.xml -> /home/rss/robot_harry/robotik/install/my_robot_navigation/share/my_robot_navigation
creating /home/rss/robot_harry/robotik/install/my_robot_navigation/share/my_robot_navigation/launch
symbolically linking /home/rss/robot_harry/robotik/build/my_robot_navigation/launch/robot_nav.launch.py -> /home/rss/robot_harry/robotik/install/my_robot_navigation/share/my_robot_navigation/launch
creating /home/rss/robot_harry/robotik/install/my_robot_navigation/share/my_robot_navigation/config
symbolically linking /home/rss/robot_harry/robotik/build/my_robot_navigation/config/nav2_params.yaml -> /home/rss/robot_harry/robotik/install/my_robot_navigation/share/my_robot_navigation/config
