[1.423s] Invoking command in '/home/rss/robot_harry/robotik/build/my_robot_navigation': PYTHONPATH=/home/rss/robot_harry/robotik/build/my_robot_navigation/prefix_override:/usr/lib/python3/dist-packages/colcon_core/task/python/colcon_distutils_commands:/home/rss/robot_harry/robotik/install/my_robot_navigation/lib/python3.10/site-packages:${PYTHONPATH} /usr/bin/python3 -W ignore:setup.py install is deprecated -W ignore:easy_install command is deprecated setup.py develop --editable --build-directory /home/rss/robot_harry/robotik/build/my_robot_navigation/build --no-deps symlink_data
[2.627s] running develop
[3.558s] running egg_info
[3.558s] creating my_robot_navigation.egg-info
[3.560s] writing my_robot_navigation.egg-info/PKG-INFO
[3.564s] writing dependency_links to my_robot_navigation.egg-info/dependency_links.txt
[3.564s] writing entry points to my_robot_navigation.egg-info/entry_points.txt
[3.564s] writing requirements to my_robot_navigation.egg-info/requires.txt
[3.564s] writing top-level names to my_robot_navigation.egg-info/top_level.txt
[3.568s] writing manifest file 'my_robot_navigation.egg-info/SOURCES.txt'
[3.580s] reading manifest file 'my_robot_navigation.egg-info/SOURCES.txt'
[3.580s] writing manifest file 'my_robot_navigation.egg-info/SOURCES.txt'
[3.585s] running build_ext
[3.585s] Creating /home/rss/robot_harry/robotik/install/my_robot_navigation/lib/python3.10/site-packages/my-robot-navigation.egg-link (link to .)
[3.592s] Installing auto_explorer_node script to /home/rss/robot_harry/robotik/install/my_robot_navigation/lib/my_robot_navigation
[3.592s] 
[3.592s] Installed /home/rss/robot_harry/robotik/build/my_robot_navigation
[3.592s] running symlink_data
[3.599s] creating /home/rss/robot_harry/robotik/install/my_robot_navigation/share/ament_index
[3.599s] creating /home/rss/robot_harry/robotik/install/my_robot_navigation/share/ament_index/resource_index
[3.599s] creating /home/rss/robot_harry/robotik/install/my_robot_navigation/share/ament_index/resource_index/packages
[3.600s] symbolically linking /home/rss/robot_harry/robotik/build/my_robot_navigation/resource/my_robot_navigation -> /home/rss/robot_harry/robotik/install/my_robot_navigation/share/ament_index/resource_index/packages
[3.603s] symbolically linking /home/rss/robot_harry/robotik/build/my_robot_navigation/package.xml -> /home/rss/robot_harry/robotik/install/my_robot_navigation/share/my_robot_navigation
[3.604s] creating /home/rss/robot_harry/robotik/install/my_robot_navigation/share/my_robot_navigation/launch
[3.604s] symbolically linking /home/rss/robot_harry/robotik/build/my_robot_navigation/launch/robot_nav.launch.py -> /home/rss/robot_harry/robotik/install/my_robot_navigation/share/my_robot_navigation/launch
[3.604s] creating /home/rss/robot_harry/robotik/install/my_robot_navigation/share/my_robot_navigation/config
[3.604s] symbolically linking /home/rss/robot_harry/robotik/build/my_robot_navigation/config/nav2_params.yaml -> /home/rss/robot_harry/robotik/install/my_robot_navigation/share/my_robot_navigation/config
[5.038s] Invoked command in '/home/rss/robot_harry/robotik/build/my_robot_navigation' returned '0': PYTHONPATH=/home/rss/robot_harry/robotik/build/my_robot_navigation/prefix_override:/usr/lib/python3/dist-packages/colcon_core/task/python/colcon_distutils_commands:/home/rss/robot_harry/robotik/install/my_robot_navigation/lib/python3.10/site-packages:${PYTHONPATH} /usr/bin/python3 -W ignore:setup.py install is deprecated -W ignore:easy_install command is deprecated setup.py develop --editable --build-directory /home/rss/robot_harry/robotik/build/my_robot_navigation/build --no-deps symlink_data
