[0.021s] Invoking command in '/home/rss/robot_harry/robotik/build/create3_examples_msgs': CMAKE_PREFIX_PATH=${CMAKE_PREFIX_PATH}:/home/rss/robot_harry/robotik/install/webcam_bringup:/home/rss/robot_harry/robotik/install/teleop:/home/rss/robot_harry/robotik/install/robot_bringup:/home/rss/robot_harry/robotik/install/realsense2_ros_mqtt_bridge:/home/rss/robot_harry/robotik/install/pub_sub:/home/rss/robot_harry/robotik/install/object_detection:/home/rss/robot_harry/robotik/install/my_robot_navigation:/home/rss/robot_harry/robotik/install/create3_teleop:/home/rss/robot_harry/robotik/install/create3_examples_py:/opt/ros/humble /usr/bin/cmake /home/rss/robot_harry/robotik/src/create3_examples/create3_examples_msgs -DCMAKE_INSTALL_PREFIX=/home/rss/robot_harry/robotik/install/create3_examples_msgs
[0.646s] -- The C compiler identification is GNU 11.4.0
[0.646s] -- The CXX compiler identification is GNU 11.4.0
[0.646s] -- Detecting C compiler ABI info
[0.646s] -- Detecting C compiler ABI info - done
[0.646s] -- Check for working C compiler: /usr/bin/cc - skipped
[0.646s] -- Detecting C compile features
[0.646s] -- Detecting C compile features - done
[0.646s] -- Detecting CXX compiler ABI info
[0.646s] -- Detecting CXX compiler ABI info - done
[0.647s] -- Check for working CXX compiler: /usr/bin/c++ - skipped
[0.647s] -- Detecting CXX compile features
[0.647s] -- Detecting CXX compile features - done
[0.647s] -- Found ament_cmake: 1.3.12 (/opt/ros/humble/share/ament_cmake/cmake)
[0.647s] -- Found Python3: /usr/bin/python3 (found version "3.10.12") found components: Interpreter 
[0.647s] -- Found rosidl_default_generators: 1.2.0 (/opt/ros/humble/share/rosidl_default_generators/cmake)
[0.647s] -- Using all available rosidl_typesupport_c: rosidl_typesupport_fastrtps_c;rosidl_typesupport_introspection_c
[0.647s] -- Found rosidl_adapter: 3.1.8 (/opt/ros/humble/share/rosidl_adapter/cmake)
[0.647s] -- Using all available rosidl_typesupport_cpp: rosidl_typesupport_fastrtps_cpp;rosidl_typesupport_introspection_cpp
[0.647s] -- Found action_msgs: 1.2.2 (/opt/ros/humble/share/action_msgs/cmake)
[0.725s] -- Found ament_cmake_cppcheck: 0.12.14 (/opt/ros/humble/share/ament_cmake_cppcheck/cmake)
[0.727s] -- Found ament_cmake_cpplint: 0.12.14 (/opt/ros/humble/share/ament_cmake_cpplint/cmake)
[0.735s] -- Found ament_cmake_uncrustify: 0.12.14 (/opt/ros/humble/share/ament_cmake_uncrustify/cmake)
[0.735s] -- Found ament_cmake_ros: 0.10.0 (/opt/ros/humble/share/ament_cmake_ros/cmake)
[0.954s] -- Using all available rosidl_typesupport_c: rosidl_typesupport_fastrtps_c;rosidl_typesupport_introspection_c
[1.413s] -- Using all available rosidl_typesupport_cpp: rosidl_typesupport_fastrtps_cpp;rosidl_typesupport_introspection_cpp
[1.471s] -- Found PythonInterp: /usr/bin/python3 (found suitable version "3.10.12", minimum required is "3.6") 
[1.479s] -- Found python_cmake_module: 0.10.0 (/opt/ros/humble/share/python_cmake_module/cmake)
[1.537s] -- Found PythonLibs: /usr/lib/x86_64-linux-gnu/libpython3.10.so (found suitable version "3.10.12", minimum required is "3.5") 
[1.537s] -- Using PYTHON_EXECUTABLE: /usr/bin/python3
[1.537s] -- Using PYTHON_INCLUDE_DIRS: /usr/include/python3.10
[1.537s] -- Using PYTHON_LIBRARIES: /usr/lib/x86_64-linux-gnu/libpython3.10.so
[1.598s] -- Found PythonExtra: .so  
[1.694s] -- Found ament_cmake_flake8: 0.12.14 (/opt/ros/humble/share/ament_cmake_flake8/cmake)
[1.697s] -- Found ament_cmake_pep257: 0.12.14 (/opt/ros/humble/share/ament_cmake_pep257/cmake)
[1.705s] -- Configuring done
[1.739s] -- Generating done
[1.754s] -- Build files have been written to: /home/rss/robot_harry/robotik/build/create3_examples_msgs
[2.240s] Invoked command in '/home/rss/robot_harry/robotik/build/create3_examples_msgs' returned '0': CMAKE_PREFIX_PATH=${CMAKE_PREFIX_PATH}:/home/rss/robot_harry/robotik/install/webcam_bringup:/home/rss/robot_harry/robotik/install/teleop:/home/rss/robot_harry/robotik/install/robot_bringup:/home/rss/robot_harry/robotik/install/realsense2_ros_mqtt_bridge:/home/rss/robot_harry/robotik/install/pub_sub:/home/rss/robot_harry/robotik/install/object_detection:/home/rss/robot_harry/robotik/install/my_robot_navigation:/home/rss/robot_harry/robotik/install/create3_teleop:/home/rss/robot_harry/robotik/install/create3_examples_py:/opt/ros/humble /usr/bin/cmake /home/rss/robot_harry/robotik/src/create3_examples/create3_examples_msgs -DCMAKE_INSTALL_PREFIX=/home/rss/robot_harry/robotik/install/create3_examples_msgs
[2.241s] Invoking command in '/home/rss/robot_harry/robotik/build/create3_examples_msgs': CMAKE_PREFIX_PATH=${CMAKE_PREFIX_PATH}:/home/rss/robot_harry/robotik/install/webcam_bringup:/home/rss/robot_harry/robotik/install/teleop:/home/rss/robot_harry/robotik/install/robot_bringup:/home/rss/robot_harry/robotik/install/realsense2_ros_mqtt_bridge:/home/rss/robot_harry/robotik/install/pub_sub:/home/rss/robot_harry/robotik/install/object_detection:/home/rss/robot_harry/robotik/install/my_robot_navigation:/home/rss/robot_harry/robotik/install/create3_teleop:/home/rss/robot_harry/robotik/install/create3_examples_py:/opt/ros/humble /usr/bin/cmake --build /home/rss/robot_harry/robotik/build/create3_examples_msgs -- -j8 -l8
[2.326s] [  3%] [34m[1mGenerating C code for ROS interfaces[0m
[2.370s] [  6%] [34m[1mGenerating C++ code for ROS interfaces[0m
[2.377s] [  6%] Built target ament_cmake_python_copy_create3_examples_msgs
[3.072s] running egg_info
[3.076s] creating create3_examples_msgs.egg-info
[3.076s] writing create3_examples_msgs.egg-info/PKG-INFO
[3.076s] writing dependency_links to create3_examples_msgs.egg-info/dependency_links.txt
[3.076s] writing top-level names to create3_examples_msgs.egg-info/top_level.txt
[3.076s] writing manifest file 'create3_examples_msgs.egg-info/SOURCES.txt'
[3.077s] reading manifest file 'create3_examples_msgs.egg-info/SOURCES.txt'
[3.087s] writing manifest file 'create3_examples_msgs.egg-info/SOURCES.txt'
[3.186s] [  6%] Built target ament_cmake_python_build_create3_examples_msgs_egg
[3.367s] [  6%] Built target create3_examples_msgs__cpp
[3.391s] [  9%] [34m[1mGenerating C++ type support dispatch for ROS interfaces[0m
[3.396s] [ 12%] [34m[1mGenerating C++ introspection for ROS interfaces[0m
[3.398s] [ 16%] [34m[1mGenerating C++ type support for eProsima Fast-RTPS[0m
[4.039s] [ 19%] [32mBuilding C object CMakeFiles/create3_examples_msgs__rosidl_generator_c.dir/rosidl_generator_c/create3_examples_msgs/action/detail/coverage__functions.c.o[0m
[4.374s] [ 22%] [32m[1mLinking C shared library libcreate3_examples_msgs__rosidl_generator_c.so[0m
[4.488s] [ 22%] Built target create3_examples_msgs__rosidl_generator_c
[4.530s] [ 25%] [34m[1mGenerating C introspection for ROS interfaces[0m
[4.531s] [ 29%] [34m[1mGenerating C type support for eProsima Fast-RTPS[0m
[4.535s] [ 32%] [32mBuilding CXX object CMakeFiles/create3_examples_msgs__rosidl_typesupport_introspection_cpp.dir/rosidl_typesupport_introspection_cpp/create3_examples_msgs/action/detail/coverage__type_support.cpp.o[0m
[4.548s] [ 35%] [34m[1mGenerating C type support dispatch for ROS interfaces[0m
[4.928s] [ 38%] [32mBuilding CXX object CMakeFiles/create3_examples_msgs__rosidl_typesupport_cpp.dir/rosidl_typesupport_cpp/create3_examples_msgs/action/coverage__type_support.cpp.o[0m
[5.509s] [ 41%] [32mBuilding CXX object CMakeFiles/create3_examples_msgs__rosidl_typesupport_fastrtps_cpp.dir/rosidl_typesupport_fastrtps_cpp/create3_examples_msgs/action/detail/dds_fastrtps/coverage__type_support.cpp.o[0m
[5.574s] [ 45%] [32m[1mLinking CXX shared library libcreate3_examples_msgs__rosidl_typesupport_cpp.so[0m
[5.770s] [ 45%] Built target create3_examples_msgs__rosidl_typesupport_cpp
[5.823s] [ 48%] [32mBuilding CXX object CMakeFiles/create3_examples_msgs__rosidl_typesupport_c.dir/rosidl_typesupport_c/create3_examples_msgs/action/coverage__type_support.cpp.o[0m
[6.023s] [ 51%] [32m[1mLinking CXX shared library libcreate3_examples_msgs__rosidl_typesupport_c.so[0m
[6.152s] [ 51%] Built target create3_examples_msgs__rosidl_typesupport_c
[6.261s] [ 54%] [32mBuilding CXX object CMakeFiles/create3_examples_msgs__rosidl_typesupport_fastrtps_c.dir/rosidl_typesupport_fastrtps_c/create3_examples_msgs/action/detail/coverage__type_support_c.cpp.o[0m
[6.421s] [ 58%] [32mBuilding C object CMakeFiles/create3_examples_msgs__rosidl_typesupport_introspection_c.dir/rosidl_typesupport_introspection_c/create3_examples_msgs/action/detail/coverage__type_support.c.o[0m
[6.522s] [ 61%] [32m[1mLinking C shared library libcreate3_examples_msgs__rosidl_typesupport_introspection_c.so[0m
[6.592s] [ 64%] [32m[1mLinking CXX shared library libcreate3_examples_msgs__rosidl_typesupport_introspection_cpp.so[0m
[6.625s] [ 64%] Built target create3_examples_msgs__rosidl_typesupport_introspection_c
[6.898s] [ 64%] Built target create3_examples_msgs__rosidl_typesupport_introspection_cpp
[7.327s] [ 67%] [32m[1mLinking CXX shared library libcreate3_examples_msgs__rosidl_typesupport_fastrtps_cpp.so[0m
[7.428s] [ 70%] [32m[1mLinking CXX shared library libcreate3_examples_msgs__rosidl_typesupport_fastrtps_c.so[0m
[7.498s] [ 70%] Built target create3_examples_msgs__rosidl_typesupport_fastrtps_cpp
[7.576s] [ 70%] Built target create3_examples_msgs__rosidl_typesupport_fastrtps_c
[7.620s] [ 70%] Built target create3_examples_msgs
[7.667s] [ 74%] [34m[1mGenerating Python code for ROS interfaces[0m
[9.207s] [ 74%] Built target create3_examples_msgs__py
[9.242s] [ 77%] [32mBuilding C object CMakeFiles/create3_examples_msgs__rosidl_generator_py.dir/rosidl_generator_py/create3_examples_msgs/action/_coverage_s.c.o[0m
[9.513s] [ 80%] [32m[1mLinking C shared library rosidl_generator_py/create3_examples_msgs/libcreate3_examples_msgs__rosidl_generator_py.so[0m
[9.555s] [ 80%] Built target create3_examples_msgs__rosidl_generator_py
[9.598s] [ 83%] [32mBuilding C object CMakeFiles/create3_examples_msgs__rosidl_typesupport_introspection_c__pyext.dir/rosidl_generator_py/create3_examples_msgs/_create3_examples_msgs_s.ep.rosidl_typesupport_introspection_c.c.o[0m
[9.608s] [ 87%] [32mBuilding C object CMakeFiles/create3_examples_msgs__rosidl_typesupport_fastrtps_c__pyext.dir/rosidl_generator_py/create3_examples_msgs/_create3_examples_msgs_s.ep.rosidl_typesupport_fastrtps_c.c.o[0m
[9.616s] [ 90%] [32mBuilding C object CMakeFiles/create3_examples_msgs__rosidl_typesupport_c__pyext.dir/rosidl_generator_py/create3_examples_msgs/_create3_examples_msgs_s.ep.rosidl_typesupport_c.c.o[0m
[9.797s] [ 93%] [32m[1mLinking C shared library rosidl_generator_py/create3_examples_msgs/create3_examples_msgs_s__rosidl_typesupport_introspection_c.cpython-310-x86_64-linux-gnu.so[0m
[9.886s] [ 93%] Built target create3_examples_msgs__rosidl_typesupport_introspection_c__pyext
[9.913s] [ 96%] [32m[1mLinking C shared library rosidl_generator_py/create3_examples_msgs/create3_examples_msgs_s__rosidl_typesupport_fastrtps_c.cpython-310-x86_64-linux-gnu.so[0m
[9.935s] [100%] [32m[1mLinking C shared library rosidl_generator_py/create3_examples_msgs/create3_examples_msgs_s__rosidl_typesupport_c.cpython-310-x86_64-linux-gnu.so[0m
[9.972s] [100%] Built target create3_examples_msgs__rosidl_typesupport_fastrtps_c__pyext
[9.984s] [100%] Built target create3_examples_msgs__rosidl_typesupport_c__pyext
[9.998s] Invoked command in '/home/rss/robot_harry/robotik/build/create3_examples_msgs' returned '0': CMAKE_PREFIX_PATH=${CMAKE_PREFIX_PATH}:/home/rss/robot_harry/robotik/install/webcam_bringup:/home/rss/robot_harry/robotik/install/teleop:/home/rss/robot_harry/robotik/install/robot_bringup:/home/rss/robot_harry/robotik/install/realsense2_ros_mqtt_bridge:/home/rss/robot_harry/robotik/install/pub_sub:/home/rss/robot_harry/robotik/install/object_detection:/home/rss/robot_harry/robotik/install/my_robot_navigation:/home/rss/robot_harry/robotik/install/create3_teleop:/home/rss/robot_harry/robotik/install/create3_examples_py:/opt/ros/humble /usr/bin/cmake --build /home/rss/robot_harry/robotik/build/create3_examples_msgs -- -j8 -l8
[9.999s] Invoking command in '/home/rss/robot_harry/robotik/build/create3_examples_msgs': CMAKE_PREFIX_PATH=${CMAKE_PREFIX_PATH}:/home/rss/robot_harry/robotik/install/webcam_bringup:/home/rss/robot_harry/robotik/install/teleop:/home/rss/robot_harry/robotik/install/robot_bringup:/home/rss/robot_harry/robotik/install/realsense2_ros_mqtt_bridge:/home/rss/robot_harry/robotik/install/pub_sub:/home/rss/robot_harry/robotik/install/object_detection:/home/rss/robot_harry/robotik/install/my_robot_navigation:/home/rss/robot_harry/robotik/install/create3_teleop:/home/rss/robot_harry/robotik/install/create3_examples_py:/opt/ros/humble /usr/bin/cmake --install /home/rss/robot_harry/robotik/build/create3_examples_msgs
[10.007s] -- Install configuration: ""
[10.007s] -- Installing: /home/rss/robot_harry/robotik/install/create3_examples_msgs/share/ament_index/resource_index/rosidl_interfaces/create3_examples_msgs
[10.007s] -- Installing: /home/rss/robot_harry/robotik/install/create3_examples_msgs/include/create3_examples_msgs/create3_examples_msgs
[10.007s] -- Installing: /home/rss/robot_harry/robotik/install/create3_examples_msgs/include/create3_examples_msgs/create3_examples_msgs/action
[10.007s] -- Installing: /home/rss/robot_harry/robotik/install/create3_examples_msgs/include/create3_examples_msgs/create3_examples_msgs/action/coverage.h
[10.007s] -- Installing: /home/rss/robot_harry/robotik/install/create3_examples_msgs/include/create3_examples_msgs/create3_examples_msgs/action/detail
[10.008s] -- Installing: /home/rss/robot_harry/robotik/install/create3_examples_msgs/include/create3_examples_msgs/create3_examples_msgs/action/detail/coverage__functions.h
[10.008s] -- Installing: /home/rss/robot_harry/robotik/install/create3_examples_msgs/include/create3_examples_msgs/create3_examples_msgs/action/detail/coverage__struct.h
[10.008s] -- Installing: /home/rss/robot_harry/robotik/install/create3_examples_msgs/include/create3_examples_msgs/create3_examples_msgs/action/detail/coverage__functions.c
[10.008s] -- Installing: /home/rss/robot_harry/robotik/install/create3_examples_msgs/include/create3_examples_msgs/create3_examples_msgs/action/detail/coverage__type_support.h
[10.008s] -- Installing: /home/rss/robot_harry/robotik/install/create3_examples_msgs/include/create3_examples_msgs/create3_examples_msgs/msg
[10.008s] -- Installing: /home/rss/robot_harry/robotik/install/create3_examples_msgs/include/create3_examples_msgs/create3_examples_msgs/msg/rosidl_generator_c__visibility_control.h
[10.008s] -- Installing: /home/rss/robot_harry/robotik/install/create3_examples_msgs/share/create3_examples_msgs/environment/library_path.sh
[10.008s] -- Installing: /home/rss/robot_harry/robotik/install/create3_examples_msgs/share/create3_examples_msgs/environment/library_path.dsv
[10.008s] -- Installing: /home/rss/robot_harry/robotik/install/create3_examples_msgs/lib/libcreate3_examples_msgs__rosidl_generator_c.so
[10.009s] -- Set runtime path of "/home/rss/robot_harry/robotik/install/create3_examples_msgs/lib/libcreate3_examples_msgs__rosidl_generator_c.so" to ""
[10.009s] -- Up-to-date: /home/rss/robot_harry/robotik/install/create3_examples_msgs/include/create3_examples_msgs/create3_examples_msgs
[10.009s] -- Up-to-date: /home/rss/robot_harry/robotik/install/create3_examples_msgs/include/create3_examples_msgs/create3_examples_msgs/action
[10.009s] -- Up-to-date: /home/rss/robot_harry/robotik/install/create3_examples_msgs/include/create3_examples_msgs/create3_examples_msgs/action/detail
[10.009s] -- Installing: /home/rss/robot_harry/robotik/install/create3_examples_msgs/include/create3_examples_msgs/create3_examples_msgs/action/detail/coverage__rosidl_typesupport_fastrtps_c.h
[10.009s] -- Up-to-date: /home/rss/robot_harry/robotik/install/create3_examples_msgs/include/create3_examples_msgs/create3_examples_msgs/msg
[10.009s] -- Installing: /home/rss/robot_harry/robotik/install/create3_examples_msgs/include/create3_examples_msgs/create3_examples_msgs/msg/rosidl_typesupport_fastrtps_c__visibility_control.h
[10.009s] -- Installing: /home/rss/robot_harry/robotik/install/create3_examples_msgs/lib/libcreate3_examples_msgs__rosidl_typesupport_fastrtps_c.so
[10.010s] -- Set runtime path of "/home/rss/robot_harry/robotik/install/create3_examples_msgs/lib/libcreate3_examples_msgs__rosidl_typesupport_fastrtps_c.so" to ""
[10.010s] -- Up-to-date: /home/rss/robot_harry/robotik/install/create3_examples_msgs/include/create3_examples_msgs/create3_examples_msgs
[10.010s] -- Up-to-date: /home/rss/robot_harry/robotik/install/create3_examples_msgs/include/create3_examples_msgs/create3_examples_msgs/action
[10.010s] -- Up-to-date: /home/rss/robot_harry/robotik/install/create3_examples_msgs/include/create3_examples_msgs/create3_examples_msgs/action/detail
[10.010s] -- Installing: /home/rss/robot_harry/robotik/install/create3_examples_msgs/include/create3_examples_msgs/create3_examples_msgs/action/detail/coverage__type_support.c
[10.010s] -- Installing: /home/rss/robot_harry/robotik/install/create3_examples_msgs/include/create3_examples_msgs/create3_examples_msgs/action/detail/coverage__rosidl_typesupport_introspection_c.h
[10.010s] -- Up-to-date: /home/rss/robot_harry/robotik/install/create3_examples_msgs/include/create3_examples_msgs/create3_examples_msgs/msg
[10.010s] -- Installing: /home/rss/robot_harry/robotik/install/create3_examples_msgs/include/create3_examples_msgs/create3_examples_msgs/msg/rosidl_typesupport_introspection_c__visibility_control.h
[10.010s] -- Installing: /home/rss/robot_harry/robotik/install/create3_examples_msgs/lib/libcreate3_examples_msgs__rosidl_typesupport_introspection_c.so
[10.011s] -- Set runtime path of "/home/rss/robot_harry/robotik/install/create3_examples_msgs/lib/libcreate3_examples_msgs__rosidl_typesupport_introspection_c.so" to ""
[10.011s] -- Installing: /home/rss/robot_harry/robotik/install/create3_examples_msgs/lib/libcreate3_examples_msgs__rosidl_typesupport_c.so
[10.011s] -- Set runtime path of "/home/rss/robot_harry/robotik/install/create3_examples_msgs/lib/libcreate3_examples_msgs__rosidl_typesupport_c.so" to ""
[10.011s] -- Up-to-date: /home/rss/robot_harry/robotik/install/create3_examples_msgs/include/create3_examples_msgs/create3_examples_msgs
[10.011s] -- Up-to-date: /home/rss/robot_harry/robotik/install/create3_examples_msgs/include/create3_examples_msgs/create3_examples_msgs/action
[10.011s] -- Installing: /home/rss/robot_harry/robotik/install/create3_examples_msgs/include/create3_examples_msgs/create3_examples_msgs/action/coverage.hpp
[10.011s] -- Up-to-date: /home/rss/robot_harry/robotik/install/create3_examples_msgs/include/create3_examples_msgs/create3_examples_msgs/action/detail
[10.011s] -- Installing: /home/rss/robot_harry/robotik/install/create3_examples_msgs/include/create3_examples_msgs/create3_examples_msgs/action/detail/coverage__struct.hpp
[10.012s] -- Installing: /home/rss/robot_harry/robotik/install/create3_examples_msgs/include/create3_examples_msgs/create3_examples_msgs/action/detail/coverage__builder.hpp
[10.012s] -- Installing: /home/rss/robot_harry/robotik/install/create3_examples_msgs/include/create3_examples_msgs/create3_examples_msgs/action/detail/coverage__traits.hpp
[10.012s] -- Installing: /home/rss/robot_harry/robotik/install/create3_examples_msgs/include/create3_examples_msgs/create3_examples_msgs/action/detail/coverage__type_support.hpp
[10.012s] -- Up-to-date: /home/rss/robot_harry/robotik/install/create3_examples_msgs/include/create3_examples_msgs/create3_examples_msgs/msg
[10.012s] -- Installing: /home/rss/robot_harry/robotik/install/create3_examples_msgs/include/create3_examples_msgs/create3_examples_msgs/msg/rosidl_generator_cpp__visibility_control.hpp
[10.012s] -- Up-to-date: /home/rss/robot_harry/robotik/install/create3_examples_msgs/include/create3_examples_msgs/create3_examples_msgs
[10.012s] -- Up-to-date: /home/rss/robot_harry/robotik/install/create3_examples_msgs/include/create3_examples_msgs/create3_examples_msgs/action
[10.012s] -- Up-to-date: /home/rss/robot_harry/robotik/install/create3_examples_msgs/include/create3_examples_msgs/create3_examples_msgs/action/detail
[10.012s] -- Installing: /home/rss/robot_harry/robotik/install/create3_examples_msgs/include/create3_examples_msgs/create3_examples_msgs/action/detail/dds_fastrtps
[10.012s] -- Installing: /home/rss/robot_harry/robotik/install/create3_examples_msgs/include/create3_examples_msgs/create3_examples_msgs/action/detail/coverage__rosidl_typesupport_fastrtps_cpp.hpp
[10.012s] -- Up-to-date: /home/rss/robot_harry/robotik/install/create3_examples_msgs/include/create3_examples_msgs/create3_examples_msgs/msg
[10.012s] -- Installing: /home/rss/robot_harry/robotik/install/create3_examples_msgs/include/create3_examples_msgs/create3_examples_msgs/msg/rosidl_typesupport_fastrtps_cpp__visibility_control.h
[10.013s] -- Installing: /home/rss/robot_harry/robotik/install/create3_examples_msgs/lib/libcreate3_examples_msgs__rosidl_typesupport_fastrtps_cpp.so
[10.013s] -- Set runtime path of "/home/rss/robot_harry/robotik/install/create3_examples_msgs/lib/libcreate3_examples_msgs__rosidl_typesupport_fastrtps_cpp.so" to ""
[10.013s] -- Up-to-date: /home/rss/robot_harry/robotik/install/create3_examples_msgs/include/create3_examples_msgs/create3_examples_msgs
[10.013s] -- Up-to-date: /home/rss/robot_harry/robotik/install/create3_examples_msgs/include/create3_examples_msgs/create3_examples_msgs/action
[10.013s] -- Up-to-date: /home/rss/robot_harry/robotik/install/create3_examples_msgs/include/create3_examples_msgs/create3_examples_msgs/action/detail
[10.013s] -- Installing: /home/rss/robot_harry/robotik/install/create3_examples_msgs/include/create3_examples_msgs/create3_examples_msgs/action/detail/coverage__type_support.cpp
[10.013s] -- Installing: /home/rss/robot_harry/robotik/install/create3_examples_msgs/include/create3_examples_msgs/create3_examples_msgs/action/detail/coverage__rosidl_typesupport_introspection_cpp.hpp
[10.013s] -- Installing: /home/rss/robot_harry/robotik/install/create3_examples_msgs/lib/libcreate3_examples_msgs__rosidl_typesupport_introspection_cpp.so
[10.013s] -- Set runtime path of "/home/rss/robot_harry/robotik/install/create3_examples_msgs/lib/libcreate3_examples_msgs__rosidl_typesupport_introspection_cpp.so" to ""
[10.013s] -- Installing: /home/rss/robot_harry/robotik/install/create3_examples_msgs/lib/libcreate3_examples_msgs__rosidl_typesupport_cpp.so
[10.014s] -- Set runtime path of "/home/rss/robot_harry/robotik/install/create3_examples_msgs/lib/libcreate3_examples_msgs__rosidl_typesupport_cpp.so" to ""
[10.014s] -- Installing: /home/rss/robot_harry/robotik/install/create3_examples_msgs/share/create3_examples_msgs/environment/pythonpath.sh
[10.014s] -- Installing: /home/rss/robot_harry/robotik/install/create3_examples_msgs/share/create3_examples_msgs/environment/pythonpath.dsv
[10.014s] -- Installing: /home/rss/robot_harry/robotik/install/create3_examples_msgs/local/lib/python3.10/dist-packages/create3_examples_msgs-0.0.5-py3.10.egg-info
[10.014s] -- Installing: /home/rss/robot_harry/robotik/install/create3_examples_msgs/local/lib/python3.10/dist-packages/create3_examples_msgs-0.0.5-py3.10.egg-info/dependency_links.txt
[10.014s] -- Installing: /home/rss/robot_harry/robotik/install/create3_examples_msgs/local/lib/python3.10/dist-packages/create3_examples_msgs-0.0.5-py3.10.egg-info/SOURCES.txt
[10.014s] -- Installing: /home/rss/robot_harry/robotik/install/create3_examples_msgs/local/lib/python3.10/dist-packages/create3_examples_msgs-0.0.5-py3.10.egg-info/PKG-INFO
[10.014s] -- Installing: /home/rss/robot_harry/robotik/install/create3_examples_msgs/local/lib/python3.10/dist-packages/create3_examples_msgs-0.0.5-py3.10.egg-info/top_level.txt
[10.014s] -- Installing: /home/rss/robot_harry/robotik/install/create3_examples_msgs/local/lib/python3.10/dist-packages/create3_examples_msgs
[10.015s] -- Installing: /home/rss/robot_harry/robotik/install/create3_examples_msgs/local/lib/python3.10/dist-packages/create3_examples_msgs/libcreate3_examples_msgs__rosidl_generator_py.so
[10.015s] -- Installing: /home/rss/robot_harry/robotik/install/create3_examples_msgs/local/lib/python3.10/dist-packages/create3_examples_msgs/_create3_examples_msgs_s.ep.rosidl_typesupport_fastrtps_c.c
[10.015s] -- Installing: /home/rss/robot_harry/robotik/install/create3_examples_msgs/local/lib/python3.10/dist-packages/create3_examples_msgs/create3_examples_msgs_s__rosidl_typesupport_fastrtps_c.cpython-310-x86_64-linux-gnu.so
[10.015s] -- Installing: /home/rss/robot_harry/robotik/install/create3_examples_msgs/local/lib/python3.10/dist-packages/create3_examples_msgs/action
[10.015s] -- Installing: /home/rss/robot_harry/robotik/install/create3_examples_msgs/local/lib/python3.10/dist-packages/create3_examples_msgs/action/_coverage.py
[10.015s] -- Installing: /home/rss/robot_harry/robotik/install/create3_examples_msgs/local/lib/python3.10/dist-packages/create3_examples_msgs/action/__init__.py
[10.015s] -- Installing: /home/rss/robot_harry/robotik/install/create3_examples_msgs/local/lib/python3.10/dist-packages/create3_examples_msgs/action/_coverage_s.c
[10.015s] -- Installing: /home/rss/robot_harry/robotik/install/create3_examples_msgs/local/lib/python3.10/dist-packages/create3_examples_msgs/create3_examples_msgs_s__rosidl_typesupport_introspection_c.cpython-310-x86_64-linux-gnu.so
[10.015s] -- Installing: /home/rss/robot_harry/robotik/install/create3_examples_msgs/local/lib/python3.10/dist-packages/create3_examples_msgs/__init__.py
[10.015s] -- Installing: /home/rss/robot_harry/robotik/install/create3_examples_msgs/local/lib/python3.10/dist-packages/create3_examples_msgs/create3_examples_msgs_s__rosidl_typesupport_c.cpython-310-x86_64-linux-gnu.so
[10.016s] -- Installing: /home/rss/robot_harry/robotik/install/create3_examples_msgs/local/lib/python3.10/dist-packages/create3_examples_msgs/_create3_examples_msgs_s.ep.rosidl_typesupport_introspection_c.c
[10.016s] -- Installing: /home/rss/robot_harry/robotik/install/create3_examples_msgs/local/lib/python3.10/dist-packages/create3_examples_msgs/_create3_examples_msgs_s.ep.rosidl_typesupport_c.c
[10.067s] Listing '/home/rss/robot_harry/robotik/install/create3_examples_msgs/local/lib/python3.10/dist-packages/create3_examples_msgs'...
[10.067s] Compiling '/home/rss/robot_harry/robotik/install/create3_examples_msgs/local/lib/python3.10/dist-packages/create3_examples_msgs/__init__.py'...
[10.067s] Listing '/home/rss/robot_harry/robotik/install/create3_examples_msgs/local/lib/python3.10/dist-packages/create3_examples_msgs/action'...
[10.067s] Compiling '/home/rss/robot_harry/robotik/install/create3_examples_msgs/local/lib/python3.10/dist-packages/create3_examples_msgs/action/__init__.py'...
[10.067s] Compiling '/home/rss/robot_harry/robotik/install/create3_examples_msgs/local/lib/python3.10/dist-packages/create3_examples_msgs/action/_coverage.py'...
[10.072s] -- Installing: /home/rss/robot_harry/robotik/install/create3_examples_msgs/local/lib/python3.10/dist-packages/create3_examples_msgs/create3_examples_msgs_s__rosidl_typesupport_fastrtps_c.cpython-310-x86_64-linux-gnu.so
[10.072s] -- Set runtime path of "/home/rss/robot_harry/robotik/install/create3_examples_msgs/local/lib/python3.10/dist-packages/create3_examples_msgs/create3_examples_msgs_s__rosidl_typesupport_fastrtps_c.cpython-310-x86_64-linux-gnu.so" to ""
[10.073s] -- Installing: /home/rss/robot_harry/robotik/install/create3_examples_msgs/local/lib/python3.10/dist-packages/create3_examples_msgs/create3_examples_msgs_s__rosidl_typesupport_introspection_c.cpython-310-x86_64-linux-gnu.so
[10.073s] -- Set runtime path of "/home/rss/robot_harry/robotik/install/create3_examples_msgs/local/lib/python3.10/dist-packages/create3_examples_msgs/create3_examples_msgs_s__rosidl_typesupport_introspection_c.cpython-310-x86_64-linux-gnu.so" to ""
[10.073s] -- Installing: /home/rss/robot_harry/robotik/install/create3_examples_msgs/local/lib/python3.10/dist-packages/create3_examples_msgs/create3_examples_msgs_s__rosidl_typesupport_c.cpython-310-x86_64-linux-gnu.so
[10.074s] -- Set runtime path of "/home/rss/robot_harry/robotik/install/create3_examples_msgs/local/lib/python3.10/dist-packages/create3_examples_msgs/create3_examples_msgs_s__rosidl_typesupport_c.cpython-310-x86_64-linux-gnu.so" to ""
[10.074s] -- Installing: /home/rss/robot_harry/robotik/install/create3_examples_msgs/lib/libcreate3_examples_msgs__rosidl_generator_py.so
[10.075s] -- Set runtime path of "/home/rss/robot_harry/robotik/install/create3_examples_msgs/lib/libcreate3_examples_msgs__rosidl_generator_py.so" to ""
[10.075s] -- Installing: /home/rss/robot_harry/robotik/install/create3_examples_msgs/share/create3_examples_msgs/action/Coverage.idl
[10.075s] -- Installing: /home/rss/robot_harry/robotik/install/create3_examples_msgs/share/create3_examples_msgs/action/Coverage.action
[10.076s] -- Installing: /home/rss/robot_harry/robotik/install/create3_examples_msgs/share/ament_index/resource_index/package_run_dependencies/create3_examples_msgs
[10.076s] -- Installing: /home/rss/robot_harry/robotik/install/create3_examples_msgs/share/ament_index/resource_index/parent_prefix_path/create3_examples_msgs
[10.076s] -- Installing: /home/rss/robot_harry/robotik/install/create3_examples_msgs/share/create3_examples_msgs/environment/ament_prefix_path.sh
[10.076s] -- Installing: /home/rss/robot_harry/robotik/install/create3_examples_msgs/share/create3_examples_msgs/environment/ament_prefix_path.dsv
[10.077s] -- Installing: /home/rss/robot_harry/robotik/install/create3_examples_msgs/share/create3_examples_msgs/environment/path.sh
[10.077s] -- Installing: /home/rss/robot_harry/robotik/install/create3_examples_msgs/share/create3_examples_msgs/environment/path.dsv
[10.077s] -- Installing: /home/rss/robot_harry/robotik/install/create3_examples_msgs/share/create3_examples_msgs/local_setup.bash
[10.077s] -- Installing: /home/rss/robot_harry/robotik/install/create3_examples_msgs/share/create3_examples_msgs/local_setup.sh
[10.078s] -- Installing: /home/rss/robot_harry/robotik/install/create3_examples_msgs/share/create3_examples_msgs/local_setup.zsh
[10.078s] -- Installing: /home/rss/robot_harry/robotik/install/create3_examples_msgs/share/create3_examples_msgs/local_setup.dsv
[10.078s] -- Installing: /home/rss/robot_harry/robotik/install/create3_examples_msgs/share/create3_examples_msgs/package.dsv
[10.078s] -- Installing: /home/rss/robot_harry/robotik/install/create3_examples_msgs/share/ament_index/resource_index/packages/create3_examples_msgs
[10.079s] -- Installing: /home/rss/robot_harry/robotik/install/create3_examples_msgs/share/create3_examples_msgs/cmake/export_create3_examples_msgs__rosidl_generator_cExport.cmake
[10.079s] -- Installing: /home/rss/robot_harry/robotik/install/create3_examples_msgs/share/create3_examples_msgs/cmake/export_create3_examples_msgs__rosidl_generator_cExport-noconfig.cmake
[10.079s] -- Installing: /home/rss/robot_harry/robotik/install/create3_examples_msgs/share/create3_examples_msgs/cmake/export_create3_examples_msgs__rosidl_typesupport_fastrtps_cExport.cmake
[10.079s] -- Installing: /home/rss/robot_harry/robotik/install/create3_examples_msgs/share/create3_examples_msgs/cmake/export_create3_examples_msgs__rosidl_typesupport_fastrtps_cExport-noconfig.cmake
[10.080s] -- Installing: /home/rss/robot_harry/robotik/install/create3_examples_msgs/share/create3_examples_msgs/cmake/create3_examples_msgs__rosidl_typesupport_introspection_cExport.cmake
[10.080s] -- Installing: /home/rss/robot_harry/robotik/install/create3_examples_msgs/share/create3_examples_msgs/cmake/create3_examples_msgs__rosidl_typesupport_introspection_cExport-noconfig.cmake
[10.080s] -- Installing: /home/rss/robot_harry/robotik/install/create3_examples_msgs/share/create3_examples_msgs/cmake/create3_examples_msgs__rosidl_typesupport_cExport.cmake
[10.081s] -- Installing: /home/rss/robot_harry/robotik/install/create3_examples_msgs/share/create3_examples_msgs/cmake/create3_examples_msgs__rosidl_typesupport_cExport-noconfig.cmake
[10.081s] -- Installing: /home/rss/robot_harry/robotik/install/create3_examples_msgs/share/create3_examples_msgs/cmake/export_create3_examples_msgs__rosidl_generator_cppExport.cmake
[10.081s] -- Installing: /home/rss/robot_harry/robotik/install/create3_examples_msgs/share/create3_examples_msgs/cmake/export_create3_examples_msgs__rosidl_typesupport_fastrtps_cppExport.cmake
[10.082s] -- Installing: /home/rss/robot_harry/robotik/install/create3_examples_msgs/share/create3_examples_msgs/cmake/export_create3_examples_msgs__rosidl_typesupport_fastrtps_cppExport-noconfig.cmake
[10.082s] -- Installing: /home/rss/robot_harry/robotik/install/create3_examples_msgs/share/create3_examples_msgs/cmake/create3_examples_msgs__rosidl_typesupport_introspection_cppExport.cmake
[10.082s] -- Installing: /home/rss/robot_harry/robotik/install/create3_examples_msgs/share/create3_examples_msgs/cmake/create3_examples_msgs__rosidl_typesupport_introspection_cppExport-noconfig.cmake
[10.082s] -- Installing: /home/rss/robot_harry/robotik/install/create3_examples_msgs/share/create3_examples_msgs/cmake/create3_examples_msgs__rosidl_typesupport_cppExport.cmake
[10.083s] -- Installing: /home/rss/robot_harry/robotik/install/create3_examples_msgs/share/create3_examples_msgs/cmake/create3_examples_msgs__rosidl_typesupport_cppExport-noconfig.cmake
[10.083s] -- Installing: /home/rss/robot_harry/robotik/install/create3_examples_msgs/share/create3_examples_msgs/cmake/export_create3_examples_msgs__rosidl_generator_pyExport.cmake
[10.083s] -- Installing: /home/rss/robot_harry/robotik/install/create3_examples_msgs/share/create3_examples_msgs/cmake/export_create3_examples_msgs__rosidl_generator_pyExport-noconfig.cmake
[10.084s] -- Installing: /home/rss/robot_harry/robotik/install/create3_examples_msgs/share/create3_examples_msgs/cmake/rosidl_cmake-extras.cmake
[10.084s] -- Installing: /home/rss/robot_harry/robotik/install/create3_examples_msgs/share/create3_examples_msgs/cmake/ament_cmake_export_dependencies-extras.cmake
[10.084s] -- Installing: /home/rss/robot_harry/robotik/install/create3_examples_msgs/share/create3_examples_msgs/cmake/ament_cmake_export_include_directories-extras.cmake
[10.084s] -- Installing: /home/rss/robot_harry/robotik/install/create3_examples_msgs/share/create3_examples_msgs/cmake/ament_cmake_export_libraries-extras.cmake
[10.085s] -- Installing: /home/rss/robot_harry/robotik/install/create3_examples_msgs/share/create3_examples_msgs/cmake/ament_cmake_export_targets-extras.cmake
[10.085s] -- Installing: /home/rss/robot_harry/robotik/install/create3_examples_msgs/share/create3_examples_msgs/cmake/rosidl_cmake_export_typesupport_targets-extras.cmake
[10.085s] -- Installing: /home/rss/robot_harry/robotik/install/create3_examples_msgs/share/create3_examples_msgs/cmake/rosidl_cmake_export_typesupport_libraries-extras.cmake
[10.085s] -- Installing: /home/rss/robot_harry/robotik/install/create3_examples_msgs/share/create3_examples_msgs/cmake/create3_examples_msgsConfig.cmake
[10.086s] -- Installing: /home/rss/robot_harry/robotik/install/create3_examples_msgs/share/create3_examples_msgs/cmake/create3_examples_msgsConfig-version.cmake
[10.088s] -- Installing: /home/rss/robot_harry/robotik/install/create3_examples_msgs/share/create3_examples_msgs/package.xml
[10.092s] Invoked command in '/home/rss/robot_harry/robotik/build/create3_examples_msgs' returned '0': CMAKE_PREFIX_PATH=${CMAKE_PREFIX_PATH}:/home/rss/robot_harry/robotik/install/webcam_bringup:/home/rss/robot_harry/robotik/install/teleop:/home/rss/robot_harry/robotik/install/robot_bringup:/home/rss/robot_harry/robotik/install/realsense2_ros_mqtt_bridge:/home/rss/robot_harry/robotik/install/pub_sub:/home/rss/robot_harry/robotik/install/object_detection:/home/rss/robot_harry/robotik/install/my_robot_navigation:/home/rss/robot_harry/robotik/install/create3_teleop:/home/rss/robot_harry/robotik/install/create3_examples_py:/opt/ros/humble /usr/bin/cmake --install /home/rss/robot_harry/robotik/build/create3_examples_msgs
