[3.425s] Invoking command in '/home/rss/robot_harry/robotik/src/robot_bringup': PYTHONPATH=/home/rss/robot_harry/robotik/build/robot_bringup/prefix_override:/usr/lib/python3/dist-packages/colcon_core/task/python/colcon_distutils_commands:/home/rss/robot_harry/robotik/install/robot_bringup/lib/python3.10/site-packages:${PYTHONPATH} /usr/bin/python3 -W ignore:setup.py install is deprecated -W ignore:easy_install command is deprecated setup.py egg_info --egg-base ../../build/robot_bringup build --build-base /home/rss/robot_harry/robotik/build/robot_bringup/build install --record /home/rss/robot_harry/robotik/build/robot_bringup/install.log --single-version-externally-managed install_data
[4.741s] running egg_info
[4.741s] creating ../../build/robot_bringup/robot_bringup.egg-info
[4.741s] writing ../../build/robot_bringup/robot_bringup.egg-info/PKG-INFO
[4.741s] writing dependency_links to ../../build/robot_bringup/robot_bringup.egg-info/dependency_links.txt
[4.741s] writing entry points to ../../build/robot_bringup/robot_bringup.egg-info/entry_points.txt
[4.741s] writing requirements to ../../build/robot_bringup/robot_bringup.egg-info/requires.txt
[4.741s] writing top-level names to ../../build/robot_bringup/robot_bringup.egg-info/top_level.txt
[4.741s] writing manifest file '../../build/robot_bringup/robot_bringup.egg-info/SOURCES.txt'
[4.741s] reading manifest file '../../build/robot_bringup/robot_bringup.egg-info/SOURCES.txt'
[4.741s] writing manifest file '../../build/robot_bringup/robot_bringup.egg-info/SOURCES.txt'
[4.741s] running build
[4.741s] running build_py
[4.741s] creating /home/rss/robot_harry/robotik/build/robot_bringup/build
[4.742s] creating /home/rss/robot_harry/robotik/build/robot_bringup/build/lib
[4.742s] creating /home/rss/robot_harry/robotik/build/robot_bringup/build/lib/robot_bringup
[4.742s] copying robot_bringup/__init__.py -> /home/rss/robot_harry/robotik/build/robot_bringup/build/lib/robot_bringup
[4.742s] running install
[4.742s] running install_lib
[4.742s] creating /home/rss/robot_harry/robotik/install/robot_bringup/lib/python3.10/site-packages/robot_bringup
[4.742s] copying /home/rss/robot_harry/robotik/build/robot_bringup/build/lib/robot_bringup/__init__.py -> /home/rss/robot_harry/robotik/install/robot_bringup/lib/python3.10/site-packages/robot_bringup
[4.742s] byte-compiling /home/rss/robot_harry/robotik/install/robot_bringup/lib/python3.10/site-packages/robot_bringup/__init__.py to __init__.cpython-310.pyc
[4.742s] running install_data
[4.742s] creating /home/rss/robot_harry/robotik/install/robot_bringup/share/ament_index
[4.742s] creating /home/rss/robot_harry/robotik/install/robot_bringup/share/ament_index/resource_index
[4.742s] creating /home/rss/robot_harry/robotik/install/robot_bringup/share/ament_index/resource_index/packages
[4.742s] copying resource/robot_bringup -> /home/rss/robot_harry/robotik/install/robot_bringup/share/ament_index/resource_index/packages
[4.742s] copying package.xml -> /home/rss/robot_harry/robotik/install/robot_bringup/share/robot_bringup
[4.742s] creating /home/rss/robot_harry/robotik/install/robot_bringup/share/robot_bringup/launch
[4.742s] copying launch/robot.launch.yaml -> /home/rss/robot_harry/robotik/install/robot_bringup/share/robot_bringup/launch
[4.743s] copying launch/camera.launch.py -> /home/rss/robot_harry/robotik/install/robot_bringup/share/robot_bringup/launch
[4.743s] copying launch/robot_tf.launch.yaml -> /home/rss/robot_harry/robotik/install/robot_bringup/share/robot_bringup/launch
[4.743s] copying launch/republisher.launch.py -> /home/rss/robot_harry/robotik/install/robot_bringup/share/robot_bringup/launch
[4.743s] copying launch/lidar.launch.py -> /home/rss/robot_harry/robotik/install/robot_bringup/share/robot_bringup/launch
[4.743s] copying launch/teleop.launch.py -> /home/rss/robot_harry/robotik/install/robot_bringup/share/robot_bringup/launch
[4.743s] creating /home/rss/robot_harry/robotik/install/robot_bringup/share/robot_bringup/config
[4.743s] copying config/webcam.yaml -> /home/rss/robot_harry/robotik/install/robot_bringup/share/robot_bringup/config
[4.743s] running install_egg_info
[4.743s] Copying ../../build/robot_bringup/robot_bringup.egg-info to /home/rss/robot_harry/robotik/install/robot_bringup/lib/python3.10/site-packages/robot_bringup-0.0.0-py3.10.egg-info
[4.743s] running install_scripts
[4.743s] writing list of installed files to '/home/rss/robot_harry/robotik/build/robot_bringup/install.log'
[4.761s] Invoked command in '/home/rss/robot_harry/robotik/src/robot_bringup' returned '0': PYTHONPATH=/home/rss/robot_harry/robotik/build/robot_bringup/prefix_override:/usr/lib/python3/dist-packages/colcon_core/task/python/colcon_distutils_commands:/home/rss/robot_harry/robotik/install/robot_bringup/lib/python3.10/site-packages:${PYTHONPATH} /usr/bin/python3 -W ignore:setup.py install is deprecated -W ignore:easy_install command is deprecated setup.py egg_info --egg-base ../../build/robot_bringup build --build-base /home/rss/robot_harry/robotik/build/robot_bringup/build install --record /home/rss/robot_harry/robotik/build/robot_bringup/install.log --single-version-externally-managed install_data
