[1.686s] Invoking command in '/home/rss/robot_harry/robotik/src/pub_sub': PYTHONPATH=/home/rss/robot_harry/robotik/build/pub_sub/prefix_override:/usr/lib/python3/dist-packages/colcon_core/task/python/colcon_distutils_commands:/home/rss/robot_harry/robotik/install/pub_sub/lib/python3.10/site-packages:${PYTHONPATH} /usr/bin/python3 -W ignore:setup.py install is deprecated -W ignore:easy_install command is deprecated setup.py egg_info --egg-base ../../build/pub_sub build --build-base /home/rss/robot_harry/robotik/build/pub_sub/build install --record /home/rss/robot_harry/robotik/build/pub_sub/install.log --single-version-externally-managed install_data
[2.000s] running egg_info
[2.002s] writing ../../build/pub_sub/pub_sub.egg-info/PKG-INFO
[2.002s] writing dependency_links to ../../build/pub_sub/pub_sub.egg-info/dependency_links.txt
[2.002s] writing entry points to ../../build/pub_sub/pub_sub.egg-info/entry_points.txt
[2.003s] writing requirements to ../../build/pub_sub/pub_sub.egg-info/requires.txt
[2.003s] writing top-level names to ../../build/pub_sub/pub_sub.egg-info/top_level.txt
[2.005s] reading manifest file '../../build/pub_sub/pub_sub.egg-info/SOURCES.txt'
[2.006s] writing manifest file '../../build/pub_sub/pub_sub.egg-info/SOURCES.txt'
[2.006s] running build
[2.006s] running build_py
[2.006s] running install
[2.007s] running install_lib
[2.009s] running install_data
[2.009s] running install_egg_info
[2.011s] removing '/home/rss/robot_harry/robotik/install/pub_sub/lib/python3.10/site-packages/pub_sub-0.0.0-py3.10.egg-info' (and everything under it)
[2.011s] Copying ../../build/pub_sub/pub_sub.egg-info to /home/rss/robot_harry/robotik/install/pub_sub/lib/python3.10/site-packages/pub_sub-0.0.0-py3.10.egg-info
[2.011s] running install_scripts
[2.037s] Installing publisher_node script to /home/rss/robot_harry/robotik/install/pub_sub/lib/pub_sub
[2.037s] Installing subscriber_node script to /home/rss/robot_harry/robotik/install/pub_sub/lib/pub_sub
[2.037s] Installing test_cam_node script to /home/rss/robot_harry/robotik/install/pub_sub/lib/pub_sub
[2.037s] Installing yolo_detector_node script to /home/rss/robot_harry/robotik/install/pub_sub/lib/pub_sub
[2.038s] writing list of installed files to '/home/rss/robot_harry/robotik/build/pub_sub/install.log'
[2.075s] Invoked command in '/home/rss/robot_harry/robotik/src/pub_sub' returned '0': PYTHONPATH=/home/rss/robot_harry/robotik/build/pub_sub/prefix_override:/usr/lib/python3/dist-packages/colcon_core/task/python/colcon_distutils_commands:/home/rss/robot_harry/robotik/install/pub_sub/lib/python3.10/site-packages:${PYTHONPATH} /usr/bin/python3 -W ignore:setup.py install is deprecated -W ignore:easy_install command is deprecated setup.py egg_info --egg-base ../../build/pub_sub build --build-base /home/rss/robot_harry/robotik/build/pub_sub/build install --record /home/rss/robot_harry/robotik/build/pub_sub/install.log --single-version-externally-managed install_data
