[1.833s] Invoking command in '/home/harry/robot/src/my_robot_navigation': PYTHONPATH=/home/harry/robot/build/my_robot_navigation/prefix_override:/usr/lib/python3/dist-packages/colcon_core/task/python/colcon_distutils_commands:/home/harry/robot/install/my_robot_navigation/lib/python3.10/site-packages:${PYTHONPATH} /usr/bin/python3 -W ignore:setup.py install is deprecated -W ignore:easy_install command is deprecated setup.py egg_info --egg-base ../../build/my_robot_navigation build --build-base /home/harry/robot/build/my_robot_navigation/build install --record /home/harry/robot/build/my_robot_navigation/install.log --single-version-externally-managed install_data
[2.227s] running egg_info
[2.229s] writing ../../build/my_robot_navigation/my_robot_navigation.egg-info/PKG-INFO
[2.229s] writing dependency_links to ../../build/my_robot_navigation/my_robot_navigation.egg-info/dependency_links.txt
[2.230s] writing entry points to ../../build/my_robot_navigation/my_robot_navigation.egg-info/entry_points.txt
[2.231s] writing requirements to ../../build/my_robot_navigation/my_robot_navigation.egg-info/requires.txt
[2.231s] writing top-level names to ../../build/my_robot_navigation/my_robot_navigation.egg-info/top_level.txt
[2.238s] reading manifest file '../../build/my_robot_navigation/my_robot_navigation.egg-info/SOURCES.txt'
[2.238s] writing manifest file '../../build/my_robot_navigation/my_robot_navigation.egg-info/SOURCES.txt'
[2.244s] running build
[2.244s] running build_py
[2.244s] running install
[2.244s] running install_lib
[2.244s] running install_data
[2.244s] running install_egg_info
[2.249s] removing '/home/harry/robot/install/my_robot_navigation/lib/python3.10/site-packages/my_robot_navigation-0.0.0-py3.10.egg-info' (and everything under it)
[2.251s] Copying ../../build/my_robot_navigation/my_robot_navigation.egg-info to /home/harry/robot/install/my_robot_navigation/lib/python3.10/site-packages/my_robot_navigation-0.0.0-py3.10.egg-info
[2.253s] running install_scripts
[2.290s] Installing auto_explorer_node script to /home/harry/robot/install/my_robot_navigation/lib/my_robot_navigation
[2.291s] writing list of installed files to '/home/harry/robot/build/my_robot_navigation/install.log'
[2.348s] Invoked command in '/home/harry/robot/src/my_robot_navigation' returned '0': PYTHONPATH=/home/harry/robot/build/my_robot_navigation/prefix_override:/usr/lib/python3/dist-packages/colcon_core/task/python/colcon_distutils_commands:/home/harry/robot/install/my_robot_navigation/lib/python3.10/site-packages:${PYTHONPATH} /usr/bin/python3 -W ignore:setup.py install is deprecated -W ignore:easy_install command is deprecated setup.py egg_info --egg-base ../../build/my_robot_navigation build --build-base /home/harry/robot/build/my_robot_navigation/build install --record /home/harry/robot/build/my_robot_navigation/install.log --single-version-externally-managed install_data
