[1.880s] Invoking command in '/home/rss/robot_harry/robotik/src/pub_sub': PYTHONPATH=/home/rss/robot_harry/robotik/build/pub_sub/prefix_override:/usr/lib/python3/dist-packages/colcon_core/task/python/colcon_distutils_commands:/home/rss/robot_harry/robotik/install/pub_sub/lib/python3.10/site-packages:${PYTHONPATH} /usr/bin/python3 -W ignore:setup.py install is deprecated -W ignore:easy_install command is deprecated setup.py egg_info --egg-base ../../build/pub_sub build --build-base /home/rss/robot_harry/robotik/build/pub_sub/build install --record /home/rss/robot_harry/robotik/build/pub_sub/install.log --single-version-externally-managed install_data
[2.773s] running egg_info
[2.783s] creating ../../build/pub_sub/pub_sub.egg-info
[2.784s] writing ../../build/pub_sub/pub_sub.egg-info/PKG-INFO
[2.784s] writing dependency_links to ../../build/pub_sub/pub_sub.egg-info/dependency_links.txt
[2.784s] writing entry points to ../../build/pub_sub/pub_sub.egg-info/entry_points.txt
[2.790s] writing requirements to ../../build/pub_sub/pub_sub.egg-info/requires.txt
[2.799s] writing top-level names to ../../build/pub_sub/pub_sub.egg-info/top_level.txt
[2.800s] writing manifest file '../../build/pub_sub/pub_sub.egg-info/SOURCES.txt'
[2.801s] reading manifest file '../../build/pub_sub/pub_sub.egg-info/SOURCES.txt'
[2.806s] writing manifest file '../../build/pub_sub/pub_sub.egg-info/SOURCES.txt'
[2.806s] running build
[2.806s] running build_py
[2.806s] creating /home/rss/robot_harry/robotik/build/pub_sub/build
[2.807s] creating /home/rss/robot_harry/robotik/build/pub_sub/build/lib
[2.811s] creating /home/rss/robot_harry/robotik/build/pub_sub/build/lib/pub_sub
[2.811s] copying pub_sub/cam_publisher.py -> /home/rss/robot_harry/robotik/build/pub_sub/build/lib/pub_sub
[2.821s] copying pub_sub/test_cam.py -> /home/rss/robot_harry/robotik/build/pub_sub/build/lib/pub_sub
[2.821s] copying pub_sub/__init__.py -> /home/rss/robot_harry/robotik/build/pub_sub/build/lib/pub_sub
[2.821s] copying pub_sub/sub.py -> /home/rss/robot_harry/robotik/build/pub_sub/build/lib/pub_sub
[2.822s] copying pub_sub/communication_node.py -> /home/rss/robot_harry/robotik/build/pub_sub/build/lib/pub_sub
[2.822s] copying pub_sub/publisher.py -> /home/rss/robot_harry/robotik/build/pub_sub/build/lib/pub_sub
[2.822s] copying pub_sub/yolo_detector.py -> /home/rss/robot_harry/robotik/build/pub_sub/build/lib/pub_sub
[2.822s] running install
[2.822s] running install_lib
[2.822s] creating /home/rss/robot_harry/robotik/install/pub_sub/lib/python3.10/site-packages/pub_sub
[2.822s] copying /home/rss/robot_harry/robotik/build/pub_sub/build/lib/pub_sub/cam_publisher.py -> /home/rss/robot_harry/robotik/install/pub_sub/lib/python3.10/site-packages/pub_sub
[2.827s] copying /home/rss/robot_harry/robotik/build/pub_sub/build/lib/pub_sub/test_cam.py -> /home/rss/robot_harry/robotik/install/pub_sub/lib/python3.10/site-packages/pub_sub
[2.827s] copying /home/rss/robot_harry/robotik/build/pub_sub/build/lib/pub_sub/__init__.py -> /home/rss/robot_harry/robotik/install/pub_sub/lib/python3.10/site-packages/pub_sub
[2.827s] copying /home/rss/robot_harry/robotik/build/pub_sub/build/lib/pub_sub/sub.py -> /home/rss/robot_harry/robotik/install/pub_sub/lib/python3.10/site-packages/pub_sub
[2.828s] copying /home/rss/robot_harry/robotik/build/pub_sub/build/lib/pub_sub/communication_node.py -> /home/rss/robot_harry/robotik/install/pub_sub/lib/python3.10/site-packages/pub_sub
[2.831s] copying /home/rss/robot_harry/robotik/build/pub_sub/build/lib/pub_sub/publisher.py -> /home/rss/robot_harry/robotik/install/pub_sub/lib/python3.10/site-packages/pub_sub
[2.831s] copying /home/rss/robot_harry/robotik/build/pub_sub/build/lib/pub_sub/yolo_detector.py -> /home/rss/robot_harry/robotik/install/pub_sub/lib/python3.10/site-packages/pub_sub
[2.838s] byte-compiling /home/rss/robot_harry/robotik/install/pub_sub/lib/python3.10/site-packages/pub_sub/cam_publisher.py to cam_publisher.cpython-310.pyc
[2.838s] byte-compiling /home/rss/robot_harry/robotik/install/pub_sub/lib/python3.10/site-packages/pub_sub/test_cam.py to test_cam.cpython-310.pyc
[2.848s] byte-compiling /home/rss/robot_harry/robotik/install/pub_sub/lib/python3.10/site-packages/pub_sub/__init__.py to __init__.cpython-310.pyc
[2.848s] byte-compiling /home/rss/robot_harry/robotik/install/pub_sub/lib/python3.10/site-packages/pub_sub/sub.py to sub.cpython-310.pyc
[2.848s] byte-compiling /home/rss/robot_harry/robotik/install/pub_sub/lib/python3.10/site-packages/pub_sub/communication_node.py to communication_node.cpython-310.pyc
[2.848s] byte-compiling /home/rss/robot_harry/robotik/install/pub_sub/lib/python3.10/site-packages/pub_sub/publisher.py to publisher.cpython-310.pyc
[2.854s] byte-compiling /home/rss/robot_harry/robotik/install/pub_sub/lib/python3.10/site-packages/pub_sub/yolo_detector.py to yolo_detector.cpython-310.pyc
[2.855s] running install_data
[2.855s] creating /home/rss/robot_harry/robotik/install/pub_sub/share/ament_index
[2.855s] creating /home/rss/robot_harry/robotik/install/pub_sub/share/ament_index/resource_index
[2.855s] creating /home/rss/robot_harry/robotik/install/pub_sub/share/ament_index/resource_index/packages
[2.855s] copying resource/pub_sub -> /home/rss/robot_harry/robotik/install/pub_sub/share/ament_index/resource_index/packages
[2.855s] copying package.xml -> /home/rss/robot_harry/robotik/install/pub_sub/share/pub_sub
[2.855s] running install_egg_info
[2.866s] Copying ../../build/pub_sub/pub_sub.egg-info to /home/rss/robot_harry/robotik/install/pub_sub/lib/python3.10/site-packages/pub_sub-0.0.0-py3.10.egg-info
[2.871s] running install_scripts
[2.983s] Installing publisher_node script to /home/rss/robot_harry/robotik/install/pub_sub/lib/pub_sub
[2.983s] Installing subscriber_node script to /home/rss/robot_harry/robotik/install/pub_sub/lib/pub_sub
[2.983s] Installing test_cam_node script to /home/rss/robot_harry/robotik/install/pub_sub/lib/pub_sub
[2.984s] Installing yolo_detector_node script to /home/rss/robot_harry/robotik/install/pub_sub/lib/pub_sub
[2.985s] writing list of installed files to '/home/rss/robot_harry/robotik/build/pub_sub/install.log'
[3.740s] Invoked command in '/home/rss/robot_harry/robotik/src/pub_sub' returned '0': PYTHONPATH=/home/rss/robot_harry/robotik/build/pub_sub/prefix_override:/usr/lib/python3/dist-packages/colcon_core/task/python/colcon_distutils_commands:/home/rss/robot_harry/robotik/install/pub_sub/lib/python3.10/site-packages:${PYTHONPATH} /usr/bin/python3 -W ignore:setup.py install is deprecated -W ignore:easy_install command is deprecated setup.py egg_info --egg-base ../../build/pub_sub build --build-base /home/rss/robot_harry/robotik/build/pub_sub/build install --record /home/rss/robot_harry/robotik/build/pub_sub/install.log --single-version-externally-managed install_data
