[1.369s] Invoking command in '/home/rss/robot_harry/robotik/build/my_robot_slam': PYTHONPATH=/home/rss/robot_harry/robotik/build/my_robot_slam/prefix_override:/usr/lib/python3/dist-packages/colcon_core/task/python/colcon_distutils_commands:/home/rss/robot_harry/robotik/install/my_robot_slam/lib/python3.10/site-packages:${PYTHONPATH} /usr/bin/python3 -W ignore:setup.py install is deprecated -W ignore:easy_install command is deprecated setup.py develop --uninstall --editable --build-directory /home/rss/robot_harry/robotik/build/my_robot_slam/build
[1.710s] running develop
[1.916s] Removing /home/rss/robot_harry/robotik/install/my_robot_slam/lib/python3.10/site-packages/my-robot-slam.egg-link (link to .)
[2.102s] Invoked command in '/home/rss/robot_harry/robotik/build/my_robot_slam' returned '0': PYTHONPATH=/home/rss/robot_harry/robotik/build/my_robot_slam/prefix_override:/usr/lib/python3/dist-packages/colcon_core/task/python/colcon_distutils_commands:/home/rss/robot_harry/robotik/install/my_robot_slam/lib/python3.10/site-packages:${PYTHONPATH} /usr/bin/python3 -W ignore:setup.py install is deprecated -W ignore:easy_install command is deprecated setup.py develop --uninstall --editable --build-directory /home/rss/robot_harry/robotik/build/my_robot_slam/build
[2.103s] Invoking command in '/home/rss/robot_harry/robotik/src/my_robot_slam': PYTHONPATH=/home/rss/robot_harry/robotik/build/my_robot_slam/prefix_override:/usr/lib/python3/dist-packages/colcon_core/task/python/colcon_distutils_commands:/home/rss/robot_harry/robotik/install/my_robot_slam/lib/python3.10/site-packages:${PYTHONPATH} /usr/bin/python3 -W ignore:setup.py install is deprecated -W ignore:easy_install command is deprecated setup.py egg_info --egg-base ../../build/my_robot_slam build --build-base /home/rss/robot_harry/robotik/build/my_robot_slam/build install --record /home/rss/robot_harry/robotik/build/my_robot_slam/install.log --single-version-externally-managed install_data --force
[2.417s] running egg_info
[2.420s] writing ../../build/my_robot_slam/my_robot_slam.egg-info/PKG-INFO
[2.420s] writing dependency_links to ../../build/my_robot_slam/my_robot_slam.egg-info/dependency_links.txt
[2.421s] writing entry points to ../../build/my_robot_slam/my_robot_slam.egg-info/entry_points.txt
[2.421s] writing requirements to ../../build/my_robot_slam/my_robot_slam.egg-info/requires.txt
[2.421s] writing top-level names to ../../build/my_robot_slam/my_robot_slam.egg-info/top_level.txt
[2.422s] reading manifest file '../../build/my_robot_slam/my_robot_slam.egg-info/SOURCES.txt'
[2.426s] writing manifest file '../../build/my_robot_slam/my_robot_slam.egg-info/SOURCES.txt'
[2.426s] running build
[2.426s] running build_py
[2.427s] creating /home/rss/robot_harry/robotik/build/my_robot_slam/build
[2.427s] creating /home/rss/robot_harry/robotik/build/my_robot_slam/build/lib
[2.427s] creating /home/rss/robot_harry/robotik/build/my_robot_slam/build/lib/my_robot_slam
[2.427s] copying my_robot_slam/__init__.py -> /home/rss/robot_harry/robotik/build/my_robot_slam/build/lib/my_robot_slam
[2.427s] running install
[2.427s] running install_lib
[2.428s] creating /home/rss/robot_harry/robotik/install/my_robot_slam/lib/python3.10/site-packages/my_robot_slam
[2.428s] copying /home/rss/robot_harry/robotik/build/my_robot_slam/build/lib/my_robot_slam/__init__.py -> /home/rss/robot_harry/robotik/install/my_robot_slam/lib/python3.10/site-packages/my_robot_slam
[2.428s] byte-compiling /home/rss/robot_harry/robotik/install/my_robot_slam/lib/python3.10/site-packages/my_robot_slam/__init__.py to __init__.cpython-310.pyc
[2.429s] running install_data
[2.429s] copying resource/my_robot_slam -> /home/rss/robot_harry/robotik/install/my_robot_slam/share/ament_index/resource_index/packages
[2.429s] copying package.xml -> /home/rss/robot_harry/robotik/install/my_robot_slam/share/my_robot_slam
[2.429s] copying launch/localization.launch.yaml -> /home/rss/robot_harry/robotik/install/my_robot_slam/share/my_robot_slam/launch
[2.429s] copying launch/slam_toolbox.launch.yaml -> /home/rss/robot_harry/robotik/install/my_robot_slam/share/my_robot_slam/launch
[2.429s] copying launch/localization_gem.launch.yaml -> /home/rss/robot_harry/robotik/install/my_robot_slam/share/my_robot_slam/launch
[2.430s] running install_egg_info
[2.430s] Copying ../../build/my_robot_slam/my_robot_slam.egg-info to /home/rss/robot_harry/robotik/install/my_robot_slam/lib/python3.10/site-packages/my_robot_slam-0.0.0-py3.10.egg-info
[2.430s] running install_scripts
[2.453s] writing list of installed files to '/home/rss/robot_harry/robotik/build/my_robot_slam/install.log'
[2.596s] Invoked command in '/home/rss/robot_harry/robotik/src/my_robot_slam' returned '0': PYTHONPATH=/home/rss/robot_harry/robotik/build/my_robot_slam/prefix_override:/usr/lib/python3/dist-packages/colcon_core/task/python/colcon_distutils_commands:/home/rss/robot_harry/robotik/install/my_robot_slam/lib/python3.10/site-packages:${PYTHONPATH} /usr/bin/python3 -W ignore:setup.py install is deprecated -W ignore:easy_install command is deprecated setup.py egg_info --egg-base ../../build/my_robot_slam build --build-base /home/rss/robot_harry/robotik/build/my_robot_slam/build install --record /home/rss/robot_harry/robotik/build/my_robot_slam/install.log --single-version-externally-managed install_data --force
