running develop
Removing /home/rss/robot_harry/robotik/install/object_detection/lib/python3.10/site-packages/object-detection.egg-link (link to .)
running egg_info
writing ../../build/object_detection/object_detection.egg-info/PKG-INFO
writing dependency_links to ../../build/object_detection/object_detection.egg-info/dependency_links.txt
writing entry points to ../../build/object_detection/object_detection.egg-info/entry_points.txt
writing requirements to ../../build/object_detection/object_detection.egg-info/requires.txt
writing top-level names to ../../build/object_detection/object_detection.egg-info/top_level.txt
reading manifest file '../../build/object_detection/object_detection.egg-info/SOURCES.txt'
writing manifest file '../../build/object_detection/object_detection.egg-info/SOURCES.txt'
running build
running build_py
creating /home/rss/robot_harry/robotik/build/object_detection/build
creating /home/rss/robot_harry/robotik/build/object_detection/build/lib
creating /home/rss/robot_harry/robotik/build/object_detection/build/lib/object_detection
copying object_detection/yolo_detection.py -> /home/rss/robot_harry/robotik/build/object_detection/build/lib/object_detection
copying object_detection/__init__.py -> /home/rss/robot_harry/robotik/build/object_detection/build/lib/object_detection
running install
running install_lib
creating /home/rss/robot_harry/robotik/install/object_detection/lib/python3.10/site-packages/object_detection
copying /home/rss/robot_harry/robotik/build/object_detection/build/lib/object_detection/yolo_detection.py -> /home/rss/robot_harry/robotik/install/object_detection/lib/python3.10/site-packages/object_detection
copying /home/rss/robot_harry/robotik/build/object_detection/build/lib/object_detection/__init__.py -> /home/rss/robot_harry/robotik/install/object_detection/lib/python3.10/site-packages/object_detection
byte-compiling /home/rss/robot_harry/robotik/install/object_detection/lib/python3.10/site-packages/object_detection/yolo_detection.py to yolo_detection.cpython-310.pyc
byte-compiling /home/rss/robot_harry/robotik/install/object_detection/lib/python3.10/site-packages/object_detection/__init__.py to __init__.cpython-310.pyc
running install_data
copying resource/object_detection -> /home/rss/robot_harry/robotik/install/object_detection/share/ament_index/resource_index/packages
copying package.xml -> /home/rss/robot_harry/robotik/install/object_detection/share/object_detection
running install_egg_info
Copying ../../build/object_detection/object_detection.egg-info to /home/rss/robot_harry/robotik/install/object_detection/lib/python3.10/site-packages/object_detection-0.0.0-py3.10.egg-info
running install_scripts
Installing yolo_to_ros script to /home/rss/robot_harry/robotik/install/object_detection/lib/object_detection
writing list of installed files to '/home/rss/robot_harry/robotik/build/object_detection/install.log'
