[0.897s] Invoking command in '/home/rss/robot_harry/robotik/build/object_detection': PYTHONPATH=/home/rss/robot_harry/robotik/build/object_detection/prefix_override:/usr/lib/python3/dist-packages/colcon_core/task/python/colcon_distutils_commands:/home/rss/robot_harry/robotik/install/object_detection/lib/python3.10/site-packages:${PYTHONPATH} /usr/bin/python3 -W ignore:setup.py install is deprecated -W ignore:easy_install command is deprecated setup.py develop --uninstall --editable --build-directory /home/rss/robot_harry/robotik/build/object_detection/build
[1.152s] running develop
[1.373s] Removing /home/rss/robot_harry/robotik/install/object_detection/lib/python3.10/site-packages/object-detection.egg-link (link to .)
[1.648s] Invoked command in '/home/rss/robot_harry/robotik/build/object_detection' returned '0': PYTHONPATH=/home/rss/robot_harry/robotik/build/object_detection/prefix_override:/usr/lib/python3/dist-packages/colcon_core/task/python/colcon_distutils_commands:/home/rss/robot_harry/robotik/install/object_detection/lib/python3.10/site-packages:${PYTHONPATH} /usr/bin/python3 -W ignore:setup.py install is deprecated -W ignore:easy_install command is deprecated setup.py develop --uninstall --editable --build-directory /home/rss/robot_harry/robotik/build/object_detection/build
[1.649s] Invoking command in '/home/rss/robot_harry/robotik/src/object_detection': PYTHONPATH=/home/rss/robot_harry/robotik/build/object_detection/prefix_override:/usr/lib/python3/dist-packages/colcon_core/task/python/colcon_distutils_commands:/home/rss/robot_harry/robotik/install/object_detection/lib/python3.10/site-packages:${PYTHONPATH} /usr/bin/python3 -W ignore:setup.py install is deprecated -W ignore:easy_install command is deprecated setup.py egg_info --egg-base ../../build/object_detection build --build-base /home/rss/robot_harry/robotik/build/object_detection/build install --record /home/rss/robot_harry/robotik/build/object_detection/install.log --single-version-externally-managed install_data --force
[1.924s] running egg_info
[1.924s] writing ../../build/object_detection/object_detection.egg-info/PKG-INFO
[1.925s] writing dependency_links to ../../build/object_detection/object_detection.egg-info/dependency_links.txt
[1.925s] writing entry points to ../../build/object_detection/object_detection.egg-info/entry_points.txt
[1.925s] writing requirements to ../../build/object_detection/object_detection.egg-info/requires.txt
[1.925s] writing top-level names to ../../build/object_detection/object_detection.egg-info/top_level.txt
[1.926s] reading manifest file '../../build/object_detection/object_detection.egg-info/SOURCES.txt'
[1.926s] writing manifest file '../../build/object_detection/object_detection.egg-info/SOURCES.txt'
[1.927s] running build
[1.927s] running build_py
[1.927s] creating /home/rss/robot_harry/robotik/build/object_detection/build
[1.927s] creating /home/rss/robot_harry/robotik/build/object_detection/build/lib
[1.927s] creating /home/rss/robot_harry/robotik/build/object_detection/build/lib/object_detection
[1.927s] copying object_detection/yolo_detection.py -> /home/rss/robot_harry/robotik/build/object_detection/build/lib/object_detection
[1.927s] copying object_detection/__init__.py -> /home/rss/robot_harry/robotik/build/object_detection/build/lib/object_detection
[1.927s] running install
[1.927s] running install_lib
[1.928s] creating /home/rss/robot_harry/robotik/install/object_detection/lib/python3.10/site-packages/object_detection
[1.928s] copying /home/rss/robot_harry/robotik/build/object_detection/build/lib/object_detection/yolo_detection.py -> /home/rss/robot_harry/robotik/install/object_detection/lib/python3.10/site-packages/object_detection
[1.928s] copying /home/rss/robot_harry/robotik/build/object_detection/build/lib/object_detection/__init__.py -> /home/rss/robot_harry/robotik/install/object_detection/lib/python3.10/site-packages/object_detection
[1.929s] byte-compiling /home/rss/robot_harry/robotik/install/object_detection/lib/python3.10/site-packages/object_detection/yolo_detection.py to yolo_detection.cpython-310.pyc
[1.929s] byte-compiling /home/rss/robot_harry/robotik/install/object_detection/lib/python3.10/site-packages/object_detection/__init__.py to __init__.cpython-310.pyc
[1.929s] running install_data
[1.929s] copying resource/object_detection -> /home/rss/robot_harry/robotik/install/object_detection/share/ament_index/resource_index/packages
[1.929s] copying package.xml -> /home/rss/robot_harry/robotik/install/object_detection/share/object_detection
[1.929s] running install_egg_info
[1.931s] Copying ../../build/object_detection/object_detection.egg-info to /home/rss/robot_harry/robotik/install/object_detection/lib/python3.10/site-packages/object_detection-0.0.0-py3.10.egg-info
[1.931s] running install_scripts
[1.946s] Installing yolo_to_ros script to /home/rss/robot_harry/robotik/install/object_detection/lib/object_detection
[1.947s] writing list of installed files to '/home/rss/robot_harry/robotik/build/object_detection/install.log'
[2.104s] Invoked command in '/home/rss/robot_harry/robotik/src/object_detection' returned '0': PYTHONPATH=/home/rss/robot_harry/robotik/build/object_detection/prefix_override:/usr/lib/python3/dist-packages/colcon_core/task/python/colcon_distutils_commands:/home/rss/robot_harry/robotik/install/object_detection/lib/python3.10/site-packages:${PYTHONPATH} /usr/bin/python3 -W ignore:setup.py install is deprecated -W ignore:easy_install command is deprecated setup.py egg_info --egg-base ../../build/object_detection build --build-base /home/rss/robot_harry/robotik/build/object_detection/build install --record /home/rss/robot_harry/robotik/build/object_detection/install.log --single-version-externally-managed install_data --force
