[0.023s] Invoking command in '/home/rss/robot_harry/robotik/build/apriltag_msgs': CMAKE_PREFIX_PATH=${CMAKE_PREFIX_PATH}:/home/rss/robot_harry/robotik/install/webcam_bringup:/home/rss/robot_harry/robotik/install/teleop:/home/rss/robot_harry/robotik/install/robot_bringup:/home/rss/robot_harry/robotik/install/realsense2_ros_mqtt_bridge:/home/rss/robot_harry/robotik/install/pub_sub:/home/rss/robot_harry/robotik/install/object_detection:/home/rss/robot_harry/robotik/install/my_robot_navigation:/home/rss/robot_harry/robotik/install/create3_teleop:/home/rss/robot_harry/robotik/install/create3_examples_py:/opt/ros/humble /usr/bin/cmake /home/rss/robot_harry/robotik/src/apriltag_msgs -DCMAKE_INSTALL_PREFIX=/home/rss/robot_harry/robotik/install/apriltag_msgs
[0.647s] -- The C compiler identification is GNU 11.4.0
[0.647s] -- The CXX compiler identification is GNU 11.4.0
[0.647s] -- Detecting C compiler ABI info
[0.648s] -- Detecting C compiler ABI info - done
[0.648s] -- Check for working C compiler: /usr/bin/cc - skipped
[0.648s] -- Detecting C compile features
[0.648s] -- Detecting C compile features - done
[0.648s] -- Detecting CXX compiler ABI info
[0.648s] -- Detecting CXX compiler ABI info - done
[0.648s] -- Check for working CXX compiler: /usr/bin/c++ - skipped
[0.648s] -- Detecting CXX compile features
[0.648s] -- Detecting CXX compile features - done
[0.648s] -- Found ament_cmake: 1.3.12 (/opt/ros/humble/share/ament_cmake/cmake)
[0.648s] -- Found Python3: /usr/bin/python3 (found version "3.10.12") found components: Interpreter 
[0.649s] -- Found rosidl_default_generators: 1.2.0 (/opt/ros/humble/share/rosidl_default_generators/cmake)
[0.649s] -- Using all available rosidl_typesupport_c: rosidl_typesupport_fastrtps_c;rosidl_typesupport_introspection_c
[0.649s] -- Found rosidl_adapter: 3.1.8 (/opt/ros/humble/share/rosidl_adapter/cmake)
[0.649s] -- Using all available rosidl_typesupport_cpp: rosidl_typesupport_fastrtps_cpp;rosidl_typesupport_introspection_cpp
[0.649s] -- Found std_msgs: 4.9.0 (/opt/ros/humble/share/std_msgs/cmake)
[0.789s] -- Found ament_cmake_ros: 0.10.0 (/opt/ros/humble/share/ament_cmake_ros/cmake)
[1.050s] -- Using all available rosidl_typesupport_c: rosidl_typesupport_fastrtps_c;rosidl_typesupport_introspection_c
[1.652s] -- Using all available rosidl_typesupport_cpp: rosidl_typesupport_fastrtps_cpp;rosidl_typesupport_introspection_cpp
[1.722s] -- Found PythonInterp: /usr/bin/python3 (found suitable version "3.10.12", minimum required is "3.6") 
[1.722s] -- Found python_cmake_module: 0.10.0 (/opt/ros/humble/share/python_cmake_module/cmake)
[1.785s] -- Found PythonLibs: /usr/lib/x86_64-linux-gnu/libpython3.10.so (found suitable version "3.10.12", minimum required is "3.5") 
[1.785s] -- Using PYTHON_EXECUTABLE: /usr/bin/python3
[1.785s] -- Using PYTHON_INCLUDE_DIRS: /usr/include/python3.10
[1.785s] -- Using PYTHON_LIBRARIES: /usr/lib/x86_64-linux-gnu/libpython3.10.so
[1.836s] -- Found PythonExtra: .so  
[1.980s] -- Found ament_lint_auto: 0.12.14 (/opt/ros/humble/share/ament_lint_auto/cmake)
[2.027s] -- Added test 'lint_cmake' to check CMake code style
[2.037s] -- Added test 'xmllint' to check XML markup files
[2.044s] -- Configuring done
[2.124s] -- Generating done
[2.151s] -- Build files have been written to: /home/rss/robot_harry/robotik/build/apriltag_msgs
[2.248s] Invoked command in '/home/rss/robot_harry/robotik/build/apriltag_msgs' returned '0': CMAKE_PREFIX_PATH=${CMAKE_PREFIX_PATH}:/home/rss/robot_harry/robotik/install/webcam_bringup:/home/rss/robot_harry/robotik/install/teleop:/home/rss/robot_harry/robotik/install/robot_bringup:/home/rss/robot_harry/robotik/install/realsense2_ros_mqtt_bridge:/home/rss/robot_harry/robotik/install/pub_sub:/home/rss/robot_harry/robotik/install/object_detection:/home/rss/robot_harry/robotik/install/my_robot_navigation:/home/rss/robot_harry/robotik/install/create3_teleop:/home/rss/robot_harry/robotik/install/create3_examples_py:/opt/ros/humble /usr/bin/cmake /home/rss/robot_harry/robotik/src/apriltag_msgs -DCMAKE_INSTALL_PREFIX=/home/rss/robot_harry/robotik/install/apriltag_msgs
[2.248s] Invoking command in '/home/rss/robot_harry/robotik/build/apriltag_msgs': CMAKE_PREFIX_PATH=${CMAKE_PREFIX_PATH}:/home/rss/robot_harry/robotik/install/webcam_bringup:/home/rss/robot_harry/robotik/install/teleop:/home/rss/robot_harry/robotik/install/robot_bringup:/home/rss/robot_harry/robotik/install/realsense2_ros_mqtt_bridge:/home/rss/robot_harry/robotik/install/pub_sub:/home/rss/robot_harry/robotik/install/object_detection:/home/rss/robot_harry/robotik/install/my_robot_navigation:/home/rss/robot_harry/robotik/install/create3_teleop:/home/rss/robot_harry/robotik/install/create3_examples_py:/opt/ros/humble /usr/bin/cmake --build /home/rss/robot_harry/robotik/build/apriltag_msgs -- -j8 -l8
[2.364s] [  2%] [34m[1mGenerating C code for ROS interfaces[0m
[2.373s] [  4%] [34m[1mGenerating C++ code for ROS interfaces[0m
[2.417s] [  4%] Built target ament_cmake_python_copy_apriltag_msgs
[3.000s] running egg_info
[3.004s] creating apriltag_msgs.egg-info
[3.005s] writing apriltag_msgs.egg-info/PKG-INFO
[3.008s] writing dependency_links to apriltag_msgs.egg-info/dependency_links.txt
[3.009s] writing top-level names to apriltag_msgs.egg-info/top_level.txt
[3.013s] writing manifest file 'apriltag_msgs.egg-info/SOURCES.txt'
[3.015s] reading manifest file 'apriltag_msgs.egg-info/SOURCES.txt'
[3.016s] writing manifest file 'apriltag_msgs.egg-info/SOURCES.txt'
[3.090s] [  4%] Built target ament_cmake_python_build_apriltag_msgs_egg
[3.660s] [  6%] [32mBuilding C object CMakeFiles/apriltag_msgs__rosidl_generator_c.dir/rosidl_generator_c/apriltag_msgs/msg/detail/point__functions.c.o[0m
[3.680s] [  8%] [32mBuilding C object CMakeFiles/apriltag_msgs__rosidl_generator_c.dir/rosidl_generator_c/apriltag_msgs/msg/detail/april_tag_detection__functions.c.o[0m
[3.683s] [ 10%] [32mBuilding C object CMakeFiles/apriltag_msgs__rosidl_generator_c.dir/rosidl_generator_c/apriltag_msgs/msg/detail/april_tag_detection_array__functions.c.o[0m
[3.704s] [ 10%] Built target apriltag_msgs__cpp
[3.728s] [ 14%] [34m[1mGenerating C++ type support for eProsima Fast-RTPS[0m
[3.732s] [ 14%] [34m[1mGenerating C++ type support dispatch for ROS interfaces[0m
[3.742s] [ 17%] [34m[1mGenerating C++ introspection for ROS interfaces[0m
[3.824s] [ 19%] [32m[1mLinking C shared library libapriltag_msgs__rosidl_generator_c.so[0m
[3.917s] [ 19%] Built target apriltag_msgs__rosidl_generator_c
[3.935s] [ 21%] [34m[1mGenerating C type support for eProsima Fast-RTPS[0m
[3.939s] [ 23%] [34m[1mGenerating C introspection for ROS interfaces[0m
[3.964s] [ 25%] [34m[1mGenerating C type support dispatch for ROS interfaces[0m
[4.743s] [ 27%] [32mBuilding CXX object CMakeFiles/apriltag_msgs__rosidl_typesupport_cpp.dir/rosidl_typesupport_cpp/apriltag_msgs/msg/april_tag_detection__type_support.cpp.o[0m
[4.743s] [ 29%] [32mBuilding CXX object CMakeFiles/apriltag_msgs__rosidl_typesupport_cpp.dir/rosidl_typesupport_cpp/apriltag_msgs/msg/point__type_support.cpp.o[0m
[4.749s] [ 31%] [32mBuilding CXX object CMakeFiles/apriltag_msgs__rosidl_typesupport_cpp.dir/rosidl_typesupport_cpp/apriltag_msgs/msg/april_tag_detection_array__type_support.cpp.o[0m
[5.148s] [ 34%] [32mBuilding CXX object CMakeFiles/apriltag_msgs__rosidl_typesupport_introspection_cpp.dir/rosidl_typesupport_introspection_cpp/apriltag_msgs/msg/detail/point__type_support.cpp.o[0m
[5.216s] [ 36%] [32mBuilding CXX object CMakeFiles/apriltag_msgs__rosidl_typesupport_fastrtps_cpp.dir/rosidl_typesupport_fastrtps_cpp/apriltag_msgs/msg/detail/dds_fastrtps/point__type_support.cpp.o[0m
[5.470s] [ 38%] [32mBuilding CXX object CMakeFiles/apriltag_msgs__rosidl_typesupport_c.dir/rosidl_typesupport_c/apriltag_msgs/msg/point__type_support.cpp.o[0m
[5.502s] [ 40%] [32mBuilding CXX object CMakeFiles/apriltag_msgs__rosidl_typesupport_c.dir/rosidl_typesupport_c/apriltag_msgs/msg/april_tag_detection__type_support.cpp.o[0m
[5.555s] [ 42%] [32mBuilding CXX object CMakeFiles/apriltag_msgs__rosidl_typesupport_fastrtps_cpp.dir/rosidl_typesupport_fastrtps_cpp/apriltag_msgs/msg/detail/dds_fastrtps/april_tag_detection__type_support.cpp.o[0m
[5.574s] [ 44%] [32mBuilding CXX object CMakeFiles/apriltag_msgs__rosidl_typesupport_c.dir/rosidl_typesupport_c/apriltag_msgs/msg/april_tag_detection_array__type_support.cpp.o[0m
[5.602s] [ 46%] [32mBuilding CXX object CMakeFiles/apriltag_msgs__rosidl_typesupport_fastrtps_c.dir/rosidl_typesupport_fastrtps_c/apriltag_msgs/msg/detail/point__type_support_c.cpp.o[0m
[5.719s] [ 48%] [32m[1mLinking CXX shared library libapriltag_msgs__rosidl_typesupport_c.so[0m
[5.730s] [ 51%] [32mBuilding C object CMakeFiles/apriltag_msgs__rosidl_typesupport_introspection_c.dir/rosidl_typesupport_introspection_c/apriltag_msgs/msg/detail/point__type_support.c.o[0m
[5.828s] [ 53%] [32mBuilding C object CMakeFiles/apriltag_msgs__rosidl_typesupport_introspection_c.dir/rosidl_typesupport_introspection_c/apriltag_msgs/msg/detail/april_tag_detection__type_support.c.o[0m
[5.850s] [ 55%] [32mBuilding CXX object CMakeFiles/apriltag_msgs__rosidl_typesupport_fastrtps_cpp.dir/rosidl_typesupport_fastrtps_cpp/apriltag_msgs/msg/detail/dds_fastrtps/april_tag_detection_array__type_support.cpp.o[0m
[5.888s] [ 55%] Built target apriltag_msgs__rosidl_typesupport_c
[5.913s] [ 57%] [32mBuilding C object CMakeFiles/apriltag_msgs__rosidl_typesupport_introspection_c.dir/rosidl_typesupport_introspection_c/apriltag_msgs/msg/detail/april_tag_detection_array__type_support.c.o[0m
[5.918s] [ 59%] [32m[1mLinking CXX shared library libapriltag_msgs__rosidl_typesupport_cpp.so[0m
[5.928s] [ 61%] [32mBuilding CXX object CMakeFiles/apriltag_msgs__rosidl_typesupport_introspection_cpp.dir/rosidl_typesupport_introspection_cpp/apriltag_msgs/msg/detail/april_tag_detection__type_support.cpp.o[0m
[6.018s] [ 63%] [32m[1mLinking C shared library libapriltag_msgs__rosidl_typesupport_introspection_c.so[0m
[6.064s] [ 63%] Built target apriltag_msgs__rosidl_typesupport_cpp
[6.094s] [ 65%] [32mBuilding CXX object CMakeFiles/apriltag_msgs__rosidl_typesupport_introspection_cpp.dir/rosidl_typesupport_introspection_cpp/apriltag_msgs/msg/detail/april_tag_detection_array__type_support.cpp.o[0m
[6.122s] [ 65%] Built target apriltag_msgs__rosidl_typesupport_introspection_c
[6.166s] [ 68%] [32mBuilding CXX object CMakeFiles/apriltag_msgs__rosidl_typesupport_fastrtps_c.dir/rosidl_typesupport_fastrtps_c/apriltag_msgs/msg/detail/april_tag_detection__type_support_c.cpp.o[0m
[6.585s] [ 70%] [32mBuilding CXX object CMakeFiles/apriltag_msgs__rosidl_typesupport_fastrtps_c.dir/rosidl_typesupport_fastrtps_c/apriltag_msgs/msg/detail/april_tag_detection_array__type_support_c.cpp.o[0m
[7.272s] [ 72%] [32m[1mLinking CXX shared library libapriltag_msgs__rosidl_typesupport_fastrtps_cpp.so[0m
[7.281s] [ 74%] [32m[1mLinking CXX shared library libapriltag_msgs__rosidl_typesupport_introspection_cpp.so[0m
[7.491s] [ 74%] Built target apriltag_msgs__rosidl_typesupport_fastrtps_cpp
[7.525s] [ 74%] Built target apriltag_msgs__rosidl_typesupport_introspection_cpp
[7.563s] [ 76%] [32m[1mLinking CXX shared library libapriltag_msgs__rosidl_typesupport_fastrtps_c.so[0m
[7.670s] [ 76%] Built target apriltag_msgs__rosidl_typesupport_fastrtps_c
[7.716s] [ 76%] Built target apriltag_msgs
[7.760s] [ 78%] [34m[1mGenerating Python code for ROS interfaces[0m
[9.254s] [ 78%] Built target apriltag_msgs__py
[9.296s] [ 80%] [32mBuilding C object CMakeFiles/apriltag_msgs__rosidl_generator_py.dir/rosidl_generator_py/apriltag_msgs/msg/_point_s.c.o[0m
[9.298s] [ 82%] [32mBuilding C object CMakeFiles/apriltag_msgs__rosidl_generator_py.dir/rosidl_generator_py/apriltag_msgs/msg/_april_tag_detection_s.c.o[0m
[9.303s] [ 85%] [32mBuilding C object CMakeFiles/apriltag_msgs__rosidl_generator_py.dir/rosidl_generator_py/apriltag_msgs/msg/_april_tag_detection_array_s.c.o[0m
[9.552s] [ 87%] [32m[1mLinking C shared library rosidl_generator_py/apriltag_msgs/libapriltag_msgs__rosidl_generator_py.so[0m
[9.646s] [ 87%] Built target apriltag_msgs__rosidl_generator_py
[9.699s] [ 89%] [32mBuilding C object CMakeFiles/apriltag_msgs__rosidl_typesupport_introspection_c__pyext.dir/rosidl_generator_py/apriltag_msgs/_apriltag_msgs_s.ep.rosidl_typesupport_introspection_c.c.o[0m
[9.706s] [ 91%] [32mBuilding C object CMakeFiles/apriltag_msgs__rosidl_typesupport_c__pyext.dir/rosidl_generator_py/apriltag_msgs/_apriltag_msgs_s.ep.rosidl_typesupport_c.c.o[0m
[9.709s] [ 93%] [32mBuilding C object CMakeFiles/apriltag_msgs__rosidl_typesupport_fastrtps_c__pyext.dir/rosidl_generator_py/apriltag_msgs/_apriltag_msgs_s.ep.rosidl_typesupport_fastrtps_c.c.o[0m
[9.866s] [ 95%] [32m[1mLinking C shared library rosidl_generator_py/apriltag_msgs/apriltag_msgs_s__rosidl_typesupport_introspection_c.cpython-310-x86_64-linux-gnu.so[0m
[9.888s] [ 97%] [32m[1mLinking C shared library rosidl_generator_py/apriltag_msgs/apriltag_msgs_s__rosidl_typesupport_fastrtps_c.cpython-310-x86_64-linux-gnu.so[0m
[9.920s] [ 97%] Built target apriltag_msgs__rosidl_typesupport_introspection_c__pyext
[9.949s] [ 97%] Built target apriltag_msgs__rosidl_typesupport_fastrtps_c__pyext
[9.960s] [100%] [32m[1mLinking C shared library rosidl_generator_py/apriltag_msgs/apriltag_msgs_s__rosidl_typesupport_c.cpython-310-x86_64-linux-gnu.so[0m
[10.003s] [100%] Built target apriltag_msgs__rosidl_typesupport_c__pyext
[10.027s] Invoked command in '/home/rss/robot_harry/robotik/build/apriltag_msgs' returned '0': CMAKE_PREFIX_PATH=${CMAKE_PREFIX_PATH}:/home/rss/robot_harry/robotik/install/webcam_bringup:/home/rss/robot_harry/robotik/install/teleop:/home/rss/robot_harry/robotik/install/robot_bringup:/home/rss/robot_harry/robotik/install/realsense2_ros_mqtt_bridge:/home/rss/robot_harry/robotik/install/pub_sub:/home/rss/robot_harry/robotik/install/object_detection:/home/rss/robot_harry/robotik/install/my_robot_navigation:/home/rss/robot_harry/robotik/install/create3_teleop:/home/rss/robot_harry/robotik/install/create3_examples_py:/opt/ros/humble /usr/bin/cmake --build /home/rss/robot_harry/robotik/build/apriltag_msgs -- -j8 -l8
[10.028s] Invoking command in '/home/rss/robot_harry/robotik/build/apriltag_msgs': CMAKE_PREFIX_PATH=${CMAKE_PREFIX_PATH}:/home/rss/robot_harry/robotik/install/webcam_bringup:/home/rss/robot_harry/robotik/install/teleop:/home/rss/robot_harry/robotik/install/robot_bringup:/home/rss/robot_harry/robotik/install/realsense2_ros_mqtt_bridge:/home/rss/robot_harry/robotik/install/pub_sub:/home/rss/robot_harry/robotik/install/object_detection:/home/rss/robot_harry/robotik/install/my_robot_navigation:/home/rss/robot_harry/robotik/install/create3_teleop:/home/rss/robot_harry/robotik/install/create3_examples_py:/opt/ros/humble /usr/bin/cmake --install /home/rss/robot_harry/robotik/build/apriltag_msgs
[10.037s] -- Install configuration: ""
[10.037s] -- Installing: /home/rss/robot_harry/robotik/install/apriltag_msgs/share/ament_index/resource_index/rosidl_interfaces/apriltag_msgs
[10.037s] -- Installing: /home/rss/robot_harry/robotik/install/apriltag_msgs/include/apriltag_msgs/apriltag_msgs
[10.037s] -- Installing: /home/rss/robot_harry/robotik/install/apriltag_msgs/include/apriltag_msgs/apriltag_msgs/msg
[10.037s] -- Installing: /home/rss/robot_harry/robotik/install/apriltag_msgs/include/apriltag_msgs/apriltag_msgs/msg/april_tag_detection_array.h
[10.038s] -- Installing: /home/rss/robot_harry/robotik/install/apriltag_msgs/include/apriltag_msgs/apriltag_msgs/msg/april_tag_detection.h
[10.038s] -- Installing: /home/rss/robot_harry/robotik/install/apriltag_msgs/include/apriltag_msgs/apriltag_msgs/msg/point.h
[10.038s] -- Installing: /home/rss/robot_harry/robotik/install/apriltag_msgs/include/apriltag_msgs/apriltag_msgs/msg/detail
[10.038s] -- Installing: /home/rss/robot_harry/robotik/install/apriltag_msgs/include/apriltag_msgs/apriltag_msgs/msg/detail/point__type_support.h
[10.038s] -- Installing: /home/rss/robot_harry/robotik/install/apriltag_msgs/include/apriltag_msgs/apriltag_msgs/msg/detail/april_tag_detection_array__type_support.h
[10.038s] -- Installing: /home/rss/robot_harry/robotik/install/apriltag_msgs/include/apriltag_msgs/apriltag_msgs/msg/detail/april_tag_detection__type_support.h
[10.038s] -- Installing: /home/rss/robot_harry/robotik/install/apriltag_msgs/include/apriltag_msgs/apriltag_msgs/msg/detail/april_tag_detection_array__functions.c
[10.038s] -- Installing: /home/rss/robot_harry/robotik/install/apriltag_msgs/include/apriltag_msgs/apriltag_msgs/msg/detail/april_tag_detection_array__struct.h
[10.038s] -- Installing: /home/rss/robot_harry/robotik/install/apriltag_msgs/include/apriltag_msgs/apriltag_msgs/msg/detail/april_tag_detection__struct.h
[10.038s] -- Installing: /home/rss/robot_harry/robotik/install/apriltag_msgs/include/apriltag_msgs/apriltag_msgs/msg/detail/point__functions.h
[10.038s] -- Installing: /home/rss/robot_harry/robotik/install/apriltag_msgs/include/apriltag_msgs/apriltag_msgs/msg/detail/april_tag_detection__functions.c
[10.038s] -- Installing: /home/rss/robot_harry/robotik/install/apriltag_msgs/include/apriltag_msgs/apriltag_msgs/msg/detail/april_tag_detection_array__functions.h
[10.039s] -- Installing: /home/rss/robot_harry/robotik/install/apriltag_msgs/include/apriltag_msgs/apriltag_msgs/msg/detail/point__struct.h
[10.039s] -- Installing: /home/rss/robot_harry/robotik/install/apriltag_msgs/include/apriltag_msgs/apriltag_msgs/msg/detail/april_tag_detection__functions.h
[10.039s] -- Installing: /home/rss/robot_harry/robotik/install/apriltag_msgs/include/apriltag_msgs/apriltag_msgs/msg/detail/point__functions.c
[10.039s] -- Installing: /home/rss/robot_harry/robotik/install/apriltag_msgs/include/apriltag_msgs/apriltag_msgs/msg/rosidl_generator_c__visibility_control.h
[10.039s] -- Installing: /home/rss/robot_harry/robotik/install/apriltag_msgs/share/apriltag_msgs/environment/library_path.sh
[10.039s] -- Installing: /home/rss/robot_harry/robotik/install/apriltag_msgs/share/apriltag_msgs/environment/library_path.dsv
[10.039s] -- Installing: /home/rss/robot_harry/robotik/install/apriltag_msgs/lib/libapriltag_msgs__rosidl_generator_c.so
[10.040s] -- Set runtime path of "/home/rss/robot_harry/robotik/install/apriltag_msgs/lib/libapriltag_msgs__rosidl_generator_c.so" to ""
[10.040s] -- Up-to-date: /home/rss/robot_harry/robotik/install/apriltag_msgs/include/apriltag_msgs/apriltag_msgs
[10.041s] -- Up-to-date: /home/rss/robot_harry/robotik/install/apriltag_msgs/include/apriltag_msgs/apriltag_msgs/msg
[10.041s] -- Installing: /home/rss/robot_harry/robotik/install/apriltag_msgs/include/apriltag_msgs/apriltag_msgs/msg/rosidl_typesupport_fastrtps_c__visibility_control.h
[10.041s] -- Up-to-date: /home/rss/robot_harry/robotik/install/apriltag_msgs/include/apriltag_msgs/apriltag_msgs/msg/detail
[10.041s] -- Installing: /home/rss/robot_harry/robotik/install/apriltag_msgs/include/apriltag_msgs/apriltag_msgs/msg/detail/april_tag_detection__rosidl_typesupport_fastrtps_c.h
[10.041s] -- Installing: /home/rss/robot_harry/robotik/install/apriltag_msgs/include/apriltag_msgs/apriltag_msgs/msg/detail/april_tag_detection_array__rosidl_typesupport_fastrtps_c.h
[10.041s] -- Installing: /home/rss/robot_harry/robotik/install/apriltag_msgs/include/apriltag_msgs/apriltag_msgs/msg/detail/point__rosidl_typesupport_fastrtps_c.h
[10.041s] -- Installing: /home/rss/robot_harry/robotik/install/apriltag_msgs/lib/libapriltag_msgs__rosidl_typesupport_fastrtps_c.so
[10.042s] -- Set runtime path of "/home/rss/robot_harry/robotik/install/apriltag_msgs/lib/libapriltag_msgs__rosidl_typesupport_fastrtps_c.so" to ""
[10.042s] -- Up-to-date: /home/rss/robot_harry/robotik/install/apriltag_msgs/include/apriltag_msgs/apriltag_msgs
[10.042s] -- Up-to-date: /home/rss/robot_harry/robotik/install/apriltag_msgs/include/apriltag_msgs/apriltag_msgs/msg
[10.043s] -- Installing: /home/rss/robot_harry/robotik/install/apriltag_msgs/include/apriltag_msgs/apriltag_msgs/msg/rosidl_typesupport_introspection_c__visibility_control.h
[10.043s] -- Up-to-date: /home/rss/robot_harry/robotik/install/apriltag_msgs/include/apriltag_msgs/apriltag_msgs/msg/detail
[10.043s] -- Installing: /home/rss/robot_harry/robotik/install/apriltag_msgs/include/apriltag_msgs/apriltag_msgs/msg/detail/point__type_support.c
[10.043s] -- Installing: /home/rss/robot_harry/robotik/install/apriltag_msgs/include/apriltag_msgs/apriltag_msgs/msg/detail/april_tag_detection_array__type_support.c
[10.043s] -- Installing: /home/rss/robot_harry/robotik/install/apriltag_msgs/include/apriltag_msgs/apriltag_msgs/msg/detail/april_tag_detection__type_support.c
[10.043s] -- Installing: /home/rss/robot_harry/robotik/install/apriltag_msgs/include/apriltag_msgs/apriltag_msgs/msg/detail/april_tag_detection_array__rosidl_typesupport_introspection_c.h
[10.043s] -- Installing: /home/rss/robot_harry/robotik/install/apriltag_msgs/include/apriltag_msgs/apriltag_msgs/msg/detail/april_tag_detection__rosidl_typesupport_introspection_c.h
[10.043s] -- Installing: /home/rss/robot_harry/robotik/install/apriltag_msgs/include/apriltag_msgs/apriltag_msgs/msg/detail/point__rosidl_typesupport_introspection_c.h
[10.043s] -- Installing: /home/rss/robot_harry/robotik/install/apriltag_msgs/lib/libapriltag_msgs__rosidl_typesupport_introspection_c.so
[10.045s] -- Set runtime path of "/home/rss/robot_harry/robotik/install/apriltag_msgs/lib/libapriltag_msgs__rosidl_typesupport_introspection_c.so" to ""
[10.045s] -- Installing: /home/rss/robot_harry/robotik/install/apriltag_msgs/lib/libapriltag_msgs__rosidl_typesupport_c.so
[10.047s] -- Set runtime path of "/home/rss/robot_harry/robotik/install/apriltag_msgs/lib/libapriltag_msgs__rosidl_typesupport_c.so" to ""
[10.047s] -- Up-to-date: /home/rss/robot_harry/robotik/install/apriltag_msgs/include/apriltag_msgs/apriltag_msgs
[10.047s] -- Up-to-date: /home/rss/robot_harry/robotik/install/apriltag_msgs/include/apriltag_msgs/apriltag_msgs/msg
[10.047s] -- Installing: /home/rss/robot_harry/robotik/install/apriltag_msgs/include/apriltag_msgs/apriltag_msgs/msg/point.hpp
[10.047s] -- Installing: /home/rss/robot_harry/robotik/install/apriltag_msgs/include/apriltag_msgs/apriltag_msgs/msg/april_tag_detection.hpp
[10.047s] -- Up-to-date: /home/rss/robot_harry/robotik/install/apriltag_msgs/include/apriltag_msgs/apriltag_msgs/msg/detail
[10.047s] -- Installing: /home/rss/robot_harry/robotik/install/apriltag_msgs/include/apriltag_msgs/apriltag_msgs/msg/detail/april_tag_detection_array__type_support.hpp
[10.047s] -- Installing: /home/rss/robot_harry/robotik/install/apriltag_msgs/include/apriltag_msgs/apriltag_msgs/msg/detail/april_tag_detection__traits.hpp
[10.048s] -- Installing: /home/rss/robot_harry/robotik/install/apriltag_msgs/include/apriltag_msgs/apriltag_msgs/msg/detail/april_tag_detection__type_support.hpp
[10.048s] -- Installing: /home/rss/robot_harry/robotik/install/apriltag_msgs/include/apriltag_msgs/apriltag_msgs/msg/detail/april_tag_detection_array__struct.hpp
[10.048s] -- Installing: /home/rss/robot_harry/robotik/install/apriltag_msgs/include/apriltag_msgs/apriltag_msgs/msg/detail/point__traits.hpp
[10.048s] -- Installing: /home/rss/robot_harry/robotik/install/apriltag_msgs/include/apriltag_msgs/apriltag_msgs/msg/detail/april_tag_detection__builder.hpp
[10.048s] -- Installing: /home/rss/robot_harry/robotik/install/apriltag_msgs/include/apriltag_msgs/apriltag_msgs/msg/detail/point__struct.hpp
[10.048s] -- Installing: /home/rss/robot_harry/robotik/install/apriltag_msgs/include/apriltag_msgs/apriltag_msgs/msg/detail/point__type_support.hpp
[10.048s] -- Installing: /home/rss/robot_harry/robotik/install/apriltag_msgs/include/apriltag_msgs/apriltag_msgs/msg/detail/april_tag_detection_array__builder.hpp
[10.048s] -- Installing: /home/rss/robot_harry/robotik/install/apriltag_msgs/include/apriltag_msgs/apriltag_msgs/msg/detail/april_tag_detection__struct.hpp
[10.048s] -- Installing: /home/rss/robot_harry/robotik/install/apriltag_msgs/include/apriltag_msgs/apriltag_msgs/msg/detail/april_tag_detection_array__traits.hpp
[10.048s] -- Installing: /home/rss/robot_harry/robotik/install/apriltag_msgs/include/apriltag_msgs/apriltag_msgs/msg/detail/point__builder.hpp
[10.048s] -- Installing: /home/rss/robot_harry/robotik/install/apriltag_msgs/include/apriltag_msgs/apriltag_msgs/msg/rosidl_generator_cpp__visibility_control.hpp
[10.049s] -- Installing: /home/rss/robot_harry/robotik/install/apriltag_msgs/include/apriltag_msgs/apriltag_msgs/msg/april_tag_detection_array.hpp
[10.049s] -- Up-to-date: /home/rss/robot_harry/robotik/install/apriltag_msgs/include/apriltag_msgs/apriltag_msgs
[10.049s] -- Up-to-date: /home/rss/robot_harry/robotik/install/apriltag_msgs/include/apriltag_msgs/apriltag_msgs/msg
[10.049s] -- Installing: /home/rss/robot_harry/robotik/install/apriltag_msgs/include/apriltag_msgs/apriltag_msgs/msg/rosidl_typesupport_fastrtps_cpp__visibility_control.h
[10.049s] -- Up-to-date: /home/rss/robot_harry/robotik/install/apriltag_msgs/include/apriltag_msgs/apriltag_msgs/msg/detail
[10.049s] -- Installing: /home/rss/robot_harry/robotik/install/apriltag_msgs/include/apriltag_msgs/apriltag_msgs/msg/detail/dds_fastrtps
[10.049s] -- Installing: /home/rss/robot_harry/robotik/install/apriltag_msgs/include/apriltag_msgs/apriltag_msgs/msg/detail/april_tag_detection_array__rosidl_typesupport_fastrtps_cpp.hpp
[10.049s] -- Installing: /home/rss/robot_harry/robotik/install/apriltag_msgs/include/apriltag_msgs/apriltag_msgs/msg/detail/april_tag_detection__rosidl_typesupport_fastrtps_cpp.hpp
[10.049s] -- Installing: /home/rss/robot_harry/robotik/install/apriltag_msgs/include/apriltag_msgs/apriltag_msgs/msg/detail/point__rosidl_typesupport_fastrtps_cpp.hpp
[10.049s] -- Installing: /home/rss/robot_harry/robotik/install/apriltag_msgs/lib/libapriltag_msgs__rosidl_typesupport_fastrtps_cpp.so
[10.051s] -- Set runtime path of "/home/rss/robot_harry/robotik/install/apriltag_msgs/lib/libapriltag_msgs__rosidl_typesupport_fastrtps_cpp.so" to ""
[10.051s] -- Up-to-date: /home/rss/robot_harry/robotik/install/apriltag_msgs/include/apriltag_msgs/apriltag_msgs
[10.051s] -- Up-to-date: /home/rss/robot_harry/robotik/install/apriltag_msgs/include/apriltag_msgs/apriltag_msgs/msg
[10.051s] -- Up-to-date: /home/rss/robot_harry/robotik/install/apriltag_msgs/include/apriltag_msgs/apriltag_msgs/msg/detail
[10.051s] -- Installing: /home/rss/robot_harry/robotik/install/apriltag_msgs/include/apriltag_msgs/apriltag_msgs/msg/detail/april_tag_detection_array__type_support.cpp
[10.052s] -- Installing: /home/rss/robot_harry/robotik/install/apriltag_msgs/include/apriltag_msgs/apriltag_msgs/msg/detail/april_tag_detection__rosidl_typesupport_introspection_cpp.hpp
[10.052s] -- Installing: /home/rss/robot_harry/robotik/install/apriltag_msgs/include/apriltag_msgs/apriltag_msgs/msg/detail/point__rosidl_typesupport_introspection_cpp.hpp
[10.052s] -- Installing: /home/rss/robot_harry/robotik/install/apriltag_msgs/include/apriltag_msgs/apriltag_msgs/msg/detail/point__type_support.cpp
[10.052s] -- Installing: /home/rss/robot_harry/robotik/install/apriltag_msgs/include/apriltag_msgs/apriltag_msgs/msg/detail/april_tag_detection_array__rosidl_typesupport_introspection_cpp.hpp
[10.052s] -- Installing: /home/rss/robot_harry/robotik/install/apriltag_msgs/include/apriltag_msgs/apriltag_msgs/msg/detail/april_tag_detection__type_support.cpp
[10.052s] -- Installing: /home/rss/robot_harry/robotik/install/apriltag_msgs/lib/libapriltag_msgs__rosidl_typesupport_introspection_cpp.so
[10.054s] -- Set runtime path of "/home/rss/robot_harry/robotik/install/apriltag_msgs/lib/libapriltag_msgs__rosidl_typesupport_introspection_cpp.so" to ""
[10.054s] -- Installing: /home/rss/robot_harry/robotik/install/apriltag_msgs/lib/libapriltag_msgs__rosidl_typesupport_cpp.so
[10.056s] -- Set runtime path of "/home/rss/robot_harry/robotik/install/apriltag_msgs/lib/libapriltag_msgs__rosidl_typesupport_cpp.so" to ""
[10.056s] -- Installing: /home/rss/robot_harry/robotik/install/apriltag_msgs/share/apriltag_msgs/environment/pythonpath.sh
[10.056s] -- Installing: /home/rss/robot_harry/robotik/install/apriltag_msgs/share/apriltag_msgs/environment/pythonpath.dsv
[10.056s] -- Installing: /home/rss/robot_harry/robotik/install/apriltag_msgs/local/lib/python3.10/dist-packages/apriltag_msgs-2.0.1-py3.10.egg-info
[10.057s] -- Installing: /home/rss/robot_harry/robotik/install/apriltag_msgs/local/lib/python3.10/dist-packages/apriltag_msgs-2.0.1-py3.10.egg-info/dependency_links.txt
[10.058s] -- Installing: /home/rss/robot_harry/robotik/install/apriltag_msgs/local/lib/python3.10/dist-packages/apriltag_msgs-2.0.1-py3.10.egg-info/SOURCES.txt
[10.059s] -- Installing: /home/rss/robot_harry/robotik/install/apriltag_msgs/local/lib/python3.10/dist-packages/apriltag_msgs-2.0.1-py3.10.egg-info/PKG-INFO
[10.060s] -- Installing: /home/rss/robot_harry/robotik/install/apriltag_msgs/local/lib/python3.10/dist-packages/apriltag_msgs-2.0.1-py3.10.egg-info/top_level.txt
[10.061s] -- Installing: /home/rss/robot_harry/robotik/install/apriltag_msgs/local/lib/python3.10/dist-packages/apriltag_msgs
[10.062s] -- Installing: /home/rss/robot_harry/robotik/install/apriltag_msgs/local/lib/python3.10/dist-packages/apriltag_msgs/_apriltag_msgs_s.ep.rosidl_typesupport_introspection_c.c
[10.063s] -- Installing: /home/rss/robot_harry/robotik/install/apriltag_msgs/local/lib/python3.10/dist-packages/apriltag_msgs/__init__.py
[10.063s] -- Installing: /home/rss/robot_harry/robotik/install/apriltag_msgs/local/lib/python3.10/dist-packages/apriltag_msgs/_apriltag_msgs_s.ep.rosidl_typesupport_c.c
[10.064s] -- Installing: /home/rss/robot_harry/robotik/install/apriltag_msgs/local/lib/python3.10/dist-packages/apriltag_msgs/apriltag_msgs_s__rosidl_typesupport_c.cpython-310-x86_64-linux-gnu.so
[10.066s] -- Installing: /home/rss/robot_harry/robotik/install/apriltag_msgs/local/lib/python3.10/dist-packages/apriltag_msgs/libapriltag_msgs__rosidl_generator_py.so
[10.066s] -- Installing: /home/rss/robot_harry/robotik/install/apriltag_msgs/local/lib/python3.10/dist-packages/apriltag_msgs/apriltag_msgs_s__rosidl_typesupport_introspection_c.cpython-310-x86_64-linux-gnu.so
[10.068s] -- Installing: /home/rss/robot_harry/robotik/install/apriltag_msgs/local/lib/python3.10/dist-packages/apriltag_msgs/_apriltag_msgs_s.ep.rosidl_typesupport_fastrtps_c.c
[10.068s] -- Installing: /home/rss/robot_harry/robotik/install/apriltag_msgs/local/lib/python3.10/dist-packages/apriltag_msgs/msg
[10.068s] -- Installing: /home/rss/robot_harry/robotik/install/apriltag_msgs/local/lib/python3.10/dist-packages/apriltag_msgs/msg/_april_tag_detection_array_s.c
[10.070s] -- Installing: /home/rss/robot_harry/robotik/install/apriltag_msgs/local/lib/python3.10/dist-packages/apriltag_msgs/msg/_april_tag_detection_array.py
[10.070s] -- Installing: /home/rss/robot_harry/robotik/install/apriltag_msgs/local/lib/python3.10/dist-packages/apriltag_msgs/msg/__init__.py
[10.070s] -- Installing: /home/rss/robot_harry/robotik/install/apriltag_msgs/local/lib/python3.10/dist-packages/apriltag_msgs/msg/_april_tag_detection.py
[10.070s] -- Installing: /home/rss/robot_harry/robotik/install/apriltag_msgs/local/lib/python3.10/dist-packages/apriltag_msgs/msg/_point_s.c
[10.070s] -- Installing: /home/rss/robot_harry/robotik/install/apriltag_msgs/local/lib/python3.10/dist-packages/apriltag_msgs/msg/_point.py
[10.070s] -- Installing: /home/rss/robot_harry/robotik/install/apriltag_msgs/local/lib/python3.10/dist-packages/apriltag_msgs/msg/_april_tag_detection_s.c
[10.070s] -- Installing: /home/rss/robot_harry/robotik/install/apriltag_msgs/local/lib/python3.10/dist-packages/apriltag_msgs/apriltag_msgs_s__rosidl_typesupport_fastrtps_c.cpython-310-x86_64-linux-gnu.so
[10.118s] Listing '/home/rss/robot_harry/robotik/install/apriltag_msgs/local/lib/python3.10/dist-packages/apriltag_msgs'...
[10.119s] Compiling '/home/rss/robot_harry/robotik/install/apriltag_msgs/local/lib/python3.10/dist-packages/apriltag_msgs/__init__.py'...
[10.119s] Listing '/home/rss/robot_harry/robotik/install/apriltag_msgs/local/lib/python3.10/dist-packages/apriltag_msgs/msg'...
[10.119s] Compiling '/home/rss/robot_harry/robotik/install/apriltag_msgs/local/lib/python3.10/dist-packages/apriltag_msgs/msg/__init__.py'...
[10.119s] Compiling '/home/rss/robot_harry/robotik/install/apriltag_msgs/local/lib/python3.10/dist-packages/apriltag_msgs/msg/_april_tag_detection.py'...
[10.121s] Compiling '/home/rss/robot_harry/robotik/install/apriltag_msgs/local/lib/python3.10/dist-packages/apriltag_msgs/msg/_april_tag_detection_array.py'...
[10.121s] Compiling '/home/rss/robot_harry/robotik/install/apriltag_msgs/local/lib/python3.10/dist-packages/apriltag_msgs/msg/_point.py'...
[10.127s] -- Installing: /home/rss/robot_harry/robotik/install/apriltag_msgs/local/lib/python3.10/dist-packages/apriltag_msgs/apriltag_msgs_s__rosidl_typesupport_fastrtps_c.cpython-310-x86_64-linux-gnu.so
[10.127s] -- Set runtime path of "/home/rss/robot_harry/robotik/install/apriltag_msgs/local/lib/python3.10/dist-packages/apriltag_msgs/apriltag_msgs_s__rosidl_typesupport_fastrtps_c.cpython-310-x86_64-linux-gnu.so" to ""
[10.127s] -- Installing: /home/rss/robot_harry/robotik/install/apriltag_msgs/local/lib/python3.10/dist-packages/apriltag_msgs/apriltag_msgs_s__rosidl_typesupport_introspection_c.cpython-310-x86_64-linux-gnu.so
[10.127s] -- Set runtime path of "/home/rss/robot_harry/robotik/install/apriltag_msgs/local/lib/python3.10/dist-packages/apriltag_msgs/apriltag_msgs_s__rosidl_typesupport_introspection_c.cpython-310-x86_64-linux-gnu.so" to ""
[10.127s] -- Installing: /home/rss/robot_harry/robotik/install/apriltag_msgs/local/lib/python3.10/dist-packages/apriltag_msgs/apriltag_msgs_s__rosidl_typesupport_c.cpython-310-x86_64-linux-gnu.so
[10.128s] -- Set runtime path of "/home/rss/robot_harry/robotik/install/apriltag_msgs/local/lib/python3.10/dist-packages/apriltag_msgs/apriltag_msgs_s__rosidl_typesupport_c.cpython-310-x86_64-linux-gnu.so" to ""
[10.128s] -- Installing: /home/rss/robot_harry/robotik/install/apriltag_msgs/lib/libapriltag_msgs__rosidl_generator_py.so
[10.128s] -- Set runtime path of "/home/rss/robot_harry/robotik/install/apriltag_msgs/lib/libapriltag_msgs__rosidl_generator_py.so" to ""
[10.128s] -- Installing: /home/rss/robot_harry/robotik/install/apriltag_msgs/share/apriltag_msgs/msg/Point.idl
[10.128s] -- Installing: /home/rss/robot_harry/robotik/install/apriltag_msgs/share/apriltag_msgs/msg/AprilTagDetection.idl
[10.128s] -- Installing: /home/rss/robot_harry/robotik/install/apriltag_msgs/share/apriltag_msgs/msg/AprilTagDetectionArray.idl
[10.128s] -- Installing: /home/rss/robot_harry/robotik/install/apriltag_msgs/share/apriltag_msgs/msg/Point.msg
[10.128s] -- Installing: /home/rss/robot_harry/robotik/install/apriltag_msgs/share/apriltag_msgs/msg/AprilTagDetection.msg
[10.128s] -- Installing: /home/rss/robot_harry/robotik/install/apriltag_msgs/share/apriltag_msgs/msg/AprilTagDetectionArray.msg
[10.128s] -- Installing: /home/rss/robot_harry/robotik/install/apriltag_msgs/share/ament_index/resource_index/package_run_dependencies/apriltag_msgs
[10.128s] -- Installing: /home/rss/robot_harry/robotik/install/apriltag_msgs/share/ament_index/resource_index/parent_prefix_path/apriltag_msgs
[10.128s] -- Installing: /home/rss/robot_harry/robotik/install/apriltag_msgs/share/apriltag_msgs/environment/ament_prefix_path.sh
[10.128s] -- Installing: /home/rss/robot_harry/robotik/install/apriltag_msgs/share/apriltag_msgs/environment/ament_prefix_path.dsv
[10.128s] -- Installing: /home/rss/robot_harry/robotik/install/apriltag_msgs/share/apriltag_msgs/environment/path.sh
[10.129s] -- Installing: /home/rss/robot_harry/robotik/install/apriltag_msgs/share/apriltag_msgs/environment/path.dsv
[10.129s] -- Installing: /home/rss/robot_harry/robotik/install/apriltag_msgs/share/apriltag_msgs/local_setup.bash
[10.129s] -- Installing: /home/rss/robot_harry/robotik/install/apriltag_msgs/share/apriltag_msgs/local_setup.sh
[10.129s] -- Installing: /home/rss/robot_harry/robotik/install/apriltag_msgs/share/apriltag_msgs/local_setup.zsh
[10.130s] -- Installing: /home/rss/robot_harry/robotik/install/apriltag_msgs/share/apriltag_msgs/local_setup.dsv
[10.130s] -- Installing: /home/rss/robot_harry/robotik/install/apriltag_msgs/share/apriltag_msgs/package.dsv
[10.130s] -- Installing: /home/rss/robot_harry/robotik/install/apriltag_msgs/share/ament_index/resource_index/packages/apriltag_msgs
[10.131s] -- Installing: /home/rss/robot_harry/robotik/install/apriltag_msgs/share/apriltag_msgs/cmake/export_apriltag_msgs__rosidl_generator_cExport.cmake
[10.131s] -- Installing: /home/rss/robot_harry/robotik/install/apriltag_msgs/share/apriltag_msgs/cmake/export_apriltag_msgs__rosidl_generator_cExport-noconfig.cmake
[10.131s] -- Installing: /home/rss/robot_harry/robotik/install/apriltag_msgs/share/apriltag_msgs/cmake/export_apriltag_msgs__rosidl_typesupport_fastrtps_cExport.cmake
[10.131s] -- Installing: /home/rss/robot_harry/robotik/install/apriltag_msgs/share/apriltag_msgs/cmake/export_apriltag_msgs__rosidl_typesupport_fastrtps_cExport-noconfig.cmake
[10.132s] -- Installing: /home/rss/robot_harry/robotik/install/apriltag_msgs/share/apriltag_msgs/cmake/apriltag_msgs__rosidl_typesupport_introspection_cExport.cmake
[10.132s] -- Installing: /home/rss/robot_harry/robotik/install/apriltag_msgs/share/apriltag_msgs/cmake/apriltag_msgs__rosidl_typesupport_introspection_cExport-noconfig.cmake
[10.132s] -- Installing: /home/rss/robot_harry/robotik/install/apriltag_msgs/share/apriltag_msgs/cmake/apriltag_msgs__rosidl_typesupport_cExport.cmake
[10.132s] -- Installing: /home/rss/robot_harry/robotik/install/apriltag_msgs/share/apriltag_msgs/cmake/apriltag_msgs__rosidl_typesupport_cExport-noconfig.cmake
[10.133s] -- Installing: /home/rss/robot_harry/robotik/install/apriltag_msgs/share/apriltag_msgs/cmake/export_apriltag_msgs__rosidl_generator_cppExport.cmake
[10.133s] -- Installing: /home/rss/robot_harry/robotik/install/apriltag_msgs/share/apriltag_msgs/cmake/export_apriltag_msgs__rosidl_typesupport_fastrtps_cppExport.cmake
[10.134s] -- Installing: /home/rss/robot_harry/robotik/install/apriltag_msgs/share/apriltag_msgs/cmake/export_apriltag_msgs__rosidl_typesupport_fastrtps_cppExport-noconfig.cmake
[10.134s] -- Installing: /home/rss/robot_harry/robotik/install/apriltag_msgs/share/apriltag_msgs/cmake/apriltag_msgs__rosidl_typesupport_introspection_cppExport.cmake
[10.134s] -- Installing: /home/rss/robot_harry/robotik/install/apriltag_msgs/share/apriltag_msgs/cmake/apriltag_msgs__rosidl_typesupport_introspection_cppExport-noconfig.cmake
[10.134s] -- Installing: /home/rss/robot_harry/robotik/install/apriltag_msgs/share/apriltag_msgs/cmake/apriltag_msgs__rosidl_typesupport_cppExport.cmake
[10.134s] -- Installing: /home/rss/robot_harry/robotik/install/apriltag_msgs/share/apriltag_msgs/cmake/apriltag_msgs__rosidl_typesupport_cppExport-noconfig.cmake
[10.135s] -- Installing: /home/rss/robot_harry/robotik/install/apriltag_msgs/share/apriltag_msgs/cmake/export_apriltag_msgs__rosidl_generator_pyExport.cmake
[10.135s] -- Installing: /home/rss/robot_harry/robotik/install/apriltag_msgs/share/apriltag_msgs/cmake/export_apriltag_msgs__rosidl_generator_pyExport-noconfig.cmake
[10.135s] -- Installing: /home/rss/robot_harry/robotik/install/apriltag_msgs/share/apriltag_msgs/cmake/rosidl_cmake-extras.cmake
[10.135s] -- Installing: /home/rss/robot_harry/robotik/install/apriltag_msgs/share/apriltag_msgs/cmake/ament_cmake_export_dependencies-extras.cmake
[10.136s] -- Installing: /home/rss/robot_harry/robotik/install/apriltag_msgs/share/apriltag_msgs/cmake/ament_cmake_export_include_directories-extras.cmake
[10.136s] -- Installing: /home/rss/robot_harry/robotik/install/apriltag_msgs/share/apriltag_msgs/cmake/ament_cmake_export_libraries-extras.cmake
[10.136s] -- Installing: /home/rss/robot_harry/robotik/install/apriltag_msgs/share/apriltag_msgs/cmake/ament_cmake_export_targets-extras.cmake
[10.137s] -- Installing: /home/rss/robot_harry/robotik/install/apriltag_msgs/share/apriltag_msgs/cmake/rosidl_cmake_export_typesupport_targets-extras.cmake
[10.137s] -- Installing: /home/rss/robot_harry/robotik/install/apriltag_msgs/share/apriltag_msgs/cmake/rosidl_cmake_export_typesupport_libraries-extras.cmake
[10.138s] -- Installing: /home/rss/robot_harry/robotik/install/apriltag_msgs/share/apriltag_msgs/cmake/apriltag_msgsConfig.cmake
[10.138s] -- Installing: /home/rss/robot_harry/robotik/install/apriltag_msgs/share/apriltag_msgs/cmake/apriltag_msgsConfig-version.cmake
[10.138s] -- Installing: /home/rss/robot_harry/robotik/install/apriltag_msgs/share/apriltag_msgs/package.xml
[10.140s] Invoked command in '/home/rss/robot_harry/robotik/build/apriltag_msgs' returned '0': CMAKE_PREFIX_PATH=${CMAKE_PREFIX_PATH}:/home/rss/robot_harry/robotik/install/webcam_bringup:/home/rss/robot_harry/robotik/install/teleop:/home/rss/robot_harry/robotik/install/robot_bringup:/home/rss/robot_harry/robotik/install/realsense2_ros_mqtt_bridge:/home/rss/robot_harry/robotik/install/pub_sub:/home/rss/robot_harry/robotik/install/object_detection:/home/rss/robot_harry/robotik/install/my_robot_navigation:/home/rss/robot_harry/robotik/install/create3_teleop:/home/rss/robot_harry/robotik/install/create3_examples_py:/opt/ros/humble /usr/bin/cmake --install /home/rss/robot_harry/robotik/build/apriltag_msgs
