[0.639s] Invoking command in '/home/rss/robot_harry/robotik/build/my_robot_slam': CMAKE_PREFIX_PATH=${CMAKE_PREFIX_PATH}:/home/rss/robot_harry/robotik/install/webcam_bringup:/home/rss/robot_harry/robotik/install/teleop:/home/rss/robot_harry/robotik/install/robot_bringup:/home/rss/robot_harry/robotik/install/realsense2_ros_mqtt_bridge:/home/rss/robot_harry/robotik/install/pub_sub:/home/rss/robot_harry/robotik/install/object_detection:/home/rss/robot_harry/robotik/install/my_robot_navigation:/home/rss/robot_harry/robotik/install/create3_teleop:/home/rss/robot_harry/robotik/install/create3_examples_py:/opt/ros/humble /usr/bin/cmake /home/rss/robot_harry/robotik/src/my_robot_slam -DCMAKE_INSTALL_PREFIX=/home/rss/robot_harry/robotik/install/my_robot_slam
[0.702s] -- The C compiler identification is GNU 11.4.0
[0.762s] -- The CXX compiler identification is GNU 11.4.0
[0.770s] -- Detecting C compiler ABI info
[0.866s] -- Detecting C compiler ABI info - done
[0.878s] -- Check for working C compiler: /usr/bin/cc - skipped
[0.878s] -- Detecting C compile features
[0.879s] -- Detecting C compile features - done
[0.884s] -- Detecting CXX compiler ABI info
[0.996s] -- Detecting CXX compiler ABI info - done
[1.008s] -- Check for working CXX compiler: /usr/bin/c++ - skipped
[1.008s] -- Detecting CXX compile features
[1.008s] -- Detecting CXX compile features - done
[1.014s] -- Found ament_cmake: 1.3.12 (/opt/ros/humble/share/ament_cmake/cmake)
[1.308s] -- Found Python3: /usr/bin/python3 (found version "3.10.12") found components: Interpreter 
[1.636s] -- Found rclcpp: 16.0.17 (/opt/ros/humble/share/rclcpp/cmake)
[1.794s] -- Found rosidl_generator_c: 3.1.8 (/opt/ros/humble/share/rosidl_generator_c/cmake)
[1.810s] -- Found rosidl_adapter: 3.1.8 (/opt/ros/humble/share/rosidl_adapter/cmake)
[1.831s] -- Found rosidl_generator_cpp: 3.1.8 (/opt/ros/humble/share/rosidl_generator_cpp/cmake)
[1.875s] -- Using all available rosidl_typesupport_c: rosidl_typesupport_fastrtps_c;rosidl_typesupport_introspection_c
[1.915s] -- Using all available rosidl_typesupport_cpp: rosidl_typesupport_fastrtps_cpp;rosidl_typesupport_introspection_cpp
[2.047s] -- Found rmw_implementation_cmake: 6.1.2 (/opt/ros/humble/share/rmw_implementation_cmake/cmake)
[2.056s] -- Found rmw_fastrtps_cpp: 6.2.9 (/opt/ros/humble/share/rmw_fastrtps_cpp/cmake)
[2.281s] -- Found OpenSSL: /usr/lib/x86_64-linux-gnu/libcrypto.so (found version "3.0.2")  
[2.397s] -- Found FastRTPS: /opt/ros/humble/include  
[2.551s] -- Using RMW implementation 'rmw_fastrtps_cpp' as default
[2.586s] -- Looking for pthread.h
[2.830s] -- Looking for pthread.h - found
[2.830s] -- Performing Test CMAKE_HAVE_LIBC_PTHREAD
[3.055s] -- Performing Test CMAKE_HAVE_LIBC_PTHREAD - Success
[3.055s] -- Found Threads: TRUE  
[3.227s] -- Found slam_toolbox: 2.6.10 (/opt/ros/humble/share/slam_toolbox/cmake)
[3.984s] -- Found eigen3_cmake_module: 0.1.1 (/opt/ros/humble/share/eigen3_cmake_module/cmake)
[3.995s] -- Found Eigen3: TRUE (found version "3.4.0") 
[3.995s] -- Ensuring Eigen3 include directory is part of orocos-kdl CMake target
[4.183s] -- Setting assimp_DIR to: '/opt/ros/humble/share/rviz_assimp_vendor/cmake/../../../opt/rviz_assimp_vendor/lib/cmake/assimp-4.1'
[4.218s] -- Setting OGRE_DIR to: '/opt/ros/humble/share/rviz_ogre_vendor/cmake/../../../opt/rviz_ogre_vendor/lib/OGRE/cmake'
[4.222s] -- Found OGRE
[4.222s] --   static     : OFF
[4.222s] --   components : HLMS;MeshLodGenerator;Overlay;Paging;Property;RTShaderSystem;Terrain;Volume
[4.222s] --   plugins    : Plugin_BSPSceneManager;Plugin_OctreeSceneManager;Plugin_PCZSceneManager;Plugin_ParticleFX;RenderSystem_GL;RenderSystem_GL3Plus;Codec_STBI
[4.222s] --   media      : /opt/ros/humble/opt/rviz_ogre_vendor/share/OGRE/Media
[4.233s] -- OGRE_LIBRARIES: OgreHLMS;OgreMeshLodGenerator;OgreOverlay;OgrePaging;OgreProperty;OgreRTShaderSystem;OgreTerrain;OgreVolume;OgreMain
[4.233s] -- OGRE_LIBRARY_DIRS: /opt/ros/humble/opt/rviz_ogre_vendor/lib
[4.233s] -- OGRE_PLUGINS: Plugin_BSPSceneManager;Plugin_OctreeSceneManager;Plugin_PCZSceneManager;Plugin_ParticleFX;RenderSystem_GL;RenderSystem_GL3Plus;Codec_STBI
[4.233s] -- OGRE_PLUGIN_DIR: /opt/ros/humble/opt/rviz_ogre_vendor/lib/OGRE
[4.233s] -- rviz_ogre_vendor::OgreOverlay for IMPORTED_LOCATION_RELEASE: /opt/ros/humble/opt/rviz_ogre_vendor/lib/libOgreOverlay.so
[4.233s] -- rviz_ogre_vendor::OgreOverlay for IMPORTED_LOCATION_DEBUG: /opt/ros/humble/opt/rviz_ogre_vendor/lib/libOgreOverlay.so
[4.233s] -- rviz_ogre_vendor::OgreMain for IMPORTED_LOCATION_RELEASE: /opt/ros/humble/opt/rviz_ogre_vendor/lib/libOgreMain.so
[4.233s] -- rviz_ogre_vendor::OgreMain for IMPORTED_LOCATION_DEBUG: /opt/ros/humble/opt/rviz_ogre_vendor/lib/libOgreMain.so
[4.310s] -- Found ZLIB: /usr/lib/x86_64-linux-gnu/libz.so (found version "1.2.11") 
[4.332s] -- Found OpenGL: /usr/lib/x86_64-linux-gnu/libOpenGL.so   
[4.773s] -- Found X11: /usr/include   
[4.773s] -- Looking for XOpenDisplay in /usr/lib/x86_64-linux-gnu/libX11.so;/usr/lib/x86_64-linux-gnu/libXext.so
[5.064s] -- Looking for XOpenDisplay in /usr/lib/x86_64-linux-gnu/libX11.so;/usr/lib/x86_64-linux-gnu/libXext.so - found
[5.064s] -- Looking for gethostbyname
[5.327s] -- Looking for gethostbyname - found
[5.330s] -- Looking for connect
[5.603s] -- Looking for connect - found
[5.603s] -- Looking for remove
[5.890s] -- Looking for remove - found
[5.891s] -- Looking for shmat
[6.171s] -- Looking for shmat - found
[6.171s] -- Looking for IceConnectionNumber in ICE
[6.378s] -- Looking for IceConnectionNumber in ICE - found
[6.729s] -- library: /usr/lib/x86_64-linux-gnu/libcurl.so
[7.005s] -- Found ament_lint_auto: 0.12.14 (/opt/ros/humble/share/ament_lint_auto/cmake)
[7.191s] -- Added test 'lint_cmake' to check CMake code style
[7.197s] -- Added test 'xmllint' to check XML markup files
[7.201s] -- Configuring done
[7.223s] -- Generating done
[7.235s] -- Build files have been written to: /home/rss/robot_harry/robotik/build/my_robot_slam
[7.865s] Invoked command in '/home/rss/robot_harry/robotik/build/my_robot_slam' returned '0': CMAKE_PREFIX_PATH=${CMAKE_PREFIX_PATH}:/home/rss/robot_harry/robotik/install/webcam_bringup:/home/rss/robot_harry/robotik/install/teleop:/home/rss/robot_harry/robotik/install/robot_bringup:/home/rss/robot_harry/robotik/install/realsense2_ros_mqtt_bridge:/home/rss/robot_harry/robotik/install/pub_sub:/home/rss/robot_harry/robotik/install/object_detection:/home/rss/robot_harry/robotik/install/my_robot_navigation:/home/rss/robot_harry/robotik/install/create3_teleop:/home/rss/robot_harry/robotik/install/create3_examples_py:/opt/ros/humble /usr/bin/cmake /home/rss/robot_harry/robotik/src/my_robot_slam -DCMAKE_INSTALL_PREFIX=/home/rss/robot_harry/robotik/install/my_robot_slam
[7.866s] Invoking command in '/home/rss/robot_harry/robotik/build/my_robot_slam': CMAKE_PREFIX_PATH=${CMAKE_PREFIX_PATH}:/home/rss/robot_harry/robotik/install/webcam_bringup:/home/rss/robot_harry/robotik/install/teleop:/home/rss/robot_harry/robotik/install/robot_bringup:/home/rss/robot_harry/robotik/install/realsense2_ros_mqtt_bridge:/home/rss/robot_harry/robotik/install/pub_sub:/home/rss/robot_harry/robotik/install/object_detection:/home/rss/robot_harry/robotik/install/my_robot_navigation:/home/rss/robot_harry/robotik/install/create3_teleop:/home/rss/robot_harry/robotik/install/create3_examples_py:/opt/ros/humble /usr/bin/cmake --build /home/rss/robot_harry/robotik/build/my_robot_slam -- -j8 -l8
[7.956s] Invoked command in '/home/rss/robot_harry/robotik/build/my_robot_slam' returned '0': CMAKE_PREFIX_PATH=${CMAKE_PREFIX_PATH}:/home/rss/robot_harry/robotik/install/webcam_bringup:/home/rss/robot_harry/robotik/install/teleop:/home/rss/robot_harry/robotik/install/robot_bringup:/home/rss/robot_harry/robotik/install/realsense2_ros_mqtt_bridge:/home/rss/robot_harry/robotik/install/pub_sub:/home/rss/robot_harry/robotik/install/object_detection:/home/rss/robot_harry/robotik/install/my_robot_navigation:/home/rss/robot_harry/robotik/install/create3_teleop:/home/rss/robot_harry/robotik/install/create3_examples_py:/opt/ros/humble /usr/bin/cmake --build /home/rss/robot_harry/robotik/build/my_robot_slam -- -j8 -l8
[7.973s] Invoking command in '/home/rss/robot_harry/robotik/build/my_robot_slam': CMAKE_PREFIX_PATH=${CMAKE_PREFIX_PATH}:/home/rss/robot_harry/robotik/install/webcam_bringup:/home/rss/robot_harry/robotik/install/teleop:/home/rss/robot_harry/robotik/install/robot_bringup:/home/rss/robot_harry/robotik/install/realsense2_ros_mqtt_bridge:/home/rss/robot_harry/robotik/install/pub_sub:/home/rss/robot_harry/robotik/install/object_detection:/home/rss/robot_harry/robotik/install/my_robot_navigation:/home/rss/robot_harry/robotik/install/create3_teleop:/home/rss/robot_harry/robotik/install/create3_examples_py:/opt/ros/humble /usr/bin/cmake --install /home/rss/robot_harry/robotik/build/my_robot_slam
[7.992s] -- Install configuration: ""
[7.992s] -- Installing: /home/rss/robot_harry/robotik/install/my_robot_slam/share/my_robot_slam/launch
[7.992s] -- Installing: /home/rss/robot_harry/robotik/install/my_robot_slam/share/my_robot_slam/launch/localization.launch.yaml
[7.992s] -- Installing: /home/rss/robot_harry/robotik/install/my_robot_slam/share/my_robot_slam/launch/slam_toolbox.launch.yaml
[7.992s] -- Installing: /home/rss/robot_harry/robotik/install/my_robot_slam/share/my_robot_slam/launch/localizatio_gem.launch.yaml
[7.992s] -- Installing: /home/rss/robot_harry/robotik/install/my_robot_slam/share/my_robot_slam/maps
[7.993s] -- Installing: /home/rss/robot_harry/robotik/install/my_robot_slam/share/my_robot_slam/maps/my_map.pgm
[7.997s] -- Installing: /home/rss/robot_harry/robotik/install/my_robot_slam/share/my_robot_slam/maps/my_map.yaml
[7.997s] -- Installing: /home/rss/robot_harry/robotik/install/my_robot_slam/share/ament_index/resource_index/package_run_dependencies/my_robot_slam
[7.997s] -- Installing: /home/rss/robot_harry/robotik/install/my_robot_slam/share/ament_index/resource_index/parent_prefix_path/my_robot_slam
[7.997s] -- Installing: /home/rss/robot_harry/robotik/install/my_robot_slam/share/my_robot_slam/environment/ament_prefix_path.sh
[7.997s] -- Installing: /home/rss/robot_harry/robotik/install/my_robot_slam/share/my_robot_slam/environment/ament_prefix_path.dsv
[7.997s] -- Installing: /home/rss/robot_harry/robotik/install/my_robot_slam/share/my_robot_slam/environment/path.sh
[7.997s] -- Installing: /home/rss/robot_harry/robotik/install/my_robot_slam/share/my_robot_slam/environment/path.dsv
[7.997s] -- Installing: /home/rss/robot_harry/robotik/install/my_robot_slam/share/my_robot_slam/local_setup.bash
[7.998s] -- Installing: /home/rss/robot_harry/robotik/install/my_robot_slam/share/my_robot_slam/local_setup.sh
[7.998s] -- Installing: /home/rss/robot_harry/robotik/install/my_robot_slam/share/my_robot_slam/local_setup.zsh
[7.998s] -- Installing: /home/rss/robot_harry/robotik/install/my_robot_slam/share/my_robot_slam/local_setup.dsv
[7.998s] -- Installing: /home/rss/robot_harry/robotik/install/my_robot_slam/share/my_robot_slam/package.dsv
[7.998s] -- Installing: /home/rss/robot_harry/robotik/install/my_robot_slam/share/ament_index/resource_index/packages/my_robot_slam
[7.998s] -- Installing: /home/rss/robot_harry/robotik/install/my_robot_slam/share/my_robot_slam/cmake/my_robot_slamConfig.cmake
[7.998s] -- Installing: /home/rss/robot_harry/robotik/install/my_robot_slam/share/my_robot_slam/cmake/my_robot_slamConfig-version.cmake
[7.998s] -- Installing: /home/rss/robot_harry/robotik/install/my_robot_slam/share/my_robot_slam/package.xml
[8.005s] Invoked command in '/home/rss/robot_harry/robotik/build/my_robot_slam' returned '0': CMAKE_PREFIX_PATH=${CMAKE_PREFIX_PATH}:/home/rss/robot_harry/robotik/install/webcam_bringup:/home/rss/robot_harry/robotik/install/teleop:/home/rss/robot_harry/robotik/install/robot_bringup:/home/rss/robot_harry/robotik/install/realsense2_ros_mqtt_bridge:/home/rss/robot_harry/robotik/install/pub_sub:/home/rss/robot_harry/robotik/install/object_detection:/home/rss/robot_harry/robotik/install/my_robot_navigation:/home/rss/robot_harry/robotik/install/create3_teleop:/home/rss/robot_harry/robotik/install/create3_examples_py:/opt/ros/humble /usr/bin/cmake --install /home/rss/robot_harry/robotik/build/my_robot_slam
