[0.419s] Invoking command in '/home/rss/robot_harry/robotik/build/apriltag_ros': CMAKE_PREFIX_PATH=/home/rss/robot_harry/robotik/install/apriltag_msgs:/home/rss/robot_harry/robotik/install/create3_lidar_slam:/home/rss/robot_harry/robotik/install/rplidar_ros:/home/rss/robot_harry/robotik/install/my_robot_slam:/home/rss/robot_harry/robotik/install/create3_republisher:/home/rss/robot_harry/robotik/install/create3_coverage:/home/rss/robot_harry/robotik/install/create3_examples_msgs:/home/rss/robot_harry/robotik/install/apriltag_ros:/home/rss/robot_harry/robotik/install/webcam_bringup:/home/rss/robot_harry/robotik/install/teleop:/home/rss/robot_harry/robotik/install/tag_detection:/home/rss/robot_harry/robotik/install/robot_bringup:/home/rss/robot_harry/robotik/install/pub_sub:/home/rss/robot_harry/robotik/install/object_detection:/home/rss/robot_harry/robotik/install/my_robot_navigation:/home/rss/robot_harry/robotik/install/create3_teleop:/home/rss/robot_harry/robotik/install/create3_examples_py:/opt/ros/humble LD_LIBRARY_PATH=/home/rss/robot_harry/robotik/install/apriltag_msgs/lib:/home/rss/robot_harry/robotik/install/create3_coverage/lib:/home/rss/robot_harry/robotik/install/create3_examples_msgs/lib:/home/rss/robot_harry/robotik/install/apriltag_ros/lib:/opt/ros/humble/opt/rviz_ogre_vendor/lib:/opt/ros/humble/lib/x86_64-linux-gnu:/opt/ros/humble/lib /usr/bin/cmake /home/rss/robot_harry/robotik/src/apriltag_ros -DCMAKE_INSTALL_PREFIX=/home/rss/robot_harry/robotik/install/apriltag_ros
[0.428s] -- Found rclcpp: 16.0.17 (/opt/ros/humble/share/rclcpp/cmake)
[0.578s] -- Override CMake install command with custom implementation using symlinks instead of copying resources
[0.618s] -- Found rosidl_generator_c: 3.1.8 (/opt/ros/humble/share/rosidl_generator_c/cmake)
[0.621s] -- Found rosidl_adapter: 3.1.8 (/opt/ros/humble/share/rosidl_adapter/cmake)
[0.627s] -- Found rosidl_generator_cpp: 3.1.8 (/opt/ros/humble/share/rosidl_generator_cpp/cmake)
[0.639s] -- Using all available rosidl_typesupport_c: rosidl_typesupport_fastrtps_c;rosidl_typesupport_introspection_c
[0.654s] -- Using all available rosidl_typesupport_cpp: rosidl_typesupport_fastrtps_cpp;rosidl_typesupport_introspection_cpp
[0.692s] -- Found rmw_implementation_cmake: 6.1.2 (/opt/ros/humble/share/rmw_implementation_cmake/cmake)
[0.694s] -- Found rmw_fastrtps_cpp: 6.2.9 (/opt/ros/humble/share/rmw_fastrtps_cpp/cmake)
[0.877s] -- Using RMW implementation 'rmw_fastrtps_cpp' as default
[0.937s] -- Found rclcpp_components: 16.0.17 (/opt/ros/humble/share/rclcpp_components/cmake)
[0.956s] -- Found sensor_msgs: 4.9.0 (/opt/ros/humble/share/sensor_msgs/cmake)
[0.987s] -- Found apriltag_msgs: 2.0.1 (/home/rss/robot_harry/robotik/install/apriltag_msgs/share/apriltag_msgs/cmake)
[1.006s] -- Found tf2_ros: 0.25.18 (/opt/ros/humble/share/tf2_ros/cmake)
[1.078s] -- Found image_transport: 3.1.12 (/opt/ros/humble/share/image_transport/cmake)
[1.095s] -- Found cv_bridge: 3.2.1 (/opt/ros/humble/share/cv_bridge/cmake)
[1.123s] -- Found ament_lint_auto: 0.12.14 (/opt/ros/humble/share/ament_lint_auto/cmake)
[1.250s] -- Added test 'clang_format' to check C / C++ code style
[1.252s] -- Added test 'cppcheck' to perform static code analysis on C / C++ code
[1.256s] -- Configured cppcheck include dirs: 
[1.257s] -- Configured cppcheck exclude dirs and/or files: 
[1.257s] -- Configuring done
[1.295s] -- Generating done
[1.302s] -- Build files have been written to: /home/rss/robot_harry/robotik/build/apriltag_ros
[1.323s] Invoked command in '/home/rss/robot_harry/robotik/build/apriltag_ros' returned '0': CMAKE_PREFIX_PATH=/home/rss/robot_harry/robotik/install/apriltag_msgs:/home/rss/robot_harry/robotik/install/create3_lidar_slam:/home/rss/robot_harry/robotik/install/rplidar_ros:/home/rss/robot_harry/robotik/install/my_robot_slam:/home/rss/robot_harry/robotik/install/create3_republisher:/home/rss/robot_harry/robotik/install/create3_coverage:/home/rss/robot_harry/robotik/install/create3_examples_msgs:/home/rss/robot_harry/robotik/install/apriltag_ros:/home/rss/robot_harry/robotik/install/webcam_bringup:/home/rss/robot_harry/robotik/install/teleop:/home/rss/robot_harry/robotik/install/tag_detection:/home/rss/robot_harry/robotik/install/robot_bringup:/home/rss/robot_harry/robotik/install/pub_sub:/home/rss/robot_harry/robotik/install/object_detection:/home/rss/robot_harry/robotik/install/my_robot_navigation:/home/rss/robot_harry/robotik/install/create3_teleop:/home/rss/robot_harry/robotik/install/create3_examples_py:/opt/ros/humble LD_LIBRARY_PATH=/home/rss/robot_harry/robotik/install/apriltag_msgs/lib:/home/rss/robot_harry/robotik/install/create3_coverage/lib:/home/rss/robot_harry/robotik/install/create3_examples_msgs/lib:/home/rss/robot_harry/robotik/install/apriltag_ros/lib:/opt/ros/humble/opt/rviz_ogre_vendor/lib:/opt/ros/humble/lib/x86_64-linux-gnu:/opt/ros/humble/lib /usr/bin/cmake /home/rss/robot_harry/robotik/src/apriltag_ros -DCMAKE_INSTALL_PREFIX=/home/rss/robot_harry/robotik/install/apriltag_ros
[1.323s] Invoking command in '/home/rss/robot_harry/robotik/build/apriltag_ros': CMAKE_PREFIX_PATH=/home/rss/robot_harry/robotik/install/apriltag_msgs:/home/rss/robot_harry/robotik/install/create3_lidar_slam:/home/rss/robot_harry/robotik/install/rplidar_ros:/home/rss/robot_harry/robotik/install/my_robot_slam:/home/rss/robot_harry/robotik/install/create3_republisher:/home/rss/robot_harry/robotik/install/create3_coverage:/home/rss/robot_harry/robotik/install/create3_examples_msgs:/home/rss/robot_harry/robotik/install/apriltag_ros:/home/rss/robot_harry/robotik/install/webcam_bringup:/home/rss/robot_harry/robotik/install/teleop:/home/rss/robot_harry/robotik/install/tag_detection:/home/rss/robot_harry/robotik/install/robot_bringup:/home/rss/robot_harry/robotik/install/pub_sub:/home/rss/robot_harry/robotik/install/object_detection:/home/rss/robot_harry/robotik/install/my_robot_navigation:/home/rss/robot_harry/robotik/install/create3_teleop:/home/rss/robot_harry/robotik/install/create3_examples_py:/opt/ros/humble LD_LIBRARY_PATH=/home/rss/robot_harry/robotik/install/apriltag_msgs/lib:/home/rss/robot_harry/robotik/install/create3_coverage/lib:/home/rss/robot_harry/robotik/install/create3_examples_msgs/lib:/home/rss/robot_harry/robotik/install/apriltag_ros/lib:/opt/ros/humble/opt/rviz_ogre_vendor/lib:/opt/ros/humble/lib/x86_64-linux-gnu:/opt/ros/humble/lib /usr/bin/cmake --build /home/rss/robot_harry/robotik/build/apriltag_ros -- -j8 -l8
[1.387s] [35m[1mConsolidate compiler generated dependencies of target conversion[0m
[1.387s] [35m[1mConsolidate compiler generated dependencies of target tags[0m
[1.388s] [35m[1mConsolidate compiler generated dependencies of target apriltag_node[0m
[1.424s] [ 20%] Built target tags
[1.425s] [ 40%] Built target conversion
[1.433s] [ 60%] Built target apriltag_node
[1.443s] [35m[1mConsolidate compiler generated dependencies of target pose_estimation[0m
[1.458s] [ 80%] Built target pose_estimation
[1.473s] [35m[1mConsolidate compiler generated dependencies of target AprilTagNode[0m
[1.488s] [100%] Built target AprilTagNode
[1.508s] Invoked command in '/home/rss/robot_harry/robotik/build/apriltag_ros' returned '0': CMAKE_PREFIX_PATH=/home/rss/robot_harry/robotik/install/apriltag_msgs:/home/rss/robot_harry/robotik/install/create3_lidar_slam:/home/rss/robot_harry/robotik/install/rplidar_ros:/home/rss/robot_harry/robotik/install/my_robot_slam:/home/rss/robot_harry/robotik/install/create3_republisher:/home/rss/robot_harry/robotik/install/create3_coverage:/home/rss/robot_harry/robotik/install/create3_examples_msgs:/home/rss/robot_harry/robotik/install/apriltag_ros:/home/rss/robot_harry/robotik/install/webcam_bringup:/home/rss/robot_harry/robotik/install/teleop:/home/rss/robot_harry/robotik/install/tag_detection:/home/rss/robot_harry/robotik/install/robot_bringup:/home/rss/robot_harry/robotik/install/pub_sub:/home/rss/robot_harry/robotik/install/object_detection:/home/rss/robot_harry/robotik/install/my_robot_navigation:/home/rss/robot_harry/robotik/install/create3_teleop:/home/rss/robot_harry/robotik/install/create3_examples_py:/opt/ros/humble LD_LIBRARY_PATH=/home/rss/robot_harry/robotik/install/apriltag_msgs/lib:/home/rss/robot_harry/robotik/install/create3_coverage/lib:/home/rss/robot_harry/robotik/install/create3_examples_msgs/lib:/home/rss/robot_harry/robotik/install/apriltag_ros/lib:/opt/ros/humble/opt/rviz_ogre_vendor/lib:/opt/ros/humble/lib/x86_64-linux-gnu:/opt/ros/humble/lib /usr/bin/cmake --build /home/rss/robot_harry/robotik/build/apriltag_ros -- -j8 -l8
[1.509s] Invoking command in '/home/rss/robot_harry/robotik/build/apriltag_ros': CMAKE_PREFIX_PATH=/home/rss/robot_harry/robotik/install/apriltag_msgs:/home/rss/robot_harry/robotik/install/create3_lidar_slam:/home/rss/robot_harry/robotik/install/rplidar_ros:/home/rss/robot_harry/robotik/install/my_robot_slam:/home/rss/robot_harry/robotik/install/create3_republisher:/home/rss/robot_harry/robotik/install/create3_coverage:/home/rss/robot_harry/robotik/install/create3_examples_msgs:/home/rss/robot_harry/robotik/install/apriltag_ros:/home/rss/robot_harry/robotik/install/webcam_bringup:/home/rss/robot_harry/robotik/install/teleop:/home/rss/robot_harry/robotik/install/tag_detection:/home/rss/robot_harry/robotik/install/robot_bringup:/home/rss/robot_harry/robotik/install/pub_sub:/home/rss/robot_harry/robotik/install/object_detection:/home/rss/robot_harry/robotik/install/my_robot_navigation:/home/rss/robot_harry/robotik/install/create3_teleop:/home/rss/robot_harry/robotik/install/create3_examples_py:/opt/ros/humble LD_LIBRARY_PATH=/home/rss/robot_harry/robotik/install/apriltag_msgs/lib:/home/rss/robot_harry/robotik/install/create3_coverage/lib:/home/rss/robot_harry/robotik/install/create3_examples_msgs/lib:/home/rss/robot_harry/robotik/install/apriltag_ros/lib:/opt/ros/humble/opt/rviz_ogre_vendor/lib:/opt/ros/humble/lib/x86_64-linux-gnu:/opt/ros/humble/lib /usr/bin/cmake --install /home/rss/robot_harry/robotik/build/apriltag_ros
[1.515s] -- Install configuration: ""
[1.515s] -- Execute custom install script
[1.515s] -- Up-to-date symlink: /home/rss/robot_harry/robotik/install/apriltag_ros/lib/apriltag_ros/apriltag_node
[1.515s] -- Up-to-date symlink: /home/rss/robot_harry/robotik/install/apriltag_ros/share/apriltag_ros/environment/library_path.sh
[1.515s] -- Up-to-date symlink: /home/rss/robot_harry/robotik/install/apriltag_ros/share/apriltag_ros/environment/library_path.dsv
[1.515s] -- Up-to-date symlink: /home/rss/robot_harry/robotik/install/apriltag_ros/lib/libAprilTagNode.so
[1.515s] -- Up-to-date symlink: /home/rss/robot_harry/robotik/install/apriltag_ros/share/apriltag_ros/cfg/tags_36h11.yaml
[1.515s] -- Up-to-date symlink: /home/rss/robot_harry/robotik/install/apriltag_ros/share/apriltag_ros/launch/camera_36h11.launch.yml
[1.515s] -- Up-to-date symlink: /home/rss/robot_harry/robotik/install/apriltag_ros/share/ament_index/resource_index/package_run_dependencies/apriltag_ros
[1.516s] -- Up-to-date symlink: /home/rss/robot_harry/robotik/install/apriltag_ros/share/ament_index/resource_index/parent_prefix_path/apriltag_ros
[1.516s] -- Up-to-date symlink: /home/rss/robot_harry/robotik/install/apriltag_ros/share/apriltag_ros/environment/ament_prefix_path.sh
[1.516s] -- Up-to-date symlink: /home/rss/robot_harry/robotik/install/apriltag_ros/share/apriltag_ros/environment/ament_prefix_path.dsv
[1.516s] -- Up-to-date symlink: /home/rss/robot_harry/robotik/install/apriltag_ros/share/apriltag_ros/environment/path.sh
[1.516s] -- Up-to-date symlink: /home/rss/robot_harry/robotik/install/apriltag_ros/share/apriltag_ros/environment/path.dsv
[1.516s] -- Up-to-date symlink: /home/rss/robot_harry/robotik/install/apriltag_ros/share/apriltag_ros/local_setup.bash
[1.517s] -- Up-to-date symlink: /home/rss/robot_harry/robotik/install/apriltag_ros/share/apriltag_ros/local_setup.sh
[1.517s] -- Up-to-date symlink: /home/rss/robot_harry/robotik/install/apriltag_ros/share/apriltag_ros/local_setup.zsh
[1.517s] -- Up-to-date symlink: /home/rss/robot_harry/robotik/install/apriltag_ros/share/apriltag_ros/local_setup.dsv
[1.517s] -- Symlinking: /home/rss/robot_harry/robotik/install/apriltag_ros/share/apriltag_ros/package.dsv
[1.527s] -- Up-to-date symlink: /home/rss/robot_harry/robotik/install/apriltag_ros/share/ament_index/resource_index/packages/apriltag_ros
[1.527s] -- Up-to-date symlink: /home/rss/robot_harry/robotik/install/apriltag_ros/share/ament_index/resource_index/rclcpp_components/apriltag_ros
[1.528s] -- Up-to-date symlink: /home/rss/robot_harry/robotik/install/apriltag_ros/share/apriltag_ros/cmake/apriltag_rosConfig.cmake
[1.529s] -- Up-to-date symlink: /home/rss/robot_harry/robotik/install/apriltag_ros/share/apriltag_ros/cmake/apriltag_rosConfig-version.cmake
[1.529s] -- Up-to-date symlink: /home/rss/robot_harry/robotik/install/apriltag_ros/share/apriltag_ros/package.xml
[1.531s] Invoked command in '/home/rss/robot_harry/robotik/build/apriltag_ros' returned '0': CMAKE_PREFIX_PATH=/home/rss/robot_harry/robotik/install/apriltag_msgs:/home/rss/robot_harry/robotik/install/create3_lidar_slam:/home/rss/robot_harry/robotik/install/rplidar_ros:/home/rss/robot_harry/robotik/install/my_robot_slam:/home/rss/robot_harry/robotik/install/create3_republisher:/home/rss/robot_harry/robotik/install/create3_coverage:/home/rss/robot_harry/robotik/install/create3_examples_msgs:/home/rss/robot_harry/robotik/install/apriltag_ros:/home/rss/robot_harry/robotik/install/webcam_bringup:/home/rss/robot_harry/robotik/install/teleop:/home/rss/robot_harry/robotik/install/tag_detection:/home/rss/robot_harry/robotik/install/robot_bringup:/home/rss/robot_harry/robotik/install/pub_sub:/home/rss/robot_harry/robotik/install/object_detection:/home/rss/robot_harry/robotik/install/my_robot_navigation:/home/rss/robot_harry/robotik/install/create3_teleop:/home/rss/robot_harry/robotik/install/create3_examples_py:/opt/ros/humble LD_LIBRARY_PATH=/home/rss/robot_harry/robotik/install/apriltag_msgs/lib:/home/rss/robot_harry/robotik/install/create3_coverage/lib:/home/rss/robot_harry/robotik/install/create3_examples_msgs/lib:/home/rss/robot_harry/robotik/install/apriltag_ros/lib:/opt/ros/humble/opt/rviz_ogre_vendor/lib:/opt/ros/humble/lib/x86_64-linux-gnu:/opt/ros/humble/lib /usr/bin/cmake --install /home/rss/robot_harry/robotik/build/apriltag_ros
