[1.231s] Invoking command in '/home/rss/robot_harry/robotik/src/teleop': PYTHONPATH=/home/rss/robot_harry/robotik/build/teleop/prefix_override:/usr/lib/python3/dist-packages/colcon_core/task/python/colcon_distutils_commands:/home/rss/robot_harry/robotik/install/teleop/lib/python3.10/site-packages:${PYTHONPATH} /usr/bin/python3 -W ignore:setup.py install is deprecated -W ignore:easy_install command is deprecated setup.py egg_info --egg-base ../../build/teleop build --build-base /home/rss/robot_harry/robotik/build/teleop/build install --record /home/rss/robot_harry/robotik/build/teleop/install.log --single-version-externally-managed install_data
[1.588s] running egg_info
[1.588s] writing ../../build/teleop/teleop.egg-info/PKG-INFO
[1.589s] writing dependency_links to ../../build/teleop/teleop.egg-info/dependency_links.txt
[1.589s] writing entry points to ../../build/teleop/teleop.egg-info/entry_points.txt
[1.589s] writing requirements to ../../build/teleop/teleop.egg-info/requires.txt
[1.589s] writing top-level names to ../../build/teleop/teleop.egg-info/top_level.txt
[1.592s] reading manifest file '../../build/teleop/teleop.egg-info/SOURCES.txt'
[1.593s] writing manifest file '../../build/teleop/teleop.egg-info/SOURCES.txt'
[1.593s] running build
[1.593s] running build_py
[1.594s] running install
[1.594s] running install_lib
[1.595s] running install_data
[1.597s] running install_egg_info
[1.597s] removing '/home/rss/robot_harry/robotik/install/teleop/lib/python3.10/site-packages/teleop-0.0.0-py3.10.egg-info' (and everything under it)
[1.598s] Copying ../../build/teleop/teleop.egg-info to /home/rss/robot_harry/robotik/install/teleop/lib/python3.10/site-packages/teleop-0.0.0-py3.10.egg-info
[1.598s] running install_scripts
[1.624s] Installing teleop_node script to /home/rss/robot_harry/robotik/install/teleop/lib/teleop
[1.625s] writing list of installed files to '/home/rss/robot_harry/robotik/build/teleop/install.log'
[1.651s] Invoked command in '/home/rss/robot_harry/robotik/src/teleop' returned '0': PYTHONPATH=/home/rss/robot_harry/robotik/build/teleop/prefix_override:/usr/lib/python3/dist-packages/colcon_core/task/python/colcon_distutils_commands:/home/rss/robot_harry/robotik/install/teleop/lib/python3.10/site-packages:${PYTHONPATH} /usr/bin/python3 -W ignore:setup.py install is deprecated -W ignore:easy_install command is deprecated setup.py egg_info --egg-base ../../build/teleop build --build-base /home/rss/robot_harry/robotik/build/teleop/build install --record /home/rss/robot_harry/robotik/build/teleop/install.log --single-version-externally-managed install_data
