[1.593s] DEBUG:colcon:Command line arguments: ['/usr/bin/colcon', 'build']
[1.593s] DEBUG:colcon:Parsed command line arguments: Namespace(log_base=None, log_level=None, verb_name='build', build_base='build', install_base='install', merge_install=False, symlink_install=False, test_result_base=None, continue_on_error=False, executor='parallel', parallel_workers=8, event_handlers=None, ignore_user_meta=False, metas=['./colcon.meta'], base_paths=['.'], packages_ignore=None, packages_ignore_regex=None, paths=None, packages_up_to=None, packages_up_to_regex=None, packages_above=None, packages_above_and_dependencies=None, packages_above_depth=None, packages_select_by_dep=None, packages_skip_by_dep=None, packages_skip_up_to=None, packages_select_build_failed=False, packages_skip_build_finished=False, packages_select_test_failures=False, packages_skip_test_passed=False, packages_select=None, packages_skip=None, packages_select_regex=None, packages_skip_regex=None, packages_start=None, packages_end=None, allow_overriding=[], cmake_args=None, cmake_target=None, cmake_target_skip_unavailable=False, cmake_clean_cache=False, cmake_clean_first=False, cmake_force_configure=False, ament_cmake_args=None, catkin_cmake_args=None, catkin_skip_building_tests=False, mixin_files=None, mixin=None, verb_parser=<colcon_mixin.mixin.mixin_argument.MixinArgumentDecorator object at 0x792ab05902e0>, verb_extension=<colcon_core.verb.build.BuildVerb object at 0x792ab0557cd0>, main=<bound method BuildVerb.main of <colcon_core.verb.build.BuildVerb object at 0x792ab0557cd0>>, mixin_verb=('build',))
[3.409s] Level 1:colcon.colcon_core.package_discovery:discover_packages(colcon_meta) check parameters
[3.409s] Level 1:colcon.colcon_core.package_discovery:discover_packages(recursive) check parameters
[3.410s] Level 1:colcon.colcon_core.package_discovery:discover_packages(ignore) check parameters
[3.410s] Level 1:colcon.colcon_core.package_discovery:discover_packages(path) check parameters
[3.410s] Level 1:colcon.colcon_core.package_discovery:discover_packages(colcon_meta) discover
[3.410s] Level 1:colcon.colcon_core.package_discovery:discover_packages(recursive) discover
[3.411s] INFO:colcon.colcon_core.package_discovery:Crawling recursively for packages in '/home/harry/robotik'
[3.411s] Level 1:colcon.colcon_core.package_identification:_identify(.) by extensions ['ignore', 'ignore_ament_install']
[3.411s] Level 1:colcon.colcon_core.package_identification:_identify(.) by extension 'ignore'
[3.412s] Level 1:colcon.colcon_core.package_identification:_identify(.) by extension 'ignore_ament_install'
[3.412s] Level 1:colcon.colcon_core.package_identification:_identify(.) by extensions ['colcon_pkg']
[3.412s] Level 1:colcon.colcon_core.package_identification:_identify(.) by extension 'colcon_pkg'
[3.413s] Level 1:colcon.colcon_core.package_identification:_identify(.) by extensions ['colcon_meta']
[3.413s] Level 1:colcon.colcon_core.package_identification:_identify(.) by extension 'colcon_meta'
[3.414s] Level 1:colcon.colcon_core.package_identification:_identify(.) by extensions ['ros']
[3.414s] Level 1:colcon.colcon_core.package_identification:_identify(.) by extension 'ros'
[3.505s] Level 1:colcon.colcon_core.package_identification:_identify(.) by extensions ['cmake', 'python']
[3.505s] Level 1:colcon.colcon_core.package_identification:_identify(.) by extension 'cmake'
[3.506s] Level 1:colcon.colcon_core.package_identification:_identify(.) by extension 'python'
[3.506s] Level 1:colcon.colcon_core.package_identification:_identify(.) by extensions ['python_setup_py']
[3.506s] Level 1:colcon.colcon_core.package_identification:_identify(.) by extension 'python_setup_py'
[3.507s] Level 1:colcon.colcon_core.package_identification:_identify(build) by extensions ['ignore', 'ignore_ament_install']
[3.507s] Level 1:colcon.colcon_core.package_identification:_identify(build) by extension 'ignore'
[3.507s] Level 1:colcon.colcon_core.package_identification:_identify(build) ignored
[3.517s] Level 1:colcon.colcon_core.package_identification:_identify(install) by extensions ['ignore', 'ignore_ament_install']
[3.518s] Level 1:colcon.colcon_core.package_identification:_identify(install) by extension 'ignore'
[3.518s] Level 1:colcon.colcon_core.package_identification:_identify(install) ignored
[3.520s] Level 1:colcon.colcon_core.package_identification:_identify(log) by extensions ['ignore', 'ignore_ament_install']
[3.520s] Level 1:colcon.colcon_core.package_identification:_identify(log) by extension 'ignore'
[3.521s] Level 1:colcon.colcon_core.package_identification:_identify(log) ignored
[3.521s] Level 1:colcon.colcon_core.package_identification:_identify(src) by extensions ['ignore', 'ignore_ament_install']
[3.522s] Level 1:colcon.colcon_core.package_identification:_identify(src) by extension 'ignore'
[3.523s] Level 1:colcon.colcon_core.package_identification:_identify(src) by extension 'ignore_ament_install'
[3.523s] Level 1:colcon.colcon_core.package_identification:_identify(src) by extensions ['colcon_pkg']
[3.523s] Level 1:colcon.colcon_core.package_identification:_identify(src) by extension 'colcon_pkg'
[3.524s] Level 1:colcon.colcon_core.package_identification:_identify(src) by extensions ['colcon_meta']
[3.524s] Level 1:colcon.colcon_core.package_identification:_identify(src) by extension 'colcon_meta'
[3.524s] Level 1:colcon.colcon_core.package_identification:_identify(src) by extensions ['ros']
[3.525s] Level 1:colcon.colcon_core.package_identification:_identify(src) by extension 'ros'
[3.525s] Level 1:colcon.colcon_core.package_identification:_identify(src) by extensions ['cmake', 'python']
[3.525s] Level 1:colcon.colcon_core.package_identification:_identify(src) by extension 'cmake'
[3.526s] Level 1:colcon.colcon_core.package_identification:_identify(src) by extension 'python'
[3.526s] Level 1:colcon.colcon_core.package_identification:_identify(src) by extensions ['python_setup_py']
[3.530s] Level 1:colcon.colcon_core.package_identification:_identify(src) by extension 'python_setup_py'
[3.533s] Level 1:colcon.colcon_core.package_identification:_identify(src/apriltag_msgs) by extensions ['ignore', 'ignore_ament_install']
[3.534s] Level 1:colcon.colcon_core.package_identification:_identify(src/apriltag_msgs) by extension 'ignore'
[3.537s] Level 1:colcon.colcon_core.package_identification:_identify(src/apriltag_msgs) by extension 'ignore_ament_install'
[3.537s] Level 1:colcon.colcon_core.package_identification:_identify(src/apriltag_msgs) by extensions ['colcon_pkg']
[3.538s] Level 1:colcon.colcon_core.package_identification:_identify(src/apriltag_msgs) by extension 'colcon_pkg'
[3.538s] Level 1:colcon.colcon_core.package_identification:_identify(src/apriltag_msgs) by extensions ['colcon_meta']
[3.538s] Level 1:colcon.colcon_core.package_identification:_identify(src/apriltag_msgs) by extension 'colcon_meta'
[3.538s] Level 1:colcon.colcon_core.package_identification:_identify(src/apriltag_msgs) by extensions ['ros']
[3.539s] Level 1:colcon.colcon_core.package_identification:_identify(src/apriltag_msgs) by extension 'ros'
[3.539s] Level 1:colcon.colcon_core.package_identification:_identify(src/apriltag_msgs) by extensions ['cmake', 'python']
[3.540s] Level 1:colcon.colcon_core.package_identification:_identify(src/apriltag_msgs) by extension 'cmake'
[3.540s] Level 1:colcon.colcon_core.package_identification:_identify(src/apriltag_msgs) by extension 'python'
[3.540s] Level 1:colcon.colcon_core.package_identification:_identify(src/apriltag_msgs) by extensions ['python_setup_py']
[3.540s] Level 1:colcon.colcon_core.package_identification:_identify(src/apriltag_msgs) by extension 'python_setup_py'
[3.541s] Level 1:colcon.colcon_core.package_identification:_identify(src/apriltag_ros) by extensions ['ignore', 'ignore_ament_install']
[3.542s] Level 1:colcon.colcon_core.package_identification:_identify(src/apriltag_ros) by extension 'ignore'
[3.542s] Level 1:colcon.colcon_core.package_identification:_identify(src/apriltag_ros) by extension 'ignore_ament_install'
[3.542s] Level 1:colcon.colcon_core.package_identification:_identify(src/apriltag_ros) by extensions ['colcon_pkg']
[3.543s] Level 1:colcon.colcon_core.package_identification:_identify(src/apriltag_ros) by extension 'colcon_pkg'
[3.543s] Level 1:colcon.colcon_core.package_identification:_identify(src/apriltag_ros) by extensions ['colcon_meta']
[3.543s] Level 1:colcon.colcon_core.package_identification:_identify(src/apriltag_ros) by extension 'colcon_meta'
[3.543s] Level 1:colcon.colcon_core.package_identification:_identify(src/apriltag_ros) by extensions ['ros']
[3.544s] Level 1:colcon.colcon_core.package_identification:_identify(src/apriltag_ros) by extension 'ros'
[3.544s] Level 1:colcon.colcon_core.package_identification:_identify(src/apriltag_ros) by extensions ['cmake', 'python']
[3.544s] Level 1:colcon.colcon_core.package_identification:_identify(src/apriltag_ros) by extension 'cmake'
[3.545s] Level 1:colcon.colcon_core.package_identification:_identify(src/apriltag_ros) by extension 'python'
[3.545s] Level 1:colcon.colcon_core.package_identification:_identify(src/apriltag_ros) by extensions ['python_setup_py']
[3.545s] Level 1:colcon.colcon_core.package_identification:_identify(src/apriltag_ros) by extension 'python_setup_py'
[3.546s] Level 1:colcon.colcon_core.package_identification:_identify(src/art_gallery) by extensions ['ignore', 'ignore_ament_install']
[3.547s] Level 1:colcon.colcon_core.package_identification:_identify(src/art_gallery) by extension 'ignore'
[3.547s] Level 1:colcon.colcon_core.package_identification:_identify(src/art_gallery) by extension 'ignore_ament_install'
[3.548s] Level 1:colcon.colcon_core.package_identification:_identify(src/art_gallery) by extensions ['colcon_pkg']
[3.548s] Level 1:colcon.colcon_core.package_identification:_identify(src/art_gallery) by extension 'colcon_pkg'
[3.549s] Level 1:colcon.colcon_core.package_identification:_identify(src/art_gallery) by extensions ['colcon_meta']
[3.549s] Level 1:colcon.colcon_core.package_identification:_identify(src/art_gallery) by extension 'colcon_meta'
[3.550s] Level 1:colcon.colcon_core.package_identification:_identify(src/art_gallery) by extensions ['ros']
[3.551s] Level 1:colcon.colcon_core.package_identification:_identify(src/art_gallery) by extension 'ros'
[3.552s] Level 1:colcon.colcon_core.package_identification:_identify(src/art_gallery) by extensions ['cmake', 'python']
[3.556s] Level 1:colcon.colcon_core.package_identification:_identify(src/art_gallery) by extension 'cmake'
[3.556s] Level 1:colcon.colcon_core.package_identification:_identify(src/art_gallery) by extension 'python'
[3.556s] Level 1:colcon.colcon_core.package_identification:_identify(src/art_gallery) by extensions ['python_setup_py']
[3.556s] Level 1:colcon.colcon_core.package_identification:_identify(src/art_gallery) by extension 'python_setup_py'
[3.557s] Level 1:colcon.colcon_core.package_identification:_identify(src/art_gallery/art_maze) by extensions ['ignore', 'ignore_ament_install']
[3.558s] Level 1:colcon.colcon_core.package_identification:_identify(src/art_gallery/art_maze) by extension 'ignore'
[3.558s] Level 1:colcon.colcon_core.package_identification:_identify(src/art_gallery/art_maze) by extension 'ignore_ament_install'
[3.559s] Level 1:colcon.colcon_core.package_identification:_identify(src/art_gallery/art_maze) by extensions ['colcon_pkg']
[3.559s] Level 1:colcon.colcon_core.package_identification:_identify(src/art_gallery/art_maze) by extension 'colcon_pkg'
[3.559s] Level 1:colcon.colcon_core.package_identification:_identify(src/art_gallery/art_maze) by extensions ['colcon_meta']
[3.559s] Level 1:colcon.colcon_core.package_identification:_identify(src/art_gallery/art_maze) by extension 'colcon_meta'
[3.560s] Level 1:colcon.colcon_core.package_identification:_identify(src/art_gallery/art_maze) by extensions ['ros']
[3.560s] Level 1:colcon.colcon_core.package_identification:_identify(src/art_gallery/art_maze) by extension 'ros'
[3.582s] DEBUG:colcon.colcon_core.package_identification:Package 'src/art_gallery/art_maze' with type 'ros.ament_cmake' and name 'art_maze'
[3.583s] Level 1:colcon.colcon_core.package_identification:_identify(src/art_gallery/challenge_2025) by extensions ['ignore', 'ignore_ament_install']
[3.584s] Level 1:colcon.colcon_core.package_identification:_identify(src/art_gallery/challenge_2025) by extension 'ignore'
[3.584s] Level 1:colcon.colcon_core.package_identification:_identify(src/art_gallery/challenge_2025) by extension 'ignore_ament_install'
[3.584s] Level 1:colcon.colcon_core.package_identification:_identify(src/art_gallery/challenge_2025) by extensions ['colcon_pkg']
[3.585s] Level 1:colcon.colcon_core.package_identification:_identify(src/art_gallery/challenge_2025) by extension 'colcon_pkg'
[3.585s] Level 1:colcon.colcon_core.package_identification:_identify(src/art_gallery/challenge_2025) by extensions ['colcon_meta']
[3.585s] Level 1:colcon.colcon_core.package_identification:_identify(src/art_gallery/challenge_2025) by extension 'colcon_meta'
[3.586s] Level 1:colcon.colcon_core.package_identification:_identify(src/art_gallery/challenge_2025) by extensions ['ros']
[3.587s] Level 1:colcon.colcon_core.package_identification:_identify(src/art_gallery/challenge_2025) by extension 'ros'
[3.597s] DEBUG:colcon.colcon_core.package_identification:Package 'src/art_gallery/challenge_2025' with type 'ros.ament_python' and name 'challenge_2025'
[3.597s] Level 1:colcon.colcon_core.package_identification:_identify(src/art_gallery/curator) by extensions ['ignore', 'ignore_ament_install']
[3.598s] Level 1:colcon.colcon_core.package_identification:_identify(src/art_gallery/curator) by extension 'ignore'
[3.599s] Level 1:colcon.colcon_core.package_identification:_identify(src/art_gallery/curator) by extension 'ignore_ament_install'
[3.599s] Level 1:colcon.colcon_core.package_identification:_identify(src/art_gallery/curator) by extensions ['colcon_pkg']
[3.599s] Level 1:colcon.colcon_core.package_identification:_identify(src/art_gallery/curator) by extension 'colcon_pkg'
[3.599s] Level 1:colcon.colcon_core.package_identification:_identify(src/art_gallery/curator) by extensions ['colcon_meta']
[3.600s] Level 1:colcon.colcon_core.package_identification:_identify(src/art_gallery/curator) by extension 'colcon_meta'
[3.600s] Level 1:colcon.colcon_core.package_identification:_identify(src/art_gallery/curator) by extensions ['ros']
[3.600s] Level 1:colcon.colcon_core.package_identification:_identify(src/art_gallery/curator) by extension 'ros'
[3.613s] DEBUG:colcon.colcon_core.package_identification:Package 'src/art_gallery/curator' with type 'ros.ament_python' and name 'curator'
[3.613s] Level 1:colcon.colcon_core.package_identification:_identify(src/art_gallery/tb3_description) by extensions ['ignore', 'ignore_ament_install']
[3.614s] Level 1:colcon.colcon_core.package_identification:_identify(src/art_gallery/tb3_description) by extension 'ignore'
[3.614s] Level 1:colcon.colcon_core.package_identification:_identify(src/art_gallery/tb3_description) by extension 'ignore_ament_install'
[3.615s] Level 1:colcon.colcon_core.package_identification:_identify(src/art_gallery/tb3_description) by extensions ['colcon_pkg']
[3.615s] Level 1:colcon.colcon_core.package_identification:_identify(src/art_gallery/tb3_description) by extension 'colcon_pkg'
[3.615s] Level 1:colcon.colcon_core.package_identification:_identify(src/art_gallery/tb3_description) by extensions ['colcon_meta']
[3.616s] Level 1:colcon.colcon_core.package_identification:_identify(src/art_gallery/tb3_description) by extension 'colcon_meta'
[3.616s] Level 1:colcon.colcon_core.package_identification:_identify(src/art_gallery/tb3_description) by extensions ['ros']
[3.616s] Level 1:colcon.colcon_core.package_identification:_identify(src/art_gallery/tb3_description) by extension 'ros'
[3.620s] DEBUG:colcon.colcon_core.package_identification:Package 'src/art_gallery/tb3_description' with type 'ros.ament_python' and name 'tb3_description'
[3.620s] Level 1:colcon.colcon_core.package_identification:_identify(src/art_gallery/tb3_gazebo) by extensions ['ignore', 'ignore_ament_install']
[3.621s] Level 1:colcon.colcon_core.package_identification:_identify(src/art_gallery/tb3_gazebo) by extension 'ignore'
[3.622s] Level 1:colcon.colcon_core.package_identification:_identify(src/art_gallery/tb3_gazebo) by extension 'ignore_ament_install'
[3.624s] Level 1:colcon.colcon_core.package_identification:_identify(src/art_gallery/tb3_gazebo) by extensions ['colcon_pkg']
[3.628s] Level 1:colcon.colcon_core.package_identification:_identify(src/art_gallery/tb3_gazebo) by extension 'colcon_pkg'
[3.629s] Level 1:colcon.colcon_core.package_identification:_identify(src/art_gallery/tb3_gazebo) by extensions ['colcon_meta']
[3.629s] Level 1:colcon.colcon_core.package_identification:_identify(src/art_gallery/tb3_gazebo) by extension 'colcon_meta'
[3.629s] Level 1:colcon.colcon_core.package_identification:_identify(src/art_gallery/tb3_gazebo) by extensions ['ros']
[3.630s] Level 1:colcon.colcon_core.package_identification:_identify(src/art_gallery/tb3_gazebo) by extension 'ros'
[3.635s] DEBUG:colcon.colcon_core.package_identification:Package 'src/art_gallery/tb3_gazebo' with type 'ros.ament_cmake' and name 'tb3_gazebo'
[3.636s] Level 1:colcon.colcon_core.package_identification:_identify(src/create3_examples) by extensions ['ignore', 'ignore_ament_install']
[3.637s] Level 1:colcon.colcon_core.package_identification:_identify(src/create3_examples) by extension 'ignore'
[3.637s] Level 1:colcon.colcon_core.package_identification:_identify(src/create3_examples) by extension 'ignore_ament_install'
[3.638s] Level 1:colcon.colcon_core.package_identification:_identify(src/create3_examples) by extensions ['colcon_pkg']
[3.638s] Level 1:colcon.colcon_core.package_identification:_identify(src/create3_examples) by extension 'colcon_pkg'
[3.638s] Level 1:colcon.colcon_core.package_identification:_identify(src/create3_examples) by extensions ['colcon_meta']
[3.639s] Level 1:colcon.colcon_core.package_identification:_identify(src/create3_examples) by extension 'colcon_meta'
[3.642s] Level 1:colcon.colcon_core.package_identification:_identify(src/create3_examples) by extensions ['ros']
[3.643s] Level 1:colcon.colcon_core.package_identification:_identify(src/create3_examples) by extension 'ros'
[3.643s] Level 1:colcon.colcon_core.package_identification:_identify(src/create3_examples) by extensions ['cmake', 'python']
[3.644s] Level 1:colcon.colcon_core.package_identification:_identify(src/create3_examples) by extension 'cmake'
[3.644s] Level 1:colcon.colcon_core.package_identification:_identify(src/create3_examples) by extension 'python'
[3.645s] Level 1:colcon.colcon_core.package_identification:_identify(src/create3_examples) by extensions ['python_setup_py']
[3.646s] Level 1:colcon.colcon_core.package_identification:_identify(src/create3_examples) by extension 'python_setup_py'
[3.648s] Level 1:colcon.colcon_core.package_identification:_identify(src/my_first_package) by extensions ['ignore', 'ignore_ament_install']
[3.649s] Level 1:colcon.colcon_core.package_identification:_identify(src/my_first_package) by extension 'ignore'
[3.650s] Level 1:colcon.colcon_core.package_identification:_identify(src/my_first_package) by extension 'ignore_ament_install'
[3.650s] Level 1:colcon.colcon_core.package_identification:_identify(src/my_first_package) by extensions ['colcon_pkg']
[3.650s] Level 1:colcon.colcon_core.package_identification:_identify(src/my_first_package) by extension 'colcon_pkg'
[3.651s] Level 1:colcon.colcon_core.package_identification:_identify(src/my_first_package) by extensions ['colcon_meta']
[3.651s] Level 1:colcon.colcon_core.package_identification:_identify(src/my_first_package) by extension 'colcon_meta'
[3.651s] Level 1:colcon.colcon_core.package_identification:_identify(src/my_first_package) by extensions ['ros']
[3.651s] Level 1:colcon.colcon_core.package_identification:_identify(src/my_first_package) by extension 'ros'
[3.652s] Level 1:colcon.colcon_core.package_identification:_identify(src/my_first_package) by extensions ['cmake', 'python']
[3.652s] Level 1:colcon.colcon_core.package_identification:_identify(src/my_first_package) by extension 'cmake'
[3.652s] Level 1:colcon.colcon_core.package_identification:_identify(src/my_first_package) by extension 'python'
[3.653s] Level 1:colcon.colcon_core.package_identification:_identify(src/my_first_package) by extensions ['python_setup_py']
[3.653s] Level 1:colcon.colcon_core.package_identification:_identify(src/my_first_package) by extension 'python_setup_py'
[3.653s] Level 1:colcon.colcon_core.package_identification:_identify(src/my_first_package/my_first_package) by extensions ['ignore', 'ignore_ament_install']
[3.654s] Level 1:colcon.colcon_core.package_identification:_identify(src/my_first_package/my_first_package) by extension 'ignore'
[3.654s] Level 1:colcon.colcon_core.package_identification:_identify(src/my_first_package/my_first_package) by extension 'ignore_ament_install'
[3.658s] Level 1:colcon.colcon_core.package_identification:_identify(src/my_first_package/my_first_package) by extensions ['colcon_pkg']
[3.661s] Level 1:colcon.colcon_core.package_identification:_identify(src/my_first_package/my_first_package) by extension 'colcon_pkg'
[3.666s] Level 1:colcon.colcon_core.package_identification:_identify(src/my_first_package/my_first_package) by extensions ['colcon_meta']
[3.666s] Level 1:colcon.colcon_core.package_identification:_identify(src/my_first_package/my_first_package) by extension 'colcon_meta'
[3.666s] Level 1:colcon.colcon_core.package_identification:_identify(src/my_first_package/my_first_package) by extensions ['ros']
[3.667s] Level 1:colcon.colcon_core.package_identification:_identify(src/my_first_package/my_first_package) by extension 'ros'
[3.667s] Level 1:colcon.colcon_core.package_identification:_identify(src/my_first_package/my_first_package) by extensions ['cmake', 'python']
[3.668s] Level 1:colcon.colcon_core.package_identification:_identify(src/my_first_package/my_first_package) by extension 'cmake'
[3.668s] Level 1:colcon.colcon_core.package_identification:_identify(src/my_first_package/my_first_package) by extension 'python'
[3.668s] Level 1:colcon.colcon_core.package_identification:_identify(src/my_first_package/my_first_package) by extensions ['python_setup_py']
[3.668s] Level 1:colcon.colcon_core.package_identification:_identify(src/my_first_package/my_first_package) by extension 'python_setup_py'
[3.669s] Level 1:colcon.colcon_core.package_identification:_identify(src/my_robot_navigation) by extensions ['ignore', 'ignore_ament_install']
[3.670s] Level 1:colcon.colcon_core.package_identification:_identify(src/my_robot_navigation) by extension 'ignore'
[3.670s] Level 1:colcon.colcon_core.package_identification:_identify(src/my_robot_navigation) by extension 'ignore_ament_install'
[3.671s] Level 1:colcon.colcon_core.package_identification:_identify(src/my_robot_navigation) by extensions ['colcon_pkg']
[3.671s] Level 1:colcon.colcon_core.package_identification:_identify(src/my_robot_navigation) by extension 'colcon_pkg'
[3.671s] Level 1:colcon.colcon_core.package_identification:_identify(src/my_robot_navigation) by extensions ['colcon_meta']
[3.671s] Level 1:colcon.colcon_core.package_identification:_identify(src/my_robot_navigation) by extension 'colcon_meta'
[3.672s] Level 1:colcon.colcon_core.package_identification:_identify(src/my_robot_navigation) by extensions ['ros']
[3.672s] Level 1:colcon.colcon_core.package_identification:_identify(src/my_robot_navigation) by extension 'ros'
[3.687s] DEBUG:colcon.colcon_core.package_identification:Package 'src/my_robot_navigation' with type 'ros.ament_python' and name 'my_robot_navigation'
[3.688s] Level 1:colcon.colcon_core.package_identification:_identify(src/my_robot_slam) by extensions ['ignore', 'ignore_ament_install']
[3.688s] Level 1:colcon.colcon_core.package_identification:_identify(src/my_robot_slam) by extension 'ignore'
[3.688s] Level 1:colcon.colcon_core.package_identification:_identify(src/my_robot_slam) by extension 'ignore_ament_install'
[3.689s] Level 1:colcon.colcon_core.package_identification:_identify(src/my_robot_slam) by extensions ['colcon_pkg']
[3.689s] Level 1:colcon.colcon_core.package_identification:_identify(src/my_robot_slam) by extension 'colcon_pkg'
[3.689s] Level 1:colcon.colcon_core.package_identification:_identify(src/my_robot_slam) by extensions ['colcon_meta']
[3.690s] Level 1:colcon.colcon_core.package_identification:_identify(src/my_robot_slam) by extension 'colcon_meta'
[3.690s] Level 1:colcon.colcon_core.package_identification:_identify(src/my_robot_slam) by extensions ['ros']
[3.690s] Level 1:colcon.colcon_core.package_identification:_identify(src/my_robot_slam) by extension 'ros'
[3.699s] DEBUG:colcon.colcon_core.package_identification:Package 'src/my_robot_slam' with type 'ros.ament_cmake' and name 'my_robot_slam'
[3.707s] Level 1:colcon.colcon_core.package_identification:_identify(src/object_detection) by extensions ['ignore', 'ignore_ament_install']
[3.707s] Level 1:colcon.colcon_core.package_identification:_identify(src/object_detection) by extension 'ignore'
[3.708s] Level 1:colcon.colcon_core.package_identification:_identify(src/object_detection) by extension 'ignore_ament_install'
[3.708s] Level 1:colcon.colcon_core.package_identification:_identify(src/object_detection) by extensions ['colcon_pkg']
[3.708s] Level 1:colcon.colcon_core.package_identification:_identify(src/object_detection) by extension 'colcon_pkg'
[3.708s] Level 1:colcon.colcon_core.package_identification:_identify(src/object_detection) by extensions ['colcon_meta']
[3.709s] Level 1:colcon.colcon_core.package_identification:_identify(src/object_detection) by extension 'colcon_meta'
[3.709s] Level 1:colcon.colcon_core.package_identification:_identify(src/object_detection) by extensions ['ros']
[3.709s] Level 1:colcon.colcon_core.package_identification:_identify(src/object_detection) by extension 'ros'
[3.716s] DEBUG:colcon.colcon_core.package_identification:Package 'src/object_detection' with type 'ros.ament_python' and name 'object_detection'
[3.717s] Level 1:colcon.colcon_core.package_identification:_identify(src/pub_sub) by extensions ['ignore', 'ignore_ament_install']
[3.720s] Level 1:colcon.colcon_core.package_identification:_identify(src/pub_sub) by extension 'ignore'
[3.721s] Level 1:colcon.colcon_core.package_identification:_identify(src/pub_sub) by extension 'ignore_ament_install'
[3.725s] Level 1:colcon.colcon_core.package_identification:_identify(src/pub_sub) by extensions ['colcon_pkg']
[3.725s] Level 1:colcon.colcon_core.package_identification:_identify(src/pub_sub) by extension 'colcon_pkg'
[3.725s] Level 1:colcon.colcon_core.package_identification:_identify(src/pub_sub) by extensions ['colcon_meta']
[3.725s] Level 1:colcon.colcon_core.package_identification:_identify(src/pub_sub) by extension 'colcon_meta'
[3.726s] Level 1:colcon.colcon_core.package_identification:_identify(src/pub_sub) by extensions ['ros']
[3.726s] Level 1:colcon.colcon_core.package_identification:_identify(src/pub_sub) by extension 'ros'
[3.730s] DEBUG:colcon.colcon_core.package_identification:Package 'src/pub_sub' with type 'ros.ament_python' and name 'pub_sub'
[3.731s] Level 1:colcon.colcon_core.package_identification:_identify(src/robot_bringup) by extensions ['ignore', 'ignore_ament_install']
[3.732s] Level 1:colcon.colcon_core.package_identification:_identify(src/robot_bringup) by extension 'ignore'
[3.732s] Level 1:colcon.colcon_core.package_identification:_identify(src/robot_bringup) by extension 'ignore_ament_install'
[3.732s] Level 1:colcon.colcon_core.package_identification:_identify(src/robot_bringup) by extensions ['colcon_pkg']
[3.733s] Level 1:colcon.colcon_core.package_identification:_identify(src/robot_bringup) by extension 'colcon_pkg'
[3.733s] Level 1:colcon.colcon_core.package_identification:_identify(src/robot_bringup) by extensions ['colcon_meta']
[3.733s] Level 1:colcon.colcon_core.package_identification:_identify(src/robot_bringup) by extension 'colcon_meta'
[3.734s] Level 1:colcon.colcon_core.package_identification:_identify(src/robot_bringup) by extensions ['ros']
[3.734s] Level 1:colcon.colcon_core.package_identification:_identify(src/robot_bringup) by extension 'ros'
[3.738s] DEBUG:colcon.colcon_core.package_identification:Package 'src/robot_bringup' with type 'ros.ament_python' and name 'robot_bringup'
[3.740s] Level 1:colcon.colcon_core.package_identification:_identify(src/rplidar-ros) by extensions ['ignore', 'ignore_ament_install']
[3.743s] Level 1:colcon.colcon_core.package_identification:_identify(src/rplidar-ros) by extension 'ignore'
[3.744s] Level 1:colcon.colcon_core.package_identification:_identify(src/rplidar-ros) by extension 'ignore_ament_install'
[3.746s] Level 1:colcon.colcon_core.package_identification:_identify(src/rplidar-ros) by extensions ['colcon_pkg']
[3.746s] Level 1:colcon.colcon_core.package_identification:_identify(src/rplidar-ros) by extension 'colcon_pkg'
[3.747s] Level 1:colcon.colcon_core.package_identification:_identify(src/rplidar-ros) by extensions ['colcon_meta']
[3.747s] Level 1:colcon.colcon_core.package_identification:_identify(src/rplidar-ros) by extension 'colcon_meta'
[3.748s] Level 1:colcon.colcon_core.package_identification:_identify(src/rplidar-ros) by extensions ['ros']
[3.748s] Level 1:colcon.colcon_core.package_identification:_identify(src/rplidar-ros) by extension 'ros'
[3.755s] DEBUG:colcon.colcon_core.package_identification:Package 'src/rplidar-ros' with type 'ros.ament_cmake' and name 'rplidar_ros'
[3.757s] Level 1:colcon.colcon_core.package_identification:_identify(src/simulation) by extensions ['ignore', 'ignore_ament_install']
[3.759s] Level 1:colcon.colcon_core.package_identification:_identify(src/simulation) by extension 'ignore'
[3.760s] Level 1:colcon.colcon_core.package_identification:_identify(src/simulation) by extension 'ignore_ament_install'
[3.760s] Level 1:colcon.colcon_core.package_identification:_identify(src/simulation) by extensions ['colcon_pkg']
[3.760s] Level 1:colcon.colcon_core.package_identification:_identify(src/simulation) by extension 'colcon_pkg'
[3.761s] Level 1:colcon.colcon_core.package_identification:_identify(src/simulation) by extensions ['colcon_meta']
[3.763s] Level 1:colcon.colcon_core.package_identification:_identify(src/simulation) by extension 'colcon_meta'
[3.763s] Level 1:colcon.colcon_core.package_identification:_identify(src/simulation) by extensions ['ros']
[3.763s] Level 1:colcon.colcon_core.package_identification:_identify(src/simulation) by extension 'ros'
[3.764s] Level 1:colcon.colcon_core.package_identification:_identify(src/simulation) by extensions ['cmake', 'python']
[3.764s] Level 1:colcon.colcon_core.package_identification:_identify(src/simulation) by extension 'cmake'
[3.765s] Level 1:colcon.colcon_core.package_identification:_identify(src/simulation) by extension 'python'
[3.765s] Level 1:colcon.colcon_core.package_identification:_identify(src/simulation) by extensions ['python_setup_py']
[3.765s] Level 1:colcon.colcon_core.package_identification:_identify(src/simulation) by extension 'python_setup_py'
[3.766s] Level 1:colcon.colcon_core.package_identification:_identify(src/simulation/build) by extensions ['ignore', 'ignore_ament_install']
[3.766s] Level 1:colcon.colcon_core.package_identification:_identify(src/simulation/build) by extension 'ignore'
[3.767s] Level 1:colcon.colcon_core.package_identification:_identify(src/simulation/build) ignored
[3.768s] Level 1:colcon.colcon_core.package_identification:_identify(src/simulation/install) by extensions ['ignore', 'ignore_ament_install']
[3.768s] Level 1:colcon.colcon_core.package_identification:_identify(src/simulation/install) by extension 'ignore'
[3.768s] Level 1:colcon.colcon_core.package_identification:_identify(src/simulation/install) ignored
[3.769s] Level 1:colcon.colcon_core.package_identification:_identify(src/simulation/log) by extensions ['ignore', 'ignore_ament_install']
[3.770s] Level 1:colcon.colcon_core.package_identification:_identify(src/simulation/log) by extension 'ignore'
[3.770s] Level 1:colcon.colcon_core.package_identification:_identify(src/simulation/log) ignored
[3.770s] Level 1:colcon.colcon_core.package_identification:_identify(src/tag_detection) by extensions ['ignore', 'ignore_ament_install']
[3.771s] Level 1:colcon.colcon_core.package_identification:_identify(src/tag_detection) by extension 'ignore'
[3.771s] Level 1:colcon.colcon_core.package_identification:_identify(src/tag_detection) by extension 'ignore_ament_install'
[3.776s] Level 1:colcon.colcon_core.package_identification:_identify(src/tag_detection) by extensions ['colcon_pkg']
[3.776s] Level 1:colcon.colcon_core.package_identification:_identify(src/tag_detection) by extension 'colcon_pkg'
[3.777s] Level 1:colcon.colcon_core.package_identification:_identify(src/tag_detection) by extensions ['colcon_meta']
[3.778s] Level 1:colcon.colcon_core.package_identification:_identify(src/tag_detection) by extension 'colcon_meta'
[3.780s] Level 1:colcon.colcon_core.package_identification:_identify(src/tag_detection) by extensions ['ros']
[3.780s] Level 1:colcon.colcon_core.package_identification:_identify(src/tag_detection) by extension 'ros'
[3.788s] DEBUG:colcon.colcon_core.package_identification:Package 'src/tag_detection' with type 'ros.ament_python' and name 'tag_detection'
[3.788s] Level 1:colcon.colcon_core.package_identification:_identify(src/teleop) by extensions ['ignore', 'ignore_ament_install']
[3.789s] Level 1:colcon.colcon_core.package_identification:_identify(src/teleop) by extension 'ignore'
[3.789s] Level 1:colcon.colcon_core.package_identification:_identify(src/teleop) by extension 'ignore_ament_install'
[3.790s] Level 1:colcon.colcon_core.package_identification:_identify(src/teleop) by extensions ['colcon_pkg']
[3.790s] Level 1:colcon.colcon_core.package_identification:_identify(src/teleop) by extension 'colcon_pkg'
[3.790s] Level 1:colcon.colcon_core.package_identification:_identify(src/teleop) by extensions ['colcon_meta']
[3.791s] Level 1:colcon.colcon_core.package_identification:_identify(src/teleop) by extension 'colcon_meta'
[3.791s] Level 1:colcon.colcon_core.package_identification:_identify(src/teleop) by extensions ['ros']
[3.791s] Level 1:colcon.colcon_core.package_identification:_identify(src/teleop) by extension 'ros'
[3.799s] DEBUG:colcon.colcon_core.package_identification:Package 'src/teleop' with type 'ros.ament_python' and name 'teleop'
[3.801s] Level 1:colcon.colcon_core.package_identification:_identify(vs_worspace) by extensions ['ignore', 'ignore_ament_install']
[3.802s] Level 1:colcon.colcon_core.package_identification:_identify(vs_worspace) by extension 'ignore'
[3.804s] Level 1:colcon.colcon_core.package_identification:_identify(vs_worspace) by extension 'ignore_ament_install'
[3.804s] Level 1:colcon.colcon_core.package_identification:_identify(vs_worspace) by extensions ['colcon_pkg']
[3.805s] Level 1:colcon.colcon_core.package_identification:_identify(vs_worspace) by extension 'colcon_pkg'
[3.805s] Level 1:colcon.colcon_core.package_identification:_identify(vs_worspace) by extensions ['colcon_meta']
[3.805s] Level 1:colcon.colcon_core.package_identification:_identify(vs_worspace) by extension 'colcon_meta'
[3.805s] Level 1:colcon.colcon_core.package_identification:_identify(vs_worspace) by extensions ['ros']
[3.806s] Level 1:colcon.colcon_core.package_identification:_identify(vs_worspace) by extension 'ros'
[3.807s] Level 1:colcon.colcon_core.package_identification:_identify(vs_worspace) by extensions ['cmake', 'python']
[3.807s] Level 1:colcon.colcon_core.package_identification:_identify(vs_worspace) by extension 'cmake'
[3.807s] Level 1:colcon.colcon_core.package_identification:_identify(vs_worspace) by extension 'python'
[3.807s] Level 1:colcon.colcon_core.package_identification:_identify(vs_worspace) by extensions ['python_setup_py']
[3.808s] Level 1:colcon.colcon_core.package_identification:_identify(vs_worspace) by extension 'python_setup_py'
[3.808s] Level 1:colcon.colcon_core.package_discovery:discover_packages(recursive) using defaults
[3.808s] Level 1:colcon.colcon_core.package_discovery:discover_packages(ignore) discover
[3.808s] Level 1:colcon.colcon_core.package_discovery:discover_packages(ignore) using defaults
[3.809s] Level 1:colcon.colcon_core.package_discovery:discover_packages(path) discover
[3.809s] Level 1:colcon.colcon_core.package_discovery:discover_packages(path) using defaults
[4.139s] Level 1:colcon.colcon_core.package_discovery:discover_packages(prefix_path) check parameters
[4.142s] Level 1:colcon.colcon_core.package_discovery:discover_packages(prefix_path) discover
[4.174s] DEBUG:colcon.colcon_installed_package_information.package_discovery:Found 14 installed packages in /home/harry/robotik/install
[4.195s] DEBUG:colcon.colcon_installed_package_information.package_discovery:Found 342 installed packages in /opt/ros/humble
[4.231s] Level 1:colcon.colcon_core.package_discovery:discover_packages(prefix_path) using defaults
[4.976s] Level 5:colcon.colcon_core.verb:set package 'art_maze' build argument 'cmake_args' from command line to 'None'
[4.976s] Level 5:colcon.colcon_core.verb:set package 'art_maze' build argument 'cmake_target' from command line to 'None'
[4.976s] Level 5:colcon.colcon_core.verb:set package 'art_maze' build argument 'cmake_target_skip_unavailable' from command line to 'False'
[4.977s] Level 5:colcon.colcon_core.verb:set package 'art_maze' build argument 'cmake_clean_cache' from command line to 'False'
[4.977s] Level 5:colcon.colcon_core.verb:set package 'art_maze' build argument 'cmake_clean_first' from command line to 'False'
[4.977s] Level 5:colcon.colcon_core.verb:set package 'art_maze' build argument 'cmake_force_configure' from command line to 'False'
[4.977s] Level 5:colcon.colcon_core.verb:set package 'art_maze' build argument 'ament_cmake_args' from command line to 'None'
[4.983s] Level 5:colcon.colcon_core.verb:set package 'art_maze' build argument 'catkin_cmake_args' from command line to 'None'
[4.983s] Level 5:colcon.colcon_core.verb:set package 'art_maze' build argument 'catkin_skip_building_tests' from command line to 'False'
[4.984s] DEBUG:colcon.colcon_core.verb:Building package 'art_maze' with the following arguments: {'ament_cmake_args': None, 'build_base': '/home/harry/robotik/build/art_maze', 'catkin_cmake_args': None, 'catkin_skip_building_tests': False, 'cmake_args': None, 'cmake_clean_cache': False, 'cmake_clean_first': False, 'cmake_force_configure': False, 'cmake_target': None, 'cmake_target_skip_unavailable': False, 'install_base': '/home/harry/robotik/install/art_maze', 'merge_install': False, 'path': '/home/harry/robotik/src/art_gallery/art_maze', 'symlink_install': False, 'test_result_base': None}
[4.990s] Level 5:colcon.colcon_core.verb:set package 'challenge_2025' build argument 'cmake_args' from command line to 'None'
[4.991s] Level 5:colcon.colcon_core.verb:set package 'challenge_2025' build argument 'cmake_target' from command line to 'None'
[4.991s] Level 5:colcon.colcon_core.verb:set package 'challenge_2025' build argument 'cmake_target_skip_unavailable' from command line to 'False'
[4.991s] Level 5:colcon.colcon_core.verb:set package 'challenge_2025' build argument 'cmake_clean_cache' from command line to 'False'
[4.991s] Level 5:colcon.colcon_core.verb:set package 'challenge_2025' build argument 'cmake_clean_first' from command line to 'False'
[4.991s] Level 5:colcon.colcon_core.verb:set package 'challenge_2025' build argument 'cmake_force_configure' from command line to 'False'
[4.991s] Level 5:colcon.colcon_core.verb:set package 'challenge_2025' build argument 'ament_cmake_args' from command line to 'None'
[4.992s] Level 5:colcon.colcon_core.verb:set package 'challenge_2025' build argument 'catkin_cmake_args' from command line to 'None'
[4.992s] Level 5:colcon.colcon_core.verb:set package 'challenge_2025' build argument 'catkin_skip_building_tests' from command line to 'False'
[4.992s] DEBUG:colcon.colcon_core.verb:Building package 'challenge_2025' with the following arguments: {'ament_cmake_args': None, 'build_base': '/home/harry/robotik/build/challenge_2025', 'catkin_cmake_args': None, 'catkin_skip_building_tests': False, 'cmake_args': None, 'cmake_clean_cache': False, 'cmake_clean_first': False, 'cmake_force_configure': False, 'cmake_target': None, 'cmake_target_skip_unavailable': False, 'install_base': '/home/harry/robotik/install/challenge_2025', 'merge_install': False, 'path': '/home/harry/robotik/src/art_gallery/challenge_2025', 'symlink_install': False, 'test_result_base': None}
[4.995s] Level 5:colcon.colcon_core.verb:set package 'curator' build argument 'cmake_args' from command line to 'None'
[4.995s] Level 5:colcon.colcon_core.verb:set package 'curator' build argument 'cmake_target' from command line to 'None'
[4.995s] Level 5:colcon.colcon_core.verb:set package 'curator' build argument 'cmake_target_skip_unavailable' from command line to 'False'
[4.996s] Level 5:colcon.colcon_core.verb:set package 'curator' build argument 'cmake_clean_cache' from command line to 'False'
[4.996s] Level 5:colcon.colcon_core.verb:set package 'curator' build argument 'cmake_clean_first' from command line to 'False'
[4.996s] Level 5:colcon.colcon_core.verb:set package 'curator' build argument 'cmake_force_configure' from command line to 'False'
[4.996s] Level 5:colcon.colcon_core.verb:set package 'curator' build argument 'ament_cmake_args' from command line to 'None'
[4.996s] Level 5:colcon.colcon_core.verb:set package 'curator' build argument 'catkin_cmake_args' from command line to 'None'
[4.996s] Level 5:colcon.colcon_core.verb:set package 'curator' build argument 'catkin_skip_building_tests' from command line to 'False'
[4.996s] DEBUG:colcon.colcon_core.verb:Building package 'curator' with the following arguments: {'ament_cmake_args': None, 'build_base': '/home/harry/robotik/build/curator', 'catkin_cmake_args': None, 'catkin_skip_building_tests': False, 'cmake_args': None, 'cmake_clean_cache': False, 'cmake_clean_first': False, 'cmake_force_configure': False, 'cmake_target': None, 'cmake_target_skip_unavailable': False, 'install_base': '/home/harry/robotik/install/curator', 'merge_install': False, 'path': '/home/harry/robotik/src/art_gallery/curator', 'symlink_install': False, 'test_result_base': None}
[5.009s] Level 5:colcon.colcon_core.verb:set package 'my_robot_navigation' build argument 'cmake_args' from command line to 'None'
[5.009s] Level 5:colcon.colcon_core.verb:set package 'my_robot_navigation' build argument 'cmake_target' from command line to 'None'
[5.009s] Level 5:colcon.colcon_core.verb:set package 'my_robot_navigation' build argument 'cmake_target_skip_unavailable' from command line to 'False'
[5.009s] Level 5:colcon.colcon_core.verb:set package 'my_robot_navigation' build argument 'cmake_clean_cache' from command line to 'False'
[5.010s] Level 5:colcon.colcon_core.verb:set package 'my_robot_navigation' build argument 'cmake_clean_first' from command line to 'False'
[5.010s] Level 5:colcon.colcon_core.verb:set package 'my_robot_navigation' build argument 'cmake_force_configure' from command line to 'False'
[5.010s] Level 5:colcon.colcon_core.verb:set package 'my_robot_navigation' build argument 'ament_cmake_args' from command line to 'None'
[5.010s] Level 5:colcon.colcon_core.verb:set package 'my_robot_navigation' build argument 'catkin_cmake_args' from command line to 'None'
[5.010s] Level 5:colcon.colcon_core.verb:set package 'my_robot_navigation' build argument 'catkin_skip_building_tests' from command line to 'False'
[5.011s] DEBUG:colcon.colcon_core.verb:Building package 'my_robot_navigation' with the following arguments: {'ament_cmake_args': None, 'build_base': '/home/harry/robotik/build/my_robot_navigation', 'catkin_cmake_args': None, 'catkin_skip_building_tests': False, 'cmake_args': None, 'cmake_clean_cache': False, 'cmake_clean_first': False, 'cmake_force_configure': False, 'cmake_target': None, 'cmake_target_skip_unavailable': False, 'install_base': '/home/harry/robotik/install/my_robot_navigation', 'merge_install': False, 'path': '/home/harry/robotik/src/my_robot_navigation', 'symlink_install': False, 'test_result_base': None}
[5.013s] Level 5:colcon.colcon_core.verb:set package 'my_robot_slam' build argument 'cmake_args' from command line to 'None'
[5.013s] Level 5:colcon.colcon_core.verb:set package 'my_robot_slam' build argument 'cmake_target' from command line to 'None'
[5.014s] Level 5:colcon.colcon_core.verb:set package 'my_robot_slam' build argument 'cmake_target_skip_unavailable' from command line to 'False'
[5.014s] Level 5:colcon.colcon_core.verb:set package 'my_robot_slam' build argument 'cmake_clean_cache' from command line to 'False'
[5.014s] Level 5:colcon.colcon_core.verb:set package 'my_robot_slam' build argument 'cmake_clean_first' from command line to 'False'
[5.014s] Level 5:colcon.colcon_core.verb:set package 'my_robot_slam' build argument 'cmake_force_configure' from command line to 'False'
[5.014s] Level 5:colcon.colcon_core.verb:set package 'my_robot_slam' build argument 'ament_cmake_args' from command line to 'None'
[5.015s] Level 5:colcon.colcon_core.verb:set package 'my_robot_slam' build argument 'catkin_cmake_args' from command line to 'None'
[5.015s] Level 5:colcon.colcon_core.verb:set package 'my_robot_slam' build argument 'catkin_skip_building_tests' from command line to 'False'
[5.015s] DEBUG:colcon.colcon_core.verb:Building package 'my_robot_slam' with the following arguments: {'ament_cmake_args': None, 'build_base': '/home/harry/robotik/build/my_robot_slam', 'catkin_cmake_args': None, 'catkin_skip_building_tests': False, 'cmake_args': None, 'cmake_clean_cache': False, 'cmake_clean_first': False, 'cmake_force_configure': False, 'cmake_target': None, 'cmake_target_skip_unavailable': False, 'install_base': '/home/harry/robotik/install/my_robot_slam', 'merge_install': False, 'path': '/home/harry/robotik/src/my_robot_slam', 'symlink_install': False, 'test_result_base': None}
[5.017s] Level 5:colcon.colcon_core.verb:set package 'object_detection' build argument 'cmake_args' from command line to 'None'
[5.017s] Level 5:colcon.colcon_core.verb:set package 'object_detection' build argument 'cmake_target' from command line to 'None'
[5.018s] Level 5:colcon.colcon_core.verb:set package 'object_detection' build argument 'cmake_target_skip_unavailable' from command line to 'False'
[5.018s] Level 5:colcon.colcon_core.verb:set package 'object_detection' build argument 'cmake_clean_cache' from command line to 'False'
[5.018s] Level 5:colcon.colcon_core.verb:set package 'object_detection' build argument 'cmake_clean_first' from command line to 'False'
[5.018s] Level 5:colcon.colcon_core.verb:set package 'object_detection' build argument 'cmake_force_configure' from command line to 'False'
[5.018s] Level 5:colcon.colcon_core.verb:set package 'object_detection' build argument 'ament_cmake_args' from command line to 'None'
[5.018s] Level 5:colcon.colcon_core.verb:set package 'object_detection' build argument 'catkin_cmake_args' from command line to 'None'
[5.019s] Level 5:colcon.colcon_core.verb:set package 'object_detection' build argument 'catkin_skip_building_tests' from command line to 'False'
[5.019s] DEBUG:colcon.colcon_core.verb:Building package 'object_detection' with the following arguments: {'ament_cmake_args': None, 'build_base': '/home/harry/robotik/build/object_detection', 'catkin_cmake_args': None, 'catkin_skip_building_tests': False, 'cmake_args': None, 'cmake_clean_cache': False, 'cmake_clean_first': False, 'cmake_force_configure': False, 'cmake_target': None, 'cmake_target_skip_unavailable': False, 'install_base': '/home/harry/robotik/install/object_detection', 'merge_install': False, 'path': '/home/harry/robotik/src/object_detection', 'symlink_install': False, 'test_result_base': None}
[5.028s] Level 5:colcon.colcon_core.verb:set package 'pub_sub' build argument 'cmake_args' from command line to 'None'
[5.028s] Level 5:colcon.colcon_core.verb:set package 'pub_sub' build argument 'cmake_target' from command line to 'None'
[5.029s] Level 5:colcon.colcon_core.verb:set package 'pub_sub' build argument 'cmake_target_skip_unavailable' from command line to 'False'
[5.029s] Level 5:colcon.colcon_core.verb:set package 'pub_sub' build argument 'cmake_clean_cache' from command line to 'False'
[5.029s] Level 5:colcon.colcon_core.verb:set package 'pub_sub' build argument 'cmake_clean_first' from command line to 'False'
[5.029s] Level 5:colcon.colcon_core.verb:set package 'pub_sub' build argument 'cmake_force_configure' from command line to 'False'
[5.029s] Level 5:colcon.colcon_core.verb:set package 'pub_sub' build argument 'ament_cmake_args' from command line to 'None'
[5.029s] Level 5:colcon.colcon_core.verb:set package 'pub_sub' build argument 'catkin_cmake_args' from command line to 'None'
[5.030s] Level 5:colcon.colcon_core.verb:set package 'pub_sub' build argument 'catkin_skip_building_tests' from command line to 'False'
[5.030s] DEBUG:colcon.colcon_core.verb:Building package 'pub_sub' with the following arguments: {'ament_cmake_args': None, 'build_base': '/home/harry/robotik/build/pub_sub', 'catkin_cmake_args': None, 'catkin_skip_building_tests': False, 'cmake_args': None, 'cmake_clean_cache': False, 'cmake_clean_first': False, 'cmake_force_configure': False, 'cmake_target': None, 'cmake_target_skip_unavailable': False, 'install_base': '/home/harry/robotik/install/pub_sub', 'merge_install': False, 'path': '/home/harry/robotik/src/pub_sub', 'symlink_install': False, 'test_result_base': None}
[5.033s] Level 5:colcon.colcon_core.verb:set package 'robot_bringup' build argument 'cmake_args' from command line to 'None'
[5.033s] Level 5:colcon.colcon_core.verb:set package 'robot_bringup' build argument 'cmake_target' from command line to 'None'
[5.033s] Level 5:colcon.colcon_core.verb:set package 'robot_bringup' build argument 'cmake_target_skip_unavailable' from command line to 'False'
[5.033s] Level 5:colcon.colcon_core.verb:set package 'robot_bringup' build argument 'cmake_clean_cache' from command line to 'False'
[5.034s] Level 5:colcon.colcon_core.verb:set package 'robot_bringup' build argument 'cmake_clean_first' from command line to 'False'
[5.034s] Level 5:colcon.colcon_core.verb:set package 'robot_bringup' build argument 'cmake_force_configure' from command line to 'False'
[5.034s] Level 5:colcon.colcon_core.verb:set package 'robot_bringup' build argument 'ament_cmake_args' from command line to 'None'
[5.034s] Level 5:colcon.colcon_core.verb:set package 'robot_bringup' build argument 'catkin_cmake_args' from command line to 'None'
[5.034s] Level 5:colcon.colcon_core.verb:set package 'robot_bringup' build argument 'catkin_skip_building_tests' from command line to 'False'
[5.035s] DEBUG:colcon.colcon_core.verb:Building package 'robot_bringup' with the following arguments: {'ament_cmake_args': None, 'build_base': '/home/harry/robotik/build/robot_bringup', 'catkin_cmake_args': None, 'catkin_skip_building_tests': False, 'cmake_args': None, 'cmake_clean_cache': False, 'cmake_clean_first': False, 'cmake_force_configure': False, 'cmake_target': None, 'cmake_target_skip_unavailable': False, 'install_base': '/home/harry/robotik/install/robot_bringup', 'merge_install': False, 'path': '/home/harry/robotik/src/robot_bringup', 'symlink_install': False, 'test_result_base': None}
[5.037s] Level 5:colcon.colcon_core.verb:set package 'rplidar_ros' build argument 'cmake_args' from command line to 'None'
[5.037s] Level 5:colcon.colcon_core.verb:set package 'rplidar_ros' build argument 'cmake_target' from command line to 'None'
[5.038s] Level 5:colcon.colcon_core.verb:set package 'rplidar_ros' build argument 'cmake_target_skip_unavailable' from command line to 'False'
[5.038s] Level 5:colcon.colcon_core.verb:set package 'rplidar_ros' build argument 'cmake_clean_cache' from command line to 'False'
[5.038s] Level 5:colcon.colcon_core.verb:set package 'rplidar_ros' build argument 'cmake_clean_first' from command line to 'False'
[5.039s] Level 5:colcon.colcon_core.verb:set package 'rplidar_ros' build argument 'cmake_force_configure' from command line to 'False'
[5.040s] Level 5:colcon.colcon_core.verb:set package 'rplidar_ros' build argument 'ament_cmake_args' from command line to 'None'
[5.041s] Level 5:colcon.colcon_core.verb:set package 'rplidar_ros' build argument 'catkin_cmake_args' from command line to 'None'
[5.041s] Level 5:colcon.colcon_core.verb:set package 'rplidar_ros' build argument 'catkin_skip_building_tests' from command line to 'False'
[5.041s] DEBUG:colcon.colcon_core.verb:Building package 'rplidar_ros' with the following arguments: {'ament_cmake_args': None, 'build_base': '/home/harry/robotik/build/rplidar_ros', 'catkin_cmake_args': None, 'catkin_skip_building_tests': False, 'cmake_args': None, 'cmake_clean_cache': False, 'cmake_clean_first': False, 'cmake_force_configure': False, 'cmake_target': None, 'cmake_target_skip_unavailable': False, 'install_base': '/home/harry/robotik/install/rplidar_ros', 'merge_install': False, 'path': '/home/harry/robotik/src/rplidar-ros', 'symlink_install': False, 'test_result_base': None}
[5.045s] Level 5:colcon.colcon_core.verb:set package 'tag_detection' build argument 'cmake_args' from command line to 'None'
[5.046s] Level 5:colcon.colcon_core.verb:set package 'tag_detection' build argument 'cmake_target' from command line to 'None'
[5.046s] Level 5:colcon.colcon_core.verb:set package 'tag_detection' build argument 'cmake_target_skip_unavailable' from command line to 'False'
[5.047s] Level 5:colcon.colcon_core.verb:set package 'tag_detection' build argument 'cmake_clean_cache' from command line to 'False'
[5.047s] Level 5:colcon.colcon_core.verb:set package 'tag_detection' build argument 'cmake_clean_first' from command line to 'False'
[5.047s] Level 5:colcon.colcon_core.verb:set package 'tag_detection' build argument 'cmake_force_configure' from command line to 'False'
[5.048s] Level 5:colcon.colcon_core.verb:set package 'tag_detection' build argument 'ament_cmake_args' from command line to 'None'
[5.048s] Level 5:colcon.colcon_core.verb:set package 'tag_detection' build argument 'catkin_cmake_args' from command line to 'None'
[5.048s] Level 5:colcon.colcon_core.verb:set package 'tag_detection' build argument 'catkin_skip_building_tests' from command line to 'False'
[5.048s] DEBUG:colcon.colcon_core.verb:Building package 'tag_detection' with the following arguments: {'ament_cmake_args': None, 'build_base': '/home/harry/robotik/build/tag_detection', 'catkin_cmake_args': None, 'catkin_skip_building_tests': False, 'cmake_args': None, 'cmake_clean_cache': False, 'cmake_clean_first': False, 'cmake_force_configure': False, 'cmake_target': None, 'cmake_target_skip_unavailable': False, 'install_base': '/home/harry/robotik/install/tag_detection', 'merge_install': False, 'path': '/home/harry/robotik/src/tag_detection', 'symlink_install': False, 'test_result_base': None}
[5.051s] Level 5:colcon.colcon_core.verb:set package 'tb3_description' build argument 'cmake_args' from command line to 'None'
[5.051s] Level 5:colcon.colcon_core.verb:set package 'tb3_description' build argument 'cmake_target' from command line to 'None'
[5.051s] Level 5:colcon.colcon_core.verb:set package 'tb3_description' build argument 'cmake_target_skip_unavailable' from command line to 'False'
[5.052s] Level 5:colcon.colcon_core.verb:set package 'tb3_description' build argument 'cmake_clean_cache' from command line to 'False'
[5.052s] Level 5:colcon.colcon_core.verb:set package 'tb3_description' build argument 'cmake_clean_first' from command line to 'False'
[5.052s] Level 5:colcon.colcon_core.verb:set package 'tb3_description' build argument 'cmake_force_configure' from command line to 'False'
[5.052s] Level 5:colcon.colcon_core.verb:set package 'tb3_description' build argument 'ament_cmake_args' from command line to 'None'
[5.052s] Level 5:colcon.colcon_core.verb:set package 'tb3_description' build argument 'catkin_cmake_args' from command line to 'None'
[5.052s] Level 5:colcon.colcon_core.verb:set package 'tb3_description' build argument 'catkin_skip_building_tests' from command line to 'False'
[5.053s] DEBUG:colcon.colcon_core.verb:Building package 'tb3_description' with the following arguments: {'ament_cmake_args': None, 'build_base': '/home/harry/robotik/build/tb3_description', 'catkin_cmake_args': None, 'catkin_skip_building_tests': False, 'cmake_args': None, 'cmake_clean_cache': False, 'cmake_clean_first': False, 'cmake_force_configure': False, 'cmake_target': None, 'cmake_target_skip_unavailable': False, 'install_base': '/home/harry/robotik/install/tb3_description', 'merge_install': False, 'path': '/home/harry/robotik/src/art_gallery/tb3_description', 'symlink_install': False, 'test_result_base': None}
[5.057s] Level 5:colcon.colcon_core.verb:set package 'tb3_gazebo' build argument 'cmake_args' from command line to 'None'
[5.057s] Level 5:colcon.colcon_core.verb:set package 'tb3_gazebo' build argument 'cmake_target' from command line to 'None'
[5.059s] Level 5:colcon.colcon_core.verb:set package 'tb3_gazebo' build argument 'cmake_target_skip_unavailable' from command line to 'False'
[5.059s] Level 5:colcon.colcon_core.verb:set package 'tb3_gazebo' build argument 'cmake_clean_cache' from command line to 'False'
[5.060s] Level 5:colcon.colcon_core.verb:set package 'tb3_gazebo' build argument 'cmake_clean_first' from command line to 'False'
[5.060s] Level 5:colcon.colcon_core.verb:set package 'tb3_gazebo' build argument 'cmake_force_configure' from command line to 'False'
[5.060s] Level 5:colcon.colcon_core.verb:set package 'tb3_gazebo' build argument 'ament_cmake_args' from command line to 'None'
[5.060s] Level 5:colcon.colcon_core.verb:set package 'tb3_gazebo' build argument 'catkin_cmake_args' from command line to 'None'
[5.061s] Level 5:colcon.colcon_core.verb:set package 'tb3_gazebo' build argument 'catkin_skip_building_tests' from command line to 'False'
[5.061s] DEBUG:colcon.colcon_core.verb:Building package 'tb3_gazebo' with the following arguments: {'ament_cmake_args': None, 'build_base': '/home/harry/robotik/build/tb3_gazebo', 'catkin_cmake_args': None, 'catkin_skip_building_tests': False, 'cmake_args': None, 'cmake_clean_cache': False, 'cmake_clean_first': False, 'cmake_force_configure': False, 'cmake_target': None, 'cmake_target_skip_unavailable': False, 'install_base': '/home/harry/robotik/install/tb3_gazebo', 'merge_install': False, 'path': '/home/harry/robotik/src/art_gallery/tb3_gazebo', 'symlink_install': False, 'test_result_base': None}
[5.064s] Level 5:colcon.colcon_core.verb:set package 'teleop' build argument 'cmake_args' from command line to 'None'
[5.065s] Level 5:colcon.colcon_core.verb:set package 'teleop' build argument 'cmake_target' from command line to 'None'
[5.065s] Level 5:colcon.colcon_core.verb:set package 'teleop' build argument 'cmake_target_skip_unavailable' from command line to 'False'
[5.065s] Level 5:colcon.colcon_core.verb:set package 'teleop' build argument 'cmake_clean_cache' from command line to 'False'
[5.065s] Level 5:colcon.colcon_core.verb:set package 'teleop' build argument 'cmake_clean_first' from command line to 'False'
[5.066s] Level 5:colcon.colcon_core.verb:set package 'teleop' build argument 'cmake_force_configure' from command line to 'False'
[5.066s] Level 5:colcon.colcon_core.verb:set package 'teleop' build argument 'ament_cmake_args' from command line to 'None'
[5.066s] Level 5:colcon.colcon_core.verb:set package 'teleop' build argument 'catkin_cmake_args' from command line to 'None'
[5.066s] Level 5:colcon.colcon_core.verb:set package 'teleop' build argument 'catkin_skip_building_tests' from command line to 'False'
[5.067s] DEBUG:colcon.colcon_core.verb:Building package 'teleop' with the following arguments: {'ament_cmake_args': None, 'build_base': '/home/harry/robotik/build/teleop', 'catkin_cmake_args': None, 'catkin_skip_building_tests': False, 'cmake_args': None, 'cmake_clean_cache': False, 'cmake_clean_first': False, 'cmake_force_configure': False, 'cmake_target': None, 'cmake_target_skip_unavailable': False, 'install_base': '/home/harry/robotik/install/teleop', 'merge_install': False, 'path': '/home/harry/robotik/src/teleop', 'symlink_install': False, 'test_result_base': None}
[5.067s] INFO:colcon.colcon_core.executor:Executing jobs using 'parallel' executor
[5.079s] DEBUG:colcon.colcon_parallel_executor.executor.parallel:run_until_complete
[5.081s] INFO:colcon.colcon_ros.task.ament_cmake.build:Building ROS package in '/home/harry/robotik/src/art_gallery/art_maze' with build type 'ament_cmake'
[5.082s] INFO:colcon.colcon_cmake.task.cmake.build:Building CMake package in '/home/harry/robotik/src/art_gallery/art_maze'
[5.101s] INFO:colcon.colcon_core.plugin_system:Skipping extension 'colcon_core.shell.bat': Not used on non-Windows systems
[5.103s] INFO:colcon.colcon_core.shell:Skip shell extension 'powershell' for command environment: Not usable outside of PowerShell
[5.103s] DEBUG:colcon.colcon_core.shell:Skip shell extension 'dsv' for command environment
[5.137s] INFO:colcon.colcon_ros.task.ament_python.build:Building ROS package in '/home/harry/robotik/src/art_gallery/challenge_2025' with build type 'ament_python'
[5.141s] Level 1:colcon.colcon_core.shell:create_environment_hook('challenge_2025', 'ament_prefix_path')
[5.143s] INFO:colcon.colcon_core.shell:Creating environment hook '/home/harry/robotik/install/challenge_2025/share/challenge_2025/hook/ament_prefix_path.ps1'
[5.148s] INFO:colcon.colcon_core.shell:Creating environment descriptor '/home/harry/robotik/install/challenge_2025/share/challenge_2025/hook/ament_prefix_path.dsv'
[5.153s] INFO:colcon.colcon_core.shell:Creating environment hook '/home/harry/robotik/install/challenge_2025/share/challenge_2025/hook/ament_prefix_path.sh'
[5.158s] INFO:colcon.colcon_core.shell:Skip shell extension 'powershell' for command environment: Not usable outside of PowerShell
[5.159s] DEBUG:colcon.colcon_core.shell:Skip shell extension 'dsv' for command environment
[5.185s] INFO:colcon.colcon_ros.task.ament_python.build:Building ROS package in '/home/harry/robotik/src/art_gallery/curator' with build type 'ament_python'
[5.186s] Level 1:colcon.colcon_core.shell:create_environment_hook('curator', 'ament_prefix_path')
[5.188s] INFO:colcon.colcon_core.shell:Creating environment hook '/home/harry/robotik/install/curator/share/curator/hook/ament_prefix_path.ps1'
[5.191s] INFO:colcon.colcon_core.shell:Creating environment descriptor '/home/harry/robotik/install/curator/share/curator/hook/ament_prefix_path.dsv'
[5.196s] INFO:colcon.colcon_core.shell:Creating environment hook '/home/harry/robotik/install/curator/share/curator/hook/ament_prefix_path.sh'
[5.202s] INFO:colcon.colcon_core.shell:Skip shell extension 'powershell' for command environment: Not usable outside of PowerShell
[5.202s] DEBUG:colcon.colcon_core.shell:Skip shell extension 'dsv' for command environment
[5.238s] INFO:colcon.colcon_ros.task.ament_python.build:Building ROS package in '/home/harry/robotik/src/my_robot_navigation' with build type 'ament_python'
[5.239s] Level 1:colcon.colcon_core.shell:create_environment_hook('my_robot_navigation', 'ament_prefix_path')
[5.241s] INFO:colcon.colcon_core.shell:Creating environment hook '/home/harry/robotik/install/my_robot_navigation/share/my_robot_navigation/hook/ament_prefix_path.ps1'
[5.244s] INFO:colcon.colcon_core.shell:Creating environment descriptor '/home/harry/robotik/install/my_robot_navigation/share/my_robot_navigation/hook/ament_prefix_path.dsv'
[5.250s] INFO:colcon.colcon_core.shell:Creating environment hook '/home/harry/robotik/install/my_robot_navigation/share/my_robot_navigation/hook/ament_prefix_path.sh'
[5.257s] INFO:colcon.colcon_core.shell:Skip shell extension 'powershell' for command environment: Not usable outside of PowerShell
[5.257s] DEBUG:colcon.colcon_core.shell:Skip shell extension 'dsv' for command environment
[5.306s] INFO:colcon.colcon_ros.task.ament_cmake.build:Building ROS package in '/home/harry/robotik/src/my_robot_slam' with build type 'ament_cmake'
[5.307s] INFO:colcon.colcon_cmake.task.cmake.build:Building CMake package in '/home/harry/robotik/src/my_robot_slam'
[5.309s] INFO:colcon.colcon_core.shell:Skip shell extension 'powershell' for command environment: Not usable outside of PowerShell
[5.309s] DEBUG:colcon.colcon_core.shell:Skip shell extension 'dsv' for command environment
[5.344s] INFO:colcon.colcon_ros.task.ament_python.build:Building ROS package in '/home/harry/robotik/src/object_detection' with build type 'ament_python'
[5.345s] Level 1:colcon.colcon_core.shell:create_environment_hook('object_detection', 'ament_prefix_path')
[5.353s] INFO:colcon.colcon_core.shell:Creating environment hook '/home/harry/robotik/install/object_detection/share/object_detection/hook/ament_prefix_path.ps1'
[5.357s] INFO:colcon.colcon_core.shell:Creating environment descriptor '/home/harry/robotik/install/object_detection/share/object_detection/hook/ament_prefix_path.dsv'
[5.359s] INFO:colcon.colcon_core.shell:Creating environment hook '/home/harry/robotik/install/object_detection/share/object_detection/hook/ament_prefix_path.sh'
[5.363s] INFO:colcon.colcon_core.shell:Skip shell extension 'powershell' for command environment: Not usable outside of PowerShell
[5.363s] DEBUG:colcon.colcon_core.shell:Skip shell extension 'dsv' for command environment
[5.406s] INFO:colcon.colcon_ros.task.ament_python.build:Building ROS package in '/home/harry/robotik/src/pub_sub' with build type 'ament_python'
[5.408s] Level 1:colcon.colcon_core.shell:create_environment_hook('pub_sub', 'ament_prefix_path')
[5.409s] INFO:colcon.colcon_core.shell:Creating environment hook '/home/harry/robotik/install/pub_sub/share/pub_sub/hook/ament_prefix_path.ps1'
[5.419s] INFO:colcon.colcon_core.shell:Creating environment descriptor '/home/harry/robotik/install/pub_sub/share/pub_sub/hook/ament_prefix_path.dsv'
[5.421s] INFO:colcon.colcon_core.shell:Creating environment hook '/home/harry/robotik/install/pub_sub/share/pub_sub/hook/ament_prefix_path.sh'
[5.425s] INFO:colcon.colcon_core.shell:Skip shell extension 'powershell' for command environment: Not usable outside of PowerShell
[5.425s] DEBUG:colcon.colcon_core.shell:Skip shell extension 'dsv' for command environment
[5.458s] INFO:colcon.colcon_ros.task.ament_python.build:Building ROS package in '/home/harry/robotik/src/robot_bringup' with build type 'ament_python'
[5.459s] Level 1:colcon.colcon_core.shell:create_environment_hook('robot_bringup', 'ament_prefix_path')
[5.460s] INFO:colcon.colcon_core.shell:Creating environment hook '/home/harry/robotik/install/robot_bringup/share/robot_bringup/hook/ament_prefix_path.ps1'
[5.464s] INFO:colcon.colcon_core.shell:Creating environment descriptor '/home/harry/robotik/install/robot_bringup/share/robot_bringup/hook/ament_prefix_path.dsv'
[5.472s] INFO:colcon.colcon_core.shell:Creating environment hook '/home/harry/robotik/install/robot_bringup/share/robot_bringup/hook/ament_prefix_path.sh'
[5.478s] INFO:colcon.colcon_core.shell:Skip shell extension 'powershell' for command environment: Not usable outside of PowerShell
[5.479s] DEBUG:colcon.colcon_core.shell:Skip shell extension 'dsv' for command environment
[5.577s] DEBUG:colcon.colcon_core.event_handler.log_command:Invoking command in '/home/harry/robotik/build/art_maze': CMAKE_PREFIX_PATH=${CMAKE_PREFIX_PATH}:/home/harry/robotik/install/object_detection:/home/harry/robotik/install/teleop:/home/harry/robotik/install/tb3_description:/home/harry/robotik/install/tag_detection:/home/harry/robotik/install/robot_bringup:/home/harry/robotik/install/pub_sub:/home/harry/robotik/install/my_robot_navigation:/home/harry/robotik/install/curator:/home/harry/robotik/install/challenge_2025:/opt/ros/humble /usr/bin/cmake --build /home/harry/robotik/build/art_maze -- -j8 -l8
[7.521s] INFO:colcon.colcon_core.task.python.build:Building Python package in '/home/harry/robotik/src/art_gallery/challenge_2025'
[7.522s] INFO:colcon.colcon_core.shell:Skip shell extension 'powershell' for command environment: Not usable outside of PowerShell
[7.522s] DEBUG:colcon.colcon_core.shell:Skip shell extension 'dsv' for command environment
[8.844s] INFO:colcon.colcon_core.task.python.build:Building Python package in '/home/harry/robotik/src/art_gallery/curator'
[8.845s] INFO:colcon.colcon_core.shell:Skip shell extension 'powershell' for command environment: Not usable outside of PowerShell
[8.845s] DEBUG:colcon.colcon_core.shell:Skip shell extension 'dsv' for command environment
[10.098s] INFO:colcon.colcon_core.task.python.build:Building Python package in '/home/harry/robotik/src/my_robot_navigation'
[10.099s] INFO:colcon.colcon_core.shell:Skip shell extension 'powershell' for command environment: Not usable outside of PowerShell
[10.099s] DEBUG:colcon.colcon_core.shell:Skip shell extension 'dsv' for command environment
[10.132s] DEBUG:colcon.colcon_core.event_handler.log_command:Invoking command in '/home/harry/robotik/build/my_robot_slam': CMAKE_PREFIX_PATH=${CMAKE_PREFIX_PATH}:/home/harry/robotik/install/object_detection:/home/harry/robotik/install/teleop:/home/harry/robotik/install/tb3_description:/home/harry/robotik/install/tag_detection:/home/harry/robotik/install/robot_bringup:/home/harry/robotik/install/pub_sub:/home/harry/robotik/install/my_robot_navigation:/home/harry/robotik/install/curator:/home/harry/robotik/install/challenge_2025:/opt/ros/humble /usr/bin/cmake --build /home/harry/robotik/build/my_robot_slam -- -j8 -l8
[11.291s] INFO:colcon.colcon_core.task.python.build:Building Python package in '/home/harry/robotik/src/object_detection'
[11.292s] INFO:colcon.colcon_core.shell:Skip shell extension 'powershell' for command environment: Not usable outside of PowerShell
[11.292s] DEBUG:colcon.colcon_core.shell:Skip shell extension 'dsv' for command environment
[12.337s] INFO:colcon.colcon_core.task.python.build:Building Python package in '/home/harry/robotik/src/pub_sub'
[12.340s] INFO:colcon.colcon_core.shell:Skip shell extension 'powershell' for command environment: Not usable outside of PowerShell
[12.341s] DEBUG:colcon.colcon_core.shell:Skip shell extension 'dsv' for command environment
[13.459s] INFO:colcon.colcon_core.task.python.build:Building Python package in '/home/harry/robotik/src/robot_bringup'
[13.459s] INFO:colcon.colcon_core.shell:Skip shell extension 'powershell' for command environment: Not usable outside of PowerShell
[13.460s] DEBUG:colcon.colcon_core.shell:Skip shell extension 'dsv' for command environment
[13.511s] DEBUG:colcon.colcon_core.event_handler.log_command:Invoked command in '/home/harry/robotik/build/art_maze' returned '2': CMAKE_PREFIX_PATH=${CMAKE_PREFIX_PATH}:/home/harry/robotik/install/object_detection:/home/harry/robotik/install/teleop:/home/harry/robotik/install/tb3_description:/home/harry/robotik/install/tag_detection:/home/harry/robotik/install/robot_bringup:/home/harry/robotik/install/pub_sub:/home/harry/robotik/install/my_robot_navigation:/home/harry/robotik/install/curator:/home/harry/robotik/install/challenge_2025:/opt/ros/humble /usr/bin/cmake --build /home/harry/robotik/build/art_maze -- -j8 -l8
[13.514s] Level 1:colcon.colcon_core.environment:create_environment_scripts_only(art_maze)
[13.527s] Level 1:colcon.colcon_core.environment:checking '/home/harry/robotik/install/art_maze' for CMake module files
[13.530s] Level 1:colcon.colcon_core.environment:checking '/home/harry/robotik/install/art_maze' for CMake config files
[13.531s] Level 1:colcon.colcon_core.shell:create_environment_hook('art_maze', 'cmake_prefix_path')
[13.532s] INFO:colcon.colcon_core.shell:Creating environment hook '/home/harry/robotik/install/art_maze/share/art_maze/hook/cmake_prefix_path.ps1'
[13.534s] INFO:colcon.colcon_core.shell:Creating environment descriptor '/home/harry/robotik/install/art_maze/share/art_maze/hook/cmake_prefix_path.dsv'
[13.536s] INFO:colcon.colcon_core.shell:Creating environment hook '/home/harry/robotik/install/art_maze/share/art_maze/hook/cmake_prefix_path.sh'
[13.539s] Level 1:colcon.colcon_core.environment:checking '/home/harry/robotik/install/art_maze/lib'
[13.540s] Level 1:colcon.colcon_core.environment:checking '/home/harry/robotik/install/art_maze/bin'
[13.540s] Level 1:colcon.colcon_core.environment:checking '/home/harry/robotik/install/art_maze/lib/pkgconfig/art_maze.pc'
[13.541s] Level 1:colcon.colcon_core.environment:checking '/home/harry/robotik/install/art_maze/lib/python3.10/site-packages'
[13.542s] Level 1:colcon.colcon_core.environment:checking '/home/harry/robotik/install/art_maze/bin'
[13.544s] INFO:colcon.colcon_core.shell:Creating package script '/home/harry/robotik/install/art_maze/share/art_maze/package.ps1'
[13.548s] INFO:colcon.colcon_core.shell:Creating package descriptor '/home/harry/robotik/install/art_maze/share/art_maze/package.dsv'
[13.549s] INFO:colcon.colcon_core.shell:Creating package script '/home/harry/robotik/install/art_maze/share/art_maze/package.sh'
[13.554s] INFO:colcon.colcon_core.shell:Creating package script '/home/harry/robotik/install/art_maze/share/art_maze/package.bash'
[13.557s] INFO:colcon.colcon_core.shell:Creating package script '/home/harry/robotik/install/art_maze/share/art_maze/package.zsh'
[13.561s] Level 1:colcon.colcon_core.environment:create_file_with_runtime_dependencies(/home/harry/robotik/install/art_maze/share/colcon-core/packages/art_maze)
[13.568s] DEBUG:colcon.colcon_core.event_handler.log_command:Invoked command in '/home/harry/robotik/build/my_robot_slam' returned '2': CMAKE_PREFIX_PATH=${CMAKE_PREFIX_PATH}:/home/harry/robotik/install/object_detection:/home/harry/robotik/install/teleop:/home/harry/robotik/install/tb3_description:/home/harry/robotik/install/tag_detection:/home/harry/robotik/install/robot_bringup:/home/harry/robotik/install/pub_sub:/home/harry/robotik/install/my_robot_navigation:/home/harry/robotik/install/curator:/home/harry/robotik/install/challenge_2025:/opt/ros/humble /usr/bin/cmake --build /home/harry/robotik/build/my_robot_slam -- -j8 -l8
[13.570s] Level 1:colcon.colcon_core.environment:create_environment_scripts_only(my_robot_slam)
[13.572s] Level 1:colcon.colcon_core.environment:checking '/home/harry/robotik/install/my_robot_slam' for CMake module files
[13.574s] Level 1:colcon.colcon_core.environment:checking '/home/harry/robotik/install/my_robot_slam' for CMake config files
[13.575s] Level 1:colcon.colcon_core.shell:create_environment_hook('my_robot_slam', 'cmake_prefix_path')
[13.576s] INFO:colcon.colcon_core.shell:Creating environment hook '/home/harry/robotik/install/my_robot_slam/share/my_robot_slam/hook/cmake_prefix_path.ps1'
[13.578s] INFO:colcon.colcon_core.shell:Creating environment descriptor '/home/harry/robotik/install/my_robot_slam/share/my_robot_slam/hook/cmake_prefix_path.dsv'
[13.580s] INFO:colcon.colcon_core.shell:Creating environment hook '/home/harry/robotik/install/my_robot_slam/share/my_robot_slam/hook/cmake_prefix_path.sh'
[13.583s] Level 1:colcon.colcon_core.environment:checking '/home/harry/robotik/install/my_robot_slam/bin'
[13.584s] Level 1:colcon.colcon_core.environment:checking '/home/harry/robotik/install/my_robot_slam/lib/pkgconfig/my_robot_slam.pc'
[13.586s] Level 1:colcon.colcon_core.environment:checking '/home/harry/robotik/install/my_robot_slam/lib/python3.10/site-packages'
[13.588s] Level 1:colcon.colcon_core.environment:checking '/home/harry/robotik/install/my_robot_slam/bin'
[13.590s] INFO:colcon.colcon_core.shell:Creating package script '/home/harry/robotik/install/my_robot_slam/share/my_robot_slam/package.ps1'
[13.593s] INFO:colcon.colcon_core.shell:Creating package descriptor '/home/harry/robotik/install/my_robot_slam/share/my_robot_slam/package.dsv'
[13.596s] INFO:colcon.colcon_core.shell:Creating package script '/home/harry/robotik/install/my_robot_slam/share/my_robot_slam/package.sh'
[13.598s] INFO:colcon.colcon_core.shell:Creating package script '/home/harry/robotik/install/my_robot_slam/share/my_robot_slam/package.bash'
[13.602s] INFO:colcon.colcon_core.shell:Creating package script '/home/harry/robotik/install/my_robot_slam/share/my_robot_slam/package.zsh'
[13.604s] Level 1:colcon.colcon_core.environment:create_file_with_runtime_dependencies(/home/harry/robotik/install/my_robot_slam/share/colcon-core/packages/my_robot_slam)
[13.619s] DEBUG:colcon.colcon_parallel_executor.executor.parallel:closing loop
[13.620s] DEBUG:colcon.colcon_parallel_executor.executor.parallel:loop closed
[13.620s] DEBUG:colcon.colcon_parallel_executor.executor.parallel:run_until_complete finished with '2'
[13.620s] DEBUG:colcon.colcon_core.event_reactor:joining thread
[13.834s] INFO:colcon.colcon_core.plugin_system:Skipping extension 'colcon_notification.desktop_notification.notify_send': Could not find 'notify-send'
[13.835s] INFO:colcon.colcon_core.plugin_system:Skipping extension 'colcon_notification.desktop_notification.terminal_notifier': Not used on non-Darwin systems
[13.835s] INFO:colcon.colcon_core.plugin_system:Skipping extension 'colcon_notification.desktop_notification.win32': Not used on non-Windows systems
[13.835s] INFO:colcon.colcon_notification.desktop_notification:Sending desktop notification using 'notify2'
[13.836s] DEBUG:colcon.colcon_notification.desktop_notification.notify2:Failed to initialize notify2: org.freedesktop.DBus.Error.FileNotFound: Failed to connect to socket /run/user/1000/bus: No such file or directory
[13.836s] DEBUG:colcon.colcon_core.event_reactor:joined thread
[13.838s] INFO:colcon.colcon_core.shell:Creating prefix script '/home/harry/robotik/install/local_setup.ps1'
[13.843s] INFO:colcon.colcon_core.shell:Creating prefix util module '/home/harry/robotik/install/_local_setup_util_ps1.py'
[13.856s] INFO:colcon.colcon_core.shell:Creating prefix chain script '/home/harry/robotik/install/setup.ps1'
[13.865s] INFO:colcon.colcon_core.shell:Creating prefix script '/home/harry/robotik/install/local_setup.sh'
[13.869s] INFO:colcon.colcon_core.shell:Creating prefix util module '/home/harry/robotik/install/_local_setup_util_sh.py'
[13.871s] INFO:colcon.colcon_core.shell:Creating prefix chain script '/home/harry/robotik/install/setup.sh'
[13.879s] INFO:colcon.colcon_core.shell:Creating prefix script '/home/harry/robotik/install/local_setup.bash'
[13.880s] INFO:colcon.colcon_core.shell:Creating prefix chain script '/home/harry/robotik/install/setup.bash'
[13.885s] INFO:colcon.colcon_core.shell:Creating prefix script '/home/harry/robotik/install/local_setup.zsh'
[13.887s] INFO:colcon.colcon_core.shell:Creating prefix chain script '/home/harry/robotik/install/setup.zsh'
