[1.399s] Invoking command in '/home/rss/robot_harry/robotik/src/pub_sub': PYTHONPATH=/home/rss/robot_harry/robotik/build/pub_sub/prefix_override:/usr/lib/python3/dist-packages/colcon_core/task/python/colcon_distutils_commands:/home/rss/robot_harry/robotik/install/pub_sub/lib/python3.10/site-packages:${PYTHONPATH} /usr/bin/python3 -W ignore:setup.py install is deprecated -W ignore:easy_install command is deprecated setup.py egg_info --egg-base ../../build/pub_sub build --build-base /home/rss/robot_harry/robotik/build/pub_sub/build install --record /home/rss/robot_harry/robotik/build/pub_sub/install.log --single-version-externally-managed install_data
[1.655s] running egg_info
[1.656s] writing ../../build/pub_sub/pub_sub.egg-info/PKG-INFO
[1.656s] writing dependency_links to ../../build/pub_sub/pub_sub.egg-info/dependency_links.txt
[1.656s] writing entry points to ../../build/pub_sub/pub_sub.egg-info/entry_points.txt
[1.657s] writing requirements to ../../build/pub_sub/pub_sub.egg-info/requires.txt
[1.657s] writing top-level names to ../../build/pub_sub/pub_sub.egg-info/top_level.txt
[1.658s] reading manifest file '../../build/pub_sub/pub_sub.egg-info/SOURCES.txt'
[1.659s] writing manifest file '../../build/pub_sub/pub_sub.egg-info/SOURCES.txt'
[1.659s] running build
[1.659s] running build_py
[1.660s] running install
[1.660s] running install_lib
[1.661s] running install_data
[1.661s] running install_egg_info
[1.663s] removing '/home/rss/robot_harry/robotik/install/pub_sub/lib/python3.10/site-packages/pub_sub-0.0.0-py3.10.egg-info' (and everything under it)
[1.663s] Copying ../../build/pub_sub/pub_sub.egg-info to /home/rss/robot_harry/robotik/install/pub_sub/lib/python3.10/site-packages/pub_sub-0.0.0-py3.10.egg-info
[1.664s] running install_scripts
[1.679s] Installing publisher_node script to /home/rss/robot_harry/robotik/install/pub_sub/lib/pub_sub
[1.680s] Installing subscriber_node script to /home/rss/robot_harry/robotik/install/pub_sub/lib/pub_sub
[1.680s] Installing test_cam_node script to /home/rss/robot_harry/robotik/install/pub_sub/lib/pub_sub
[1.680s] Installing yolo_detector_node script to /home/rss/robot_harry/robotik/install/pub_sub/lib/pub_sub
[1.680s] writing list of installed files to '/home/rss/robot_harry/robotik/build/pub_sub/install.log'
[1.717s] Invoked command in '/home/rss/robot_harry/robotik/src/pub_sub' returned '0': PYTHONPATH=/home/rss/robot_harry/robotik/build/pub_sub/prefix_override:/usr/lib/python3/dist-packages/colcon_core/task/python/colcon_distutils_commands:/home/rss/robot_harry/robotik/install/pub_sub/lib/python3.10/site-packages:${PYTHONPATH} /usr/bin/python3 -W ignore:setup.py install is deprecated -W ignore:easy_install command is deprecated setup.py egg_info --egg-base ../../build/pub_sub build --build-base /home/rss/robot_harry/robotik/build/pub_sub/build install --record /home/rss/robot_harry/robotik/build/pub_sub/install.log --single-version-externally-managed install_data
