[0.028s] Invoking command in '/home/rss/robot_harry/robotik/build/create3_examples_msgs': CMAKE_PREFIX_PATH=${CMAKE_PREFIX_PATH}:/home/rss/robot_harry/robotik/install/webcam_bringup:/home/rss/robot_harry/robotik/install/teleop:/home/rss/robot_harry/robotik/install/robot_bringup:/home/rss/robot_harry/robotik/install/realsense2_ros_mqtt_bridge:/home/rss/robot_harry/robotik/install/pub_sub:/home/rss/robot_harry/robotik/install/object_detection:/home/rss/robot_harry/robotik/install/my_robot_navigation:/home/rss/robot_harry/robotik/install/create3_teleop:/home/rss/robot_harry/robotik/install/create3_examples_py:/opt/ros/humble /usr/bin/cmake --build /home/rss/robot_harry/robotik/build/create3_examples_msgs -- -j8 -l8
[0.654s] [  3%] Built target create3_examples_msgs__cpp
[0.654s] [ 12%] Built target create3_examples_msgs__rosidl_generator_c
[0.654s] [ 12%] Built target ament_cmake_python_copy_create3_examples_msgs
[0.654s] [ 22%] Built target create3_examples_msgs__rosidl_typesupport_cpp
[0.654s] [ 45%] Built target create3_examples_msgs__rosidl_typesupport_c
[0.654s] [ 45%] Built target create3_examples_msgs__rosidl_typesupport_introspection_cpp
[0.654s] [ 51%] Built target create3_examples_msgs__rosidl_typesupport_fastrtps_c
[0.654s] [ 61%] Built target create3_examples_msgs__rosidl_typesupport_introspection_c
[0.655s] [ 70%] Built target create3_examples_msgs__rosidl_typesupport_fastrtps_cpp
[0.655s] [ 70%] Built target create3_examples_msgs
[0.655s] [ 74%] Built target create3_examples_msgs__py
[0.655s] [ 80%] Built target create3_examples_msgs__rosidl_generator_py
[0.655s] [ 87%] Built target create3_examples_msgs__rosidl_typesupport_fastrtps_c__pyext
[0.655s] [ 93%] Built target create3_examples_msgs__rosidl_typesupport_c__pyext
[0.655s] [100%] Built target create3_examples_msgs__rosidl_typesupport_introspection_c__pyext
[0.655s] running egg_info
[0.655s] writing create3_examples_msgs.egg-info/PKG-INFO
[0.655s] writing dependency_links to create3_examples_msgs.egg-info/dependency_links.txt
[0.655s] writing top-level names to create3_examples_msgs.egg-info/top_level.txt
[0.655s] reading manifest file 'create3_examples_msgs.egg-info/SOURCES.txt'
[0.655s] writing manifest file 'create3_examples_msgs.egg-info/SOURCES.txt'
[0.655s] [100%] Built target ament_cmake_python_build_create3_examples_msgs_egg
[0.667s] Invoked command in '/home/rss/robot_harry/robotik/build/create3_examples_msgs' returned '0': CMAKE_PREFIX_PATH=${CMAKE_PREFIX_PATH}:/home/rss/robot_harry/robotik/install/webcam_bringup:/home/rss/robot_harry/robotik/install/teleop:/home/rss/robot_harry/robotik/install/robot_bringup:/home/rss/robot_harry/robotik/install/realsense2_ros_mqtt_bridge:/home/rss/robot_harry/robotik/install/pub_sub:/home/rss/robot_harry/robotik/install/object_detection:/home/rss/robot_harry/robotik/install/my_robot_navigation:/home/rss/robot_harry/robotik/install/create3_teleop:/home/rss/robot_harry/robotik/install/create3_examples_py:/opt/ros/humble /usr/bin/cmake --build /home/rss/robot_harry/robotik/build/create3_examples_msgs -- -j8 -l8
[0.668s] Invoking command in '/home/rss/robot_harry/robotik/build/create3_examples_msgs': CMAKE_PREFIX_PATH=${CMAKE_PREFIX_PATH}:/home/rss/robot_harry/robotik/install/webcam_bringup:/home/rss/robot_harry/robotik/install/teleop:/home/rss/robot_harry/robotik/install/robot_bringup:/home/rss/robot_harry/robotik/install/realsense2_ros_mqtt_bridge:/home/rss/robot_harry/robotik/install/pub_sub:/home/rss/robot_harry/robotik/install/object_detection:/home/rss/robot_harry/robotik/install/my_robot_navigation:/home/rss/robot_harry/robotik/install/create3_teleop:/home/rss/robot_harry/robotik/install/create3_examples_py:/opt/ros/humble /usr/bin/cmake --install /home/rss/robot_harry/robotik/build/create3_examples_msgs
[0.691s] -- Install configuration: ""
[0.691s] -- Up-to-date: /home/rss/robot_harry/robotik/install/create3_examples_msgs/share/ament_index/resource_index/rosidl_interfaces/create3_examples_msgs
[0.691s] -- Up-to-date: /home/rss/robot_harry/robotik/install/create3_examples_msgs/include/create3_examples_msgs/create3_examples_msgs
[0.691s] -- Up-to-date: /home/rss/robot_harry/robotik/install/create3_examples_msgs/include/create3_examples_msgs/create3_examples_msgs/action
[0.691s] -- Up-to-date: /home/rss/robot_harry/robotik/install/create3_examples_msgs/include/create3_examples_msgs/create3_examples_msgs/action/coverage.h
[0.691s] -- Up-to-date: /home/rss/robot_harry/robotik/install/create3_examples_msgs/include/create3_examples_msgs/create3_examples_msgs/action/detail
[0.691s] -- Up-to-date: /home/rss/robot_harry/robotik/install/create3_examples_msgs/include/create3_examples_msgs/create3_examples_msgs/action/detail/coverage__functions.h
[0.692s] -- Up-to-date: /home/rss/robot_harry/robotik/install/create3_examples_msgs/include/create3_examples_msgs/create3_examples_msgs/action/detail/coverage__struct.h
[0.692s] -- Up-to-date: /home/rss/robot_harry/robotik/install/create3_examples_msgs/include/create3_examples_msgs/create3_examples_msgs/action/detail/coverage__functions.c
[0.692s] -- Up-to-date: /home/rss/robot_harry/robotik/install/create3_examples_msgs/include/create3_examples_msgs/create3_examples_msgs/action/detail/coverage__type_support.h
[0.693s] -- Up-to-date: /home/rss/robot_harry/robotik/install/create3_examples_msgs/include/create3_examples_msgs/create3_examples_msgs/msg
[0.693s] -- Up-to-date: /home/rss/robot_harry/robotik/install/create3_examples_msgs/include/create3_examples_msgs/create3_examples_msgs/msg/rosidl_generator_c__visibility_control.h
[0.693s] -- Up-to-date: /home/rss/robot_harry/robotik/install/create3_examples_msgs/share/create3_examples_msgs/environment/library_path.sh
[0.693s] -- Up-to-date: /home/rss/robot_harry/robotik/install/create3_examples_msgs/share/create3_examples_msgs/environment/library_path.dsv
[0.693s] -- Up-to-date: /home/rss/robot_harry/robotik/install/create3_examples_msgs/lib/libcreate3_examples_msgs__rosidl_generator_c.so
[0.693s] -- Up-to-date: /home/rss/robot_harry/robotik/install/create3_examples_msgs/include/create3_examples_msgs/create3_examples_msgs
[0.693s] -- Up-to-date: /home/rss/robot_harry/robotik/install/create3_examples_msgs/include/create3_examples_msgs/create3_examples_msgs/action
[0.693s] -- Up-to-date: /home/rss/robot_harry/robotik/install/create3_examples_msgs/include/create3_examples_msgs/create3_examples_msgs/action/detail
[0.693s] -- Up-to-date: /home/rss/robot_harry/robotik/install/create3_examples_msgs/include/create3_examples_msgs/create3_examples_msgs/action/detail/coverage__rosidl_typesupport_fastrtps_c.h
[0.693s] -- Up-to-date: /home/rss/robot_harry/robotik/install/create3_examples_msgs/include/create3_examples_msgs/create3_examples_msgs/msg
[0.693s] -- Up-to-date: /home/rss/robot_harry/robotik/install/create3_examples_msgs/include/create3_examples_msgs/create3_examples_msgs/msg/rosidl_typesupport_fastrtps_c__visibility_control.h
[0.693s] -- Up-to-date: /home/rss/robot_harry/robotik/install/create3_examples_msgs/lib/libcreate3_examples_msgs__rosidl_typesupport_fastrtps_c.so
[0.693s] -- Up-to-date: /home/rss/robot_harry/robotik/install/create3_examples_msgs/include/create3_examples_msgs/create3_examples_msgs
[0.693s] -- Up-to-date: /home/rss/robot_harry/robotik/install/create3_examples_msgs/include/create3_examples_msgs/create3_examples_msgs/action
[0.694s] -- Up-to-date: /home/rss/robot_harry/robotik/install/create3_examples_msgs/include/create3_examples_msgs/create3_examples_msgs/action/detail
[0.694s] -- Up-to-date: /home/rss/robot_harry/robotik/install/create3_examples_msgs/include/create3_examples_msgs/create3_examples_msgs/action/detail/coverage__type_support.c
[0.694s] -- Up-to-date: /home/rss/robot_harry/robotik/install/create3_examples_msgs/include/create3_examples_msgs/create3_examples_msgs/action/detail/coverage__rosidl_typesupport_introspection_c.h
[0.694s] -- Up-to-date: /home/rss/robot_harry/robotik/install/create3_examples_msgs/include/create3_examples_msgs/create3_examples_msgs/msg
[0.698s] -- Up-to-date: /home/rss/robot_harry/robotik/install/create3_examples_msgs/include/create3_examples_msgs/create3_examples_msgs/msg/rosidl_typesupport_introspection_c__visibility_control.h
[0.698s] -- Up-to-date: /home/rss/robot_harry/robotik/install/create3_examples_msgs/lib/libcreate3_examples_msgs__rosidl_typesupport_introspection_c.so
[0.698s] -- Up-to-date: /home/rss/robot_harry/robotik/install/create3_examples_msgs/lib/libcreate3_examples_msgs__rosidl_typesupport_c.so
[0.698s] -- Up-to-date: /home/rss/robot_harry/robotik/install/create3_examples_msgs/include/create3_examples_msgs/create3_examples_msgs
[0.698s] -- Up-to-date: /home/rss/robot_harry/robotik/install/create3_examples_msgs/include/create3_examples_msgs/create3_examples_msgs/action
[0.698s] -- Up-to-date: /home/rss/robot_harry/robotik/install/create3_examples_msgs/include/create3_examples_msgs/create3_examples_msgs/action/coverage.hpp
[0.698s] -- Up-to-date: /home/rss/robot_harry/robotik/install/create3_examples_msgs/include/create3_examples_msgs/create3_examples_msgs/action/detail
[0.698s] -- Up-to-date: /home/rss/robot_harry/robotik/install/create3_examples_msgs/include/create3_examples_msgs/create3_examples_msgs/action/detail/coverage__struct.hpp
[0.699s] -- Up-to-date: /home/rss/robot_harry/robotik/install/create3_examples_msgs/include/create3_examples_msgs/create3_examples_msgs/action/detail/coverage__builder.hpp
[0.699s] -- Up-to-date: /home/rss/robot_harry/robotik/install/create3_examples_msgs/include/create3_examples_msgs/create3_examples_msgs/action/detail/coverage__traits.hpp
[0.699s] -- Up-to-date: /home/rss/robot_harry/robotik/install/create3_examples_msgs/include/create3_examples_msgs/create3_examples_msgs/action/detail/coverage__type_support.hpp
[0.699s] -- Up-to-date: /home/rss/robot_harry/robotik/install/create3_examples_msgs/include/create3_examples_msgs/create3_examples_msgs/msg
[0.700s] -- Up-to-date: /home/rss/robot_harry/robotik/install/create3_examples_msgs/include/create3_examples_msgs/create3_examples_msgs/msg/rosidl_generator_cpp__visibility_control.hpp
[0.700s] -- Up-to-date: /home/rss/robot_harry/robotik/install/create3_examples_msgs/include/create3_examples_msgs/create3_examples_msgs
[0.700s] -- Up-to-date: /home/rss/robot_harry/robotik/install/create3_examples_msgs/include/create3_examples_msgs/create3_examples_msgs/action
[0.700s] -- Up-to-date: /home/rss/robot_harry/robotik/install/create3_examples_msgs/include/create3_examples_msgs/create3_examples_msgs/action/detail
[0.700s] -- Up-to-date: /home/rss/robot_harry/robotik/install/create3_examples_msgs/include/create3_examples_msgs/create3_examples_msgs/action/detail/dds_fastrtps
[0.700s] -- Up-to-date: /home/rss/robot_harry/robotik/install/create3_examples_msgs/include/create3_examples_msgs/create3_examples_msgs/action/detail/coverage__rosidl_typesupport_fastrtps_cpp.hpp
[0.701s] -- Up-to-date: /home/rss/robot_harry/robotik/install/create3_examples_msgs/include/create3_examples_msgs/create3_examples_msgs/msg
[0.701s] -- Up-to-date: /home/rss/robot_harry/robotik/install/create3_examples_msgs/include/create3_examples_msgs/create3_examples_msgs/msg/rosidl_typesupport_fastrtps_cpp__visibility_control.h
[0.701s] -- Up-to-date: /home/rss/robot_harry/robotik/install/create3_examples_msgs/lib/libcreate3_examples_msgs__rosidl_typesupport_fastrtps_cpp.so
[0.701s] -- Up-to-date: /home/rss/robot_harry/robotik/install/create3_examples_msgs/include/create3_examples_msgs/create3_examples_msgs
[0.701s] -- Up-to-date: /home/rss/robot_harry/robotik/install/create3_examples_msgs/include/create3_examples_msgs/create3_examples_msgs/action
[0.701s] -- Up-to-date: /home/rss/robot_harry/robotik/install/create3_examples_msgs/include/create3_examples_msgs/create3_examples_msgs/action/detail
[0.701s] -- Up-to-date: /home/rss/robot_harry/robotik/install/create3_examples_msgs/include/create3_examples_msgs/create3_examples_msgs/action/detail/coverage__type_support.cpp
[0.701s] -- Up-to-date: /home/rss/robot_harry/robotik/install/create3_examples_msgs/include/create3_examples_msgs/create3_examples_msgs/action/detail/coverage__rosidl_typesupport_introspection_cpp.hpp
[0.701s] -- Up-to-date: /home/rss/robot_harry/robotik/install/create3_examples_msgs/lib/libcreate3_examples_msgs__rosidl_typesupport_introspection_cpp.so
[0.701s] -- Up-to-date: /home/rss/robot_harry/robotik/install/create3_examples_msgs/lib/libcreate3_examples_msgs__rosidl_typesupport_cpp.so
[0.702s] -- Up-to-date: /home/rss/robot_harry/robotik/install/create3_examples_msgs/share/create3_examples_msgs/environment/pythonpath.sh
[0.703s] -- Up-to-date: /home/rss/robot_harry/robotik/install/create3_examples_msgs/share/create3_examples_msgs/environment/pythonpath.dsv
[0.703s] -- Up-to-date: /home/rss/robot_harry/robotik/install/create3_examples_msgs/local/lib/python3.10/dist-packages/create3_examples_msgs-0.0.5-py3.10.egg-info
[0.703s] -- Installing: /home/rss/robot_harry/robotik/install/create3_examples_msgs/local/lib/python3.10/dist-packages/create3_examples_msgs-0.0.5-py3.10.egg-info/dependency_links.txt
[0.703s] -- Installing: /home/rss/robot_harry/robotik/install/create3_examples_msgs/local/lib/python3.10/dist-packages/create3_examples_msgs-0.0.5-py3.10.egg-info/SOURCES.txt
[0.703s] -- Installing: /home/rss/robot_harry/robotik/install/create3_examples_msgs/local/lib/python3.10/dist-packages/create3_examples_msgs-0.0.5-py3.10.egg-info/PKG-INFO
[0.703s] -- Installing: /home/rss/robot_harry/robotik/install/create3_examples_msgs/local/lib/python3.10/dist-packages/create3_examples_msgs-0.0.5-py3.10.egg-info/top_level.txt
[0.703s] -- Up-to-date: /home/rss/robot_harry/robotik/install/create3_examples_msgs/local/lib/python3.10/dist-packages/create3_examples_msgs
[0.703s] -- Up-to-date: /home/rss/robot_harry/robotik/install/create3_examples_msgs/local/lib/python3.10/dist-packages/create3_examples_msgs/libcreate3_examples_msgs__rosidl_generator_py.so
[0.703s] -- Up-to-date: /home/rss/robot_harry/robotik/install/create3_examples_msgs/local/lib/python3.10/dist-packages/create3_examples_msgs/_create3_examples_msgs_s.ep.rosidl_typesupport_fastrtps_c.c
[0.703s] -- Up-to-date: /home/rss/robot_harry/robotik/install/create3_examples_msgs/local/lib/python3.10/dist-packages/create3_examples_msgs/create3_examples_msgs_s__rosidl_typesupport_fastrtps_c.cpython-310-x86_64-linux-gnu.so
[0.703s] -- Up-to-date: /home/rss/robot_harry/robotik/install/create3_examples_msgs/local/lib/python3.10/dist-packages/create3_examples_msgs/action
[0.703s] -- Up-to-date: /home/rss/robot_harry/robotik/install/create3_examples_msgs/local/lib/python3.10/dist-packages/create3_examples_msgs/action/_coverage.py
[0.704s] -- Up-to-date: /home/rss/robot_harry/robotik/install/create3_examples_msgs/local/lib/python3.10/dist-packages/create3_examples_msgs/action/__init__.py
[0.704s] -- Up-to-date: /home/rss/robot_harry/robotik/install/create3_examples_msgs/local/lib/python3.10/dist-packages/create3_examples_msgs/action/_coverage_s.c
[0.704s] -- Up-to-date: /home/rss/robot_harry/robotik/install/create3_examples_msgs/local/lib/python3.10/dist-packages/create3_examples_msgs/create3_examples_msgs_s__rosidl_typesupport_introspection_c.cpython-310-x86_64-linux-gnu.so
[0.704s] -- Up-to-date: /home/rss/robot_harry/robotik/install/create3_examples_msgs/local/lib/python3.10/dist-packages/create3_examples_msgs/__init__.py
[0.704s] -- Up-to-date: /home/rss/robot_harry/robotik/install/create3_examples_msgs/local/lib/python3.10/dist-packages/create3_examples_msgs/create3_examples_msgs_s__rosidl_typesupport_c.cpython-310-x86_64-linux-gnu.so
[0.704s] -- Up-to-date: /home/rss/robot_harry/robotik/install/create3_examples_msgs/local/lib/python3.10/dist-packages/create3_examples_msgs/_create3_examples_msgs_s.ep.rosidl_typesupport_introspection_c.c
[0.704s] -- Up-to-date: /home/rss/robot_harry/robotik/install/create3_examples_msgs/local/lib/python3.10/dist-packages/create3_examples_msgs/_create3_examples_msgs_s.ep.rosidl_typesupport_c.c
[0.718s] Listing '/home/rss/robot_harry/robotik/install/create3_examples_msgs/local/lib/python3.10/dist-packages/create3_examples_msgs'...
[0.719s] Listing '/home/rss/robot_harry/robotik/install/create3_examples_msgs/local/lib/python3.10/dist-packages/create3_examples_msgs/action'...
[0.719s] -- Up-to-date: /home/rss/robot_harry/robotik/install/create3_examples_msgs/local/lib/python3.10/dist-packages/create3_examples_msgs/create3_examples_msgs_s__rosidl_typesupport_fastrtps_c.cpython-310-x86_64-linux-gnu.so
[0.720s] -- Up-to-date: /home/rss/robot_harry/robotik/install/create3_examples_msgs/local/lib/python3.10/dist-packages/create3_examples_msgs/create3_examples_msgs_s__rosidl_typesupport_introspection_c.cpython-310-x86_64-linux-gnu.so
[0.720s] -- Up-to-date: /home/rss/robot_harry/robotik/install/create3_examples_msgs/local/lib/python3.10/dist-packages/create3_examples_msgs/create3_examples_msgs_s__rosidl_typesupport_c.cpython-310-x86_64-linux-gnu.so
[0.720s] -- Up-to-date: /home/rss/robot_harry/robotik/install/create3_examples_msgs/lib/libcreate3_examples_msgs__rosidl_generator_py.so
[0.720s] -- Up-to-date: /home/rss/robot_harry/robotik/install/create3_examples_msgs/share/create3_examples_msgs/action/Coverage.idl
[0.721s] -- Up-to-date: /home/rss/robot_harry/robotik/install/create3_examples_msgs/share/create3_examples_msgs/action/Coverage.action
[0.721s] -- Up-to-date: /home/rss/robot_harry/robotik/install/create3_examples_msgs/share/ament_index/resource_index/package_run_dependencies/create3_examples_msgs
[0.721s] -- Up-to-date: /home/rss/robot_harry/robotik/install/create3_examples_msgs/share/ament_index/resource_index/parent_prefix_path/create3_examples_msgs
[0.721s] -- Up-to-date: /home/rss/robot_harry/robotik/install/create3_examples_msgs/share/create3_examples_msgs/environment/ament_prefix_path.sh
[0.721s] -- Up-to-date: /home/rss/robot_harry/robotik/install/create3_examples_msgs/share/create3_examples_msgs/environment/ament_prefix_path.dsv
[0.721s] -- Up-to-date: /home/rss/robot_harry/robotik/install/create3_examples_msgs/share/create3_examples_msgs/environment/path.sh
[0.721s] -- Up-to-date: /home/rss/robot_harry/robotik/install/create3_examples_msgs/share/create3_examples_msgs/environment/path.dsv
[0.721s] -- Up-to-date: /home/rss/robot_harry/robotik/install/create3_examples_msgs/share/create3_examples_msgs/local_setup.bash
[0.721s] -- Up-to-date: /home/rss/robot_harry/robotik/install/create3_examples_msgs/share/create3_examples_msgs/local_setup.sh
[0.721s] -- Up-to-date: /home/rss/robot_harry/robotik/install/create3_examples_msgs/share/create3_examples_msgs/local_setup.zsh
[0.721s] -- Up-to-date: /home/rss/robot_harry/robotik/install/create3_examples_msgs/share/create3_examples_msgs/local_setup.dsv
[0.721s] -- Installing: /home/rss/robot_harry/robotik/install/create3_examples_msgs/share/create3_examples_msgs/package.dsv
[0.721s] -- Up-to-date: /home/rss/robot_harry/robotik/install/create3_examples_msgs/share/ament_index/resource_index/packages/create3_examples_msgs
[0.722s] -- Up-to-date: /home/rss/robot_harry/robotik/install/create3_examples_msgs/share/create3_examples_msgs/cmake/export_create3_examples_msgs__rosidl_generator_cExport.cmake
[0.722s] -- Up-to-date: /home/rss/robot_harry/robotik/install/create3_examples_msgs/share/create3_examples_msgs/cmake/export_create3_examples_msgs__rosidl_generator_cExport-noconfig.cmake
[0.722s] -- Up-to-date: /home/rss/robot_harry/robotik/install/create3_examples_msgs/share/create3_examples_msgs/cmake/export_create3_examples_msgs__rosidl_typesupport_fastrtps_cExport.cmake
[0.722s] -- Up-to-date: /home/rss/robot_harry/robotik/install/create3_examples_msgs/share/create3_examples_msgs/cmake/export_create3_examples_msgs__rosidl_typesupport_fastrtps_cExport-noconfig.cmake
[0.723s] -- Up-to-date: /home/rss/robot_harry/robotik/install/create3_examples_msgs/share/create3_examples_msgs/cmake/create3_examples_msgs__rosidl_typesupport_introspection_cExport.cmake
[0.723s] -- Up-to-date: /home/rss/robot_harry/robotik/install/create3_examples_msgs/share/create3_examples_msgs/cmake/create3_examples_msgs__rosidl_typesupport_introspection_cExport-noconfig.cmake
[0.723s] -- Up-to-date: /home/rss/robot_harry/robotik/install/create3_examples_msgs/share/create3_examples_msgs/cmake/create3_examples_msgs__rosidl_typesupport_cExport.cmake
[0.723s] -- Up-to-date: /home/rss/robot_harry/robotik/install/create3_examples_msgs/share/create3_examples_msgs/cmake/create3_examples_msgs__rosidl_typesupport_cExport-noconfig.cmake
[0.723s] -- Up-to-date: /home/rss/robot_harry/robotik/install/create3_examples_msgs/share/create3_examples_msgs/cmake/export_create3_examples_msgs__rosidl_generator_cppExport.cmake
[0.723s] -- Up-to-date: /home/rss/robot_harry/robotik/install/create3_examples_msgs/share/create3_examples_msgs/cmake/export_create3_examples_msgs__rosidl_typesupport_fastrtps_cppExport.cmake
[0.723s] -- Up-to-date: /home/rss/robot_harry/robotik/install/create3_examples_msgs/share/create3_examples_msgs/cmake/export_create3_examples_msgs__rosidl_typesupport_fastrtps_cppExport-noconfig.cmake
[0.724s] -- Up-to-date: /home/rss/robot_harry/robotik/install/create3_examples_msgs/share/create3_examples_msgs/cmake/create3_examples_msgs__rosidl_typesupport_introspection_cppExport.cmake
[0.724s] -- Up-to-date: /home/rss/robot_harry/robotik/install/create3_examples_msgs/share/create3_examples_msgs/cmake/create3_examples_msgs__rosidl_typesupport_introspection_cppExport-noconfig.cmake
[0.724s] -- Up-to-date: /home/rss/robot_harry/robotik/install/create3_examples_msgs/share/create3_examples_msgs/cmake/create3_examples_msgs__rosidl_typesupport_cppExport.cmake
[0.724s] -- Up-to-date: /home/rss/robot_harry/robotik/install/create3_examples_msgs/share/create3_examples_msgs/cmake/create3_examples_msgs__rosidl_typesupport_cppExport-noconfig.cmake
[0.724s] -- Up-to-date: /home/rss/robot_harry/robotik/install/create3_examples_msgs/share/create3_examples_msgs/cmake/export_create3_examples_msgs__rosidl_generator_pyExport.cmake
[0.724s] -- Up-to-date: /home/rss/robot_harry/robotik/install/create3_examples_msgs/share/create3_examples_msgs/cmake/export_create3_examples_msgs__rosidl_generator_pyExport-noconfig.cmake
[0.724s] -- Up-to-date: /home/rss/robot_harry/robotik/install/create3_examples_msgs/share/create3_examples_msgs/cmake/rosidl_cmake-extras.cmake
[0.724s] -- Up-to-date: /home/rss/robot_harry/robotik/install/create3_examples_msgs/share/create3_examples_msgs/cmake/ament_cmake_export_dependencies-extras.cmake
[0.724s] -- Up-to-date: /home/rss/robot_harry/robotik/install/create3_examples_msgs/share/create3_examples_msgs/cmake/ament_cmake_export_include_directories-extras.cmake
[0.724s] -- Up-to-date: /home/rss/robot_harry/robotik/install/create3_examples_msgs/share/create3_examples_msgs/cmake/ament_cmake_export_libraries-extras.cmake
[0.725s] -- Up-to-date: /home/rss/robot_harry/robotik/install/create3_examples_msgs/share/create3_examples_msgs/cmake/ament_cmake_export_targets-extras.cmake
[0.725s] -- Up-to-date: /home/rss/robot_harry/robotik/install/create3_examples_msgs/share/create3_examples_msgs/cmake/rosidl_cmake_export_typesupport_targets-extras.cmake
[0.725s] -- Up-to-date: /home/rss/robot_harry/robotik/install/create3_examples_msgs/share/create3_examples_msgs/cmake/rosidl_cmake_export_typesupport_libraries-extras.cmake
[0.725s] -- Up-to-date: /home/rss/robot_harry/robotik/install/create3_examples_msgs/share/create3_examples_msgs/cmake/create3_examples_msgsConfig.cmake
[0.725s] -- Up-to-date: /home/rss/robot_harry/robotik/install/create3_examples_msgs/share/create3_examples_msgs/cmake/create3_examples_msgsConfig-version.cmake
[0.725s] -- Up-to-date: /home/rss/robot_harry/robotik/install/create3_examples_msgs/share/create3_examples_msgs/package.xml
[0.761s] Invoked command in '/home/rss/robot_harry/robotik/build/create3_examples_msgs' returned '0': CMAKE_PREFIX_PATH=${CMAKE_PREFIX_PATH}:/home/rss/robot_harry/robotik/install/webcam_bringup:/home/rss/robot_harry/robotik/install/teleop:/home/rss/robot_harry/robotik/install/robot_bringup:/home/rss/robot_harry/robotik/install/realsense2_ros_mqtt_bridge:/home/rss/robot_harry/robotik/install/pub_sub:/home/rss/robot_harry/robotik/install/object_detection:/home/rss/robot_harry/robotik/install/my_robot_navigation:/home/rss/robot_harry/robotik/install/create3_teleop:/home/rss/robot_harry/robotik/install/create3_examples_py:/opt/ros/humble /usr/bin/cmake --install /home/rss/robot_harry/robotik/build/create3_examples_msgs
