running develop
Removing /home/rss/robot_harry/robotik/install/webcam_bringup/lib/python3.10/site-packages/webcam-bringup.egg-link (link to .)
running egg_info
writing ../../build/webcam_bringup/webcam_bringup.egg-info/PKG-INFO
writing dependency_links to ../../build/webcam_bringup/webcam_bringup.egg-info/dependency_links.txt
writing entry points to ../../build/webcam_bringup/webcam_bringup.egg-info/entry_points.txt
writing requirements to ../../build/webcam_bringup/webcam_bringup.egg-info/requires.txt
writing top-level names to ../../build/webcam_bringup/webcam_bringup.egg-info/top_level.txt
reading manifest file '../../build/webcam_bringup/webcam_bringup.egg-info/SOURCES.txt'
writing manifest file '../../build/webcam_bringup/webcam_bringup.egg-info/SOURCES.txt'
running build
running build_py
creating /home/rss/robot_harry/robotik/build/webcam_bringup/build
creating /home/rss/robot_harry/robotik/build/webcam_bringup/build/lib
creating /home/rss/robot_harry/robotik/build/webcam_bringup/build/lib/webcam_bringup
copying webcam_bringup/__init__.py -> /home/rss/robot_harry/robotik/build/webcam_bringup/build/lib/webcam_bringup
running install
running install_lib
creating /home/rss/robot_harry/robotik/install/webcam_bringup/lib/python3.10/site-packages/webcam_bringup
copying /home/rss/robot_harry/robotik/build/webcam_bringup/build/lib/webcam_bringup/__init__.py -> /home/rss/robot_harry/robotik/install/webcam_bringup/lib/python3.10/site-packages/webcam_bringup
byte-compiling /home/rss/robot_harry/robotik/install/webcam_bringup/lib/python3.10/site-packages/webcam_bringup/__init__.py to __init__.cpython-310.pyc
running install_data
copying resource/webcam_bringup -> /home/rss/robot_harry/robotik/install/webcam_bringup/share/ament_index/resource_index/packages
copying package.xml -> /home/rss/robot_harry/robotik/install/webcam_bringup/share/webcam_bringup
copying launch/webcam.launch.yaml -> /home/rss/robot_harry/robotik/install/webcam_bringup/share/webcam_bringup/launch
copying launch/rectify_node.launch.py -> /home/rss/robot_harry/robotik/install/webcam_bringup/share/webcam_bringup/launch
copying config/webcam.yaml -> /home/rss/robot_harry/robotik/install/webcam_bringup/share/webcam_bringup/config
copying config/camera_params.yaml -> /home/rss/robot_harry/robotik/install/webcam_bringup/share/webcam_bringup/config
running install_egg_info
Copying ../../build/webcam_bringup/webcam_bringup.egg-info to /home/rss/robot_harry/robotik/install/webcam_bringup/lib/python3.10/site-packages/webcam_bringup-0.0.0-py3.10.egg-info
running install_scripts
writing list of installed files to '/home/rss/robot_harry/robotik/build/webcam_bringup/install.log'
