[0.011s] Invoking command in '/home/rss/robot_harry/robotik/build/create3_coverage': CMAKE_PREFIX_PATH=/home/rss/robot_harry/robotik/install/create3_examples_msgs:/home/rss/robot_harry/robotik/install/create3_lidar_slam:/home/rss/robot_harry/robotik/install/rplidar_ros:/home/rss/robot_harry/robotik/install/realsense2_rviz_plugin:/home/rss/robot_harry/robotik/install/realsense2_description:/home/rss/robot_harry/robotik/install/realsense2_camera_msgs:/home/rss/robot_harry/robotik/install/my_robot_slam:/home/rss/robot_harry/robotik/install/create3_republisher:/home/rss/robot_harry/robotik/install/create3_coverage:/home/rss/robot_harry/robotik/install/apriltag_ros:/home/rss/robot_harry/robotik/install/apriltag_msgs:/home/rss/robot_harry/robotik/install/webcam_bringup:/home/rss/robot_harry/robotik/install/teleop:/home/rss/robot_harry/robotik/install/robot_bringup:/home/rss/robot_harry/robotik/install/realsense2_ros_mqtt_bridge:/home/rss/robot_harry/robotik/install/pub_sub:/home/rss/robot_harry/robotik/install/object_detection:/home/rss/robot_harry/robotik/install/my_robot_navigation:/home/rss/robot_harry/robotik/install/create3_teleop:/home/rss/robot_harry/robotik/install/create3_examples_py:/opt/ros/humble LD_LIBRARY_PATH=/home/rss/robot_harry/robotik/install/create3_examples_msgs/lib:/home/rss/robot_harry/robotik/install/realsense2_camera_msgs/lib:/home/rss/robot_harry/robotik/install/create3_coverage/lib:/home/rss/robot_harry/robotik/install/apriltag_ros/lib:/home/rss/robot_harry/robotik/install/apriltag_msgs/lib:/opt/ros/humble/opt/rviz_ogre_vendor/lib:/opt/ros/humble/lib/x86_64-linux-gnu:/opt/ros/humble/lib /usr/bin/cmake /home/rss/robot_harry/robotik/src/create3_examples/create3_coverage -DCMAKE_INSTALL_PREFIX=/home/rss/robot_harry/robotik/install/create3_coverage
[0.069s] -- The C compiler identification is GNU 11.4.0
[0.130s] -- The CXX compiler identification is GNU 11.4.0
[0.135s] -- Detecting C compiler ABI info
[0.207s] -- Detecting C compiler ABI info - done
[0.213s] -- Check for working C compiler: /usr/bin/cc - skipped
[0.213s] -- Detecting C compile features
[0.213s] -- Detecting C compile features - done
[0.216s] -- Detecting CXX compiler ABI info
[0.275s] -- Detecting CXX compiler ABI info - done
[0.284s] -- Check for working CXX compiler: /usr/bin/c++ - skipped
[0.284s] -- Detecting CXX compile features
[0.284s] -- Detecting CXX compile features - done
[0.286s] -- Found ament_cmake: 1.3.12 (/opt/ros/humble/share/ament_cmake/cmake)
[0.459s] -- Found Python3: /usr/bin/python3 (found version "3.10.12") found components: Interpreter 
[0.565s] -- Found create3_examples_msgs: 0.0.5 (/home/rss/robot_harry/robotik/install/create3_examples_msgs/share/create3_examples_msgs/cmake)
[0.594s] -- Found rosidl_generator_c: 3.1.8 (/opt/ros/humble/share/rosidl_generator_c/cmake)
[0.599s] -- Found rosidl_adapter: 3.1.8 (/opt/ros/humble/share/rosidl_adapter/cmake)
[0.607s] -- Found rosidl_generator_cpp: 3.1.8 (/opt/ros/humble/share/rosidl_generator_cpp/cmake)
[0.615s] -- Using all available rosidl_typesupport_c: rosidl_typesupport_fastrtps_c;rosidl_typesupport_introspection_c
[0.628s] -- Using all available rosidl_typesupport_cpp: rosidl_typesupport_fastrtps_cpp;rosidl_typesupport_introspection_cpp
[0.666s] -- Found geometry_msgs: 4.9.0 (/opt/ros/humble/share/geometry_msgs/cmake)
[0.685s] -- Found irobot_create_msgs: 2.1.0 (/opt/ros/humble/share/irobot_create_msgs/cmake)
[0.702s] -- Found nav_msgs: 4.9.0 (/opt/ros/humble/share/nav_msgs/cmake)
[0.714s] -- Found rclcpp: 16.0.17 (/opt/ros/humble/share/rclcpp/cmake)
[0.744s] -- Found rmw_implementation_cmake: 6.1.2 (/opt/ros/humble/share/rmw_implementation_cmake/cmake)
[0.746s] -- Found rmw_fastrtps_cpp: 6.2.9 (/opt/ros/humble/share/rmw_fastrtps_cpp/cmake)
[0.809s] -- Found OpenSSL: /usr/lib/x86_64-linux-gnu/libcrypto.so (found version "3.0.2")  
[0.838s] -- Found FastRTPS: /opt/ros/humble/include  
[0.872s] -- Using RMW implementation 'rmw_fastrtps_cpp' as default
[0.879s] -- Looking for pthread.h
[0.934s] -- Looking for pthread.h - found
[0.935s] -- Performing Test CMAKE_HAVE_LIBC_PTHREAD
[1.011s] -- Performing Test CMAKE_HAVE_LIBC_PTHREAD - Success
[1.011s] -- Found Threads: TRUE  
[1.041s] -- Found rclcpp_action: 16.0.17 (/opt/ros/humble/share/rclcpp_action/cmake)
[1.051s] -- Found tf2_geometry_msgs: 0.25.18 (/opt/ros/humble/share/tf2_geometry_msgs/cmake)
[1.068s] -- Found eigen3_cmake_module: 0.1.1 (/opt/ros/humble/share/eigen3_cmake_module/cmake)
[1.069s] -- Found Eigen3: TRUE (found version "3.4.0") 
[1.070s] -- Ensuring Eigen3 include directory is part of orocos-kdl CMake target
[1.134s] -- Found ament_lint_auto: 0.12.14 (/opt/ros/humble/share/ament_lint_auto/cmake)
[1.199s] -- Added test 'cppcheck' to perform static code analysis on C / C++ code
[1.199s] -- Configured cppcheck include dirs: /home/rss/robot_harry/robotik/src/create3_examples/create3_coverage/include
[1.199s] -- Configured cppcheck exclude dirs and/or files: 
[1.200s] -- Added test 'lint_cmake' to check CMake code style
[1.201s] -- Added test 'uncrustify' to check C / C++ code style
[1.202s] -- Configured uncrustify additional arguments: 
[1.202s] -- Added test 'xmllint' to check XML markup files
[1.204s] -- Configuring done
[1.219s] -- Generating done
[1.224s] -- Build files have been written to: /home/rss/robot_harry/robotik/build/create3_coverage
[1.233s] Invoked command in '/home/rss/robot_harry/robotik/build/create3_coverage' returned '0': CMAKE_PREFIX_PATH=/home/rss/robot_harry/robotik/install/create3_examples_msgs:/home/rss/robot_harry/robotik/install/create3_lidar_slam:/home/rss/robot_harry/robotik/install/rplidar_ros:/home/rss/robot_harry/robotik/install/realsense2_rviz_plugin:/home/rss/robot_harry/robotik/install/realsense2_description:/home/rss/robot_harry/robotik/install/realsense2_camera_msgs:/home/rss/robot_harry/robotik/install/my_robot_slam:/home/rss/robot_harry/robotik/install/create3_republisher:/home/rss/robot_harry/robotik/install/create3_coverage:/home/rss/robot_harry/robotik/install/apriltag_ros:/home/rss/robot_harry/robotik/install/apriltag_msgs:/home/rss/robot_harry/robotik/install/webcam_bringup:/home/rss/robot_harry/robotik/install/teleop:/home/rss/robot_harry/robotik/install/robot_bringup:/home/rss/robot_harry/robotik/install/realsense2_ros_mqtt_bridge:/home/rss/robot_harry/robotik/install/pub_sub:/home/rss/robot_harry/robotik/install/object_detection:/home/rss/robot_harry/robotik/install/my_robot_navigation:/home/rss/robot_harry/robotik/install/create3_teleop:/home/rss/robot_harry/robotik/install/create3_examples_py:/opt/ros/humble LD_LIBRARY_PATH=/home/rss/robot_harry/robotik/install/create3_examples_msgs/lib:/home/rss/robot_harry/robotik/install/realsense2_camera_msgs/lib:/home/rss/robot_harry/robotik/install/create3_coverage/lib:/home/rss/robot_harry/robotik/install/apriltag_ros/lib:/home/rss/robot_harry/robotik/install/apriltag_msgs/lib:/opt/ros/humble/opt/rviz_ogre_vendor/lib:/opt/ros/humble/lib/x86_64-linux-gnu:/opt/ros/humble/lib /usr/bin/cmake /home/rss/robot_harry/robotik/src/create3_examples/create3_coverage -DCMAKE_INSTALL_PREFIX=/home/rss/robot_harry/robotik/install/create3_coverage
[1.234s] Invoking command in '/home/rss/robot_harry/robotik/build/create3_coverage': CMAKE_PREFIX_PATH=/home/rss/robot_harry/robotik/install/create3_examples_msgs:/home/rss/robot_harry/robotik/install/create3_lidar_slam:/home/rss/robot_harry/robotik/install/rplidar_ros:/home/rss/robot_harry/robotik/install/realsense2_rviz_plugin:/home/rss/robot_harry/robotik/install/realsense2_description:/home/rss/robot_harry/robotik/install/realsense2_camera_msgs:/home/rss/robot_harry/robotik/install/my_robot_slam:/home/rss/robot_harry/robotik/install/create3_republisher:/home/rss/robot_harry/robotik/install/create3_coverage:/home/rss/robot_harry/robotik/install/apriltag_ros:/home/rss/robot_harry/robotik/install/apriltag_msgs:/home/rss/robot_harry/robotik/install/webcam_bringup:/home/rss/robot_harry/robotik/install/teleop:/home/rss/robot_harry/robotik/install/robot_bringup:/home/rss/robot_harry/robotik/install/realsense2_ros_mqtt_bridge:/home/rss/robot_harry/robotik/install/pub_sub:/home/rss/robot_harry/robotik/install/object_detection:/home/rss/robot_harry/robotik/install/my_robot_navigation:/home/rss/robot_harry/robotik/install/create3_teleop:/home/rss/robot_harry/robotik/install/create3_examples_py:/opt/ros/humble LD_LIBRARY_PATH=/home/rss/robot_harry/robotik/install/create3_examples_msgs/lib:/home/rss/robot_harry/robotik/install/realsense2_camera_msgs/lib:/home/rss/robot_harry/robotik/install/create3_coverage/lib:/home/rss/robot_harry/robotik/install/apriltag_ros/lib:/home/rss/robot_harry/robotik/install/apriltag_msgs/lib:/opt/ros/humble/opt/rviz_ogre_vendor/lib:/opt/ros/humble/lib/x86_64-linux-gnu:/opt/ros/humble/lib /usr/bin/cmake --build /home/rss/robot_harry/robotik/build/create3_coverage -- -j8 -l8
[1.277s] [  8%] [32mBuilding CXX object CMakeFiles/create3_coverage_core.dir/src/behaviors/dock-behavior.cpp.o[0m
[1.277s] [ 16%] [32mBuilding CXX object CMakeFiles/create3_coverage_core.dir/src/behaviors/reflex-behavior.cpp.o[0m
[1.277s] [ 25%] [32mBuilding CXX object CMakeFiles/create3_coverage_core.dir/src/behaviors/spiral-behavior.cpp.o[0m
[1.277s] [ 33%] [32mBuilding CXX object CMakeFiles/create3_coverage_core.dir/src/behaviors/drive-straight-behavior.cpp.o[0m
[1.278s] [ 41%] [32mBuilding CXX object CMakeFiles/create3_coverage_core.dir/src/behaviors/rotate-behavior.cpp.o[0m
[1.284s] [ 58%] [32mBuilding CXX object CMakeFiles/create3_coverage_core.dir/src/coverage_state_machine.cpp.o[0m
[1.285s] [ 58%] [32mBuilding CXX object CMakeFiles/create3_coverage_core.dir/src/behaviors/undock-behavior.cpp.o[0m
[1.289s] [ 66%] [32mBuilding CXX object CMakeFiles/create3_coverage_core.dir/src/behaviors/utils.cpp.o[0m
[2.962s] [ 75%] [32mBuilding CXX object CMakeFiles/create3_coverage_core.dir/src/create3_coverage_node.cpp.o[0m
[18.699s] [ 83%] [32m[1mLinking CXX shared library libcreate3_coverage_core.so[0m
[19.653s] [ 83%] Built target create3_coverage_core
[19.666s] [ 91%] [32mBuilding CXX object CMakeFiles/create3_coverage.dir/src/main.cpp.o[0m
[21.550s] [100%] [32m[1mLinking CXX executable create3_coverage[0m
[21.860s] [100%] Built target create3_coverage
[21.866s] Invoked command in '/home/rss/robot_harry/robotik/build/create3_coverage' returned '0': CMAKE_PREFIX_PATH=/home/rss/robot_harry/robotik/install/create3_examples_msgs:/home/rss/robot_harry/robotik/install/create3_lidar_slam:/home/rss/robot_harry/robotik/install/rplidar_ros:/home/rss/robot_harry/robotik/install/realsense2_rviz_plugin:/home/rss/robot_harry/robotik/install/realsense2_description:/home/rss/robot_harry/robotik/install/realsense2_camera_msgs:/home/rss/robot_harry/robotik/install/my_robot_slam:/home/rss/robot_harry/robotik/install/create3_republisher:/home/rss/robot_harry/robotik/install/create3_coverage:/home/rss/robot_harry/robotik/install/apriltag_ros:/home/rss/robot_harry/robotik/install/apriltag_msgs:/home/rss/robot_harry/robotik/install/webcam_bringup:/home/rss/robot_harry/robotik/install/teleop:/home/rss/robot_harry/robotik/install/robot_bringup:/home/rss/robot_harry/robotik/install/realsense2_ros_mqtt_bridge:/home/rss/robot_harry/robotik/install/pub_sub:/home/rss/robot_harry/robotik/install/object_detection:/home/rss/robot_harry/robotik/install/my_robot_navigation:/home/rss/robot_harry/robotik/install/create3_teleop:/home/rss/robot_harry/robotik/install/create3_examples_py:/opt/ros/humble LD_LIBRARY_PATH=/home/rss/robot_harry/robotik/install/create3_examples_msgs/lib:/home/rss/robot_harry/robotik/install/realsense2_camera_msgs/lib:/home/rss/robot_harry/robotik/install/create3_coverage/lib:/home/rss/robot_harry/robotik/install/apriltag_ros/lib:/home/rss/robot_harry/robotik/install/apriltag_msgs/lib:/opt/ros/humble/opt/rviz_ogre_vendor/lib:/opt/ros/humble/lib/x86_64-linux-gnu:/opt/ros/humble/lib /usr/bin/cmake --build /home/rss/robot_harry/robotik/build/create3_coverage -- -j8 -l8
[21.867s] Invoking command in '/home/rss/robot_harry/robotik/build/create3_coverage': CMAKE_PREFIX_PATH=/home/rss/robot_harry/robotik/install/create3_examples_msgs:/home/rss/robot_harry/robotik/install/create3_lidar_slam:/home/rss/robot_harry/robotik/install/rplidar_ros:/home/rss/robot_harry/robotik/install/realsense2_rviz_plugin:/home/rss/robot_harry/robotik/install/realsense2_description:/home/rss/robot_harry/robotik/install/realsense2_camera_msgs:/home/rss/robot_harry/robotik/install/my_robot_slam:/home/rss/robot_harry/robotik/install/create3_republisher:/home/rss/robot_harry/robotik/install/create3_coverage:/home/rss/robot_harry/robotik/install/apriltag_ros:/home/rss/robot_harry/robotik/install/apriltag_msgs:/home/rss/robot_harry/robotik/install/webcam_bringup:/home/rss/robot_harry/robotik/install/teleop:/home/rss/robot_harry/robotik/install/robot_bringup:/home/rss/robot_harry/robotik/install/realsense2_ros_mqtt_bridge:/home/rss/robot_harry/robotik/install/pub_sub:/home/rss/robot_harry/robotik/install/object_detection:/home/rss/robot_harry/robotik/install/my_robot_navigation:/home/rss/robot_harry/robotik/install/create3_teleop:/home/rss/robot_harry/robotik/install/create3_examples_py:/opt/ros/humble LD_LIBRARY_PATH=/home/rss/robot_harry/robotik/install/create3_examples_msgs/lib:/home/rss/robot_harry/robotik/install/realsense2_camera_msgs/lib:/home/rss/robot_harry/robotik/install/create3_coverage/lib:/home/rss/robot_harry/robotik/install/apriltag_ros/lib:/home/rss/robot_harry/robotik/install/apriltag_msgs/lib:/opt/ros/humble/opt/rviz_ogre_vendor/lib:/opt/ros/humble/lib/x86_64-linux-gnu:/opt/ros/humble/lib /usr/bin/cmake --install /home/rss/robot_harry/robotik/build/create3_coverage
[21.872s] -- Install configuration: ""
[21.872s] -- Installing: /home/rss/robot_harry/robotik/install/create3_coverage/lib/libcreate3_coverage_core.so
[21.883s] -- Set runtime path of "/home/rss/robot_harry/robotik/install/create3_coverage/lib/libcreate3_coverage_core.so" to ""
[21.883s] -- Installing: /home/rss/robot_harry/robotik/install/create3_coverage/lib/create3_coverage/create3_coverage
[21.883s] -- Set runtime path of "/home/rss/robot_harry/robotik/install/create3_coverage/lib/create3_coverage/create3_coverage" to ""
[21.883s] -- Installing: /home/rss/robot_harry/robotik/install/create3_coverage/include/
[21.883s] -- Installing: /home/rss/robot_harry/robotik/install/create3_coverage/include//create3_coverage
[21.883s] -- Installing: /home/rss/robot_harry/robotik/install/create3_coverage/include//create3_coverage/create3_coverage_node.hpp
[21.883s] -- Installing: /home/rss/robot_harry/robotik/install/create3_coverage/include//create3_coverage/coverage_state_machine.hpp
[21.883s] -- Installing: /home/rss/robot_harry/robotik/install/create3_coverage/include//create3_coverage/state.hpp
[21.883s] -- Installing: /home/rss/robot_harry/robotik/install/create3_coverage/include//create3_coverage/behaviors
[21.883s] -- Installing: /home/rss/robot_harry/robotik/install/create3_coverage/include//create3_coverage/behaviors/drive-straight-behavior.hpp
[21.883s] -- Installing: /home/rss/robot_harry/robotik/install/create3_coverage/include//create3_coverage/behaviors/undock-behavior.hpp
[21.884s] -- Installing: /home/rss/robot_harry/robotik/install/create3_coverage/include//create3_coverage/behaviors/behavior.hpp
[21.884s] -- Installing: /home/rss/robot_harry/robotik/install/create3_coverage/include//create3_coverage/behaviors/dock-behavior.hpp
[21.884s] -- Installing: /home/rss/robot_harry/robotik/install/create3_coverage/include//create3_coverage/behaviors/reflex-behavior.hpp
[21.884s] -- Installing: /home/rss/robot_harry/robotik/install/create3_coverage/include//create3_coverage/behaviors/spiral-behavior.hpp
[21.884s] -- Installing: /home/rss/robot_harry/robotik/install/create3_coverage/include//create3_coverage/behaviors/rotate-behavior.hpp
[21.884s] -- Installing: /home/rss/robot_harry/robotik/install/create3_coverage/share/create3_coverage/environment/library_path.sh
[21.884s] -- Installing: /home/rss/robot_harry/robotik/install/create3_coverage/share/create3_coverage/environment/library_path.dsv
[21.884s] -- Installing: /home/rss/robot_harry/robotik/install/create3_coverage/share/ament_index/resource_index/package_run_dependencies/create3_coverage
[21.884s] -- Installing: /home/rss/robot_harry/robotik/install/create3_coverage/share/ament_index/resource_index/parent_prefix_path/create3_coverage
[21.884s] -- Installing: /home/rss/robot_harry/robotik/install/create3_coverage/share/create3_coverage/environment/ament_prefix_path.sh
[21.884s] -- Installing: /home/rss/robot_harry/robotik/install/create3_coverage/share/create3_coverage/environment/ament_prefix_path.dsv
[21.884s] -- Installing: /home/rss/robot_harry/robotik/install/create3_coverage/share/create3_coverage/environment/path.sh
[21.884s] -- Installing: /home/rss/robot_harry/robotik/install/create3_coverage/share/create3_coverage/environment/path.dsv
[21.884s] -- Installing: /home/rss/robot_harry/robotik/install/create3_coverage/share/create3_coverage/local_setup.bash
[21.884s] -- Installing: /home/rss/robot_harry/robotik/install/create3_coverage/share/create3_coverage/local_setup.sh
[21.884s] -- Installing: /home/rss/robot_harry/robotik/install/create3_coverage/share/create3_coverage/local_setup.zsh
[21.884s] -- Installing: /home/rss/robot_harry/robotik/install/create3_coverage/share/create3_coverage/local_setup.dsv
[21.884s] -- Installing: /home/rss/robot_harry/robotik/install/create3_coverage/share/create3_coverage/package.dsv
[21.884s] -- Installing: /home/rss/robot_harry/robotik/install/create3_coverage/share/ament_index/resource_index/packages/create3_coverage
[21.884s] -- Installing: /home/rss/robot_harry/robotik/install/create3_coverage/share/create3_coverage/cmake/ament_cmake_export_include_directories-extras.cmake
[21.885s] -- Installing: /home/rss/robot_harry/robotik/install/create3_coverage/share/create3_coverage/cmake/ament_cmake_export_libraries-extras.cmake
[21.885s] -- Installing: /home/rss/robot_harry/robotik/install/create3_coverage/share/create3_coverage/cmake/ament_cmake_export_dependencies-extras.cmake
[21.885s] -- Installing: /home/rss/robot_harry/robotik/install/create3_coverage/share/create3_coverage/cmake/create3_coverageConfig.cmake
[21.885s] -- Installing: /home/rss/robot_harry/robotik/install/create3_coverage/share/create3_coverage/cmake/create3_coverageConfig-version.cmake
[21.885s] -- Installing: /home/rss/robot_harry/robotik/install/create3_coverage/share/create3_coverage/package.xml
[21.886s] Invoked command in '/home/rss/robot_harry/robotik/build/create3_coverage' returned '0': CMAKE_PREFIX_PATH=/home/rss/robot_harry/robotik/install/create3_examples_msgs:/home/rss/robot_harry/robotik/install/create3_lidar_slam:/home/rss/robot_harry/robotik/install/rplidar_ros:/home/rss/robot_harry/robotik/install/realsense2_rviz_plugin:/home/rss/robot_harry/robotik/install/realsense2_description:/home/rss/robot_harry/robotik/install/realsense2_camera_msgs:/home/rss/robot_harry/robotik/install/my_robot_slam:/home/rss/robot_harry/robotik/install/create3_republisher:/home/rss/robot_harry/robotik/install/create3_coverage:/home/rss/robot_harry/robotik/install/apriltag_ros:/home/rss/robot_harry/robotik/install/apriltag_msgs:/home/rss/robot_harry/robotik/install/webcam_bringup:/home/rss/robot_harry/robotik/install/teleop:/home/rss/robot_harry/robotik/install/robot_bringup:/home/rss/robot_harry/robotik/install/realsense2_ros_mqtt_bridge:/home/rss/robot_harry/robotik/install/pub_sub:/home/rss/robot_harry/robotik/install/object_detection:/home/rss/robot_harry/robotik/install/my_robot_navigation:/home/rss/robot_harry/robotik/install/create3_teleop:/home/rss/robot_harry/robotik/install/create3_examples_py:/opt/ros/humble LD_LIBRARY_PATH=/home/rss/robot_harry/robotik/install/create3_examples_msgs/lib:/home/rss/robot_harry/robotik/install/realsense2_camera_msgs/lib:/home/rss/robot_harry/robotik/install/create3_coverage/lib:/home/rss/robot_harry/robotik/install/apriltag_ros/lib:/home/rss/robot_harry/robotik/install/apriltag_msgs/lib:/opt/ros/humble/opt/rviz_ogre_vendor/lib:/opt/ros/humble/lib/x86_64-linux-gnu:/opt/ros/humble/lib /usr/bin/cmake --install /home/rss/robot_harry/robotik/build/create3_coverage
