[0.407s] Invoking command in '/home/rss/robot_harry/robotik/build/create3_coverage': CMAKE_PREFIX_PATH=/home/rss/robot_harry/robotik/install/create3_examples_msgs:/home/rss/robot_harry/robotik/install/create3_lidar_slam:/home/rss/robot_harry/robotik/install/rplidar_ros:/home/rss/robot_harry/robotik/install/my_robot_slam:/home/rss/robot_harry/robotik/install/create3_republisher:/home/rss/robot_harry/robotik/install/create3_coverage:/home/rss/robot_harry/robotik/install/apriltag_ros:/home/rss/robot_harry/robotik/install/apriltag_msgs:/home/rss/robot_harry/robotik/install/webcam_bringup:/home/rss/robot_harry/robotik/install/teleop:/home/rss/robot_harry/robotik/install/tag_detection:/home/rss/robot_harry/robotik/install/robot_bringup:/home/rss/robot_harry/robotik/install/pub_sub:/home/rss/robot_harry/robotik/install/object_detection:/home/rss/robot_harry/robotik/install/my_robot_navigation:/home/rss/robot_harry/robotik/install/create3_teleop:/home/rss/robot_harry/robotik/install/create3_examples_py:/opt/ros/humble LD_LIBRARY_PATH=/home/rss/robot_harry/robotik/install/create3_examples_msgs/lib:/home/rss/robot_harry/robotik/install/create3_coverage/lib:/home/rss/robot_harry/robotik/install/apriltag_ros/lib:/home/rss/robot_harry/robotik/install/apriltag_msgs/lib:/opt/ros/humble/opt/rviz_ogre_vendor/lib:/opt/ros/humble/lib/x86_64-linux-gnu:/opt/ros/humble/lib /usr/bin/cmake /home/rss/robot_harry/robotik/src/create3_examples/create3_coverage -DCMAKE_INSTALL_PREFIX=/home/rss/robot_harry/robotik/install/create3_coverage
[0.428s] -- Found ament_cmake: 1.3.12 (/opt/ros/humble/share/ament_cmake/cmake)
[0.570s] -- Override CMake install command with custom implementation using symlinks instead of copying resources
[0.578s] -- Found create3_examples_msgs: 0.0.5 (/home/rss/robot_harry/robotik/install/create3_examples_msgs/share/create3_examples_msgs/cmake)
[0.609s] -- Found rosidl_generator_c: 3.1.8 (/opt/ros/humble/share/rosidl_generator_c/cmake)
[0.612s] -- Found rosidl_adapter: 3.1.8 (/opt/ros/humble/share/rosidl_adapter/cmake)
[0.619s] -- Found rosidl_generator_cpp: 3.1.8 (/opt/ros/humble/share/rosidl_generator_cpp/cmake)
[0.636s] -- Using all available rosidl_typesupport_c: rosidl_typesupport_fastrtps_c;rosidl_typesupport_introspection_c
[0.649s] -- Using all available rosidl_typesupport_cpp: rosidl_typesupport_fastrtps_cpp;rosidl_typesupport_introspection_cpp
[0.707s] -- Found geometry_msgs: 4.9.0 (/opt/ros/humble/share/geometry_msgs/cmake)
[0.752s] -- Found irobot_create_msgs: 2.1.0 (/opt/ros/humble/share/irobot_create_msgs/cmake)
[0.784s] -- Found nav_msgs: 4.9.0 (/opt/ros/humble/share/nav_msgs/cmake)
[0.802s] -- Found rclcpp: 16.0.17 (/opt/ros/humble/share/rclcpp/cmake)
[0.843s] -- Found rmw_implementation_cmake: 6.1.2 (/opt/ros/humble/share/rmw_implementation_cmake/cmake)
[0.845s] -- Found rmw_fastrtps_cpp: 6.2.9 (/opt/ros/humble/share/rmw_fastrtps_cpp/cmake)
[0.969s] -- Using RMW implementation 'rmw_fastrtps_cpp' as default
[1.020s] -- Found rclcpp_action: 16.0.17 (/opt/ros/humble/share/rclcpp_action/cmake)
[1.026s] -- Found tf2_geometry_msgs: 0.25.18 (/opt/ros/humble/share/tf2_geometry_msgs/cmake)
[1.029s] -- Found eigen3_cmake_module: 0.1.1 (/opt/ros/humble/share/eigen3_cmake_module/cmake)
[1.031s] -- Ensuring Eigen3 include directory is part of orocos-kdl CMake target
[1.109s] -- Found ament_lint_auto: 0.12.14 (/opt/ros/humble/share/ament_lint_auto/cmake)
[1.241s] -- Added test 'cppcheck' to perform static code analysis on C / C++ code
[1.247s] -- Configured cppcheck include dirs: /home/rss/robot_harry/robotik/src/create3_examples/create3_coverage/include
[1.247s] -- Configured cppcheck exclude dirs and/or files: 
[1.247s] -- Added test 'lint_cmake' to check CMake code style
[1.253s] -- Added test 'uncrustify' to check C / C++ code style
[1.253s] -- Configured uncrustify additional arguments: 
[1.253s] -- Added test 'xmllint' to check XML markup files
[1.256s] -- Configuring done
[1.288s] -- Generating done
[1.302s] -- Build files have been written to: /home/rss/robot_harry/robotik/build/create3_coverage
[1.319s] Invoked command in '/home/rss/robot_harry/robotik/build/create3_coverage' returned '0': CMAKE_PREFIX_PATH=/home/rss/robot_harry/robotik/install/create3_examples_msgs:/home/rss/robot_harry/robotik/install/create3_lidar_slam:/home/rss/robot_harry/robotik/install/rplidar_ros:/home/rss/robot_harry/robotik/install/my_robot_slam:/home/rss/robot_harry/robotik/install/create3_republisher:/home/rss/robot_harry/robotik/install/create3_coverage:/home/rss/robot_harry/robotik/install/apriltag_ros:/home/rss/robot_harry/robotik/install/apriltag_msgs:/home/rss/robot_harry/robotik/install/webcam_bringup:/home/rss/robot_harry/robotik/install/teleop:/home/rss/robot_harry/robotik/install/tag_detection:/home/rss/robot_harry/robotik/install/robot_bringup:/home/rss/robot_harry/robotik/install/pub_sub:/home/rss/robot_harry/robotik/install/object_detection:/home/rss/robot_harry/robotik/install/my_robot_navigation:/home/rss/robot_harry/robotik/install/create3_teleop:/home/rss/robot_harry/robotik/install/create3_examples_py:/opt/ros/humble LD_LIBRARY_PATH=/home/rss/robot_harry/robotik/install/create3_examples_msgs/lib:/home/rss/robot_harry/robotik/install/create3_coverage/lib:/home/rss/robot_harry/robotik/install/apriltag_ros/lib:/home/rss/robot_harry/robotik/install/apriltag_msgs/lib:/opt/ros/humble/opt/rviz_ogre_vendor/lib:/opt/ros/humble/lib/x86_64-linux-gnu:/opt/ros/humble/lib /usr/bin/cmake /home/rss/robot_harry/robotik/src/create3_examples/create3_coverage -DCMAKE_INSTALL_PREFIX=/home/rss/robot_harry/robotik/install/create3_coverage
[1.327s] Invoking command in '/home/rss/robot_harry/robotik/build/create3_coverage': CMAKE_PREFIX_PATH=/home/rss/robot_harry/robotik/install/create3_examples_msgs:/home/rss/robot_harry/robotik/install/create3_lidar_slam:/home/rss/robot_harry/robotik/install/rplidar_ros:/home/rss/robot_harry/robotik/install/my_robot_slam:/home/rss/robot_harry/robotik/install/create3_republisher:/home/rss/robot_harry/robotik/install/create3_coverage:/home/rss/robot_harry/robotik/install/apriltag_ros:/home/rss/robot_harry/robotik/install/apriltag_msgs:/home/rss/robot_harry/robotik/install/webcam_bringup:/home/rss/robot_harry/robotik/install/teleop:/home/rss/robot_harry/robotik/install/tag_detection:/home/rss/robot_harry/robotik/install/robot_bringup:/home/rss/robot_harry/robotik/install/pub_sub:/home/rss/robot_harry/robotik/install/object_detection:/home/rss/robot_harry/robotik/install/my_robot_navigation:/home/rss/robot_harry/robotik/install/create3_teleop:/home/rss/robot_harry/robotik/install/create3_examples_py:/opt/ros/humble LD_LIBRARY_PATH=/home/rss/robot_harry/robotik/install/create3_examples_msgs/lib:/home/rss/robot_harry/robotik/install/create3_coverage/lib:/home/rss/robot_harry/robotik/install/apriltag_ros/lib:/home/rss/robot_harry/robotik/install/apriltag_msgs/lib:/opt/ros/humble/opt/rviz_ogre_vendor/lib:/opt/ros/humble/lib/x86_64-linux-gnu:/opt/ros/humble/lib /usr/bin/cmake --build /home/rss/robot_harry/robotik/build/create3_coverage -- -j8 -l8
[1.398s] [35m[1mConsolidate compiler generated dependencies of target create3_coverage_core[0m
[1.443s] [ 83%] Built target create3_coverage_core
[1.453s] [35m[1mConsolidate compiler generated dependencies of target create3_coverage[0m
[1.473s] [100%] Built target create3_coverage
[1.495s] Invoked command in '/home/rss/robot_harry/robotik/build/create3_coverage' returned '0': CMAKE_PREFIX_PATH=/home/rss/robot_harry/robotik/install/create3_examples_msgs:/home/rss/robot_harry/robotik/install/create3_lidar_slam:/home/rss/robot_harry/robotik/install/rplidar_ros:/home/rss/robot_harry/robotik/install/my_robot_slam:/home/rss/robot_harry/robotik/install/create3_republisher:/home/rss/robot_harry/robotik/install/create3_coverage:/home/rss/robot_harry/robotik/install/apriltag_ros:/home/rss/robot_harry/robotik/install/apriltag_msgs:/home/rss/robot_harry/robotik/install/webcam_bringup:/home/rss/robot_harry/robotik/install/teleop:/home/rss/robot_harry/robotik/install/tag_detection:/home/rss/robot_harry/robotik/install/robot_bringup:/home/rss/robot_harry/robotik/install/pub_sub:/home/rss/robot_harry/robotik/install/object_detection:/home/rss/robot_harry/robotik/install/my_robot_navigation:/home/rss/robot_harry/robotik/install/create3_teleop:/home/rss/robot_harry/robotik/install/create3_examples_py:/opt/ros/humble LD_LIBRARY_PATH=/home/rss/robot_harry/robotik/install/create3_examples_msgs/lib:/home/rss/robot_harry/robotik/install/create3_coverage/lib:/home/rss/robot_harry/robotik/install/apriltag_ros/lib:/home/rss/robot_harry/robotik/install/apriltag_msgs/lib:/opt/ros/humble/opt/rviz_ogre_vendor/lib:/opt/ros/humble/lib/x86_64-linux-gnu:/opt/ros/humble/lib /usr/bin/cmake --build /home/rss/robot_harry/robotik/build/create3_coverage -- -j8 -l8
[1.496s] Invoking command in '/home/rss/robot_harry/robotik/build/create3_coverage': CMAKE_PREFIX_PATH=/home/rss/robot_harry/robotik/install/create3_examples_msgs:/home/rss/robot_harry/robotik/install/create3_lidar_slam:/home/rss/robot_harry/robotik/install/rplidar_ros:/home/rss/robot_harry/robotik/install/my_robot_slam:/home/rss/robot_harry/robotik/install/create3_republisher:/home/rss/robot_harry/robotik/install/create3_coverage:/home/rss/robot_harry/robotik/install/apriltag_ros:/home/rss/robot_harry/robotik/install/apriltag_msgs:/home/rss/robot_harry/robotik/install/webcam_bringup:/home/rss/robot_harry/robotik/install/teleop:/home/rss/robot_harry/robotik/install/tag_detection:/home/rss/robot_harry/robotik/install/robot_bringup:/home/rss/robot_harry/robotik/install/pub_sub:/home/rss/robot_harry/robotik/install/object_detection:/home/rss/robot_harry/robotik/install/my_robot_navigation:/home/rss/robot_harry/robotik/install/create3_teleop:/home/rss/robot_harry/robotik/install/create3_examples_py:/opt/ros/humble LD_LIBRARY_PATH=/home/rss/robot_harry/robotik/install/create3_examples_msgs/lib:/home/rss/robot_harry/robotik/install/create3_coverage/lib:/home/rss/robot_harry/robotik/install/apriltag_ros/lib:/home/rss/robot_harry/robotik/install/apriltag_msgs/lib:/opt/ros/humble/opt/rviz_ogre_vendor/lib:/opt/ros/humble/lib/x86_64-linux-gnu:/opt/ros/humble/lib /usr/bin/cmake --install /home/rss/robot_harry/robotik/build/create3_coverage
[1.502s] -- Install configuration: ""
[1.503s] -- Execute custom install script
[1.503s] -- Up-to-date symlink: /home/rss/robot_harry/robotik/install/create3_coverage/lib/libcreate3_coverage_core.so
[1.503s] -- Up-to-date symlink: /home/rss/robot_harry/robotik/install/create3_coverage/lib/create3_coverage/create3_coverage
[1.504s] -- Up-to-date symlink: /home/rss/robot_harry/robotik/install/create3_coverage/include//create3_coverage/behaviors/behavior.hpp
[1.504s] -- Up-to-date symlink: /home/rss/robot_harry/robotik/install/create3_coverage/include//create3_coverage/behaviors/dock-behavior.hpp
[1.504s] -- Up-to-date symlink: /home/rss/robot_harry/robotik/install/create3_coverage/include//create3_coverage/behaviors/drive-straight-behavior.hpp
[1.504s] -- Up-to-date symlink: /home/rss/robot_harry/robotik/install/create3_coverage/include//create3_coverage/behaviors/reflex-behavior.hpp
[1.504s] -- Up-to-date symlink: /home/rss/robot_harry/robotik/install/create3_coverage/include//create3_coverage/behaviors/rotate-behavior.hpp
[1.504s] -- Up-to-date symlink: /home/rss/robot_harry/robotik/install/create3_coverage/include//create3_coverage/behaviors/spiral-behavior.hpp
[1.505s] -- Up-to-date symlink: /home/rss/robot_harry/robotik/install/create3_coverage/include//create3_coverage/behaviors/undock-behavior.hpp
[1.505s] -- Up-to-date symlink: /home/rss/robot_harry/robotik/install/create3_coverage/include//create3_coverage/coverage_state_machine.hpp
[1.505s] -- Up-to-date symlink: /home/rss/robot_harry/robotik/install/create3_coverage/include//create3_coverage/create3_coverage_node.hpp
[1.505s] -- Up-to-date symlink: /home/rss/robot_harry/robotik/install/create3_coverage/include//create3_coverage/state.hpp
[1.505s] -- Up-to-date symlink: /home/rss/robot_harry/robotik/install/create3_coverage/share/create3_coverage/environment/library_path.sh
[1.505s] -- Up-to-date symlink: /home/rss/robot_harry/robotik/install/create3_coverage/share/create3_coverage/environment/library_path.dsv
[1.505s] -- Up-to-date symlink: /home/rss/robot_harry/robotik/install/create3_coverage/share/ament_index/resource_index/package_run_dependencies/create3_coverage
[1.506s] -- Up-to-date symlink: /home/rss/robot_harry/robotik/install/create3_coverage/share/ament_index/resource_index/parent_prefix_path/create3_coverage
[1.506s] -- Up-to-date symlink: /home/rss/robot_harry/robotik/install/create3_coverage/share/create3_coverage/environment/ament_prefix_path.sh
[1.506s] -- Up-to-date symlink: /home/rss/robot_harry/robotik/install/create3_coverage/share/create3_coverage/environment/ament_prefix_path.dsv
[1.506s] -- Up-to-date symlink: /home/rss/robot_harry/robotik/install/create3_coverage/share/create3_coverage/environment/path.sh
[1.506s] -- Up-to-date symlink: /home/rss/robot_harry/robotik/install/create3_coverage/share/create3_coverage/environment/path.dsv
[1.507s] -- Up-to-date symlink: /home/rss/robot_harry/robotik/install/create3_coverage/share/create3_coverage/local_setup.bash
[1.507s] -- Up-to-date symlink: /home/rss/robot_harry/robotik/install/create3_coverage/share/create3_coverage/local_setup.sh
[1.507s] -- Up-to-date symlink: /home/rss/robot_harry/robotik/install/create3_coverage/share/create3_coverage/local_setup.zsh
[1.507s] -- Up-to-date symlink: /home/rss/robot_harry/robotik/install/create3_coverage/share/create3_coverage/local_setup.dsv
[1.507s] -- Symlinking: /home/rss/robot_harry/robotik/install/create3_coverage/share/create3_coverage/package.dsv
[1.513s] -- Up-to-date symlink: /home/rss/robot_harry/robotik/install/create3_coverage/share/ament_index/resource_index/packages/create3_coverage
[1.513s] -- Up-to-date symlink: /home/rss/robot_harry/robotik/install/create3_coverage/share/create3_coverage/cmake/ament_cmake_export_include_directories-extras.cmake
[1.514s] -- Up-to-date symlink: /home/rss/robot_harry/robotik/install/create3_coverage/share/create3_coverage/cmake/ament_cmake_export_libraries-extras.cmake
[1.514s] -- Up-to-date symlink: /home/rss/robot_harry/robotik/install/create3_coverage/share/create3_coverage/cmake/ament_cmake_export_dependencies-extras.cmake
[1.514s] -- Up-to-date symlink: /home/rss/robot_harry/robotik/install/create3_coverage/share/create3_coverage/cmake/create3_coverageConfig.cmake
[1.515s] -- Up-to-date symlink: /home/rss/robot_harry/robotik/install/create3_coverage/share/create3_coverage/cmake/create3_coverageConfig-version.cmake
[1.515s] -- Up-to-date symlink: /home/rss/robot_harry/robotik/install/create3_coverage/share/create3_coverage/package.xml
[1.527s] Invoked command in '/home/rss/robot_harry/robotik/build/create3_coverage' returned '0': CMAKE_PREFIX_PATH=/home/rss/robot_harry/robotik/install/create3_examples_msgs:/home/rss/robot_harry/robotik/install/create3_lidar_slam:/home/rss/robot_harry/robotik/install/rplidar_ros:/home/rss/robot_harry/robotik/install/my_robot_slam:/home/rss/robot_harry/robotik/install/create3_republisher:/home/rss/robot_harry/robotik/install/create3_coverage:/home/rss/robot_harry/robotik/install/apriltag_ros:/home/rss/robot_harry/robotik/install/apriltag_msgs:/home/rss/robot_harry/robotik/install/webcam_bringup:/home/rss/robot_harry/robotik/install/teleop:/home/rss/robot_harry/robotik/install/tag_detection:/home/rss/robot_harry/robotik/install/robot_bringup:/home/rss/robot_harry/robotik/install/pub_sub:/home/rss/robot_harry/robotik/install/object_detection:/home/rss/robot_harry/robotik/install/my_robot_navigation:/home/rss/robot_harry/robotik/install/create3_teleop:/home/rss/robot_harry/robotik/install/create3_examples_py:/opt/ros/humble LD_LIBRARY_PATH=/home/rss/robot_harry/robotik/install/create3_examples_msgs/lib:/home/rss/robot_harry/robotik/install/create3_coverage/lib:/home/rss/robot_harry/robotik/install/apriltag_ros/lib:/home/rss/robot_harry/robotik/install/apriltag_msgs/lib:/opt/ros/humble/opt/rviz_ogre_vendor/lib:/opt/ros/humble/lib/x86_64-linux-gnu:/opt/ros/humble/lib /usr/bin/cmake --install /home/rss/robot_harry/robotik/build/create3_coverage
