[0.031s] Invoking command in '/home/rss/robot_harry/robotik/build/apriltag_msgs': CMAKE_PREFIX_PATH=${CMAKE_PREFIX_PATH}:/home/rss/robot_harry/robotik/install/webcam_bringup:/home/rss/robot_harry/robotik/install/teleop:/home/rss/robot_harry/robotik/install/tag_detection:/home/rss/robot_harry/robotik/install/robot_bringup:/home/rss/robot_harry/robotik/install/pub_sub:/home/rss/robot_harry/robotik/install/object_detection:/home/rss/robot_harry/robotik/install/my_robot_navigation:/home/rss/robot_harry/robotik/install/create3_teleop:/home/rss/robot_harry/robotik/install/create3_examples_py:/opt/ros/humble /usr/bin/cmake /home/rss/robot_harry/robotik/src/apriltag_msgs -DCMAKE_INSTALL_PREFIX=/home/rss/robot_harry/robotik/install/apriltag_msgs
[0.689s] -- Found ament_cmake: 1.3.12 (/opt/ros/humble/share/ament_cmake/cmake)
[0.689s] -- Override CMake install command with custom implementation using symlinks instead of copying resources
[0.689s] -- Found rosidl_default_generators: 1.2.0 (/opt/ros/humble/share/rosidl_default_generators/cmake)
[0.689s] -- Using all available rosidl_typesupport_c: rosidl_typesupport_fastrtps_c;rosidl_typesupport_introspection_c
[0.689s] -- Found rosidl_adapter: 3.1.8 (/opt/ros/humble/share/rosidl_adapter/cmake)
[0.689s] -- Using all available rosidl_typesupport_cpp: rosidl_typesupport_fastrtps_cpp;rosidl_typesupport_introspection_cpp
[0.689s] -- Found std_msgs: 4.9.0 (/opt/ros/humble/share/std_msgs/cmake)
[0.689s] -- Found ament_cmake_ros: 0.10.0 (/opt/ros/humble/share/ament_cmake_ros/cmake)
[0.689s] -- Using all available rosidl_typesupport_c: rosidl_typesupport_fastrtps_c;rosidl_typesupport_introspection_c
[0.897s] -- Using all available rosidl_typesupport_cpp: rosidl_typesupport_fastrtps_cpp;rosidl_typesupport_introspection_cpp
[0.915s] -- Found python_cmake_module: 0.10.0 (/opt/ros/humble/share/python_cmake_module/cmake)
[0.945s] -- Using PYTHON_EXECUTABLE: /usr/bin/python3
[0.945s] -- Using PYTHON_INCLUDE_DIRS: /usr/include/python3.10
[0.945s] -- Using PYTHON_LIBRARIES: /usr/lib/x86_64-linux-gnu/libpython3.10.so
[1.006s] -- Found ament_lint_auto: 0.12.14 (/opt/ros/humble/share/ament_lint_auto/cmake)
[1.024s] -- Added test 'lint_cmake' to check CMake code style
[1.024s] -- Added test 'xmllint' to check XML markup files
[1.025s] -- Configuring done
[1.077s] -- Generating done
[1.091s] -- Build files have been written to: /home/rss/robot_harry/robotik/build/apriltag_msgs
[1.395s] Invoked command in '/home/rss/robot_harry/robotik/build/apriltag_msgs' returned '0': CMAKE_PREFIX_PATH=${CMAKE_PREFIX_PATH}:/home/rss/robot_harry/robotik/install/webcam_bringup:/home/rss/robot_harry/robotik/install/teleop:/home/rss/robot_harry/robotik/install/tag_detection:/home/rss/robot_harry/robotik/install/robot_bringup:/home/rss/robot_harry/robotik/install/pub_sub:/home/rss/robot_harry/robotik/install/object_detection:/home/rss/robot_harry/robotik/install/my_robot_navigation:/home/rss/robot_harry/robotik/install/create3_teleop:/home/rss/robot_harry/robotik/install/create3_examples_py:/opt/ros/humble /usr/bin/cmake /home/rss/robot_harry/robotik/src/apriltag_msgs -DCMAKE_INSTALL_PREFIX=/home/rss/robot_harry/robotik/install/apriltag_msgs
[1.400s] Invoking command in '/home/rss/robot_harry/robotik/build/apriltag_msgs': CMAKE_PREFIX_PATH=${CMAKE_PREFIX_PATH}:/home/rss/robot_harry/robotik/install/webcam_bringup:/home/rss/robot_harry/robotik/install/teleop:/home/rss/robot_harry/robotik/install/tag_detection:/home/rss/robot_harry/robotik/install/robot_bringup:/home/rss/robot_harry/robotik/install/pub_sub:/home/rss/robot_harry/robotik/install/object_detection:/home/rss/robot_harry/robotik/install/my_robot_navigation:/home/rss/robot_harry/robotik/install/create3_teleop:/home/rss/robot_harry/robotik/install/create3_examples_py:/opt/ros/humble /usr/bin/cmake --build /home/rss/robot_harry/robotik/build/apriltag_msgs -- -j8 -l8
[1.433s] [35m[1mConsolidate compiler generated dependencies of target apriltag_msgs__rosidl_generator_c[0m
[1.460s] [ 10%] Built target apriltag_msgs__rosidl_generator_c
[1.463s] [ 12%] Built target apriltag_msgs__cpp
[1.471s] [ 12%] Built target ament_cmake_python_symlink_apriltag_msgs
[1.483s] [35m[1mConsolidate compiler generated dependencies of target apriltag_msgs__rosidl_typesupport_introspection_c[0m
[1.483s] [35m[1mConsolidate compiler generated dependencies of target apriltag_msgs__rosidl_typesupport_c[0m
[1.486s] [35m[1mConsolidate compiler generated dependencies of target apriltag_msgs__rosidl_typesupport_introspection_cpp[0m
[1.489s] [35m[1mConsolidate compiler generated dependencies of target apriltag_msgs__rosidl_typesupport_cpp[0m
[1.489s] [35m[1mConsolidate compiler generated dependencies of target apriltag_msgs__rosidl_typesupport_fastrtps_c[0m
[1.489s] [35m[1mConsolidate compiler generated dependencies of target apriltag_msgs__rosidl_typesupport_fastrtps_cpp[0m
[1.515s] [ 23%] Built target apriltag_msgs__rosidl_typesupport_introspection_c
[1.527s] [ 34%] Built target apriltag_msgs__rosidl_typesupport_introspection_cpp
[1.532s] [ 44%] Built target apriltag_msgs__rosidl_typesupport_fastrtps_c
[1.536s] [ 55%] Built target apriltag_msgs__rosidl_typesupport_cpp
[1.537s] [ 65%] Built target apriltag_msgs__rosidl_typesupport_c
[1.539s] [ 76%] Built target apriltag_msgs__rosidl_typesupport_fastrtps_cpp
[1.561s] [ 76%] Built target apriltag_msgs
[1.611s] [ 78%] Built target apriltag_msgs__py
[1.637s] [35m[1mConsolidate compiler generated dependencies of target apriltag_msgs__rosidl_generator_py[0m
[1.675s] [ 87%] Built target apriltag_msgs__rosidl_generator_py
[1.696s] [35m[1mConsolidate compiler generated dependencies of target apriltag_msgs__rosidl_typesupport_fastrtps_c__pyext[0m
[1.697s] [35m[1mConsolidate compiler generated dependencies of target apriltag_msgs__rosidl_typesupport_introspection_c__pyext[0m
[1.697s] [35m[1mConsolidate compiler generated dependencies of target apriltag_msgs__rosidl_typesupport_c__pyext[0m
[1.734s] [ 91%] Built target apriltag_msgs__rosidl_typesupport_introspection_c__pyext
[1.734s] [ 95%] Built target apriltag_msgs__rosidl_typesupport_fastrtps_c__pyext
[1.735s] [100%] Built target apriltag_msgs__rosidl_typesupport_c__pyext
[1.843s] running egg_info
[1.844s] writing apriltag_msgs.egg-info/PKG-INFO
[1.844s] writing dependency_links to apriltag_msgs.egg-info/dependency_links.txt
[1.844s] writing top-level names to apriltag_msgs.egg-info/top_level.txt
[1.847s] reading manifest file 'apriltag_msgs.egg-info/SOURCES.txt'
[1.848s] writing manifest file 'apriltag_msgs.egg-info/SOURCES.txt'
[1.878s] [100%] Built target ament_cmake_python_build_apriltag_msgs_egg
[2.124s] Invoked command in '/home/rss/robot_harry/robotik/build/apriltag_msgs' returned '0': CMAKE_PREFIX_PATH=${CMAKE_PREFIX_PATH}:/home/rss/robot_harry/robotik/install/webcam_bringup:/home/rss/robot_harry/robotik/install/teleop:/home/rss/robot_harry/robotik/install/tag_detection:/home/rss/robot_harry/robotik/install/robot_bringup:/home/rss/robot_harry/robotik/install/pub_sub:/home/rss/robot_harry/robotik/install/object_detection:/home/rss/robot_harry/robotik/install/my_robot_navigation:/home/rss/robot_harry/robotik/install/create3_teleop:/home/rss/robot_harry/robotik/install/create3_examples_py:/opt/ros/humble /usr/bin/cmake --build /home/rss/robot_harry/robotik/build/apriltag_msgs -- -j8 -l8
[2.125s] Invoking command in '/home/rss/robot_harry/robotik/build/apriltag_msgs': CMAKE_PREFIX_PATH=${CMAKE_PREFIX_PATH}:/home/rss/robot_harry/robotik/install/webcam_bringup:/home/rss/robot_harry/robotik/install/teleop:/home/rss/robot_harry/robotik/install/tag_detection:/home/rss/robot_harry/robotik/install/robot_bringup:/home/rss/robot_harry/robotik/install/pub_sub:/home/rss/robot_harry/robotik/install/object_detection:/home/rss/robot_harry/robotik/install/my_robot_navigation:/home/rss/robot_harry/robotik/install/create3_teleop:/home/rss/robot_harry/robotik/install/create3_examples_py:/opt/ros/humble /usr/bin/cmake --install /home/rss/robot_harry/robotik/build/apriltag_msgs
[2.147s] -- Install configuration: ""
[2.147s] -- Execute custom install script
[2.147s] -- Up-to-date symlink: /home/rss/robot_harry/robotik/install/apriltag_msgs/share/ament_index/resource_index/rosidl_interfaces/apriltag_msgs
[2.147s] -- Up-to-date symlink: /home/rss/robot_harry/robotik/install/apriltag_msgs/include/apriltag_msgs/apriltag_msgs/msg/april_tag_detection.h
[2.147s] -- Up-to-date symlink: /home/rss/robot_harry/robotik/install/apriltag_msgs/include/apriltag_msgs/apriltag_msgs/msg/april_tag_detection_array.h
[2.147s] -- Up-to-date symlink: /home/rss/robot_harry/robotik/install/apriltag_msgs/include/apriltag_msgs/apriltag_msgs/msg/detail/april_tag_detection__functions.h
[2.147s] -- Up-to-date symlink: /home/rss/robot_harry/robotik/install/apriltag_msgs/include/apriltag_msgs/apriltag_msgs/msg/detail/april_tag_detection__struct.h
[2.147s] -- Up-to-date symlink: /home/rss/robot_harry/robotik/install/apriltag_msgs/include/apriltag_msgs/apriltag_msgs/msg/detail/april_tag_detection__type_support.h
[2.147s] -- Up-to-date symlink: /home/rss/robot_harry/robotik/install/apriltag_msgs/include/apriltag_msgs/apriltag_msgs/msg/detail/april_tag_detection_array__functions.h
[2.147s] -- Up-to-date symlink: /home/rss/robot_harry/robotik/install/apriltag_msgs/include/apriltag_msgs/apriltag_msgs/msg/detail/april_tag_detection_array__struct.h
[2.147s] -- Up-to-date symlink: /home/rss/robot_harry/robotik/install/apriltag_msgs/include/apriltag_msgs/apriltag_msgs/msg/detail/april_tag_detection_array__type_support.h
[2.147s] -- Up-to-date symlink: /home/rss/robot_harry/robotik/install/apriltag_msgs/include/apriltag_msgs/apriltag_msgs/msg/detail/point__functions.h
[2.148s] -- Up-to-date symlink: /home/rss/robot_harry/robotik/install/apriltag_msgs/include/apriltag_msgs/apriltag_msgs/msg/detail/point__struct.h
[2.148s] -- Up-to-date symlink: /home/rss/robot_harry/robotik/install/apriltag_msgs/include/apriltag_msgs/apriltag_msgs/msg/detail/point__type_support.h
[2.148s] -- Up-to-date symlink: /home/rss/robot_harry/robotik/install/apriltag_msgs/include/apriltag_msgs/apriltag_msgs/msg/point.h
[2.148s] -- Up-to-date symlink: /home/rss/robot_harry/robotik/install/apriltag_msgs/include/apriltag_msgs/apriltag_msgs/msg/rosidl_generator_c__visibility_control.h
[2.148s] -- Up-to-date symlink: /home/rss/robot_harry/robotik/install/apriltag_msgs/share/apriltag_msgs/environment/library_path.sh
[2.148s] -- Up-to-date symlink: /home/rss/robot_harry/robotik/install/apriltag_msgs/share/apriltag_msgs/environment/library_path.dsv
[2.148s] -- Up-to-date symlink: /home/rss/robot_harry/robotik/install/apriltag_msgs/include/apriltag_msgs/apriltag_msgs/msg/detail/april_tag_detection__rosidl_typesupport_fastrtps_c.h
[2.148s] -- Up-to-date symlink: /home/rss/robot_harry/robotik/install/apriltag_msgs/include/apriltag_msgs/apriltag_msgs/msg/detail/april_tag_detection_array__rosidl_typesupport_fastrtps_c.h
[2.148s] -- Up-to-date symlink: /home/rss/robot_harry/robotik/install/apriltag_msgs/include/apriltag_msgs/apriltag_msgs/msg/detail/point__rosidl_typesupport_fastrtps_c.h
[2.148s] -- Up-to-date symlink: /home/rss/robot_harry/robotik/install/apriltag_msgs/include/apriltag_msgs/apriltag_msgs/msg/rosidl_typesupport_fastrtps_c__visibility_control.h
[2.148s] -- Up-to-date symlink: /home/rss/robot_harry/robotik/install/apriltag_msgs/include/apriltag_msgs/apriltag_msgs/msg/detail/april_tag_detection__rosidl_typesupport_introspection_c.h
[2.148s] -- Up-to-date symlink: /home/rss/robot_harry/robotik/install/apriltag_msgs/include/apriltag_msgs/apriltag_msgs/msg/detail/april_tag_detection_array__rosidl_typesupport_introspection_c.h
[2.148s] -- Up-to-date symlink: /home/rss/robot_harry/robotik/install/apriltag_msgs/include/apriltag_msgs/apriltag_msgs/msg/detail/point__rosidl_typesupport_introspection_c.h
[2.148s] -- Up-to-date symlink: /home/rss/robot_harry/robotik/install/apriltag_msgs/include/apriltag_msgs/apriltag_msgs/msg/rosidl_typesupport_introspection_c__visibility_control.h
[2.148s] -- Up-to-date symlink: /home/rss/robot_harry/robotik/install/apriltag_msgs/include/apriltag_msgs/apriltag_msgs/msg/april_tag_detection.hpp
[2.148s] -- Up-to-date symlink: /home/rss/robot_harry/robotik/install/apriltag_msgs/include/apriltag_msgs/apriltag_msgs/msg/april_tag_detection_array.hpp
[2.149s] -- Up-to-date symlink: /home/rss/robot_harry/robotik/install/apriltag_msgs/include/apriltag_msgs/apriltag_msgs/msg/detail/april_tag_detection__builder.hpp
[2.149s] -- Up-to-date symlink: /home/rss/robot_harry/robotik/install/apriltag_msgs/include/apriltag_msgs/apriltag_msgs/msg/detail/april_tag_detection__struct.hpp
[2.149s] -- Up-to-date symlink: /home/rss/robot_harry/robotik/install/apriltag_msgs/include/apriltag_msgs/apriltag_msgs/msg/detail/april_tag_detection__traits.hpp
[2.149s] -- Up-to-date symlink: /home/rss/robot_harry/robotik/install/apriltag_msgs/include/apriltag_msgs/apriltag_msgs/msg/detail/april_tag_detection__type_support.hpp
[2.149s] -- Up-to-date symlink: /home/rss/robot_harry/robotik/install/apriltag_msgs/include/apriltag_msgs/apriltag_msgs/msg/detail/april_tag_detection_array__builder.hpp
[2.149s] -- Up-to-date symlink: /home/rss/robot_harry/robotik/install/apriltag_msgs/include/apriltag_msgs/apriltag_msgs/msg/detail/april_tag_detection_array__struct.hpp
[2.149s] -- Up-to-date symlink: /home/rss/robot_harry/robotik/install/apriltag_msgs/include/apriltag_msgs/apriltag_msgs/msg/detail/april_tag_detection_array__traits.hpp
[2.149s] -- Up-to-date symlink: /home/rss/robot_harry/robotik/install/apriltag_msgs/include/apriltag_msgs/apriltag_msgs/msg/detail/april_tag_detection_array__type_support.hpp
[2.149s] -- Up-to-date symlink: /home/rss/robot_harry/robotik/install/apriltag_msgs/include/apriltag_msgs/apriltag_msgs/msg/detail/point__builder.hpp
[2.149s] -- Up-to-date symlink: /home/rss/robot_harry/robotik/install/apriltag_msgs/include/apriltag_msgs/apriltag_msgs/msg/detail/point__struct.hpp
[2.149s] -- Up-to-date symlink: /home/rss/robot_harry/robotik/install/apriltag_msgs/include/apriltag_msgs/apriltag_msgs/msg/detail/point__traits.hpp
[2.149s] -- Up-to-date symlink: /home/rss/robot_harry/robotik/install/apriltag_msgs/include/apriltag_msgs/apriltag_msgs/msg/detail/point__type_support.hpp
[2.149s] -- Up-to-date symlink: /home/rss/robot_harry/robotik/install/apriltag_msgs/include/apriltag_msgs/apriltag_msgs/msg/point.hpp
[2.149s] -- Up-to-date symlink: /home/rss/robot_harry/robotik/install/apriltag_msgs/include/apriltag_msgs/apriltag_msgs/msg/rosidl_generator_cpp__visibility_control.hpp
[2.149s] -- Up-to-date symlink: /home/rss/robot_harry/robotik/install/apriltag_msgs/include/apriltag_msgs/apriltag_msgs/msg/detail/april_tag_detection__rosidl_typesupport_fastrtps_cpp.hpp
[2.154s] -- Up-to-date symlink: /home/rss/robot_harry/robotik/install/apriltag_msgs/include/apriltag_msgs/apriltag_msgs/msg/detail/april_tag_detection_array__rosidl_typesupport_fastrtps_cpp.hpp
[2.154s] -- Up-to-date symlink: /home/rss/robot_harry/robotik/install/apriltag_msgs/include/apriltag_msgs/apriltag_msgs/msg/detail/point__rosidl_typesupport_fastrtps_cpp.hpp
[2.154s] -- Up-to-date symlink: /home/rss/robot_harry/robotik/install/apriltag_msgs/include/apriltag_msgs/apriltag_msgs/msg/rosidl_typesupport_fastrtps_cpp__visibility_control.h
[2.154s] -- Up-to-date symlink: /home/rss/robot_harry/robotik/install/apriltag_msgs/include/apriltag_msgs/apriltag_msgs/msg/detail/april_tag_detection__rosidl_typesupport_introspection_cpp.hpp
[2.154s] -- Up-to-date symlink: /home/rss/robot_harry/robotik/install/apriltag_msgs/include/apriltag_msgs/apriltag_msgs/msg/detail/april_tag_detection_array__rosidl_typesupport_introspection_cpp.hpp
[2.154s] -- Up-to-date symlink: /home/rss/robot_harry/robotik/install/apriltag_msgs/include/apriltag_msgs/apriltag_msgs/msg/detail/point__rosidl_typesupport_introspection_cpp.hpp
[2.154s] -- Up-to-date symlink: /home/rss/robot_harry/robotik/install/apriltag_msgs/share/apriltag_msgs/environment/pythonpath.sh
[2.154s] -- Up-to-date symlink: /home/rss/robot_harry/robotik/install/apriltag_msgs/share/apriltag_msgs/environment/pythonpath.dsv
[2.154s] -- Up-to-date symlink: /home/rss/robot_harry/robotik/install/apriltag_msgs/local/lib/python3.10/dist-packages/apriltag_msgs-2.0.1-py3.10.egg-info/PKG-INFO
[2.154s] -- Up-to-date symlink: /home/rss/robot_harry/robotik/install/apriltag_msgs/local/lib/python3.10/dist-packages/apriltag_msgs-2.0.1-py3.10.egg-info/SOURCES.txt
[2.154s] -- Up-to-date symlink: /home/rss/robot_harry/robotik/install/apriltag_msgs/local/lib/python3.10/dist-packages/apriltag_msgs-2.0.1-py3.10.egg-info/dependency_links.txt
[2.155s] -- Up-to-date symlink: /home/rss/robot_harry/robotik/install/apriltag_msgs/local/lib/python3.10/dist-packages/apriltag_msgs-2.0.1-py3.10.egg-info/top_level.txt
[2.155s] -- Up-to-date symlink: /home/rss/robot_harry/robotik/install/apriltag_msgs/local/lib/python3.10/dist-packages/apriltag_msgs/__init__.py
[2.155s] -- Up-to-date symlink: /home/rss/robot_harry/robotik/install/apriltag_msgs/local/lib/python3.10/dist-packages/apriltag_msgs/_apriltag_msgs_s.ep.rosidl_typesupport_c.c
[2.155s] -- Up-to-date symlink: /home/rss/robot_harry/robotik/install/apriltag_msgs/local/lib/python3.10/dist-packages/apriltag_msgs/_apriltag_msgs_s.ep.rosidl_typesupport_fastrtps_c.c
[2.155s] -- Up-to-date symlink: /home/rss/robot_harry/robotik/install/apriltag_msgs/local/lib/python3.10/dist-packages/apriltag_msgs/_apriltag_msgs_s.ep.rosidl_typesupport_introspection_c.c
[2.155s] -- Up-to-date symlink: /home/rss/robot_harry/robotik/install/apriltag_msgs/local/lib/python3.10/dist-packages/apriltag_msgs/apriltag_msgs_s__rosidl_typesupport_c.cpython-310-x86_64-linux-gnu.so
[2.155s] -- Up-to-date symlink: /home/rss/robot_harry/robotik/install/apriltag_msgs/local/lib/python3.10/dist-packages/apriltag_msgs/apriltag_msgs_s__rosidl_typesupport_fastrtps_c.cpython-310-x86_64-linux-gnu.so
[2.155s] -- Up-to-date symlink: /home/rss/robot_harry/robotik/install/apriltag_msgs/local/lib/python3.10/dist-packages/apriltag_msgs/apriltag_msgs_s__rosidl_typesupport_introspection_c.cpython-310-x86_64-linux-gnu.so
[2.155s] -- Up-to-date symlink: /home/rss/robot_harry/robotik/install/apriltag_msgs/local/lib/python3.10/dist-packages/apriltag_msgs/libapriltag_msgs__rosidl_generator_py.so
[2.155s] -- Up-to-date symlink: /home/rss/robot_harry/robotik/install/apriltag_msgs/local/lib/python3.10/dist-packages/apriltag_msgs/msg/__init__.py
[2.155s] -- Up-to-date symlink: /home/rss/robot_harry/robotik/install/apriltag_msgs/local/lib/python3.10/dist-packages/apriltag_msgs/msg/_april_tag_detection.py
[2.155s] -- Up-to-date symlink: /home/rss/robot_harry/robotik/install/apriltag_msgs/local/lib/python3.10/dist-packages/apriltag_msgs/msg/_april_tag_detection_array.py
[2.155s] -- Up-to-date symlink: /home/rss/robot_harry/robotik/install/apriltag_msgs/local/lib/python3.10/dist-packages/apriltag_msgs/msg/_april_tag_detection_array_s.c
[2.156s] -- Up-to-date symlink: /home/rss/robot_harry/robotik/install/apriltag_msgs/local/lib/python3.10/dist-packages/apriltag_msgs/msg/_april_tag_detection_s.c
[2.156s] -- Up-to-date symlink: /home/rss/robot_harry/robotik/install/apriltag_msgs/local/lib/python3.10/dist-packages/apriltag_msgs/msg/_point.py
[2.156s] -- Up-to-date symlink: /home/rss/robot_harry/robotik/install/apriltag_msgs/local/lib/python3.10/dist-packages/apriltag_msgs/msg/_point_s.c
[2.156s] -- Up-to-date symlink: /home/rss/robot_harry/robotik/install/apriltag_msgs/local/lib/python3.10/dist-packages/apriltag_msgs/apriltag_msgs_s__rosidl_typesupport_fastrtps_c.cpython-310-x86_64-linux-gnu.so
[2.156s] -- Up-to-date symlink: /home/rss/robot_harry/robotik/install/apriltag_msgs/local/lib/python3.10/dist-packages/apriltag_msgs/apriltag_msgs_s__rosidl_typesupport_introspection_c.cpython-310-x86_64-linux-gnu.so
[2.156s] -- Up-to-date symlink: /home/rss/robot_harry/robotik/install/apriltag_msgs/local/lib/python3.10/dist-packages/apriltag_msgs/apriltag_msgs_s__rosidl_typesupport_c.cpython-310-x86_64-linux-gnu.so
[2.156s] -- Up-to-date symlink: /home/rss/robot_harry/robotik/install/apriltag_msgs/share/apriltag_msgs/msg/Point.idl
[2.160s] -- Up-to-date symlink: /home/rss/robot_harry/robotik/install/apriltag_msgs/share/apriltag_msgs/msg/AprilTagDetection.idl
[2.160s] -- Up-to-date symlink: /home/rss/robot_harry/robotik/install/apriltag_msgs/share/apriltag_msgs/msg/AprilTagDetectionArray.idl
[2.160s] -- Up-to-date symlink: /home/rss/robot_harry/robotik/install/apriltag_msgs/share/apriltag_msgs/msg/Point.msg
[2.160s] -- Up-to-date symlink: /home/rss/robot_harry/robotik/install/apriltag_msgs/share/apriltag_msgs/msg/AprilTagDetection.msg
[2.161s] -- Up-to-date symlink: /home/rss/robot_harry/robotik/install/apriltag_msgs/share/apriltag_msgs/msg/AprilTagDetectionArray.msg
[2.161s] -- Up-to-date symlink: /home/rss/robot_harry/robotik/install/apriltag_msgs/share/ament_index/resource_index/package_run_dependencies/apriltag_msgs
[2.161s] -- Up-to-date symlink: /home/rss/robot_harry/robotik/install/apriltag_msgs/share/ament_index/resource_index/parent_prefix_path/apriltag_msgs
[2.161s] -- Up-to-date symlink: /home/rss/robot_harry/robotik/install/apriltag_msgs/share/apriltag_msgs/environment/ament_prefix_path.sh
[2.161s] -- Up-to-date symlink: /home/rss/robot_harry/robotik/install/apriltag_msgs/share/apriltag_msgs/environment/ament_prefix_path.dsv
[2.161s] -- Up-to-date symlink: /home/rss/robot_harry/robotik/install/apriltag_msgs/share/apriltag_msgs/environment/path.sh
[2.161s] -- Up-to-date symlink: /home/rss/robot_harry/robotik/install/apriltag_msgs/share/apriltag_msgs/environment/path.dsv
[2.161s] -- Up-to-date symlink: /home/rss/robot_harry/robotik/install/apriltag_msgs/share/apriltag_msgs/local_setup.bash
[2.161s] -- Up-to-date symlink: /home/rss/robot_harry/robotik/install/apriltag_msgs/share/apriltag_msgs/local_setup.sh
[2.161s] -- Up-to-date symlink: /home/rss/robot_harry/robotik/install/apriltag_msgs/share/apriltag_msgs/local_setup.zsh
[2.161s] -- Up-to-date symlink: /home/rss/robot_harry/robotik/install/apriltag_msgs/share/apriltag_msgs/local_setup.dsv
[2.161s] -- Symlinking: /home/rss/robot_harry/robotik/install/apriltag_msgs/share/apriltag_msgs/package.dsv
[2.169s] -- Up-to-date symlink: /home/rss/robot_harry/robotik/install/apriltag_msgs/share/ament_index/resource_index/packages/apriltag_msgs
[2.171s] -- Up-to-date symlink: /home/rss/robot_harry/robotik/install/apriltag_msgs/share/apriltag_msgs/cmake/rosidl_cmake-extras.cmake
[2.171s] -- Up-to-date symlink: /home/rss/robot_harry/robotik/install/apriltag_msgs/share/apriltag_msgs/cmake/ament_cmake_export_dependencies-extras.cmake
[2.171s] -- Up-to-date symlink: /home/rss/robot_harry/robotik/install/apriltag_msgs/share/apriltag_msgs/cmake/ament_cmake_export_include_directories-extras.cmake
[2.171s] -- Up-to-date symlink: /home/rss/robot_harry/robotik/install/apriltag_msgs/share/apriltag_msgs/cmake/ament_cmake_export_libraries-extras.cmake
[2.172s] -- Up-to-date symlink: /home/rss/robot_harry/robotik/install/apriltag_msgs/share/apriltag_msgs/cmake/ament_cmake_export_targets-extras.cmake
[2.172s] -- Up-to-date symlink: /home/rss/robot_harry/robotik/install/apriltag_msgs/share/apriltag_msgs/cmake/rosidl_cmake_export_typesupport_targets-extras.cmake
[2.172s] -- Up-to-date symlink: /home/rss/robot_harry/robotik/install/apriltag_msgs/share/apriltag_msgs/cmake/rosidl_cmake_export_typesupport_libraries-extras.cmake
[2.172s] -- Up-to-date symlink: /home/rss/robot_harry/robotik/install/apriltag_msgs/share/apriltag_msgs/cmake/apriltag_msgsConfig.cmake
[2.172s] -- Up-to-date symlink: /home/rss/robot_harry/robotik/install/apriltag_msgs/share/apriltag_msgs/cmake/apriltag_msgsConfig-version.cmake
[2.172s] -- Up-to-date symlink: /home/rss/robot_harry/robotik/install/apriltag_msgs/share/apriltag_msgs/package.xml
[2.173s] -- Up-to-date: /home/rss/robot_harry/robotik/install/apriltag_msgs/lib/libapriltag_msgs__rosidl_generator_c.so
[2.173s] -- Up-to-date: /home/rss/robot_harry/robotik/install/apriltag_msgs/lib/libapriltag_msgs__rosidl_typesupport_fastrtps_c.so
[2.174s] -- Up-to-date: /home/rss/robot_harry/robotik/install/apriltag_msgs/lib/libapriltag_msgs__rosidl_typesupport_introspection_c.so
[2.174s] -- Up-to-date: /home/rss/robot_harry/robotik/install/apriltag_msgs/lib/libapriltag_msgs__rosidl_typesupport_c.so
[2.177s] -- Up-to-date: /home/rss/robot_harry/robotik/install/apriltag_msgs/lib/libapriltag_msgs__rosidl_typesupport_fastrtps_cpp.so
[2.177s] -- Up-to-date: /home/rss/robot_harry/robotik/install/apriltag_msgs/lib/libapriltag_msgs__rosidl_typesupport_introspection_cpp.so
[2.177s] -- Up-to-date: /home/rss/robot_harry/robotik/install/apriltag_msgs/lib/libapriltag_msgs__rosidl_typesupport_cpp.so
[2.267s] Listing '/home/rss/robot_harry/robotik/install/apriltag_msgs/local/lib/python3.10/dist-packages/apriltag_msgs'...
[2.267s] Compiling '/home/rss/robot_harry/robotik/install/apriltag_msgs/local/lib/python3.10/dist-packages/apriltag_msgs/__init__.py'...
[2.267s] Listing '/home/rss/robot_harry/robotik/install/apriltag_msgs/local/lib/python3.10/dist-packages/apriltag_msgs/msg'...
[2.280s] -- Up-to-date: /home/rss/robot_harry/robotik/install/apriltag_msgs/lib/libapriltag_msgs__rosidl_generator_py.so
[2.280s] -- Up-to-date: /home/rss/robot_harry/robotik/install/apriltag_msgs/share/apriltag_msgs/cmake/export_apriltag_msgs__rosidl_generator_cExport.cmake
[2.280s] -- Up-to-date: /home/rss/robot_harry/robotik/install/apriltag_msgs/share/apriltag_msgs/cmake/export_apriltag_msgs__rosidl_generator_cExport-noconfig.cmake
[2.281s] -- Up-to-date: /home/rss/robot_harry/robotik/install/apriltag_msgs/share/apriltag_msgs/cmake/export_apriltag_msgs__rosidl_typesupport_fastrtps_cExport.cmake
[2.281s] -- Up-to-date: /home/rss/robot_harry/robotik/install/apriltag_msgs/share/apriltag_msgs/cmake/export_apriltag_msgs__rosidl_typesupport_fastrtps_cExport-noconfig.cmake
[2.281s] -- Up-to-date: /home/rss/robot_harry/robotik/install/apriltag_msgs/share/apriltag_msgs/cmake/apriltag_msgs__rosidl_typesupport_introspection_cExport.cmake
[2.281s] -- Up-to-date: /home/rss/robot_harry/robotik/install/apriltag_msgs/share/apriltag_msgs/cmake/apriltag_msgs__rosidl_typesupport_introspection_cExport-noconfig.cmake
[2.281s] -- Up-to-date: /home/rss/robot_harry/robotik/install/apriltag_msgs/share/apriltag_msgs/cmake/apriltag_msgs__rosidl_typesupport_cExport.cmake
[2.281s] -- Up-to-date: /home/rss/robot_harry/robotik/install/apriltag_msgs/share/apriltag_msgs/cmake/apriltag_msgs__rosidl_typesupport_cExport-noconfig.cmake
[2.281s] -- Up-to-date: /home/rss/robot_harry/robotik/install/apriltag_msgs/share/apriltag_msgs/cmake/export_apriltag_msgs__rosidl_generator_cppExport.cmake
[2.281s] -- Up-to-date: /home/rss/robot_harry/robotik/install/apriltag_msgs/share/apriltag_msgs/cmake/export_apriltag_msgs__rosidl_typesupport_fastrtps_cppExport.cmake
[2.281s] -- Up-to-date: /home/rss/robot_harry/robotik/install/apriltag_msgs/share/apriltag_msgs/cmake/export_apriltag_msgs__rosidl_typesupport_fastrtps_cppExport-noconfig.cmake
[2.281s] -- Up-to-date: /home/rss/robot_harry/robotik/install/apriltag_msgs/share/apriltag_msgs/cmake/apriltag_msgs__rosidl_typesupport_introspection_cppExport.cmake
[2.281s] -- Up-to-date: /home/rss/robot_harry/robotik/install/apriltag_msgs/share/apriltag_msgs/cmake/apriltag_msgs__rosidl_typesupport_introspection_cppExport-noconfig.cmake
[2.281s] -- Up-to-date: /home/rss/robot_harry/robotik/install/apriltag_msgs/share/apriltag_msgs/cmake/apriltag_msgs__rosidl_typesupport_cppExport.cmake
[2.281s] -- Up-to-date: /home/rss/robot_harry/robotik/install/apriltag_msgs/share/apriltag_msgs/cmake/apriltag_msgs__rosidl_typesupport_cppExport-noconfig.cmake
[2.282s] -- Up-to-date: /home/rss/robot_harry/robotik/install/apriltag_msgs/share/apriltag_msgs/cmake/export_apriltag_msgs__rosidl_generator_pyExport.cmake
[2.282s] -- Up-to-date: /home/rss/robot_harry/robotik/install/apriltag_msgs/share/apriltag_msgs/cmake/export_apriltag_msgs__rosidl_generator_pyExport-noconfig.cmake
[2.285s] Invoked command in '/home/rss/robot_harry/robotik/build/apriltag_msgs' returned '0': CMAKE_PREFIX_PATH=${CMAKE_PREFIX_PATH}:/home/rss/robot_harry/robotik/install/webcam_bringup:/home/rss/robot_harry/robotik/install/teleop:/home/rss/robot_harry/robotik/install/tag_detection:/home/rss/robot_harry/robotik/install/robot_bringup:/home/rss/robot_harry/robotik/install/pub_sub:/home/rss/robot_harry/robotik/install/object_detection:/home/rss/robot_harry/robotik/install/my_robot_navigation:/home/rss/robot_harry/robotik/install/create3_teleop:/home/rss/robot_harry/robotik/install/create3_examples_py:/opt/ros/humble /usr/bin/cmake --install /home/rss/robot_harry/robotik/build/apriltag_msgs
