[0.121s] DEBUG:colcon:Command line arguments: ['/usr/bin/colcon', 'build']
[0.121s] DEBUG:colcon:Parsed command line arguments: Namespace(log_base=None, log_level=None, verb_name='build', build_base='build', install_base='install', merge_install=False, symlink_install=False, test_result_base=None, continue_on_error=False, executor='parallel', parallel_workers=4, event_handlers=None, ignore_user_meta=False, metas=['./colcon.meta'], base_paths=['.'], packages_ignore=None, packages_ignore_regex=None, paths=None, packages_up_to=None, packages_up_to_regex=None, packages_above=None, packages_above_and_dependencies=None, packages_above_depth=None, packages_select_by_dep=None, packages_skip_by_dep=None, packages_skip_up_to=None, packages_select_build_failed=False, packages_skip_build_finished=False, packages_select_test_failures=False, packages_skip_test_passed=False, packages_select=None, packages_skip=None, packages_select_regex=None, packages_skip_regex=None, packages_start=None, packages_end=None, allow_overriding=[], cmake_args=None, cmake_target=None, cmake_target_skip_unavailable=False, cmake_clean_cache=False, cmake_clean_first=False, cmake_force_configure=False, ament_cmake_args=None, catkin_cmake_args=None, catkin_skip_building_tests=False, verb_parser=<colcon_defaults.argument_parser.defaults.DefaultArgumentsDecorator object at 0x75a14a44ae00>, verb_extension=<colcon_core.verb.build.BuildVerb object at 0x75a14a44a800>, main=<bound method BuildVerb.main of <colcon_core.verb.build.BuildVerb object at 0x75a14a44a800>>)
[0.321s] Level 1:colcon.colcon_core.package_discovery:discover_packages(colcon_meta) check parameters
[0.321s] Level 1:colcon.colcon_core.package_discovery:discover_packages(recursive) check parameters
[0.322s] Level 1:colcon.colcon_core.package_discovery:discover_packages(ignore) check parameters
[0.322s] Level 1:colcon.colcon_core.package_discovery:discover_packages(path) check parameters
[0.322s] Level 1:colcon.colcon_core.package_discovery:discover_packages(colcon_meta) discover
[0.322s] Level 1:colcon.colcon_core.package_discovery:discover_packages(recursive) discover
[0.322s] INFO:colcon.colcon_core.package_discovery:Crawling recursively for packages in '/home/harry/robot'
[0.322s] Level 1:colcon.colcon_core.package_identification:_identify(.) by extensions ['ignore', 'ignore_ament_install']
[0.322s] Level 1:colcon.colcon_core.package_identification:_identify(.) by extension 'ignore'
[0.322s] Level 1:colcon.colcon_core.package_identification:_identify(.) by extension 'ignore_ament_install'
[0.322s] Level 1:colcon.colcon_core.package_identification:_identify(.) by extensions ['colcon_pkg']
[0.322s] Level 1:colcon.colcon_core.package_identification:_identify(.) by extension 'colcon_pkg'
[0.322s] Level 1:colcon.colcon_core.package_identification:_identify(.) by extensions ['colcon_meta']
[0.322s] Level 1:colcon.colcon_core.package_identification:_identify(.) by extension 'colcon_meta'
[0.322s] Level 1:colcon.colcon_core.package_identification:_identify(.) by extensions ['ros']
[0.322s] Level 1:colcon.colcon_core.package_identification:_identify(.) by extension 'ros'
[0.335s] Level 1:colcon.colcon_core.package_identification:_identify(.) by extensions ['cmake', 'python']
[0.336s] Level 1:colcon.colcon_core.package_identification:_identify(.) by extension 'cmake'
[0.336s] Level 1:colcon.colcon_core.package_identification:_identify(.) by extension 'python'
[0.336s] Level 1:colcon.colcon_core.package_identification:_identify(.) by extensions ['python_setup_py']
[0.336s] Level 1:colcon.colcon_core.package_identification:_identify(.) by extension 'python_setup_py'
[0.336s] Level 1:colcon.colcon_core.package_identification:_identify(build) by extensions ['ignore', 'ignore_ament_install']
[0.336s] Level 1:colcon.colcon_core.package_identification:_identify(build) by extension 'ignore'
[0.336s] Level 1:colcon.colcon_core.package_identification:_identify(build) ignored
[0.336s] Level 1:colcon.colcon_core.package_identification:_identify(cd) by extensions ['ignore', 'ignore_ament_install']
[0.336s] Level 1:colcon.colcon_core.package_identification:_identify(cd) by extension 'ignore'
[0.336s] Level 1:colcon.colcon_core.package_identification:_identify(cd) by extension 'ignore_ament_install'
[0.336s] Level 1:colcon.colcon_core.package_identification:_identify(cd) by extensions ['colcon_pkg']
[0.336s] Level 1:colcon.colcon_core.package_identification:_identify(cd) by extension 'colcon_pkg'
[0.336s] Level 1:colcon.colcon_core.package_identification:_identify(cd) by extensions ['colcon_meta']
[0.336s] Level 1:colcon.colcon_core.package_identification:_identify(cd) by extension 'colcon_meta'
[0.336s] Level 1:colcon.colcon_core.package_identification:_identify(cd) by extensions ['ros']
[0.337s] Level 1:colcon.colcon_core.package_identification:_identify(cd) by extension 'ros'
[0.337s] Level 1:colcon.colcon_core.package_identification:_identify(cd) by extensions ['cmake', 'python']
[0.337s] Level 1:colcon.colcon_core.package_identification:_identify(cd) by extension 'cmake'
[0.337s] Level 1:colcon.colcon_core.package_identification:_identify(cd) by extension 'python'
[0.337s] Level 1:colcon.colcon_core.package_identification:_identify(cd) by extensions ['python_setup_py']
[0.337s] Level 1:colcon.colcon_core.package_identification:_identify(cd) by extension 'python_setup_py'
[0.337s] Level 1:colcon.colcon_core.package_identification:_identify(install) by extensions ['ignore', 'ignore_ament_install']
[0.337s] Level 1:colcon.colcon_core.package_identification:_identify(install) by extension 'ignore'
[0.337s] Level 1:colcon.colcon_core.package_identification:_identify(install) ignored
[0.338s] Level 1:colcon.colcon_core.package_identification:_identify(log) by extensions ['ignore', 'ignore_ament_install']
[0.338s] Level 1:colcon.colcon_core.package_identification:_identify(log) by extension 'ignore'
[0.338s] Level 1:colcon.colcon_core.package_identification:_identify(log) ignored
[0.338s] Level 1:colcon.colcon_core.package_identification:_identify(note) by extensions ['ignore', 'ignore_ament_install']
[0.338s] Level 1:colcon.colcon_core.package_identification:_identify(note) by extension 'ignore'
[0.338s] Level 1:colcon.colcon_core.package_identification:_identify(note) by extension 'ignore_ament_install'
[0.338s] Level 1:colcon.colcon_core.package_identification:_identify(note) by extensions ['colcon_pkg']
[0.338s] Level 1:colcon.colcon_core.package_identification:_identify(note) by extension 'colcon_pkg'
[0.338s] Level 1:colcon.colcon_core.package_identification:_identify(note) by extensions ['colcon_meta']
[0.338s] Level 1:colcon.colcon_core.package_identification:_identify(note) by extension 'colcon_meta'
[0.338s] Level 1:colcon.colcon_core.package_identification:_identify(note) by extensions ['ros']
[0.338s] Level 1:colcon.colcon_core.package_identification:_identify(note) by extension 'ros'
[0.338s] Level 1:colcon.colcon_core.package_identification:_identify(note) by extensions ['cmake', 'python']
[0.338s] Level 1:colcon.colcon_core.package_identification:_identify(note) by extension 'cmake'
[0.338s] Level 1:colcon.colcon_core.package_identification:_identify(note) by extension 'python'
[0.338s] Level 1:colcon.colcon_core.package_identification:_identify(note) by extensions ['python_setup_py']
[0.338s] Level 1:colcon.colcon_core.package_identification:_identify(note) by extension 'python_setup_py'
[0.339s] Level 1:colcon.colcon_core.package_identification:_identify(src) by extensions ['ignore', 'ignore_ament_install']
[0.339s] Level 1:colcon.colcon_core.package_identification:_identify(src) by extension 'ignore'
[0.339s] Level 1:colcon.colcon_core.package_identification:_identify(src) by extension 'ignore_ament_install'
[0.339s] Level 1:colcon.colcon_core.package_identification:_identify(src) by extensions ['colcon_pkg']
[0.339s] Level 1:colcon.colcon_core.package_identification:_identify(src) by extension 'colcon_pkg'
[0.339s] Level 1:colcon.colcon_core.package_identification:_identify(src) by extensions ['colcon_meta']
[0.339s] Level 1:colcon.colcon_core.package_identification:_identify(src) by extension 'colcon_meta'
[0.339s] Level 1:colcon.colcon_core.package_identification:_identify(src) by extensions ['ros']
[0.339s] Level 1:colcon.colcon_core.package_identification:_identify(src) by extension 'ros'
[0.339s] Level 1:colcon.colcon_core.package_identification:_identify(src) by extensions ['cmake', 'python']
[0.339s] Level 1:colcon.colcon_core.package_identification:_identify(src) by extension 'cmake'
[0.339s] Level 1:colcon.colcon_core.package_identification:_identify(src) by extension 'python'
[0.339s] Level 1:colcon.colcon_core.package_identification:_identify(src) by extensions ['python_setup_py']
[0.339s] Level 1:colcon.colcon_core.package_identification:_identify(src) by extension 'python_setup_py'
[0.340s] Level 1:colcon.colcon_core.package_identification:_identify(src/my_first_package) by extensions ['ignore', 'ignore_ament_install']
[0.340s] Level 1:colcon.colcon_core.package_identification:_identify(src/my_first_package) by extension 'ignore'
[0.340s] Level 1:colcon.colcon_core.package_identification:_identify(src/my_first_package) by extension 'ignore_ament_install'
[0.340s] Level 1:colcon.colcon_core.package_identification:_identify(src/my_first_package) by extensions ['colcon_pkg']
[0.340s] Level 1:colcon.colcon_core.package_identification:_identify(src/my_first_package) by extension 'colcon_pkg'
[0.340s] Level 1:colcon.colcon_core.package_identification:_identify(src/my_first_package) by extensions ['colcon_meta']
[0.340s] Level 1:colcon.colcon_core.package_identification:_identify(src/my_first_package) by extension 'colcon_meta'
[0.340s] Level 1:colcon.colcon_core.package_identification:_identify(src/my_first_package) by extensions ['ros']
[0.340s] Level 1:colcon.colcon_core.package_identification:_identify(src/my_first_package) by extension 'ros'
[0.341s] Level 1:colcon.colcon_core.package_identification:_identify(src/my_first_package) by extensions ['cmake', 'python']
[0.341s] Level 1:colcon.colcon_core.package_identification:_identify(src/my_first_package) by extension 'cmake'
[0.341s] Level 1:colcon.colcon_core.package_identification:_identify(src/my_first_package) by extension 'python'
[0.341s] Level 1:colcon.colcon_core.package_identification:_identify(src/my_first_package) by extensions ['python_setup_py']
[0.341s] Level 1:colcon.colcon_core.package_identification:_identify(src/my_first_package) by extension 'python_setup_py'
[0.341s] Level 1:colcon.colcon_core.package_identification:_identify(src/my_first_package/my_first_package) by extensions ['ignore', 'ignore_ament_install']
[0.341s] Level 1:colcon.colcon_core.package_identification:_identify(src/my_first_package/my_first_package) by extension 'ignore'
[0.341s] Level 1:colcon.colcon_core.package_identification:_identify(src/my_first_package/my_first_package) by extension 'ignore_ament_install'
[0.341s] Level 1:colcon.colcon_core.package_identification:_identify(src/my_first_package/my_first_package) by extensions ['colcon_pkg']
[0.341s] Level 1:colcon.colcon_core.package_identification:_identify(src/my_first_package/my_first_package) by extension 'colcon_pkg'
[0.341s] Level 1:colcon.colcon_core.package_identification:_identify(src/my_first_package/my_first_package) by extensions ['colcon_meta']
[0.341s] Level 1:colcon.colcon_core.package_identification:_identify(src/my_first_package/my_first_package) by extension 'colcon_meta'
[0.341s] Level 1:colcon.colcon_core.package_identification:_identify(src/my_first_package/my_first_package) by extensions ['ros']
[0.341s] Level 1:colcon.colcon_core.package_identification:_identify(src/my_first_package/my_first_package) by extension 'ros'
[0.341s] Level 1:colcon.colcon_core.package_identification:_identify(src/my_first_package/my_first_package) by extensions ['cmake', 'python']
[0.341s] Level 1:colcon.colcon_core.package_identification:_identify(src/my_first_package/my_first_package) by extension 'cmake'
[0.342s] Level 1:colcon.colcon_core.package_identification:_identify(src/my_first_package/my_first_package) by extension 'python'
[0.342s] Level 1:colcon.colcon_core.package_identification:_identify(src/my_first_package/my_first_package) by extensions ['python_setup_py']
[0.342s] Level 1:colcon.colcon_core.package_identification:_identify(src/my_first_package/my_first_package) by extension 'python_setup_py'
[0.342s] Level 1:colcon.colcon_core.package_identification:_identify(src/my_robot_navigation) by extensions ['ignore', 'ignore_ament_install']
[0.342s] Level 1:colcon.colcon_core.package_identification:_identify(src/my_robot_navigation) by extension 'ignore'
[0.342s] Level 1:colcon.colcon_core.package_identification:_identify(src/my_robot_navigation) by extension 'ignore_ament_install'
[0.342s] Level 1:colcon.colcon_core.package_identification:_identify(src/my_robot_navigation) by extensions ['colcon_pkg']
[0.342s] Level 1:colcon.colcon_core.package_identification:_identify(src/my_robot_navigation) by extension 'colcon_pkg'
[0.342s] Level 1:colcon.colcon_core.package_identification:_identify(src/my_robot_navigation) by extensions ['colcon_meta']
[0.342s] Level 1:colcon.colcon_core.package_identification:_identify(src/my_robot_navigation) by extension 'colcon_meta'
[0.342s] Level 1:colcon.colcon_core.package_identification:_identify(src/my_robot_navigation) by extensions ['ros']
[0.342s] Level 1:colcon.colcon_core.package_identification:_identify(src/my_robot_navigation) by extension 'ros'
[0.345s] DEBUG:colcon.colcon_core.package_identification:Package 'src/my_robot_navigation' with type 'ros.ament_python' and name 'my_robot_navigation'
[0.345s] Level 1:colcon.colcon_core.package_identification:_identify(src/my_robot_slam) by extensions ['ignore', 'ignore_ament_install']
[0.346s] Level 1:colcon.colcon_core.package_identification:_identify(src/my_robot_slam) by extension 'ignore'
[0.346s] Level 1:colcon.colcon_core.package_identification:_identify(src/my_robot_slam) by extension 'ignore_ament_install'
[0.346s] Level 1:colcon.colcon_core.package_identification:_identify(src/my_robot_slam) by extensions ['colcon_pkg']
[0.346s] Level 1:colcon.colcon_core.package_identification:_identify(src/my_robot_slam) by extension 'colcon_pkg'
[0.346s] Level 1:colcon.colcon_core.package_identification:_identify(src/my_robot_slam) by extensions ['colcon_meta']
[0.346s] Level 1:colcon.colcon_core.package_identification:_identify(src/my_robot_slam) by extension 'colcon_meta'
[0.346s] Level 1:colcon.colcon_core.package_identification:_identify(src/my_robot_slam) by extensions ['ros']
[0.346s] Level 1:colcon.colcon_core.package_identification:_identify(src/my_robot_slam) by extension 'ros'
[0.347s] DEBUG:colcon.colcon_core.package_identification:Package 'src/my_robot_slam' with type 'ros.ament_cmake' and name 'my_robot_slam'
[0.347s] Level 1:colcon.colcon_core.package_identification:_identify(src/object_detection) by extensions ['ignore', 'ignore_ament_install']
[0.347s] Level 1:colcon.colcon_core.package_identification:_identify(src/object_detection) by extension 'ignore'
[0.347s] Level 1:colcon.colcon_core.package_identification:_identify(src/object_detection) by extension 'ignore_ament_install'
[0.347s] Level 1:colcon.colcon_core.package_identification:_identify(src/object_detection) by extensions ['colcon_pkg']
[0.347s] Level 1:colcon.colcon_core.package_identification:_identify(src/object_detection) by extension 'colcon_pkg'
[0.347s] Level 1:colcon.colcon_core.package_identification:_identify(src/object_detection) by extensions ['colcon_meta']
[0.347s] Level 1:colcon.colcon_core.package_identification:_identify(src/object_detection) by extension 'colcon_meta'
[0.347s] Level 1:colcon.colcon_core.package_identification:_identify(src/object_detection) by extensions ['ros']
[0.347s] Level 1:colcon.colcon_core.package_identification:_identify(src/object_detection) by extension 'ros'
[0.348s] DEBUG:colcon.colcon_core.package_identification:Package 'src/object_detection' with type 'ros.ament_python' and name 'object_detection'
[0.348s] Level 1:colcon.colcon_core.package_identification:_identify(src/pub_sub) by extensions ['ignore', 'ignore_ament_install']
[0.348s] Level 1:colcon.colcon_core.package_identification:_identify(src/pub_sub) by extension 'ignore'
[0.348s] Level 1:colcon.colcon_core.package_identification:_identify(src/pub_sub) by extension 'ignore_ament_install'
[0.348s] Level 1:colcon.colcon_core.package_identification:_identify(src/pub_sub) by extensions ['colcon_pkg']
[0.348s] Level 1:colcon.colcon_core.package_identification:_identify(src/pub_sub) by extension 'colcon_pkg'
[0.349s] Level 1:colcon.colcon_core.package_identification:_identify(src/pub_sub) by extensions ['colcon_meta']
[0.349s] Level 1:colcon.colcon_core.package_identification:_identify(src/pub_sub) by extension 'colcon_meta'
[0.349s] Level 1:colcon.colcon_core.package_identification:_identify(src/pub_sub) by extensions ['ros']
[0.349s] Level 1:colcon.colcon_core.package_identification:_identify(src/pub_sub) by extension 'ros'
[0.349s] DEBUG:colcon.colcon_core.package_identification:Package 'src/pub_sub' with type 'ros.ament_python' and name 'pub_sub'
[0.350s] Level 1:colcon.colcon_core.package_identification:_identify(src/robot_bringup) by extensions ['ignore', 'ignore_ament_install']
[0.350s] Level 1:colcon.colcon_core.package_identification:_identify(src/robot_bringup) by extension 'ignore'
[0.350s] Level 1:colcon.colcon_core.package_identification:_identify(src/robot_bringup) by extension 'ignore_ament_install'
[0.350s] Level 1:colcon.colcon_core.package_identification:_identify(src/robot_bringup) by extensions ['colcon_pkg']
[0.350s] Level 1:colcon.colcon_core.package_identification:_identify(src/robot_bringup) by extension 'colcon_pkg'
[0.350s] Level 1:colcon.colcon_core.package_identification:_identify(src/robot_bringup) by extensions ['colcon_meta']
[0.350s] Level 1:colcon.colcon_core.package_identification:_identify(src/robot_bringup) by extension 'colcon_meta'
[0.350s] Level 1:colcon.colcon_core.package_identification:_identify(src/robot_bringup) by extensions ['ros']
[0.350s] Level 1:colcon.colcon_core.package_identification:_identify(src/robot_bringup) by extension 'ros'
[0.351s] DEBUG:colcon.colcon_core.package_identification:Package 'src/robot_bringup' with type 'ros.ament_python' and name 'robot_bringup'
[0.351s] Level 1:colcon.colcon_core.package_identification:_identify(src/rplidar-ros) by extensions ['ignore', 'ignore_ament_install']
[0.351s] Level 1:colcon.colcon_core.package_identification:_identify(src/rplidar-ros) by extension 'ignore'
[0.351s] Level 1:colcon.colcon_core.package_identification:_identify(src/rplidar-ros) by extension 'ignore_ament_install'
[0.351s] Level 1:colcon.colcon_core.package_identification:_identify(src/rplidar-ros) by extensions ['colcon_pkg']
[0.351s] Level 1:colcon.colcon_core.package_identification:_identify(src/rplidar-ros) by extension 'colcon_pkg'
[0.351s] Level 1:colcon.colcon_core.package_identification:_identify(src/rplidar-ros) by extensions ['colcon_meta']
[0.351s] Level 1:colcon.colcon_core.package_identification:_identify(src/rplidar-ros) by extension 'colcon_meta'
[0.351s] Level 1:colcon.colcon_core.package_identification:_identify(src/rplidar-ros) by extensions ['ros']
[0.351s] Level 1:colcon.colcon_core.package_identification:_identify(src/rplidar-ros) by extension 'ros'
[0.352s] DEBUG:colcon.colcon_core.package_identification:Package 'src/rplidar-ros' with type 'ros.ament_cmake' and name 'rplidar_ros'
[0.352s] Level 1:colcon.colcon_core.package_identification:_identify(src/teleop) by extensions ['ignore', 'ignore_ament_install']
[0.352s] Level 1:colcon.colcon_core.package_identification:_identify(src/teleop) by extension 'ignore'
[0.352s] Level 1:colcon.colcon_core.package_identification:_identify(src/teleop) by extension 'ignore_ament_install'
[0.352s] Level 1:colcon.colcon_core.package_identification:_identify(src/teleop) by extensions ['colcon_pkg']
[0.352s] Level 1:colcon.colcon_core.package_identification:_identify(src/teleop) by extension 'colcon_pkg'
[0.352s] Level 1:colcon.colcon_core.package_identification:_identify(src/teleop) by extensions ['colcon_meta']
[0.352s] Level 1:colcon.colcon_core.package_identification:_identify(src/teleop) by extension 'colcon_meta'
[0.352s] Level 1:colcon.colcon_core.package_identification:_identify(src/teleop) by extensions ['ros']
[0.352s] Level 1:colcon.colcon_core.package_identification:_identify(src/teleop) by extension 'ros'
[0.353s] DEBUG:colcon.colcon_core.package_identification:Package 'src/teleop' with type 'ros.ament_python' and name 'teleop'
[0.353s] Level 1:colcon.colcon_core.package_identification:_identify(src/test_package) by extensions ['ignore', 'ignore_ament_install']
[0.353s] Level 1:colcon.colcon_core.package_identification:_identify(src/test_package) by extension 'ignore'
[0.353s] Level 1:colcon.colcon_core.package_identification:_identify(src/test_package) by extension 'ignore_ament_install'
[0.353s] Level 1:colcon.colcon_core.package_identification:_identify(src/test_package) by extensions ['colcon_pkg']
[0.354s] Level 1:colcon.colcon_core.package_identification:_identify(src/test_package) by extension 'colcon_pkg'
[0.354s] Level 1:colcon.colcon_core.package_identification:_identify(src/test_package) by extensions ['colcon_meta']
[0.354s] Level 1:colcon.colcon_core.package_identification:_identify(src/test_package) by extension 'colcon_meta'
[0.354s] Level 1:colcon.colcon_core.package_identification:_identify(src/test_package) by extensions ['ros']
[0.354s] Level 1:colcon.colcon_core.package_identification:_identify(src/test_package) by extension 'ros'
[0.354s] Level 1:colcon.colcon_core.package_identification:_identify(src/test_package) by extensions ['cmake', 'python']
[0.354s] Level 1:colcon.colcon_core.package_identification:_identify(src/test_package) by extension 'cmake'
[0.354s] Level 1:colcon.colcon_core.package_identification:_identify(src/test_package) by extension 'python'
[0.354s] Level 1:colcon.colcon_core.package_identification:_identify(src/test_package) by extensions ['python_setup_py']
[0.354s] Level 1:colcon.colcon_core.package_identification:_identify(src/test_package) by extension 'python_setup_py'
[0.354s] Level 1:colcon.colcon_core.package_identification:_identify(src/test_package/include) by extensions ['ignore', 'ignore_ament_install']
[0.354s] Level 1:colcon.colcon_core.package_identification:_identify(src/test_package/include) by extension 'ignore'
[0.354s] Level 1:colcon.colcon_core.package_identification:_identify(src/test_package/include) by extension 'ignore_ament_install'
[0.354s] Level 1:colcon.colcon_core.package_identification:_identify(src/test_package/include) by extensions ['colcon_pkg']
[0.354s] Level 1:colcon.colcon_core.package_identification:_identify(src/test_package/include) by extension 'colcon_pkg'
[0.354s] Level 1:colcon.colcon_core.package_identification:_identify(src/test_package/include) by extensions ['colcon_meta']
[0.354s] Level 1:colcon.colcon_core.package_identification:_identify(src/test_package/include) by extension 'colcon_meta'
[0.354s] Level 1:colcon.colcon_core.package_identification:_identify(src/test_package/include) by extensions ['ros']
[0.355s] Level 1:colcon.colcon_core.package_identification:_identify(src/test_package/include) by extension 'ros'
[0.355s] Level 1:colcon.colcon_core.package_identification:_identify(src/test_package/include) by extensions ['cmake', 'python']
[0.355s] Level 1:colcon.colcon_core.package_identification:_identify(src/test_package/include) by extension 'cmake'
[0.355s] Level 1:colcon.colcon_core.package_identification:_identify(src/test_package/include) by extension 'python'
[0.355s] Level 1:colcon.colcon_core.package_identification:_identify(src/test_package/include) by extensions ['python_setup_py']
[0.355s] Level 1:colcon.colcon_core.package_identification:_identify(src/test_package/include) by extension 'python_setup_py'
[0.355s] Level 1:colcon.colcon_core.package_identification:_identify(src/test_package/include/test_package) by extensions ['ignore', 'ignore_ament_install']
[0.355s] Level 1:colcon.colcon_core.package_identification:_identify(src/test_package/include/test_package) by extension 'ignore'
[0.355s] Level 1:colcon.colcon_core.package_identification:_identify(src/test_package/include/test_package) by extension 'ignore_ament_install'
[0.355s] Level 1:colcon.colcon_core.package_identification:_identify(src/test_package/include/test_package) by extensions ['colcon_pkg']
[0.355s] Level 1:colcon.colcon_core.package_identification:_identify(src/test_package/include/test_package) by extension 'colcon_pkg'
[0.355s] Level 1:colcon.colcon_core.package_identification:_identify(src/test_package/include/test_package) by extensions ['colcon_meta']
[0.355s] Level 1:colcon.colcon_core.package_identification:_identify(src/test_package/include/test_package) by extension 'colcon_meta'
[0.355s] Level 1:colcon.colcon_core.package_identification:_identify(src/test_package/include/test_package) by extensions ['ros']
[0.355s] Level 1:colcon.colcon_core.package_identification:_identify(src/test_package/include/test_package) by extension 'ros'
[0.355s] Level 1:colcon.colcon_core.package_identification:_identify(src/test_package/include/test_package) by extensions ['cmake', 'python']
[0.355s] Level 1:colcon.colcon_core.package_identification:_identify(src/test_package/include/test_package) by extension 'cmake'
[0.355s] Level 1:colcon.colcon_core.package_identification:_identify(src/test_package/include/test_package) by extension 'python'
[0.355s] Level 1:colcon.colcon_core.package_identification:_identify(src/test_package/include/test_package) by extensions ['python_setup_py']
[0.355s] Level 1:colcon.colcon_core.package_identification:_identify(src/test_package/include/test_package) by extension 'python_setup_py'
[0.356s] Level 1:colcon.colcon_core.package_identification:_identify(src/test_package/src) by extensions ['ignore', 'ignore_ament_install']
[0.356s] Level 1:colcon.colcon_core.package_identification:_identify(src/test_package/src) by extension 'ignore'
[0.356s] Level 1:colcon.colcon_core.package_identification:_identify(src/test_package/src) by extension 'ignore_ament_install'
[0.356s] Level 1:colcon.colcon_core.package_identification:_identify(src/test_package/src) by extensions ['colcon_pkg']
[0.356s] Level 1:colcon.colcon_core.package_identification:_identify(src/test_package/src) by extension 'colcon_pkg'
[0.356s] Level 1:colcon.colcon_core.package_identification:_identify(src/test_package/src) by extensions ['colcon_meta']
[0.356s] Level 1:colcon.colcon_core.package_identification:_identify(src/test_package/src) by extension 'colcon_meta'
[0.356s] Level 1:colcon.colcon_core.package_identification:_identify(src/test_package/src) by extensions ['ros']
[0.356s] Level 1:colcon.colcon_core.package_identification:_identify(src/test_package/src) by extension 'ros'
[0.356s] Level 1:colcon.colcon_core.package_identification:_identify(src/test_package/src) by extensions ['cmake', 'python']
[0.356s] Level 1:colcon.colcon_core.package_identification:_identify(src/test_package/src) by extension 'cmake'
[0.356s] Level 1:colcon.colcon_core.package_identification:_identify(src/test_package/src) by extension 'python'
[0.356s] Level 1:colcon.colcon_core.package_identification:_identify(src/test_package/src) by extensions ['python_setup_py']
[0.356s] Level 1:colcon.colcon_core.package_identification:_identify(src/test_package/src) by extension 'python_setup_py'
[0.356s] Level 1:colcon.colcon_core.package_identification:_identify(src/webcam_bringup) by extensions ['ignore', 'ignore_ament_install']
[0.357s] Level 1:colcon.colcon_core.package_identification:_identify(src/webcam_bringup) by extension 'ignore'
[0.357s] Level 1:colcon.colcon_core.package_identification:_identify(src/webcam_bringup) by extension 'ignore_ament_install'
[0.357s] Level 1:colcon.colcon_core.package_identification:_identify(src/webcam_bringup) by extensions ['colcon_pkg']
[0.357s] Level 1:colcon.colcon_core.package_identification:_identify(src/webcam_bringup) by extension 'colcon_pkg'
[0.357s] Level 1:colcon.colcon_core.package_identification:_identify(src/webcam_bringup) by extensions ['colcon_meta']
[0.357s] Level 1:colcon.colcon_core.package_identification:_identify(src/webcam_bringup) by extension 'colcon_meta'
[0.357s] Level 1:colcon.colcon_core.package_identification:_identify(src/webcam_bringup) by extensions ['ros']
[0.357s] Level 1:colcon.colcon_core.package_identification:_identify(src/webcam_bringup) by extension 'ros'
[0.358s] DEBUG:colcon.colcon_core.package_identification:Package 'src/webcam_bringup' with type 'ros.ament_python' and name 'webcam_bringup'
[0.358s] Level 1:colcon.colcon_core.package_identification:_identify(vs_worspace) by extensions ['ignore', 'ignore_ament_install']
[0.358s] Level 1:colcon.colcon_core.package_identification:_identify(vs_worspace) by extension 'ignore'
[0.358s] Level 1:colcon.colcon_core.package_identification:_identify(vs_worspace) by extension 'ignore_ament_install'
[0.358s] Level 1:colcon.colcon_core.package_identification:_identify(vs_worspace) by extensions ['colcon_pkg']
[0.358s] Level 1:colcon.colcon_core.package_identification:_identify(vs_worspace) by extension 'colcon_pkg'
[0.358s] Level 1:colcon.colcon_core.package_identification:_identify(vs_worspace) by extensions ['colcon_meta']
[0.358s] Level 1:colcon.colcon_core.package_identification:_identify(vs_worspace) by extension 'colcon_meta'
[0.358s] Level 1:colcon.colcon_core.package_identification:_identify(vs_worspace) by extensions ['ros']
[0.358s] Level 1:colcon.colcon_core.package_identification:_identify(vs_worspace) by extension 'ros'
[0.358s] Level 1:colcon.colcon_core.package_identification:_identify(vs_worspace) by extensions ['cmake', 'python']
[0.358s] Level 1:colcon.colcon_core.package_identification:_identify(vs_worspace) by extension 'cmake'
[0.358s] Level 1:colcon.colcon_core.package_identification:_identify(vs_worspace) by extension 'python'
[0.358s] Level 1:colcon.colcon_core.package_identification:_identify(vs_worspace) by extensions ['python_setup_py']
[0.358s] Level 1:colcon.colcon_core.package_identification:_identify(vs_worspace) by extension 'python_setup_py'
[0.358s] Level 1:colcon.colcon_core.package_discovery:discover_packages(recursive) using defaults
[0.358s] Level 1:colcon.colcon_core.package_discovery:discover_packages(ignore) discover
[0.358s] Level 1:colcon.colcon_core.package_discovery:discover_packages(ignore) using defaults
[0.358s] Level 1:colcon.colcon_core.package_discovery:discover_packages(path) discover
[0.359s] Level 1:colcon.colcon_core.package_discovery:discover_packages(path) using defaults
[0.394s] Level 1:colcon.colcon_core.package_discovery:discover_packages(prefix_path) check parameters
[0.394s] Level 1:colcon.colcon_core.package_discovery:discover_packages(prefix_path) discover
[0.395s] WARNING:colcon.colcon_ros.prefix_path.ament:The path '/home/harry/robot/install/webcam_bringup' in the environment variable AMENT_PREFIX_PATH doesn't exist
[0.395s] WARNING:colcon.colcon_ros.prefix_path.ament:The path '/home/harry/robot/install/teleop' in the environment variable AMENT_PREFIX_PATH doesn't exist
[0.395s] WARNING:colcon.colcon_ros.prefix_path.ament:The path '/home/harry/robot/install/tag_detection' in the environment variable AMENT_PREFIX_PATH doesn't exist
[0.395s] WARNING:colcon.colcon_ros.prefix_path.ament:The path '/home/harry/robot/install/create3_lidar_slam' in the environment variable AMENT_PREFIX_PATH doesn't exist
[0.395s] WARNING:colcon.colcon_ros.prefix_path.ament:The path '/home/harry/robot/install/rplidar_ros' in the environment variable AMENT_PREFIX_PATH doesn't exist
[0.395s] WARNING:colcon.colcon_ros.prefix_path.ament:The path '/home/harry/robot/install/robot_bringup' in the environment variable AMENT_PREFIX_PATH doesn't exist
[0.395s] WARNING:colcon.colcon_ros.prefix_path.ament:The path '/home/harry/robot/install/pub_sub' in the environment variable AMENT_PREFIX_PATH doesn't exist
[0.396s] WARNING:colcon.colcon_ros.prefix_path.ament:The path '/home/harry/robot/install/object_detection' in the environment variable AMENT_PREFIX_PATH doesn't exist
[0.396s] WARNING:colcon.colcon_ros.prefix_path.ament:The path '/home/harry/robot/install/my_robot_slam' in the environment variable AMENT_PREFIX_PATH doesn't exist
[0.396s] WARNING:colcon.colcon_ros.prefix_path.ament:The path '/home/harry/robot/install/my_robot_navigation' in the environment variable AMENT_PREFIX_PATH doesn't exist
[0.396s] WARNING:colcon.colcon_ros.prefix_path.ament:The path '/home/harry/robot/install/create3_teleop' in the environment variable AMENT_PREFIX_PATH doesn't exist
[0.396s] WARNING:colcon.colcon_ros.prefix_path.ament:The path '/home/harry/robot/install/create3_republisher' in the environment variable AMENT_PREFIX_PATH doesn't exist
[0.396s] WARNING:colcon.colcon_ros.prefix_path.ament:The path '/home/harry/robot/install/create3_examples_py' in the environment variable AMENT_PREFIX_PATH doesn't exist
[0.396s] WARNING:colcon.colcon_ros.prefix_path.ament:The path '/home/harry/robot/install/create3_coverage' in the environment variable AMENT_PREFIX_PATH doesn't exist
[0.396s] WARNING:colcon.colcon_ros.prefix_path.ament:The path '/home/harry/robot/install/create3_examples_msgs' in the environment variable AMENT_PREFIX_PATH doesn't exist
[0.396s] WARNING:colcon.colcon_ros.prefix_path.ament:The path '/home/harry/robot/install/apriltag_ros' in the environment variable AMENT_PREFIX_PATH doesn't exist
[0.396s] WARNING:colcon.colcon_ros.prefix_path.ament:The path '/home/harry/robot/install/apriltag_msgs' in the environment variable AMENT_PREFIX_PATH doesn't exist
[0.396s] WARNING:colcon.colcon_ros.prefix_path.catkin:The path '/home/harry/robot/install/create3_lidar_slam' in the environment variable CMAKE_PREFIX_PATH doesn't exist
[0.396s] WARNING:colcon.colcon_ros.prefix_path.catkin:The path '/home/harry/robot/install/rplidar_ros' in the environment variable CMAKE_PREFIX_PATH doesn't exist
[0.396s] WARNING:colcon.colcon_ros.prefix_path.catkin:The path '/home/harry/robot/install/my_robot_slam' in the environment variable CMAKE_PREFIX_PATH doesn't exist
[0.396s] WARNING:colcon.colcon_ros.prefix_path.catkin:The path '/home/harry/robot/install/create3_republisher' in the environment variable CMAKE_PREFIX_PATH doesn't exist
[0.396s] WARNING:colcon.colcon_ros.prefix_path.catkin:The path '/home/harry/robot/install/create3_coverage' in the environment variable CMAKE_PREFIX_PATH doesn't exist
[0.396s] WARNING:colcon.colcon_ros.prefix_path.catkin:The path '/home/harry/robot/install/create3_examples_msgs' in the environment variable CMAKE_PREFIX_PATH doesn't exist
[0.396s] WARNING:colcon.colcon_ros.prefix_path.catkin:The path '/home/harry/robot/install/apriltag_ros' in the environment variable CMAKE_PREFIX_PATH doesn't exist
[0.396s] WARNING:colcon.colcon_ros.prefix_path.catkin:The path '/home/harry/robot/install/apriltag_msgs' in the environment variable CMAKE_PREFIX_PATH doesn't exist
[0.397s] DEBUG:colcon.colcon_installed_package_information.package_discovery:Found 0 installed packages in /home/harry/robot/install
[0.399s] DEBUG:colcon.colcon_installed_package_information.package_discovery:Found 338 installed packages in /opt/ros/humble
[0.400s] Level 1:colcon.colcon_core.package_discovery:discover_packages(prefix_path) using defaults
[0.454s] Level 5:colcon.colcon_core.verb:set package 'my_robot_navigation' build argument 'cmake_args' from command line to 'None'
[0.454s] Level 5:colcon.colcon_core.verb:set package 'my_robot_navigation' build argument 'cmake_target' from command line to 'None'
[0.454s] Level 5:colcon.colcon_core.verb:set package 'my_robot_navigation' build argument 'cmake_target_skip_unavailable' from command line to 'False'
[0.454s] Level 5:colcon.colcon_core.verb:set package 'my_robot_navigation' build argument 'cmake_clean_cache' from command line to 'False'
[0.454s] Level 5:colcon.colcon_core.verb:set package 'my_robot_navigation' build argument 'cmake_clean_first' from command line to 'False'
[0.454s] Level 5:colcon.colcon_core.verb:set package 'my_robot_navigation' build argument 'cmake_force_configure' from command line to 'False'
[0.454s] Level 5:colcon.colcon_core.verb:set package 'my_robot_navigation' build argument 'ament_cmake_args' from command line to 'None'
[0.454s] Level 5:colcon.colcon_core.verb:set package 'my_robot_navigation' build argument 'catkin_cmake_args' from command line to 'None'
[0.454s] Level 5:colcon.colcon_core.verb:set package 'my_robot_navigation' build argument 'catkin_skip_building_tests' from command line to 'False'
[0.454s] DEBUG:colcon.colcon_core.verb:Building package 'my_robot_navigation' with the following arguments: {'ament_cmake_args': None, 'build_base': '/home/harry/robot/build/my_robot_navigation', 'catkin_cmake_args': None, 'catkin_skip_building_tests': False, 'cmake_args': None, 'cmake_clean_cache': False, 'cmake_clean_first': False, 'cmake_force_configure': False, 'cmake_target': None, 'cmake_target_skip_unavailable': False, 'install_base': '/home/harry/robot/install/my_robot_navigation', 'merge_install': False, 'path': '/home/harry/robot/src/my_robot_navigation', 'symlink_install': False, 'test_result_base': None}
[0.455s] Level 5:colcon.colcon_core.verb:set package 'my_robot_slam' build argument 'cmake_args' from command line to 'None'
[0.455s] Level 5:colcon.colcon_core.verb:set package 'my_robot_slam' build argument 'cmake_target' from command line to 'None'
[0.455s] Level 5:colcon.colcon_core.verb:set package 'my_robot_slam' build argument 'cmake_target_skip_unavailable' from command line to 'False'
[0.455s] Level 5:colcon.colcon_core.verb:set package 'my_robot_slam' build argument 'cmake_clean_cache' from command line to 'False'
[0.455s] Level 5:colcon.colcon_core.verb:set package 'my_robot_slam' build argument 'cmake_clean_first' from command line to 'False'
[0.455s] Level 5:colcon.colcon_core.verb:set package 'my_robot_slam' build argument 'cmake_force_configure' from command line to 'False'
[0.455s] Level 5:colcon.colcon_core.verb:set package 'my_robot_slam' build argument 'ament_cmake_args' from command line to 'None'
[0.455s] Level 5:colcon.colcon_core.verb:set package 'my_robot_slam' build argument 'catkin_cmake_args' from command line to 'None'
[0.455s] Level 5:colcon.colcon_core.verb:set package 'my_robot_slam' build argument 'catkin_skip_building_tests' from command line to 'False'
[0.455s] DEBUG:colcon.colcon_core.verb:Building package 'my_robot_slam' with the following arguments: {'ament_cmake_args': None, 'build_base': '/home/harry/robot/build/my_robot_slam', 'catkin_cmake_args': None, 'catkin_skip_building_tests': False, 'cmake_args': None, 'cmake_clean_cache': False, 'cmake_clean_first': False, 'cmake_force_configure': False, 'cmake_target': None, 'cmake_target_skip_unavailable': False, 'install_base': '/home/harry/robot/install/my_robot_slam', 'merge_install': False, 'path': '/home/harry/robot/src/my_robot_slam', 'symlink_install': False, 'test_result_base': None}
[0.455s] Level 5:colcon.colcon_core.verb:set package 'object_detection' build argument 'cmake_args' from command line to 'None'
[0.455s] Level 5:colcon.colcon_core.verb:set package 'object_detection' build argument 'cmake_target' from command line to 'None'
[0.455s] Level 5:colcon.colcon_core.verb:set package 'object_detection' build argument 'cmake_target_skip_unavailable' from command line to 'False'
[0.455s] Level 5:colcon.colcon_core.verb:set package 'object_detection' build argument 'cmake_clean_cache' from command line to 'False'
[0.455s] Level 5:colcon.colcon_core.verb:set package 'object_detection' build argument 'cmake_clean_first' from command line to 'False'
[0.456s] Level 5:colcon.colcon_core.verb:set package 'object_detection' build argument 'cmake_force_configure' from command line to 'False'
[0.456s] Level 5:colcon.colcon_core.verb:set package 'object_detection' build argument 'ament_cmake_args' from command line to 'None'
[0.456s] Level 5:colcon.colcon_core.verb:set package 'object_detection' build argument 'catkin_cmake_args' from command line to 'None'
[0.456s] Level 5:colcon.colcon_core.verb:set package 'object_detection' build argument 'catkin_skip_building_tests' from command line to 'False'
[0.456s] DEBUG:colcon.colcon_core.verb:Building package 'object_detection' with the following arguments: {'ament_cmake_args': None, 'build_base': '/home/harry/robot/build/object_detection', 'catkin_cmake_args': None, 'catkin_skip_building_tests': False, 'cmake_args': None, 'cmake_clean_cache': False, 'cmake_clean_first': False, 'cmake_force_configure': False, 'cmake_target': None, 'cmake_target_skip_unavailable': False, 'install_base': '/home/harry/robot/install/object_detection', 'merge_install': False, 'path': '/home/harry/robot/src/object_detection', 'symlink_install': False, 'test_result_base': None}
[0.456s] Level 5:colcon.colcon_core.verb:set package 'pub_sub' build argument 'cmake_args' from command line to 'None'
[0.456s] Level 5:colcon.colcon_core.verb:set package 'pub_sub' build argument 'cmake_target' from command line to 'None'
[0.456s] Level 5:colcon.colcon_core.verb:set package 'pub_sub' build argument 'cmake_target_skip_unavailable' from command line to 'False'
[0.456s] Level 5:colcon.colcon_core.verb:set package 'pub_sub' build argument 'cmake_clean_cache' from command line to 'False'
[0.456s] Level 5:colcon.colcon_core.verb:set package 'pub_sub' build argument 'cmake_clean_first' from command line to 'False'
[0.456s] Level 5:colcon.colcon_core.verb:set package 'pub_sub' build argument 'cmake_force_configure' from command line to 'False'
[0.456s] Level 5:colcon.colcon_core.verb:set package 'pub_sub' build argument 'ament_cmake_args' from command line to 'None'
[0.456s] Level 5:colcon.colcon_core.verb:set package 'pub_sub' build argument 'catkin_cmake_args' from command line to 'None'
[0.456s] Level 5:colcon.colcon_core.verb:set package 'pub_sub' build argument 'catkin_skip_building_tests' from command line to 'False'
[0.456s] DEBUG:colcon.colcon_core.verb:Building package 'pub_sub' with the following arguments: {'ament_cmake_args': None, 'build_base': '/home/harry/robot/build/pub_sub', 'catkin_cmake_args': None, 'catkin_skip_building_tests': False, 'cmake_args': None, 'cmake_clean_cache': False, 'cmake_clean_first': False, 'cmake_force_configure': False, 'cmake_target': None, 'cmake_target_skip_unavailable': False, 'install_base': '/home/harry/robot/install/pub_sub', 'merge_install': False, 'path': '/home/harry/robot/src/pub_sub', 'symlink_install': False, 'test_result_base': None}
[0.457s] Level 5:colcon.colcon_core.verb:set package 'robot_bringup' build argument 'cmake_args' from command line to 'None'
[0.457s] Level 5:colcon.colcon_core.verb:set package 'robot_bringup' build argument 'cmake_target' from command line to 'None'
[0.457s] Level 5:colcon.colcon_core.verb:set package 'robot_bringup' build argument 'cmake_target_skip_unavailable' from command line to 'False'
[0.457s] Level 5:colcon.colcon_core.verb:set package 'robot_bringup' build argument 'cmake_clean_cache' from command line to 'False'
[0.457s] Level 5:colcon.colcon_core.verb:set package 'robot_bringup' build argument 'cmake_clean_first' from command line to 'False'
[0.457s] Level 5:colcon.colcon_core.verb:set package 'robot_bringup' build argument 'cmake_force_configure' from command line to 'False'
[0.457s] Level 5:colcon.colcon_core.verb:set package 'robot_bringup' build argument 'ament_cmake_args' from command line to 'None'
[0.457s] Level 5:colcon.colcon_core.verb:set package 'robot_bringup' build argument 'catkin_cmake_args' from command line to 'None'
[0.457s] Level 5:colcon.colcon_core.verb:set package 'robot_bringup' build argument 'catkin_skip_building_tests' from command line to 'False'
[0.457s] DEBUG:colcon.colcon_core.verb:Building package 'robot_bringup' with the following arguments: {'ament_cmake_args': None, 'build_base': '/home/harry/robot/build/robot_bringup', 'catkin_cmake_args': None, 'catkin_skip_building_tests': False, 'cmake_args': None, 'cmake_clean_cache': False, 'cmake_clean_first': False, 'cmake_force_configure': False, 'cmake_target': None, 'cmake_target_skip_unavailable': False, 'install_base': '/home/harry/robot/install/robot_bringup', 'merge_install': False, 'path': '/home/harry/robot/src/robot_bringup', 'symlink_install': False, 'test_result_base': None}
[0.457s] Level 5:colcon.colcon_core.verb:set package 'rplidar_ros' build argument 'cmake_args' from command line to 'None'
[0.457s] Level 5:colcon.colcon_core.verb:set package 'rplidar_ros' build argument 'cmake_target' from command line to 'None'
[0.457s] Level 5:colcon.colcon_core.verb:set package 'rplidar_ros' build argument 'cmake_target_skip_unavailable' from command line to 'False'
[0.458s] Level 5:colcon.colcon_core.verb:set package 'rplidar_ros' build argument 'cmake_clean_cache' from command line to 'False'
[0.458s] Level 5:colcon.colcon_core.verb:set package 'rplidar_ros' build argument 'cmake_clean_first' from command line to 'False'
[0.458s] Level 5:colcon.colcon_core.verb:set package 'rplidar_ros' build argument 'cmake_force_configure' from command line to 'False'
[0.458s] Level 5:colcon.colcon_core.verb:set package 'rplidar_ros' build argument 'ament_cmake_args' from command line to 'None'
[0.458s] Level 5:colcon.colcon_core.verb:set package 'rplidar_ros' build argument 'catkin_cmake_args' from command line to 'None'
[0.458s] Level 5:colcon.colcon_core.verb:set package 'rplidar_ros' build argument 'catkin_skip_building_tests' from command line to 'False'
[0.458s] DEBUG:colcon.colcon_core.verb:Building package 'rplidar_ros' with the following arguments: {'ament_cmake_args': None, 'build_base': '/home/harry/robot/build/rplidar_ros', 'catkin_cmake_args': None, 'catkin_skip_building_tests': False, 'cmake_args': None, 'cmake_clean_cache': False, 'cmake_clean_first': False, 'cmake_force_configure': False, 'cmake_target': None, 'cmake_target_skip_unavailable': False, 'install_base': '/home/harry/robot/install/rplidar_ros', 'merge_install': False, 'path': '/home/harry/robot/src/rplidar-ros', 'symlink_install': False, 'test_result_base': None}
[0.458s] Level 5:colcon.colcon_core.verb:set package 'teleop' build argument 'cmake_args' from command line to 'None'
[0.458s] Level 5:colcon.colcon_core.verb:set package 'teleop' build argument 'cmake_target' from command line to 'None'
[0.458s] Level 5:colcon.colcon_core.verb:set package 'teleop' build argument 'cmake_target_skip_unavailable' from command line to 'False'
[0.458s] Level 5:colcon.colcon_core.verb:set package 'teleop' build argument 'cmake_clean_cache' from command line to 'False'
[0.458s] Level 5:colcon.colcon_core.verb:set package 'teleop' build argument 'cmake_clean_first' from command line to 'False'
[0.458s] Level 5:colcon.colcon_core.verb:set package 'teleop' build argument 'cmake_force_configure' from command line to 'False'
[0.458s] Level 5:colcon.colcon_core.verb:set package 'teleop' build argument 'ament_cmake_args' from command line to 'None'
[0.458s] Level 5:colcon.colcon_core.verb:set package 'teleop' build argument 'catkin_cmake_args' from command line to 'None'
[0.458s] Level 5:colcon.colcon_core.verb:set package 'teleop' build argument 'catkin_skip_building_tests' from command line to 'False'
[0.458s] DEBUG:colcon.colcon_core.verb:Building package 'teleop' with the following arguments: {'ament_cmake_args': None, 'build_base': '/home/harry/robot/build/teleop', 'catkin_cmake_args': None, 'catkin_skip_building_tests': False, 'cmake_args': None, 'cmake_clean_cache': False, 'cmake_clean_first': False, 'cmake_force_configure': False, 'cmake_target': None, 'cmake_target_skip_unavailable': False, 'install_base': '/home/harry/robot/install/teleop', 'merge_install': False, 'path': '/home/harry/robot/src/teleop', 'symlink_install': False, 'test_result_base': None}
[0.459s] Level 5:colcon.colcon_core.verb:set package 'webcam_bringup' build argument 'cmake_args' from command line to 'None'
[0.459s] Level 5:colcon.colcon_core.verb:set package 'webcam_bringup' build argument 'cmake_target' from command line to 'None'
[0.459s] Level 5:colcon.colcon_core.verb:set package 'webcam_bringup' build argument 'cmake_target_skip_unavailable' from command line to 'False'
[0.459s] Level 5:colcon.colcon_core.verb:set package 'webcam_bringup' build argument 'cmake_clean_cache' from command line to 'False'
[0.459s] Level 5:colcon.colcon_core.verb:set package 'webcam_bringup' build argument 'cmake_clean_first' from command line to 'False'
[0.459s] Level 5:colcon.colcon_core.verb:set package 'webcam_bringup' build argument 'cmake_force_configure' from command line to 'False'
[0.459s] Level 5:colcon.colcon_core.verb:set package 'webcam_bringup' build argument 'ament_cmake_args' from command line to 'None'
[0.459s] Level 5:colcon.colcon_core.verb:set package 'webcam_bringup' build argument 'catkin_cmake_args' from command line to 'None'
[0.459s] Level 5:colcon.colcon_core.verb:set package 'webcam_bringup' build argument 'catkin_skip_building_tests' from command line to 'False'
[0.459s] DEBUG:colcon.colcon_core.verb:Building package 'webcam_bringup' with the following arguments: {'ament_cmake_args': None, 'build_base': '/home/harry/robot/build/webcam_bringup', 'catkin_cmake_args': None, 'catkin_skip_building_tests': False, 'cmake_args': None, 'cmake_clean_cache': False, 'cmake_clean_first': False, 'cmake_force_configure': False, 'cmake_target': None, 'cmake_target_skip_unavailable': False, 'install_base': '/home/harry/robot/install/webcam_bringup', 'merge_install': False, 'path': '/home/harry/robot/src/webcam_bringup', 'symlink_install': False, 'test_result_base': None}
[0.459s] INFO:colcon.colcon_core.executor:Executing jobs using 'parallel' executor
[0.460s] DEBUG:colcon.colcon_parallel_executor.executor.parallel:run_until_complete
[0.461s] INFO:colcon.colcon_ros.task.ament_python.build:Building ROS package in '/home/harry/robot/src/my_robot_navigation' with build type 'ament_python'
[0.461s] Level 1:colcon.colcon_core.shell:create_environment_hook('my_robot_navigation', 'ament_prefix_path')
[0.464s] INFO:colcon.colcon_core.plugin_system:Skipping extension 'colcon_core.shell.bat': Not used on non-Windows systems
[0.464s] INFO:colcon.colcon_core.shell:Creating environment hook '/home/harry/robot/install/my_robot_navigation/share/my_robot_navigation/hook/ament_prefix_path.ps1'
[0.465s] INFO:colcon.colcon_core.shell:Creating environment descriptor '/home/harry/robot/install/my_robot_navigation/share/my_robot_navigation/hook/ament_prefix_path.dsv'
[0.465s] INFO:colcon.colcon_core.shell:Creating environment hook '/home/harry/robot/install/my_robot_navigation/share/my_robot_navigation/hook/ament_prefix_path.sh'
[0.466s] INFO:colcon.colcon_core.shell:Skip shell extension 'powershell' for command environment: Not usable outside of PowerShell
[0.466s] DEBUG:colcon.colcon_core.shell:Skip shell extension 'dsv' for command environment
[0.470s] INFO:colcon.colcon_ros.task.ament_cmake.build:Building ROS package in '/home/harry/robot/src/my_robot_slam' with build type 'ament_cmake'
[0.470s] INFO:colcon.colcon_cmake.task.cmake.build:Building CMake package in '/home/harry/robot/src/my_robot_slam'
[0.471s] INFO:colcon.colcon_core.shell:Skip shell extension 'powershell' for command environment: Not usable outside of PowerShell
[0.471s] DEBUG:colcon.colcon_core.shell:Skip shell extension 'dsv' for command environment
[0.475s] INFO:colcon.colcon_ros.task.ament_python.build:Building ROS package in '/home/harry/robot/src/object_detection' with build type 'ament_python'
[0.475s] Level 1:colcon.colcon_core.shell:create_environment_hook('object_detection', 'ament_prefix_path')
[0.476s] INFO:colcon.colcon_core.shell:Creating environment hook '/home/harry/robot/install/object_detection/share/object_detection/hook/ament_prefix_path.ps1'
[0.477s] INFO:colcon.colcon_core.shell:Creating environment descriptor '/home/harry/robot/install/object_detection/share/object_detection/hook/ament_prefix_path.dsv'
[0.477s] INFO:colcon.colcon_core.shell:Creating environment hook '/home/harry/robot/install/object_detection/share/object_detection/hook/ament_prefix_path.sh'
[0.478s] INFO:colcon.colcon_core.shell:Skip shell extension 'powershell' for command environment: Not usable outside of PowerShell
[0.478s] DEBUG:colcon.colcon_core.shell:Skip shell extension 'dsv' for command environment
[0.482s] INFO:colcon.colcon_ros.task.ament_python.build:Building ROS package in '/home/harry/robot/src/pub_sub' with build type 'ament_python'
[0.482s] Level 1:colcon.colcon_core.shell:create_environment_hook('pub_sub', 'ament_prefix_path')
[0.482s] INFO:colcon.colcon_core.shell:Creating environment hook '/home/harry/robot/install/pub_sub/share/pub_sub/hook/ament_prefix_path.ps1'
[0.483s] INFO:colcon.colcon_core.shell:Creating environment descriptor '/home/harry/robot/install/pub_sub/share/pub_sub/hook/ament_prefix_path.dsv'
[0.484s] INFO:colcon.colcon_core.shell:Creating environment hook '/home/harry/robot/install/pub_sub/share/pub_sub/hook/ament_prefix_path.sh'
[0.484s] INFO:colcon.colcon_core.shell:Skip shell extension 'powershell' for command environment: Not usable outside of PowerShell
[0.484s] DEBUG:colcon.colcon_core.shell:Skip shell extension 'dsv' for command environment
[0.882s] INFO:colcon.colcon_core.task.python.build:Building Python package in '/home/harry/robot/src/my_robot_navigation'
[0.882s] INFO:colcon.colcon_core.shell:Skip shell extension 'powershell' for command environment: Not usable outside of PowerShell
[0.882s] DEBUG:colcon.colcon_core.shell:Skip shell extension 'dsv' for command environment
[0.889s] DEBUG:colcon.colcon_core.event_handler.log_command:Invoking command in '/home/harry/robot/build/my_robot_slam': CMAKE_PREFIX_PATH=${CMAKE_PREFIX_PATH}:/home/harry/robot/install/webcam_bringup:/home/harry/robot/install/teleop:/home/harry/robot/install/tag_detection:/home/harry/robot/install/robot_bringup:/home/harry/robot/install/pub_sub:/home/harry/robot/install/object_detection:/home/harry/robot/install/my_robot_navigation:/home/harry/robot/install/create3_teleop:/home/harry/robot/install/create3_examples_py:/opt/ros/humble /usr/bin/cmake /home/harry/robot/src/my_robot_slam -DCMAKE_INSTALL_PREFIX=/home/harry/robot/install/my_robot_slam
[1.276s] INFO:colcon.colcon_core.task.python.build:Building Python package in '/home/harry/robot/src/object_detection'
[1.276s] INFO:colcon.colcon_core.shell:Skip shell extension 'powershell' for command environment: Not usable outside of PowerShell
[1.276s] DEBUG:colcon.colcon_core.shell:Skip shell extension 'dsv' for command environment
[1.729s] INFO:colcon.colcon_core.task.python.build:Building Python package in '/home/harry/robot/src/pub_sub'
[1.730s] INFO:colcon.colcon_core.shell:Skip shell extension 'powershell' for command environment: Not usable outside of PowerShell
[1.731s] DEBUG:colcon.colcon_core.shell:Skip shell extension 'dsv' for command environment
[2.665s] DEBUG:colcon.colcon_core.event_handler.log_command:Invoking command in '/home/harry/robot/src/my_robot_navigation': PYTHONPATH=/home/harry/robot/build/my_robot_navigation/prefix_override:/usr/lib/python3/dist-packages/colcon_core/task/python/colcon_distutils_commands:/home/harry/robot/install/my_robot_navigation/lib/python3.10/site-packages:${PYTHONPATH} /usr/bin/python3 -W ignore:setup.py install is deprecated -W ignore:easy_install command is deprecated setup.py egg_info --egg-base ../../build/my_robot_navigation build --build-base /home/harry/robot/build/my_robot_navigation/build install --record /home/harry/robot/build/my_robot_navigation/install.log --single-version-externally-managed install_data
[2.699s] DEBUG:colcon.colcon_core.event_handler.log_command:Invoking command in '/home/harry/robot/src/object_detection': PYTHONPATH=/home/harry/robot/build/object_detection/prefix_override:/usr/lib/python3/dist-packages/colcon_core/task/python/colcon_distutils_commands:/home/harry/robot/install/object_detection/lib/python3.10/site-packages:${PYTHONPATH} /usr/bin/python3 -W ignore:setup.py install is deprecated -W ignore:easy_install command is deprecated setup.py egg_info --egg-base ../../build/object_detection build --build-base /home/harry/robot/build/object_detection/build install --record /home/harry/robot/build/object_detection/install.log --single-version-externally-managed install_data
[2.786s] DEBUG:colcon.colcon_core.event_handler.log_command:Invoking command in '/home/harry/robot/src/pub_sub': PYTHONPATH=/home/harry/robot/build/pub_sub/prefix_override:/usr/lib/python3/dist-packages/colcon_core/task/python/colcon_distutils_commands:/home/harry/robot/install/pub_sub/lib/python3.10/site-packages:${PYTHONPATH} /usr/bin/python3 -W ignore:setup.py install is deprecated -W ignore:easy_install command is deprecated setup.py egg_info --egg-base ../../build/pub_sub build --build-base /home/harry/robot/build/pub_sub/build install --record /home/harry/robot/build/pub_sub/install.log --single-version-externally-managed install_data
[3.505s] DEBUG:colcon.colcon_core.event_handler.log_command:Invoked command in '/home/harry/robot/src/my_robot_navigation' returned '0': PYTHONPATH=/home/harry/robot/build/my_robot_navigation/prefix_override:/usr/lib/python3/dist-packages/colcon_core/task/python/colcon_distutils_commands:/home/harry/robot/install/my_robot_navigation/lib/python3.10/site-packages:${PYTHONPATH} /usr/bin/python3 -W ignore:setup.py install is deprecated -W ignore:easy_install command is deprecated setup.py egg_info --egg-base ../../build/my_robot_navigation build --build-base /home/harry/robot/build/my_robot_navigation/build install --record /home/harry/robot/build/my_robot_navigation/install.log --single-version-externally-managed install_data
[3.513s] Level 1:colcon.colcon_core.environment:checking '/home/harry/robot/install/my_robot_navigation' for CMake module files
[3.514s] Level 1:colcon.colcon_core.environment:checking '/home/harry/robot/install/my_robot_navigation' for CMake config files
[3.523s] Level 1:colcon.colcon_core.environment:checking '/home/harry/robot/install/my_robot_navigation/lib'
[3.523s] Level 1:colcon.colcon_core.environment:checking '/home/harry/robot/install/my_robot_navigation/bin'
[3.524s] Level 1:colcon.colcon_core.environment:checking '/home/harry/robot/install/my_robot_navigation/lib/pkgconfig/my_robot_navigation.pc'
[3.524s] Level 1:colcon.colcon_core.environment:checking '/home/harry/robot/install/my_robot_navigation/lib/python3.10/site-packages'
[3.524s] Level 1:colcon.colcon_core.shell:create_environment_hook('my_robot_navigation', 'pythonpath')
[3.525s] INFO:colcon.colcon_core.shell:Creating environment hook '/home/harry/robot/install/my_robot_navigation/share/my_robot_navigation/hook/pythonpath.ps1'
[3.527s] INFO:colcon.colcon_core.shell:Creating environment descriptor '/home/harry/robot/install/my_robot_navigation/share/my_robot_navigation/hook/pythonpath.dsv'
[3.529s] INFO:colcon.colcon_core.shell:Creating environment hook '/home/harry/robot/install/my_robot_navigation/share/my_robot_navigation/hook/pythonpath.sh'
[3.530s] Level 1:colcon.colcon_core.environment:checking '/home/harry/robot/install/my_robot_navigation/bin'
[3.531s] Level 1:colcon.colcon_core.environment:create_environment_scripts_only(my_robot_navigation)
[3.531s] INFO:colcon.colcon_core.shell:Creating package script '/home/harry/robot/install/my_robot_navigation/share/my_robot_navigation/package.ps1'
[3.534s] INFO:colcon.colcon_core.shell:Creating package descriptor '/home/harry/robot/install/my_robot_navigation/share/my_robot_navigation/package.dsv'
[3.536s] INFO:colcon.colcon_core.shell:Creating package script '/home/harry/robot/install/my_robot_navigation/share/my_robot_navigation/package.sh'
[3.543s] INFO:colcon.colcon_core.shell:Creating package script '/home/harry/robot/install/my_robot_navigation/share/my_robot_navigation/package.bash'
[3.545s] INFO:colcon.colcon_core.shell:Creating package script '/home/harry/robot/install/my_robot_navigation/share/my_robot_navigation/package.zsh'
[3.546s] Level 1:colcon.colcon_core.environment:create_file_with_runtime_dependencies(/home/harry/robot/install/my_robot_navigation/share/colcon-core/packages/my_robot_navigation)
[3.547s] INFO:colcon.colcon_ros.task.ament_python.build:Building ROS package in '/home/harry/robot/src/robot_bringup' with build type 'ament_python'
[3.549s] Level 1:colcon.colcon_core.shell:create_environment_hook('robot_bringup', 'ament_prefix_path')
[3.550s] INFO:colcon.colcon_core.shell:Creating environment hook '/home/harry/robot/install/robot_bringup/share/robot_bringup/hook/ament_prefix_path.ps1'
[3.555s] INFO:colcon.colcon_core.shell:Creating environment descriptor '/home/harry/robot/install/robot_bringup/share/robot_bringup/hook/ament_prefix_path.dsv'
[3.559s] INFO:colcon.colcon_core.shell:Creating environment hook '/home/harry/robot/install/robot_bringup/share/robot_bringup/hook/ament_prefix_path.sh'
[3.561s] INFO:colcon.colcon_core.shell:Skip shell extension 'powershell' for command environment: Not usable outside of PowerShell
[3.561s] DEBUG:colcon.colcon_core.shell:Skip shell extension 'dsv' for command environment
[3.584s] Level 1:colcon.colcon_core.environment:checking '/home/harry/robot/install/object_detection' for CMake module files
[3.587s] DEBUG:colcon.colcon_core.event_handler.log_command:Invoked command in '/home/harry/robot/src/object_detection' returned '0': PYTHONPATH=/home/harry/robot/build/object_detection/prefix_override:/usr/lib/python3/dist-packages/colcon_core/task/python/colcon_distutils_commands:/home/harry/robot/install/object_detection/lib/python3.10/site-packages:${PYTHONPATH} /usr/bin/python3 -W ignore:setup.py install is deprecated -W ignore:easy_install command is deprecated setup.py egg_info --egg-base ../../build/object_detection build --build-base /home/harry/robot/build/object_detection/build install --record /home/harry/robot/build/object_detection/install.log --single-version-externally-managed install_data
[3.590s] Level 1:colcon.colcon_core.environment:checking '/home/harry/robot/install/object_detection' for CMake config files
[3.592s] Level 1:colcon.colcon_core.environment:checking '/home/harry/robot/install/object_detection/lib'
[3.593s] Level 1:colcon.colcon_core.environment:checking '/home/harry/robot/install/object_detection/bin'
[3.594s] Level 1:colcon.colcon_core.environment:checking '/home/harry/robot/install/object_detection/lib/pkgconfig/object_detection.pc'
[3.595s] Level 1:colcon.colcon_core.environment:checking '/home/harry/robot/install/object_detection/lib/python3.10/site-packages'
[3.595s] Level 1:colcon.colcon_core.shell:create_environment_hook('object_detection', 'pythonpath')
[3.595s] INFO:colcon.colcon_core.shell:Creating environment hook '/home/harry/robot/install/object_detection/share/object_detection/hook/pythonpath.ps1'
[3.596s] INFO:colcon.colcon_core.shell:Creating environment descriptor '/home/harry/robot/install/object_detection/share/object_detection/hook/pythonpath.dsv'
[3.597s] INFO:colcon.colcon_core.shell:Creating environment hook '/home/harry/robot/install/object_detection/share/object_detection/hook/pythonpath.sh'
[3.598s] Level 1:colcon.colcon_core.environment:checking '/home/harry/robot/install/object_detection/bin'
[3.598s] Level 1:colcon.colcon_core.environment:create_environment_scripts_only(object_detection)
[3.598s] INFO:colcon.colcon_core.shell:Creating package script '/home/harry/robot/install/object_detection/share/object_detection/package.ps1'
[3.599s] INFO:colcon.colcon_core.shell:Creating package descriptor '/home/harry/robot/install/object_detection/share/object_detection/package.dsv'
[3.600s] INFO:colcon.colcon_core.shell:Creating package script '/home/harry/robot/install/object_detection/share/object_detection/package.sh'
[3.601s] INFO:colcon.colcon_core.shell:Creating package script '/home/harry/robot/install/object_detection/share/object_detection/package.bash'
[3.601s] INFO:colcon.colcon_core.shell:Creating package script '/home/harry/robot/install/object_detection/share/object_detection/package.zsh'
[3.602s] Level 1:colcon.colcon_core.environment:create_file_with_runtime_dependencies(/home/harry/robot/install/object_detection/share/colcon-core/packages/object_detection)
[4.217s] INFO:colcon.colcon_core.task.python.build:Building Python package in '/home/harry/robot/src/robot_bringup'
[4.218s] INFO:colcon.colcon_core.shell:Skip shell extension 'powershell' for command environment: Not usable outside of PowerShell
[4.218s] DEBUG:colcon.colcon_core.shell:Skip shell extension 'dsv' for command environment
[4.228s] INFO:colcon.colcon_ros.task.ament_cmake.build:Building ROS package in '/home/harry/robot/src/rplidar-ros' with build type 'ament_cmake'
[4.229s] INFO:colcon.colcon_cmake.task.cmake.build:Building CMake package in '/home/harry/robot/src/rplidar-ros'
[4.230s] INFO:colcon.colcon_core.shell:Skip shell extension 'powershell' for command environment: Not usable outside of PowerShell
[4.230s] DEBUG:colcon.colcon_core.shell:Skip shell extension 'dsv' for command environment
[4.244s] Level 1:colcon.colcon_core.environment:checking '/home/harry/robot/install/pub_sub' for CMake module files
[4.245s] Level 1:colcon.colcon_core.environment:checking '/home/harry/robot/install/pub_sub' for CMake config files
[4.246s] DEBUG:colcon.colcon_core.event_handler.log_command:Invoked command in '/home/harry/robot/src/pub_sub' returned '0': PYTHONPATH=/home/harry/robot/build/pub_sub/prefix_override:/usr/lib/python3/dist-packages/colcon_core/task/python/colcon_distutils_commands:/home/harry/robot/install/pub_sub/lib/python3.10/site-packages:${PYTHONPATH} /usr/bin/python3 -W ignore:setup.py install is deprecated -W ignore:easy_install command is deprecated setup.py egg_info --egg-base ../../build/pub_sub build --build-base /home/harry/robot/build/pub_sub/build install --record /home/harry/robot/build/pub_sub/install.log --single-version-externally-managed install_data
[4.247s] Level 1:colcon.colcon_core.environment:checking '/home/harry/robot/install/pub_sub/lib'
[4.247s] Level 1:colcon.colcon_core.environment:checking '/home/harry/robot/install/pub_sub/bin'
[4.247s] Level 1:colcon.colcon_core.environment:checking '/home/harry/robot/install/pub_sub/lib/pkgconfig/pub_sub.pc'
[4.247s] Level 1:colcon.colcon_core.environment:checking '/home/harry/robot/install/pub_sub/lib/python3.10/site-packages'
[4.247s] Level 1:colcon.colcon_core.shell:create_environment_hook('pub_sub', 'pythonpath')
[4.248s] INFO:colcon.colcon_core.shell:Creating environment hook '/home/harry/robot/install/pub_sub/share/pub_sub/hook/pythonpath.ps1'
[4.249s] INFO:colcon.colcon_core.shell:Creating environment descriptor '/home/harry/robot/install/pub_sub/share/pub_sub/hook/pythonpath.dsv'
[4.251s] INFO:colcon.colcon_core.shell:Creating environment hook '/home/harry/robot/install/pub_sub/share/pub_sub/hook/pythonpath.sh'
[4.252s] Level 1:colcon.colcon_core.environment:checking '/home/harry/robot/install/pub_sub/bin'
[4.253s] Level 1:colcon.colcon_core.environment:create_environment_scripts_only(pub_sub)
[4.253s] INFO:colcon.colcon_core.shell:Creating package script '/home/harry/robot/install/pub_sub/share/pub_sub/package.ps1'
[4.254s] INFO:colcon.colcon_core.shell:Creating package descriptor '/home/harry/robot/install/pub_sub/share/pub_sub/package.dsv'
[4.255s] INFO:colcon.colcon_core.shell:Creating package script '/home/harry/robot/install/pub_sub/share/pub_sub/package.sh'
[4.256s] INFO:colcon.colcon_core.shell:Creating package script '/home/harry/robot/install/pub_sub/share/pub_sub/package.bash'
[4.257s] INFO:colcon.colcon_core.shell:Creating package script '/home/harry/robot/install/pub_sub/share/pub_sub/package.zsh'
[4.258s] Level 1:colcon.colcon_core.environment:create_file_with_runtime_dependencies(/home/harry/robot/install/pub_sub/share/colcon-core/packages/pub_sub)
[4.265s] INFO:colcon.colcon_ros.task.ament_python.build:Building ROS package in '/home/harry/robot/src/teleop' with build type 'ament_python'
[4.265s] Level 1:colcon.colcon_core.shell:create_environment_hook('teleop', 'ament_prefix_path')
[4.266s] INFO:colcon.colcon_core.shell:Creating environment hook '/home/harry/robot/install/teleop/share/teleop/hook/ament_prefix_path.ps1'
[4.267s] INFO:colcon.colcon_core.shell:Creating environment descriptor '/home/harry/robot/install/teleop/share/teleop/hook/ament_prefix_path.dsv'
[4.269s] INFO:colcon.colcon_core.shell:Creating environment hook '/home/harry/robot/install/teleop/share/teleop/hook/ament_prefix_path.sh'
[4.271s] INFO:colcon.colcon_core.shell:Skip shell extension 'powershell' for command environment: Not usable outside of PowerShell
[4.272s] DEBUG:colcon.colcon_core.shell:Skip shell extension 'dsv' for command environment
[4.303s] DEBUG:colcon.colcon_core.event_handler.log_command:Invoking command in '/home/harry/robot/build/rplidar_ros': CMAKE_PREFIX_PATH=${CMAKE_PREFIX_PATH}:/home/harry/robot/install/webcam_bringup:/home/harry/robot/install/teleop:/home/harry/robot/install/tag_detection:/home/harry/robot/install/robot_bringup:/home/harry/robot/install/pub_sub:/home/harry/robot/install/object_detection:/home/harry/robot/install/my_robot_navigation:/home/harry/robot/install/create3_teleop:/home/harry/robot/install/create3_examples_py:/opt/ros/humble /usr/bin/cmake /home/harry/robot/src/rplidar-ros -DCMAKE_INSTALL_PREFIX=/home/harry/robot/install/rplidar_ros
[5.087s] INFO:colcon.colcon_core.task.python.build:Building Python package in '/home/harry/robot/src/teleop'
[5.088s] INFO:colcon.colcon_core.shell:Skip shell extension 'powershell' for command environment: Not usable outside of PowerShell
[5.088s] DEBUG:colcon.colcon_core.shell:Skip shell extension 'dsv' for command environment
[5.327s] DEBUG:colcon.colcon_core.event_handler.log_command:Invoking command in '/home/harry/robot/src/robot_bringup': PYTHONPATH=/home/harry/robot/build/robot_bringup/prefix_override:/usr/lib/python3/dist-packages/colcon_core/task/python/colcon_distutils_commands:/home/harry/robot/install/robot_bringup/lib/python3.10/site-packages:${PYTHONPATH} /usr/bin/python3 -W ignore:setup.py install is deprecated -W ignore:easy_install command is deprecated setup.py egg_info --egg-base ../../build/robot_bringup build --build-base /home/harry/robot/build/robot_bringup/build install --record /home/harry/robot/build/robot_bringup/install.log --single-version-externally-managed install_data
[6.021s] DEBUG:colcon.colcon_core.event_handler.log_command:Invoking command in '/home/harry/robot/src/teleop': PYTHONPATH=/home/harry/robot/build/teleop/prefix_override:/usr/lib/python3/dist-packages/colcon_core/task/python/colcon_distutils_commands:/home/harry/robot/install/teleop/lib/python3.10/site-packages:${PYTHONPATH} /usr/bin/python3 -W ignore:setup.py install is deprecated -W ignore:easy_install command is deprecated setup.py egg_info --egg-base ../../build/teleop build --build-base /home/harry/robot/build/teleop/build install --record /home/harry/robot/build/teleop/install.log --single-version-externally-managed install_data
[6.080s] Level 1:colcon.colcon_core.environment:checking '/home/harry/robot/install/robot_bringup' for CMake module files
[6.080s] DEBUG:colcon.colcon_core.event_handler.log_command:Invoked command in '/home/harry/robot/src/robot_bringup' returned '0': PYTHONPATH=/home/harry/robot/build/robot_bringup/prefix_override:/usr/lib/python3/dist-packages/colcon_core/task/python/colcon_distutils_commands:/home/harry/robot/install/robot_bringup/lib/python3.10/site-packages:${PYTHONPATH} /usr/bin/python3 -W ignore:setup.py install is deprecated -W ignore:easy_install command is deprecated setup.py egg_info --egg-base ../../build/robot_bringup build --build-base /home/harry/robot/build/robot_bringup/build install --record /home/harry/robot/build/robot_bringup/install.log --single-version-externally-managed install_data
[6.081s] Level 1:colcon.colcon_core.environment:checking '/home/harry/robot/install/robot_bringup' for CMake config files
[6.081s] Level 1:colcon.colcon_core.environment:checking '/home/harry/robot/install/robot_bringup/lib'
[6.082s] Level 1:colcon.colcon_core.environment:checking '/home/harry/robot/install/robot_bringup/bin'
[6.082s] Level 1:colcon.colcon_core.environment:checking '/home/harry/robot/install/robot_bringup/lib/pkgconfig/robot_bringup.pc'
[6.082s] Level 1:colcon.colcon_core.environment:checking '/home/harry/robot/install/robot_bringup/lib/python3.10/site-packages'
[6.082s] Level 1:colcon.colcon_core.shell:create_environment_hook('robot_bringup', 'pythonpath')
[6.082s] INFO:colcon.colcon_core.shell:Creating environment hook '/home/harry/robot/install/robot_bringup/share/robot_bringup/hook/pythonpath.ps1'
[6.083s] INFO:colcon.colcon_core.shell:Creating environment descriptor '/home/harry/robot/install/robot_bringup/share/robot_bringup/hook/pythonpath.dsv'
[6.083s] INFO:colcon.colcon_core.shell:Creating environment hook '/home/harry/robot/install/robot_bringup/share/robot_bringup/hook/pythonpath.sh'
[6.087s] Level 1:colcon.colcon_core.environment:checking '/home/harry/robot/install/robot_bringup/bin'
[6.087s] Level 1:colcon.colcon_core.environment:create_environment_scripts_only(robot_bringup)
[6.087s] INFO:colcon.colcon_core.shell:Creating package script '/home/harry/robot/install/robot_bringup/share/robot_bringup/package.ps1'
[6.088s] INFO:colcon.colcon_core.shell:Creating package descriptor '/home/harry/robot/install/robot_bringup/share/robot_bringup/package.dsv'
[6.089s] INFO:colcon.colcon_core.shell:Creating package script '/home/harry/robot/install/robot_bringup/share/robot_bringup/package.sh'
[6.092s] INFO:colcon.colcon_core.shell:Creating package script '/home/harry/robot/install/robot_bringup/share/robot_bringup/package.bash'
[6.093s] INFO:colcon.colcon_core.shell:Creating package script '/home/harry/robot/install/robot_bringup/share/robot_bringup/package.zsh'
[6.093s] Level 1:colcon.colcon_core.environment:create_file_with_runtime_dependencies(/home/harry/robot/install/robot_bringup/share/colcon-core/packages/robot_bringup)
[6.094s] INFO:colcon.colcon_ros.task.ament_python.build:Building ROS package in '/home/harry/robot/src/webcam_bringup' with build type 'ament_python'
[6.094s] Level 1:colcon.colcon_core.shell:create_environment_hook('webcam_bringup', 'ament_prefix_path')
[6.094s] INFO:colcon.colcon_core.shell:Creating environment hook '/home/harry/robot/install/webcam_bringup/share/webcam_bringup/hook/ament_prefix_path.ps1'
[6.096s] INFO:colcon.colcon_core.shell:Creating environment descriptor '/home/harry/robot/install/webcam_bringup/share/webcam_bringup/hook/ament_prefix_path.dsv'
[6.098s] INFO:colcon.colcon_core.shell:Creating environment hook '/home/harry/robot/install/webcam_bringup/share/webcam_bringup/hook/ament_prefix_path.sh'
[6.099s] INFO:colcon.colcon_core.shell:Skip shell extension 'powershell' for command environment: Not usable outside of PowerShell
[6.099s] DEBUG:colcon.colcon_core.shell:Skip shell extension 'dsv' for command environment
[6.739s] INFO:colcon.colcon_core.task.python.build:Building Python package in '/home/harry/robot/src/webcam_bringup'
[6.739s] INFO:colcon.colcon_core.shell:Skip shell extension 'powershell' for command environment: Not usable outside of PowerShell
[6.739s] DEBUG:colcon.colcon_core.shell:Skip shell extension 'dsv' for command environment
[6.756s] DEBUG:colcon.colcon_core.event_handler.log_command:Invoked command in '/home/harry/robot/build/my_robot_slam' returned '0': CMAKE_PREFIX_PATH=${CMAKE_PREFIX_PATH}:/home/harry/robot/install/webcam_bringup:/home/harry/robot/install/teleop:/home/harry/robot/install/tag_detection:/home/harry/robot/install/robot_bringup:/home/harry/robot/install/pub_sub:/home/harry/robot/install/object_detection:/home/harry/robot/install/my_robot_navigation:/home/harry/robot/install/create3_teleop:/home/harry/robot/install/create3_examples_py:/opt/ros/humble /usr/bin/cmake /home/harry/robot/src/my_robot_slam -DCMAKE_INSTALL_PREFIX=/home/harry/robot/install/my_robot_slam
[6.759s] Level 1:colcon.colcon_core.environment:checking '/home/harry/robot/install/teleop' for CMake module files
[6.762s] DEBUG:colcon.colcon_core.event_handler.log_command:Invoking command in '/home/harry/robot/build/my_robot_slam': CMAKE_PREFIX_PATH=${CMAKE_PREFIX_PATH}:/home/harry/robot/install/webcam_bringup:/home/harry/robot/install/teleop:/home/harry/robot/install/tag_detection:/home/harry/robot/install/robot_bringup:/home/harry/robot/install/pub_sub:/home/harry/robot/install/object_detection:/home/harry/robot/install/my_robot_navigation:/home/harry/robot/install/create3_teleop:/home/harry/robot/install/create3_examples_py:/opt/ros/humble /usr/bin/cmake --build /home/harry/robot/build/my_robot_slam -- -j4 -l4
[6.762s] DEBUG:colcon.colcon_core.event_handler.log_command:Invoked command in '/home/harry/robot/src/teleop' returned '0': PYTHONPATH=/home/harry/robot/build/teleop/prefix_override:/usr/lib/python3/dist-packages/colcon_core/task/python/colcon_distutils_commands:/home/harry/robot/install/teleop/lib/python3.10/site-packages:${PYTHONPATH} /usr/bin/python3 -W ignore:setup.py install is deprecated -W ignore:easy_install command is deprecated setup.py egg_info --egg-base ../../build/teleop build --build-base /home/harry/robot/build/teleop/build install --record /home/harry/robot/build/teleop/install.log --single-version-externally-managed install_data
[6.763s] Level 1:colcon.colcon_core.environment:checking '/home/harry/robot/install/teleop' for CMake config files
[6.764s] Level 1:colcon.colcon_core.environment:checking '/home/harry/robot/install/teleop/lib'
[6.764s] Level 1:colcon.colcon_core.environment:checking '/home/harry/robot/install/teleop/bin'
[6.764s] Level 1:colcon.colcon_core.environment:checking '/home/harry/robot/install/teleop/lib/pkgconfig/teleop.pc'
[6.765s] Level 1:colcon.colcon_core.environment:checking '/home/harry/robot/install/teleop/lib/python3.10/site-packages'
[6.765s] Level 1:colcon.colcon_core.shell:create_environment_hook('teleop', 'pythonpath')
[6.765s] INFO:colcon.colcon_core.shell:Creating environment hook '/home/harry/robot/install/teleop/share/teleop/hook/pythonpath.ps1'
[6.766s] INFO:colcon.colcon_core.shell:Creating environment descriptor '/home/harry/robot/install/teleop/share/teleop/hook/pythonpath.dsv'
[6.767s] INFO:colcon.colcon_core.shell:Creating environment hook '/home/harry/robot/install/teleop/share/teleop/hook/pythonpath.sh'
[6.768s] Level 1:colcon.colcon_core.environment:checking '/home/harry/robot/install/teleop/bin'
[6.768s] Level 1:colcon.colcon_core.environment:create_environment_scripts_only(teleop)
[6.768s] INFO:colcon.colcon_core.shell:Creating package script '/home/harry/robot/install/teleop/share/teleop/package.ps1'
[6.769s] INFO:colcon.colcon_core.shell:Creating package descriptor '/home/harry/robot/install/teleop/share/teleop/package.dsv'
[6.770s] INFO:colcon.colcon_core.shell:Creating package script '/home/harry/robot/install/teleop/share/teleop/package.sh'
[6.771s] INFO:colcon.colcon_core.shell:Creating package script '/home/harry/robot/install/teleop/share/teleop/package.bash'
[6.771s] INFO:colcon.colcon_core.shell:Creating package script '/home/harry/robot/install/teleop/share/teleop/package.zsh'
[6.772s] Level 1:colcon.colcon_core.environment:create_file_with_runtime_dependencies(/home/harry/robot/install/teleop/share/colcon-core/packages/teleop)
[6.872s] DEBUG:colcon.colcon_core.event_handler.log_command:Invoked command in '/home/harry/robot/build/my_robot_slam' returned '0': CMAKE_PREFIX_PATH=${CMAKE_PREFIX_PATH}:/home/harry/robot/install/webcam_bringup:/home/harry/robot/install/teleop:/home/harry/robot/install/tag_detection:/home/harry/robot/install/robot_bringup:/home/harry/robot/install/pub_sub:/home/harry/robot/install/object_detection:/home/harry/robot/install/my_robot_navigation:/home/harry/robot/install/create3_teleop:/home/harry/robot/install/create3_examples_py:/opt/ros/humble /usr/bin/cmake --build /home/harry/robot/build/my_robot_slam -- -j4 -l4
[6.907s] DEBUG:colcon.colcon_core.event_handler.log_command:Invoking command in '/home/harry/robot/build/my_robot_slam': CMAKE_PREFIX_PATH=${CMAKE_PREFIX_PATH}:/home/harry/robot/install/webcam_bringup:/home/harry/robot/install/teleop:/home/harry/robot/install/tag_detection:/home/harry/robot/install/robot_bringup:/home/harry/robot/install/pub_sub:/home/harry/robot/install/object_detection:/home/harry/robot/install/my_robot_navigation:/home/harry/robot/install/create3_teleop:/home/harry/robot/install/create3_examples_py:/opt/ros/humble /usr/bin/cmake --install /home/harry/robot/build/my_robot_slam
[7.002s] Level 1:colcon.colcon_core.environment:create_environment_scripts_only(my_robot_slam)
[7.003s] Level 1:colcon.colcon_core.environment:checking '/home/harry/robot/install/my_robot_slam' for CMake module files
[7.004s] DEBUG:colcon.colcon_core.event_handler.log_command:Invoked command in '/home/harry/robot/build/my_robot_slam' returned '0': CMAKE_PREFIX_PATH=${CMAKE_PREFIX_PATH}:/home/harry/robot/install/webcam_bringup:/home/harry/robot/install/teleop:/home/harry/robot/install/tag_detection:/home/harry/robot/install/robot_bringup:/home/harry/robot/install/pub_sub:/home/harry/robot/install/object_detection:/home/harry/robot/install/my_robot_navigation:/home/harry/robot/install/create3_teleop:/home/harry/robot/install/create3_examples_py:/opt/ros/humble /usr/bin/cmake --install /home/harry/robot/build/my_robot_slam
[7.006s] Level 1:colcon.colcon_core.environment:checking '/home/harry/robot/install/my_robot_slam' for CMake config files
[7.007s] Level 1:colcon.colcon_core.shell:create_environment_hook('my_robot_slam', 'cmake_prefix_path')
[7.008s] INFO:colcon.colcon_core.shell:Creating environment hook '/home/harry/robot/install/my_robot_slam/share/my_robot_slam/hook/cmake_prefix_path.ps1'
[7.009s] INFO:colcon.colcon_core.shell:Creating environment descriptor '/home/harry/robot/install/my_robot_slam/share/my_robot_slam/hook/cmake_prefix_path.dsv'
[7.010s] INFO:colcon.colcon_core.shell:Creating environment hook '/home/harry/robot/install/my_robot_slam/share/my_robot_slam/hook/cmake_prefix_path.sh'
[7.011s] Level 1:colcon.colcon_core.environment:checking '/home/harry/robot/install/my_robot_slam/bin'
[7.011s] Level 1:colcon.colcon_core.environment:checking '/home/harry/robot/install/my_robot_slam/lib/pkgconfig/my_robot_slam.pc'
[7.012s] Level 1:colcon.colcon_core.environment:checking '/home/harry/robot/install/my_robot_slam/lib/python3.10/site-packages'
[7.013s] Level 1:colcon.colcon_core.environment:checking '/home/harry/robot/install/my_robot_slam/bin'
[7.014s] INFO:colcon.colcon_core.shell:Creating package script '/home/harry/robot/install/my_robot_slam/share/my_robot_slam/package.ps1'
[7.015s] INFO:colcon.colcon_core.shell:Creating package descriptor '/home/harry/robot/install/my_robot_slam/share/my_robot_slam/package.dsv'
[7.017s] INFO:colcon.colcon_core.shell:Creating package script '/home/harry/robot/install/my_robot_slam/share/my_robot_slam/package.sh'
[7.018s] INFO:colcon.colcon_core.shell:Creating package script '/home/harry/robot/install/my_robot_slam/share/my_robot_slam/package.bash'
[7.019s] INFO:colcon.colcon_core.shell:Creating package script '/home/harry/robot/install/my_robot_slam/share/my_robot_slam/package.zsh'
[7.021s] Level 1:colcon.colcon_core.environment:create_file_with_runtime_dependencies(/home/harry/robot/install/my_robot_slam/share/colcon-core/packages/my_robot_slam)
[7.022s] Level 1:colcon.colcon_core.environment:create_environment_scripts_only(my_robot_slam)
[7.023s] Level 1:colcon.colcon_core.environment:checking '/home/harry/robot/install/my_robot_slam' for CMake module files
[7.024s] Level 1:colcon.colcon_core.environment:checking '/home/harry/robot/install/my_robot_slam' for CMake config files
[7.025s] Level 1:colcon.colcon_core.shell:create_environment_hook('my_robot_slam', 'cmake_prefix_path')
[7.027s] INFO:colcon.colcon_core.shell:Creating environment hook '/home/harry/robot/install/my_robot_slam/share/my_robot_slam/hook/cmake_prefix_path.ps1'
[7.029s] INFO:colcon.colcon_core.shell:Creating environment descriptor '/home/harry/robot/install/my_robot_slam/share/my_robot_slam/hook/cmake_prefix_path.dsv'
[7.030s] INFO:colcon.colcon_core.shell:Creating environment hook '/home/harry/robot/install/my_robot_slam/share/my_robot_slam/hook/cmake_prefix_path.sh'
[7.032s] Level 1:colcon.colcon_core.environment:checking '/home/harry/robot/install/my_robot_slam/bin'
[7.032s] Level 1:colcon.colcon_core.environment:checking '/home/harry/robot/install/my_robot_slam/lib/pkgconfig/my_robot_slam.pc'
[7.032s] Level 1:colcon.colcon_core.environment:checking '/home/harry/robot/install/my_robot_slam/lib/python3.10/site-packages'
[7.034s] Level 1:colcon.colcon_core.environment:checking '/home/harry/robot/install/my_robot_slam/bin'
[7.035s] INFO:colcon.colcon_core.shell:Creating package script '/home/harry/robot/install/my_robot_slam/share/my_robot_slam/package.ps1'
[7.037s] INFO:colcon.colcon_core.shell:Creating package descriptor '/home/harry/robot/install/my_robot_slam/share/my_robot_slam/package.dsv'
[7.038s] INFO:colcon.colcon_core.shell:Creating package script '/home/harry/robot/install/my_robot_slam/share/my_robot_slam/package.sh'
[7.040s] INFO:colcon.colcon_core.shell:Creating package script '/home/harry/robot/install/my_robot_slam/share/my_robot_slam/package.bash'
[7.041s] INFO:colcon.colcon_core.shell:Creating package script '/home/harry/robot/install/my_robot_slam/share/my_robot_slam/package.zsh'
[7.043s] Level 1:colcon.colcon_core.environment:create_file_with_runtime_dependencies(/home/harry/robot/install/my_robot_slam/share/colcon-core/packages/my_robot_slam)
[7.393s] DEBUG:colcon.colcon_core.event_handler.log_command:Invoked command in '/home/harry/robot/build/rplidar_ros' returned '0': CMAKE_PREFIX_PATH=${CMAKE_PREFIX_PATH}:/home/harry/robot/install/webcam_bringup:/home/harry/robot/install/teleop:/home/harry/robot/install/tag_detection:/home/harry/robot/install/robot_bringup:/home/harry/robot/install/pub_sub:/home/harry/robot/install/object_detection:/home/harry/robot/install/my_robot_navigation:/home/harry/robot/install/create3_teleop:/home/harry/robot/install/create3_examples_py:/opt/ros/humble /usr/bin/cmake /home/harry/robot/src/rplidar-ros -DCMAKE_INSTALL_PREFIX=/home/harry/robot/install/rplidar_ros
[7.394s] DEBUG:colcon.colcon_core.event_handler.log_command:Invoking command in '/home/harry/robot/build/rplidar_ros': CMAKE_PREFIX_PATH=${CMAKE_PREFIX_PATH}:/home/harry/robot/install/webcam_bringup:/home/harry/robot/install/teleop:/home/harry/robot/install/tag_detection:/home/harry/robot/install/robot_bringup:/home/harry/robot/install/pub_sub:/home/harry/robot/install/object_detection:/home/harry/robot/install/my_robot_navigation:/home/harry/robot/install/create3_teleop:/home/harry/robot/install/create3_examples_py:/opt/ros/humble /usr/bin/cmake --build /home/harry/robot/build/rplidar_ros -- -j4 -l4
[7.715s] DEBUG:colcon.colcon_core.event_handler.log_command:Invoking command in '/home/harry/robot/src/webcam_bringup': PYTHONPATH=/home/harry/robot/build/webcam_bringup/prefix_override:/usr/lib/python3/dist-packages/colcon_core/task/python/colcon_distutils_commands:/home/harry/robot/install/webcam_bringup/lib/python3.10/site-packages:${PYTHONPATH} /usr/bin/python3 -W ignore:setup.py install is deprecated -W ignore:easy_install command is deprecated setup.py egg_info --egg-base ../../build/webcam_bringup build --build-base /home/harry/robot/build/webcam_bringup/build install --record /home/harry/robot/build/webcam_bringup/install.log --single-version-externally-managed install_data
[8.806s] Level 1:colcon.colcon_core.environment:checking '/home/harry/robot/install/webcam_bringup' for CMake module files
[8.807s] DEBUG:colcon.colcon_core.event_handler.log_command:Invoked command in '/home/harry/robot/src/webcam_bringup' returned '0': PYTHONPATH=/home/harry/robot/build/webcam_bringup/prefix_override:/usr/lib/python3/dist-packages/colcon_core/task/python/colcon_distutils_commands:/home/harry/robot/install/webcam_bringup/lib/python3.10/site-packages:${PYTHONPATH} /usr/bin/python3 -W ignore:setup.py install is deprecated -W ignore:easy_install command is deprecated setup.py egg_info --egg-base ../../build/webcam_bringup build --build-base /home/harry/robot/build/webcam_bringup/build install --record /home/harry/robot/build/webcam_bringup/install.log --single-version-externally-managed install_data
[8.809s] Level 1:colcon.colcon_core.environment:checking '/home/harry/robot/install/webcam_bringup' for CMake config files
[8.812s] Level 1:colcon.colcon_core.environment:checking '/home/harry/robot/install/webcam_bringup/lib'
[8.812s] Level 1:colcon.colcon_core.environment:checking '/home/harry/robot/install/webcam_bringup/bin'
[8.812s] Level 1:colcon.colcon_core.environment:checking '/home/harry/robot/install/webcam_bringup/lib/pkgconfig/webcam_bringup.pc'
[8.814s] Level 1:colcon.colcon_core.environment:checking '/home/harry/robot/install/webcam_bringup/lib/python3.10/site-packages'
[8.815s] Level 1:colcon.colcon_core.shell:create_environment_hook('webcam_bringup', 'pythonpath')
[8.815s] INFO:colcon.colcon_core.shell:Creating environment hook '/home/harry/robot/install/webcam_bringup/share/webcam_bringup/hook/pythonpath.ps1'
[8.816s] INFO:colcon.colcon_core.shell:Creating environment descriptor '/home/harry/robot/install/webcam_bringup/share/webcam_bringup/hook/pythonpath.dsv'
[8.817s] INFO:colcon.colcon_core.shell:Creating environment hook '/home/harry/robot/install/webcam_bringup/share/webcam_bringup/hook/pythonpath.sh'
[8.822s] Level 1:colcon.colcon_core.environment:checking '/home/harry/robot/install/webcam_bringup/bin'
[8.822s] Level 1:colcon.colcon_core.environment:create_environment_scripts_only(webcam_bringup)
[8.823s] INFO:colcon.colcon_core.shell:Creating package script '/home/harry/robot/install/webcam_bringup/share/webcam_bringup/package.ps1'
[8.827s] INFO:colcon.colcon_core.shell:Creating package descriptor '/home/harry/robot/install/webcam_bringup/share/webcam_bringup/package.dsv'
[8.831s] INFO:colcon.colcon_core.shell:Creating package script '/home/harry/robot/install/webcam_bringup/share/webcam_bringup/package.sh'
[8.831s] INFO:colcon.colcon_core.shell:Creating package script '/home/harry/robot/install/webcam_bringup/share/webcam_bringup/package.bash'
[8.832s] INFO:colcon.colcon_core.shell:Creating package script '/home/harry/robot/install/webcam_bringup/share/webcam_bringup/package.zsh'
[8.833s] Level 1:colcon.colcon_core.environment:create_file_with_runtime_dependencies(/home/harry/robot/install/webcam_bringup/share/colcon-core/packages/webcam_bringup)
[26.158s] DEBUG:colcon.colcon_core.event_handler.log_command:Invoked command in '/home/harry/robot/build/rplidar_ros' returned '0': CMAKE_PREFIX_PATH=${CMAKE_PREFIX_PATH}:/home/harry/robot/install/webcam_bringup:/home/harry/robot/install/teleop:/home/harry/robot/install/tag_detection:/home/harry/robot/install/robot_bringup:/home/harry/robot/install/pub_sub:/home/harry/robot/install/object_detection:/home/harry/robot/install/my_robot_navigation:/home/harry/robot/install/create3_teleop:/home/harry/robot/install/create3_examples_py:/opt/ros/humble /usr/bin/cmake --build /home/harry/robot/build/rplidar_ros -- -j4 -l4
[26.160s] DEBUG:colcon.colcon_core.event_handler.log_command:Invoking command in '/home/harry/robot/build/rplidar_ros': CMAKE_PREFIX_PATH=${CMAKE_PREFIX_PATH}:/home/harry/robot/install/webcam_bringup:/home/harry/robot/install/teleop:/home/harry/robot/install/tag_detection:/home/harry/robot/install/robot_bringup:/home/harry/robot/install/pub_sub:/home/harry/robot/install/object_detection:/home/harry/robot/install/my_robot_navigation:/home/harry/robot/install/create3_teleop:/home/harry/robot/install/create3_examples_py:/opt/ros/humble /usr/bin/cmake --install /home/harry/robot/build/rplidar_ros
[26.209s] Level 1:colcon.colcon_core.environment:create_environment_scripts_only(rplidar_ros)
[26.210s] DEBUG:colcon.colcon_core.event_handler.log_command:Invoked command in '/home/harry/robot/build/rplidar_ros' returned '0': CMAKE_PREFIX_PATH=${CMAKE_PREFIX_PATH}:/home/harry/robot/install/webcam_bringup:/home/harry/robot/install/teleop:/home/harry/robot/install/tag_detection:/home/harry/robot/install/robot_bringup:/home/harry/robot/install/pub_sub:/home/harry/robot/install/object_detection:/home/harry/robot/install/my_robot_navigation:/home/harry/robot/install/create3_teleop:/home/harry/robot/install/create3_examples_py:/opt/ros/humble /usr/bin/cmake --install /home/harry/robot/build/rplidar_ros
[26.211s] Level 1:colcon.colcon_core.environment:checking '/home/harry/robot/install/rplidar_ros' for CMake module files
[26.212s] Level 1:colcon.colcon_core.environment:checking '/home/harry/robot/install/rplidar_ros' for CMake config files
[26.212s] Level 1:colcon.colcon_core.shell:create_environment_hook('rplidar_ros', 'cmake_prefix_path')
[26.213s] INFO:colcon.colcon_core.shell:Creating environment hook '/home/harry/robot/install/rplidar_ros/share/rplidar_ros/hook/cmake_prefix_path.ps1'
[26.214s] INFO:colcon.colcon_core.shell:Creating environment descriptor '/home/harry/robot/install/rplidar_ros/share/rplidar_ros/hook/cmake_prefix_path.dsv'
[26.215s] INFO:colcon.colcon_core.shell:Creating environment hook '/home/harry/robot/install/rplidar_ros/share/rplidar_ros/hook/cmake_prefix_path.sh'
[26.215s] Level 1:colcon.colcon_core.environment:checking '/home/harry/robot/install/rplidar_ros/lib'
[26.215s] Level 1:colcon.colcon_core.environment:checking '/home/harry/robot/install/rplidar_ros/bin'
[26.216s] Level 1:colcon.colcon_core.environment:checking '/home/harry/robot/install/rplidar_ros/lib/pkgconfig/rplidar_ros.pc'
[26.216s] Level 1:colcon.colcon_core.environment:checking '/home/harry/robot/install/rplidar_ros/lib/python3.10/site-packages'
[26.216s] Level 1:colcon.colcon_core.environment:checking '/home/harry/robot/install/rplidar_ros/bin'
[26.217s] INFO:colcon.colcon_core.shell:Creating package script '/home/harry/robot/install/rplidar_ros/share/rplidar_ros/package.ps1'
[26.217s] INFO:colcon.colcon_core.shell:Creating package descriptor '/home/harry/robot/install/rplidar_ros/share/rplidar_ros/package.dsv'
[26.218s] INFO:colcon.colcon_core.shell:Creating package script '/home/harry/robot/install/rplidar_ros/share/rplidar_ros/package.sh'
[26.218s] INFO:colcon.colcon_core.shell:Creating package script '/home/harry/robot/install/rplidar_ros/share/rplidar_ros/package.bash'
[26.219s] INFO:colcon.colcon_core.shell:Creating package script '/home/harry/robot/install/rplidar_ros/share/rplidar_ros/package.zsh'
[26.219s] Level 1:colcon.colcon_core.environment:create_file_with_runtime_dependencies(/home/harry/robot/install/rplidar_ros/share/colcon-core/packages/rplidar_ros)
[26.220s] Level 1:colcon.colcon_core.environment:create_environment_scripts_only(rplidar_ros)
[26.220s] Level 1:colcon.colcon_core.environment:checking '/home/harry/robot/install/rplidar_ros' for CMake module files
[26.220s] Level 1:colcon.colcon_core.environment:checking '/home/harry/robot/install/rplidar_ros' for CMake config files
[26.221s] Level 1:colcon.colcon_core.shell:create_environment_hook('rplidar_ros', 'cmake_prefix_path')
[26.221s] INFO:colcon.colcon_core.shell:Creating environment hook '/home/harry/robot/install/rplidar_ros/share/rplidar_ros/hook/cmake_prefix_path.ps1'
[26.222s] INFO:colcon.colcon_core.shell:Creating environment descriptor '/home/harry/robot/install/rplidar_ros/share/rplidar_ros/hook/cmake_prefix_path.dsv'
[26.222s] INFO:colcon.colcon_core.shell:Creating environment hook '/home/harry/robot/install/rplidar_ros/share/rplidar_ros/hook/cmake_prefix_path.sh'
[26.223s] Level 1:colcon.colcon_core.environment:checking '/home/harry/robot/install/rplidar_ros/lib'
[26.223s] Level 1:colcon.colcon_core.environment:checking '/home/harry/robot/install/rplidar_ros/bin'
[26.223s] Level 1:colcon.colcon_core.environment:checking '/home/harry/robot/install/rplidar_ros/lib/pkgconfig/rplidar_ros.pc'
[26.223s] Level 1:colcon.colcon_core.environment:checking '/home/harry/robot/install/rplidar_ros/lib/python3.10/site-packages'
[26.224s] Level 1:colcon.colcon_core.environment:checking '/home/harry/robot/install/rplidar_ros/bin'
[26.224s] INFO:colcon.colcon_core.shell:Creating package script '/home/harry/robot/install/rplidar_ros/share/rplidar_ros/package.ps1'
[26.225s] INFO:colcon.colcon_core.shell:Creating package descriptor '/home/harry/robot/install/rplidar_ros/share/rplidar_ros/package.dsv'
[26.226s] INFO:colcon.colcon_core.shell:Creating package script '/home/harry/robot/install/rplidar_ros/share/rplidar_ros/package.sh'
[26.226s] INFO:colcon.colcon_core.shell:Creating package script '/home/harry/robot/install/rplidar_ros/share/rplidar_ros/package.bash'
[26.227s] INFO:colcon.colcon_core.shell:Creating package script '/home/harry/robot/install/rplidar_ros/share/rplidar_ros/package.zsh'
[26.228s] Level 1:colcon.colcon_core.environment:create_file_with_runtime_dependencies(/home/harry/robot/install/rplidar_ros/share/colcon-core/packages/rplidar_ros)
[26.228s] DEBUG:colcon.colcon_parallel_executor.executor.parallel:closing loop
[26.229s] DEBUG:colcon.colcon_parallel_executor.executor.parallel:loop closed
[26.229s] DEBUG:colcon.colcon_parallel_executor.executor.parallel:run_until_complete finished with '0'
[26.229s] DEBUG:colcon.colcon_core.event_reactor:joining thread
[26.255s] INFO:colcon.colcon_core.plugin_system:Skipping extension 'colcon_notification.desktop_notification.terminal_notifier': Not used on non-Darwin systems
[26.255s] INFO:colcon.colcon_core.plugin_system:Skipping extension 'colcon_notification.desktop_notification.win32': Not used on non-Windows systems
[26.255s] INFO:colcon.colcon_notification.desktop_notification:Sending desktop notification using 'notify2'
[26.278s] DEBUG:colcon.colcon_core.event_reactor:joined thread
[26.279s] INFO:colcon.colcon_core.shell:Creating prefix script '/home/harry/robot/install/local_setup.ps1'
[26.280s] INFO:colcon.colcon_core.shell:Creating prefix util module '/home/harry/robot/install/_local_setup_util_ps1.py'
[26.283s] INFO:colcon.colcon_core.shell:Creating prefix chain script '/home/harry/robot/install/setup.ps1'
[26.285s] INFO:colcon.colcon_core.shell:Creating prefix script '/home/harry/robot/install/local_setup.sh'
[26.286s] INFO:colcon.colcon_core.shell:Creating prefix util module '/home/harry/robot/install/_local_setup_util_sh.py'
[26.287s] INFO:colcon.colcon_core.shell:Creating prefix chain script '/home/harry/robot/install/setup.sh'
[26.292s] INFO:colcon.colcon_core.shell:Creating prefix script '/home/harry/robot/install/local_setup.bash'
[26.293s] INFO:colcon.colcon_core.shell:Creating prefix chain script '/home/harry/robot/install/setup.bash'
[26.295s] INFO:colcon.colcon_core.shell:Creating prefix script '/home/harry/robot/install/local_setup.zsh'
[26.296s] INFO:colcon.colcon_core.shell:Creating prefix chain script '/home/harry/robot/install/setup.zsh'
