[0.077s] DEBUG:colcon:Command line arguments: ['/usr/bin/colcon', 'build', '--packages-select', 'robot_bringup']
[0.077s] DEBUG:colcon:Parsed command line arguments: Namespace(log_base=None, log_level=None, verb_name='build', build_base='build', install_base='install', merge_install=False, symlink_install=False, test_result_base=None, continue_on_error=False, executor='parallel', parallel_workers=8, event_handlers=None, ignore_user_meta=False, metas=['./colcon.meta'], base_paths=['.'], packages_ignore=None, packages_ignore_regex=None, paths=None, packages_up_to=None, packages_up_to_regex=None, packages_above=None, packages_above_and_dependencies=None, packages_above_depth=None, packages_select_by_dep=None, packages_skip_by_dep=None, packages_skip_up_to=None, packages_select_build_failed=False, packages_skip_build_finished=False, packages_select_test_failures=False, packages_skip_test_passed=False, packages_select=['robot_bringup'], packages_skip=None, packages_select_regex=None, packages_skip_regex=None, packages_start=None, packages_end=None, allow_overriding=[], cmake_args=None, cmake_target=None, cmake_target_skip_unavailable=False, cmake_clean_cache=False, cmake_clean_first=False, cmake_force_configure=False, ament_cmake_args=None, catkin_cmake_args=None, catkin_skip_building_tests=False, mixin_files=None, mixin=None, verb_parser=<colcon_mixin.mixin.mixin_argument.MixinArgumentDecorator object at 0x77df8df7c880>, verb_extension=<colcon_core.verb.build.BuildVerb object at 0x77df8df7c310>, main=<bound method BuildVerb.main of <colcon_core.verb.build.BuildVerb object at 0x77df8df7c310>>, mixin_verb=('build',))
[0.189s] Level 1:colcon.colcon_core.package_discovery:discover_packages(colcon_meta) check parameters
[0.189s] Level 1:colcon.colcon_core.package_discovery:discover_packages(recursive) check parameters
[0.189s] Level 1:colcon.colcon_core.package_discovery:discover_packages(ignore) check parameters
[0.189s] Level 1:colcon.colcon_core.package_discovery:discover_packages(path) check parameters
[0.189s] Level 1:colcon.colcon_core.package_discovery:discover_packages(colcon_meta) discover
[0.189s] Level 1:colcon.colcon_core.package_discovery:discover_packages(recursive) discover
[0.189s] INFO:colcon.colcon_core.package_discovery:Crawling recursively for packages in '/home/rss/robot_harry/robotik/src'
[0.189s] Level 1:colcon.colcon_core.package_identification:_identify(.) by extensions ['ignore', 'ignore_ament_install']
[0.190s] Level 1:colcon.colcon_core.package_identification:_identify(.) by extension 'ignore'
[0.190s] Level 1:colcon.colcon_core.package_identification:_identify(.) by extension 'ignore_ament_install'
[0.190s] Level 1:colcon.colcon_core.package_identification:_identify(.) by extensions ['colcon_pkg']
[0.190s] Level 1:colcon.colcon_core.package_identification:_identify(.) by extension 'colcon_pkg'
[0.190s] Level 1:colcon.colcon_core.package_identification:_identify(.) by extensions ['colcon_meta']
[0.190s] Level 1:colcon.colcon_core.package_identification:_identify(.) by extension 'colcon_meta'
[0.190s] Level 1:colcon.colcon_core.package_identification:_identify(.) by extensions ['ros']
[0.190s] Level 1:colcon.colcon_core.package_identification:_identify(.) by extension 'ros'
[0.196s] Level 1:colcon.colcon_core.package_identification:_identify(.) by extensions ['cmake', 'python']
[0.196s] Level 1:colcon.colcon_core.package_identification:_identify(.) by extension 'cmake'
[0.196s] Level 1:colcon.colcon_core.package_identification:_identify(.) by extension 'python'
[0.196s] Level 1:colcon.colcon_core.package_identification:_identify(.) by extensions ['python_setup_py']
[0.197s] Level 1:colcon.colcon_core.package_identification:_identify(.) by extension 'python_setup_py'
[0.197s] Level 1:colcon.colcon_core.package_identification:_identify(apriltag_msgs) by extensions ['ignore', 'ignore_ament_install']
[0.197s] Level 1:colcon.colcon_core.package_identification:_identify(apriltag_msgs) by extension 'ignore'
[0.197s] Level 1:colcon.colcon_core.package_identification:_identify(apriltag_msgs) by extension 'ignore_ament_install'
[0.197s] Level 1:colcon.colcon_core.package_identification:_identify(apriltag_msgs) by extensions ['colcon_pkg']
[0.197s] Level 1:colcon.colcon_core.package_identification:_identify(apriltag_msgs) by extension 'colcon_pkg'
[0.197s] Level 1:colcon.colcon_core.package_identification:_identify(apriltag_msgs) by extensions ['colcon_meta']
[0.197s] Level 1:colcon.colcon_core.package_identification:_identify(apriltag_msgs) by extension 'colcon_meta'
[0.197s] Level 1:colcon.colcon_core.package_identification:_identify(apriltag_msgs) by extensions ['ros']
[0.197s] Level 1:colcon.colcon_core.package_identification:_identify(apriltag_msgs) by extension 'ros'
[0.198s] DEBUG:colcon.colcon_core.package_identification:Package 'apriltag_msgs' with type 'ros.ament_cmake' and name 'apriltag_msgs'
[0.198s] Level 1:colcon.colcon_core.package_identification:_identify(apriltag_ros) by extensions ['ignore', 'ignore_ament_install']
[0.198s] Level 1:colcon.colcon_core.package_identification:_identify(apriltag_ros) by extension 'ignore'
[0.198s] Level 1:colcon.colcon_core.package_identification:_identify(apriltag_ros) by extension 'ignore_ament_install'
[0.198s] Level 1:colcon.colcon_core.package_identification:_identify(apriltag_ros) by extensions ['colcon_pkg']
[0.198s] Level 1:colcon.colcon_core.package_identification:_identify(apriltag_ros) by extension 'colcon_pkg'
[0.198s] Level 1:colcon.colcon_core.package_identification:_identify(apriltag_ros) by extensions ['colcon_meta']
[0.199s] Level 1:colcon.colcon_core.package_identification:_identify(apriltag_ros) by extension 'colcon_meta'
[0.199s] Level 1:colcon.colcon_core.package_identification:_identify(apriltag_ros) by extensions ['ros']
[0.199s] Level 1:colcon.colcon_core.package_identification:_identify(apriltag_ros) by extension 'ros'
[0.200s] DEBUG:colcon.colcon_core.package_identification:Package 'apriltag_ros' with type 'ros.ament_cmake' and name 'apriltag_ros'
[0.201s] Level 1:colcon.colcon_core.package_identification:_identify(art_gallery) by extensions ['ignore', 'ignore_ament_install']
[0.201s] Level 1:colcon.colcon_core.package_identification:_identify(art_gallery) by extension 'ignore'
[0.201s] Level 1:colcon.colcon_core.package_identification:_identify(art_gallery) by extension 'ignore_ament_install'
[0.201s] Level 1:colcon.colcon_core.package_identification:_identify(art_gallery) by extensions ['colcon_pkg']
[0.201s] Level 1:colcon.colcon_core.package_identification:_identify(art_gallery) by extension 'colcon_pkg'
[0.201s] Level 1:colcon.colcon_core.package_identification:_identify(art_gallery) by extensions ['colcon_meta']
[0.201s] Level 1:colcon.colcon_core.package_identification:_identify(art_gallery) by extension 'colcon_meta'
[0.201s] Level 1:colcon.colcon_core.package_identification:_identify(art_gallery) by extensions ['ros']
[0.201s] Level 1:colcon.colcon_core.package_identification:_identify(art_gallery) by extension 'ros'
[0.201s] Level 1:colcon.colcon_core.package_identification:_identify(art_gallery) by extensions ['cmake', 'python']
[0.201s] Level 1:colcon.colcon_core.package_identification:_identify(art_gallery) by extension 'cmake'
[0.201s] Level 1:colcon.colcon_core.package_identification:_identify(art_gallery) by extension 'python'
[0.201s] Level 1:colcon.colcon_core.package_identification:_identify(art_gallery) by extensions ['python_setup_py']
[0.201s] Level 1:colcon.colcon_core.package_identification:_identify(art_gallery) by extension 'python_setup_py'
[0.201s] Level 1:colcon.colcon_core.package_identification:_identify(art_gallery/art_maze) by extensions ['ignore', 'ignore_ament_install']
[0.201s] Level 1:colcon.colcon_core.package_identification:_identify(art_gallery/art_maze) by extension 'ignore'
[0.201s] Level 1:colcon.colcon_core.package_identification:_identify(art_gallery/art_maze) by extension 'ignore_ament_install'
[0.201s] Level 1:colcon.colcon_core.package_identification:_identify(art_gallery/art_maze) by extensions ['colcon_pkg']
[0.201s] Level 1:colcon.colcon_core.package_identification:_identify(art_gallery/art_maze) by extension 'colcon_pkg'
[0.201s] Level 1:colcon.colcon_core.package_identification:_identify(art_gallery/art_maze) by extensions ['colcon_meta']
[0.201s] Level 1:colcon.colcon_core.package_identification:_identify(art_gallery/art_maze) by extension 'colcon_meta'
[0.201s] Level 1:colcon.colcon_core.package_identification:_identify(art_gallery/art_maze) by extensions ['ros']
[0.201s] Level 1:colcon.colcon_core.package_identification:_identify(art_gallery/art_maze) by extension 'ros'
[0.202s] DEBUG:colcon.colcon_core.package_identification:Package 'art_gallery/art_maze' with type 'ros.ament_cmake' and name 'art_maze'
[0.202s] Level 1:colcon.colcon_core.package_identification:_identify(art_gallery/challenge_2025) by extensions ['ignore', 'ignore_ament_install']
[0.202s] Level 1:colcon.colcon_core.package_identification:_identify(art_gallery/challenge_2025) by extension 'ignore'
[0.202s] Level 1:colcon.colcon_core.package_identification:_identify(art_gallery/challenge_2025) by extension 'ignore_ament_install'
[0.202s] Level 1:colcon.colcon_core.package_identification:_identify(art_gallery/challenge_2025) by extensions ['colcon_pkg']
[0.202s] Level 1:colcon.colcon_core.package_identification:_identify(art_gallery/challenge_2025) by extension 'colcon_pkg'
[0.202s] Level 1:colcon.colcon_core.package_identification:_identify(art_gallery/challenge_2025) by extensions ['colcon_meta']
[0.202s] Level 1:colcon.colcon_core.package_identification:_identify(art_gallery/challenge_2025) by extension 'colcon_meta'
[0.202s] Level 1:colcon.colcon_core.package_identification:_identify(art_gallery/challenge_2025) by extensions ['ros']
[0.202s] Level 1:colcon.colcon_core.package_identification:_identify(art_gallery/challenge_2025) by extension 'ros'
[0.202s] DEBUG:colcon.colcon_core.package_identification:Package 'art_gallery/challenge_2025' with type 'ros.ament_python' and name 'challenge_2025'
[0.203s] Level 1:colcon.colcon_core.package_identification:_identify(art_gallery/curator) by extensions ['ignore', 'ignore_ament_install']
[0.203s] Level 1:colcon.colcon_core.package_identification:_identify(art_gallery/curator) by extension 'ignore'
[0.203s] Level 1:colcon.colcon_core.package_identification:_identify(art_gallery/curator) by extension 'ignore_ament_install'
[0.203s] Level 1:colcon.colcon_core.package_identification:_identify(art_gallery/curator) by extensions ['colcon_pkg']
[0.203s] Level 1:colcon.colcon_core.package_identification:_identify(art_gallery/curator) by extension 'colcon_pkg'
[0.203s] Level 1:colcon.colcon_core.package_identification:_identify(art_gallery/curator) by extensions ['colcon_meta']
[0.203s] Level 1:colcon.colcon_core.package_identification:_identify(art_gallery/curator) by extension 'colcon_meta'
[0.203s] Level 1:colcon.colcon_core.package_identification:_identify(art_gallery/curator) by extensions ['ros']
[0.203s] Level 1:colcon.colcon_core.package_identification:_identify(art_gallery/curator) by extension 'ros'
[0.203s] DEBUG:colcon.colcon_core.package_identification:Package 'art_gallery/curator' with type 'ros.ament_python' and name 'curator'
[0.204s] Level 1:colcon.colcon_core.package_identification:_identify(art_gallery/tb3_description) by extensions ['ignore', 'ignore_ament_install']
[0.204s] Level 1:colcon.colcon_core.package_identification:_identify(art_gallery/tb3_description) by extension 'ignore'
[0.204s] Level 1:colcon.colcon_core.package_identification:_identify(art_gallery/tb3_description) by extension 'ignore_ament_install'
[0.204s] Level 1:colcon.colcon_core.package_identification:_identify(art_gallery/tb3_description) by extensions ['colcon_pkg']
[0.204s] Level 1:colcon.colcon_core.package_identification:_identify(art_gallery/tb3_description) by extension 'colcon_pkg'
[0.204s] Level 1:colcon.colcon_core.package_identification:_identify(art_gallery/tb3_description) by extensions ['colcon_meta']
[0.204s] Level 1:colcon.colcon_core.package_identification:_identify(art_gallery/tb3_description) by extension 'colcon_meta'
[0.204s] Level 1:colcon.colcon_core.package_identification:_identify(art_gallery/tb3_description) by extensions ['ros']
[0.204s] Level 1:colcon.colcon_core.package_identification:_identify(art_gallery/tb3_description) by extension 'ros'
[0.204s] DEBUG:colcon.colcon_core.package_identification:Package 'art_gallery/tb3_description' with type 'ros.ament_python' and name 'tb3_description'
[0.204s] Level 1:colcon.colcon_core.package_identification:_identify(art_gallery/tb3_gazebo) by extensions ['ignore', 'ignore_ament_install']
[0.204s] Level 1:colcon.colcon_core.package_identification:_identify(art_gallery/tb3_gazebo) by extension 'ignore'
[0.204s] Level 1:colcon.colcon_core.package_identification:_identify(art_gallery/tb3_gazebo) by extension 'ignore_ament_install'
[0.205s] Level 1:colcon.colcon_core.package_identification:_identify(art_gallery/tb3_gazebo) by extensions ['colcon_pkg']
[0.205s] Level 1:colcon.colcon_core.package_identification:_identify(art_gallery/tb3_gazebo) by extension 'colcon_pkg'
[0.205s] Level 1:colcon.colcon_core.package_identification:_identify(art_gallery/tb3_gazebo) by extensions ['colcon_meta']
[0.205s] Level 1:colcon.colcon_core.package_identification:_identify(art_gallery/tb3_gazebo) by extension 'colcon_meta'
[0.205s] Level 1:colcon.colcon_core.package_identification:_identify(art_gallery/tb3_gazebo) by extensions ['ros']
[0.205s] Level 1:colcon.colcon_core.package_identification:_identify(art_gallery/tb3_gazebo) by extension 'ros'
[0.205s] DEBUG:colcon.colcon_core.package_identification:Package 'art_gallery/tb3_gazebo' with type 'ros.ament_cmake' and name 'tb3_gazebo'
[0.205s] Level 1:colcon.colcon_core.package_identification:_identify(build) by extensions ['ignore', 'ignore_ament_install']
[0.205s] Level 1:colcon.colcon_core.package_identification:_identify(build) by extension 'ignore'
[0.205s] Level 1:colcon.colcon_core.package_identification:_identify(build) ignored
[0.205s] Level 1:colcon.colcon_core.package_identification:_identify(create3_examples) by extensions ['ignore', 'ignore_ament_install']
[0.205s] Level 1:colcon.colcon_core.package_identification:_identify(create3_examples) by extension 'ignore'
[0.205s] Level 1:colcon.colcon_core.package_identification:_identify(create3_examples) by extension 'ignore_ament_install'
[0.205s] Level 1:colcon.colcon_core.package_identification:_identify(create3_examples) by extensions ['colcon_pkg']
[0.206s] Level 1:colcon.colcon_core.package_identification:_identify(create3_examples) by extension 'colcon_pkg'
[0.206s] Level 1:colcon.colcon_core.package_identification:_identify(create3_examples) by extensions ['colcon_meta']
[0.206s] Level 1:colcon.colcon_core.package_identification:_identify(create3_examples) by extension 'colcon_meta'
[0.206s] Level 1:colcon.colcon_core.package_identification:_identify(create3_examples) by extensions ['ros']
[0.206s] Level 1:colcon.colcon_core.package_identification:_identify(create3_examples) by extension 'ros'
[0.206s] Level 1:colcon.colcon_core.package_identification:_identify(create3_examples) by extensions ['cmake', 'python']
[0.206s] Level 1:colcon.colcon_core.package_identification:_identify(create3_examples) by extension 'cmake'
[0.206s] Level 1:colcon.colcon_core.package_identification:_identify(create3_examples) by extension 'python'
[0.206s] Level 1:colcon.colcon_core.package_identification:_identify(create3_examples) by extensions ['python_setup_py']
[0.206s] Level 1:colcon.colcon_core.package_identification:_identify(create3_examples) by extension 'python_setup_py'
[0.206s] Level 1:colcon.colcon_core.package_identification:_identify(create3_examples/create3_coverage) by extensions ['ignore', 'ignore_ament_install']
[0.206s] Level 1:colcon.colcon_core.package_identification:_identify(create3_examples/create3_coverage) by extension 'ignore'
[0.206s] Level 1:colcon.colcon_core.package_identification:_identify(create3_examples/create3_coverage) by extension 'ignore_ament_install'
[0.206s] Level 1:colcon.colcon_core.package_identification:_identify(create3_examples/create3_coverage) by extensions ['colcon_pkg']
[0.206s] Level 1:colcon.colcon_core.package_identification:_identify(create3_examples/create3_coverage) by extension 'colcon_pkg'
[0.206s] Level 1:colcon.colcon_core.package_identification:_identify(create3_examples/create3_coverage) by extensions ['colcon_meta']
[0.206s] Level 1:colcon.colcon_core.package_identification:_identify(create3_examples/create3_coverage) by extension 'colcon_meta'
[0.206s] Level 1:colcon.colcon_core.package_identification:_identify(create3_examples/create3_coverage) by extensions ['ros']
[0.206s] Level 1:colcon.colcon_core.package_identification:_identify(create3_examples/create3_coverage) by extension 'ros'
[0.207s] DEBUG:colcon.colcon_core.package_identification:Package 'create3_examples/create3_coverage' with type 'ros.ament_cmake' and name 'create3_coverage'
[0.207s] Level 1:colcon.colcon_core.package_identification:_identify(create3_examples/create3_examples_msgs) by extensions ['ignore', 'ignore_ament_install']
[0.207s] Level 1:colcon.colcon_core.package_identification:_identify(create3_examples/create3_examples_msgs) by extension 'ignore'
[0.207s] Level 1:colcon.colcon_core.package_identification:_identify(create3_examples/create3_examples_msgs) by extension 'ignore_ament_install'
[0.207s] Level 1:colcon.colcon_core.package_identification:_identify(create3_examples/create3_examples_msgs) by extensions ['colcon_pkg']
[0.207s] Level 1:colcon.colcon_core.package_identification:_identify(create3_examples/create3_examples_msgs) by extension 'colcon_pkg'
[0.207s] Level 1:colcon.colcon_core.package_identification:_identify(create3_examples/create3_examples_msgs) by extensions ['colcon_meta']
[0.207s] Level 1:colcon.colcon_core.package_identification:_identify(create3_examples/create3_examples_msgs) by extension 'colcon_meta'
[0.207s] Level 1:colcon.colcon_core.package_identification:_identify(create3_examples/create3_examples_msgs) by extensions ['ros']
[0.207s] Level 1:colcon.colcon_core.package_identification:_identify(create3_examples/create3_examples_msgs) by extension 'ros'
[0.207s] DEBUG:colcon.colcon_core.package_identification:Package 'create3_examples/create3_examples_msgs' with type 'ros.ament_cmake' and name 'create3_examples_msgs'
[0.207s] Level 1:colcon.colcon_core.package_identification:_identify(create3_examples/create3_examples_py) by extensions ['ignore', 'ignore_ament_install']
[0.208s] Level 1:colcon.colcon_core.package_identification:_identify(create3_examples/create3_examples_py) by extension 'ignore'
[0.208s] Level 1:colcon.colcon_core.package_identification:_identify(create3_examples/create3_examples_py) by extension 'ignore_ament_install'
[0.208s] Level 1:colcon.colcon_core.package_identification:_identify(create3_examples/create3_examples_py) by extensions ['colcon_pkg']
[0.208s] Level 1:colcon.colcon_core.package_identification:_identify(create3_examples/create3_examples_py) by extension 'colcon_pkg'
[0.208s] Level 1:colcon.colcon_core.package_identification:_identify(create3_examples/create3_examples_py) by extensions ['colcon_meta']
[0.208s] Level 1:colcon.colcon_core.package_identification:_identify(create3_examples/create3_examples_py) by extension 'colcon_meta'
[0.208s] Level 1:colcon.colcon_core.package_identification:_identify(create3_examples/create3_examples_py) by extensions ['ros']
[0.208s] Level 1:colcon.colcon_core.package_identification:_identify(create3_examples/create3_examples_py) by extension 'ros'
[0.209s] DEBUG:colcon.colcon_core.package_identification:Package 'create3_examples/create3_examples_py' with type 'ros.ament_python' and name 'create3_examples_py'
[0.209s] Level 1:colcon.colcon_core.package_identification:_identify(create3_examples/create3_lidar_slam) by extensions ['ignore', 'ignore_ament_install']
[0.209s] Level 1:colcon.colcon_core.package_identification:_identify(create3_examples/create3_lidar_slam) by extension 'ignore'
[0.209s] Level 1:colcon.colcon_core.package_identification:_identify(create3_examples/create3_lidar_slam) by extension 'ignore_ament_install'
[0.209s] Level 1:colcon.colcon_core.package_identification:_identify(create3_examples/create3_lidar_slam) by extensions ['colcon_pkg']
[0.209s] Level 1:colcon.colcon_core.package_identification:_identify(create3_examples/create3_lidar_slam) by extension 'colcon_pkg'
[0.209s] Level 1:colcon.colcon_core.package_identification:_identify(create3_examples/create3_lidar_slam) by extensions ['colcon_meta']
[0.209s] Level 1:colcon.colcon_core.package_identification:_identify(create3_examples/create3_lidar_slam) by extension 'colcon_meta'
[0.209s] Level 1:colcon.colcon_core.package_identification:_identify(create3_examples/create3_lidar_slam) by extensions ['ros']
[0.209s] Level 1:colcon.colcon_core.package_identification:_identify(create3_examples/create3_lidar_slam) by extension 'ros'
[0.210s] DEBUG:colcon.colcon_core.package_identification:Package 'create3_examples/create3_lidar_slam' with type 'ros.ament_cmake' and name 'create3_lidar_slam'
[0.210s] Level 1:colcon.colcon_core.package_identification:_identify(create3_examples/create3_republisher) by extensions ['ignore', 'ignore_ament_install']
[0.210s] Level 1:colcon.colcon_core.package_identification:_identify(create3_examples/create3_republisher) by extension 'ignore'
[0.210s] Level 1:colcon.colcon_core.package_identification:_identify(create3_examples/create3_republisher) by extension 'ignore_ament_install'
[0.210s] Level 1:colcon.colcon_core.package_identification:_identify(create3_examples/create3_republisher) by extensions ['colcon_pkg']
[0.210s] Level 1:colcon.colcon_core.package_identification:_identify(create3_examples/create3_republisher) by extension 'colcon_pkg'
[0.210s] Level 1:colcon.colcon_core.package_identification:_identify(create3_examples/create3_republisher) by extensions ['colcon_meta']
[0.210s] Level 1:colcon.colcon_core.package_identification:_identify(create3_examples/create3_republisher) by extension 'colcon_meta'
[0.210s] Level 1:colcon.colcon_core.package_identification:_identify(create3_examples/create3_republisher) by extensions ['ros']
[0.210s] Level 1:colcon.colcon_core.package_identification:_identify(create3_examples/create3_republisher) by extension 'ros'
[0.210s] DEBUG:colcon.colcon_core.package_identification:Package 'create3_examples/create3_republisher' with type 'ros.ament_cmake' and name 'create3_republisher'
[0.210s] Level 1:colcon.colcon_core.package_identification:_identify(create3_examples/create3_teleop) by extensions ['ignore', 'ignore_ament_install']
[0.210s] Level 1:colcon.colcon_core.package_identification:_identify(create3_examples/create3_teleop) by extension 'ignore'
[0.210s] Level 1:colcon.colcon_core.package_identification:_identify(create3_examples/create3_teleop) by extension 'ignore_ament_install'
[0.210s] Level 1:colcon.colcon_core.package_identification:_identify(create3_examples/create3_teleop) by extensions ['colcon_pkg']
[0.211s] Level 1:colcon.colcon_core.package_identification:_identify(create3_examples/create3_teleop) by extension 'colcon_pkg'
[0.211s] Level 1:colcon.colcon_core.package_identification:_identify(create3_examples/create3_teleop) by extensions ['colcon_meta']
[0.211s] Level 1:colcon.colcon_core.package_identification:_identify(create3_examples/create3_teleop) by extension 'colcon_meta'
[0.211s] Level 1:colcon.colcon_core.package_identification:_identify(create3_examples/create3_teleop) by extensions ['ros']
[0.211s] Level 1:colcon.colcon_core.package_identification:_identify(create3_examples/create3_teleop) by extension 'ros'
[0.211s] DEBUG:colcon.colcon_core.package_identification:Package 'create3_examples/create3_teleop' with type 'ros.ament_python' and name 'create3_teleop'
[0.211s] Level 1:colcon.colcon_core.package_identification:_identify(install) by extensions ['ignore', 'ignore_ament_install']
[0.211s] Level 1:colcon.colcon_core.package_identification:_identify(install) by extension 'ignore'
[0.211s] Level 1:colcon.colcon_core.package_identification:_identify(install) ignored
[0.211s] Level 1:colcon.colcon_core.package_identification:_identify(log) by extensions ['ignore', 'ignore_ament_install']
[0.211s] Level 1:colcon.colcon_core.package_identification:_identify(log) by extension 'ignore'
[0.211s] Level 1:colcon.colcon_core.package_identification:_identify(log) ignored
[0.211s] Level 1:colcon.colcon_core.package_identification:_identify(my_first_package) by extensions ['ignore', 'ignore_ament_install']
[0.211s] Level 1:colcon.colcon_core.package_identification:_identify(my_first_package) by extension 'ignore'
[0.211s] Level 1:colcon.colcon_core.package_identification:_identify(my_first_package) by extension 'ignore_ament_install'
[0.211s] Level 1:colcon.colcon_core.package_identification:_identify(my_first_package) by extensions ['colcon_pkg']
[0.211s] Level 1:colcon.colcon_core.package_identification:_identify(my_first_package) by extension 'colcon_pkg'
[0.211s] Level 1:colcon.colcon_core.package_identification:_identify(my_first_package) by extensions ['colcon_meta']
[0.211s] Level 1:colcon.colcon_core.package_identification:_identify(my_first_package) by extension 'colcon_meta'
[0.211s] Level 1:colcon.colcon_core.package_identification:_identify(my_first_package) by extensions ['ros']
[0.211s] Level 1:colcon.colcon_core.package_identification:_identify(my_first_package) by extension 'ros'
[0.211s] Level 1:colcon.colcon_core.package_identification:_identify(my_first_package) by extensions ['cmake', 'python']
[0.211s] Level 1:colcon.colcon_core.package_identification:_identify(my_first_package) by extension 'cmake'
[0.211s] Level 1:colcon.colcon_core.package_identification:_identify(my_first_package) by extension 'python'
[0.211s] Level 1:colcon.colcon_core.package_identification:_identify(my_first_package) by extensions ['python_setup_py']
[0.212s] Level 1:colcon.colcon_core.package_identification:_identify(my_first_package) by extension 'python_setup_py'
[0.212s] Level 1:colcon.colcon_core.package_identification:_identify(my_first_package/my_first_package) by extensions ['ignore', 'ignore_ament_install']
[0.212s] Level 1:colcon.colcon_core.package_identification:_identify(my_first_package/my_first_package) by extension 'ignore'
[0.212s] Level 1:colcon.colcon_core.package_identification:_identify(my_first_package/my_first_package) by extension 'ignore_ament_install'
[0.212s] Level 1:colcon.colcon_core.package_identification:_identify(my_first_package/my_first_package) by extensions ['colcon_pkg']
[0.212s] Level 1:colcon.colcon_core.package_identification:_identify(my_first_package/my_first_package) by extension 'colcon_pkg'
[0.212s] Level 1:colcon.colcon_core.package_identification:_identify(my_first_package/my_first_package) by extensions ['colcon_meta']
[0.212s] Level 1:colcon.colcon_core.package_identification:_identify(my_first_package/my_first_package) by extension 'colcon_meta'
[0.212s] Level 1:colcon.colcon_core.package_identification:_identify(my_first_package/my_first_package) by extensions ['ros']
[0.212s] Level 1:colcon.colcon_core.package_identification:_identify(my_first_package/my_first_package) by extension 'ros'
[0.212s] Level 1:colcon.colcon_core.package_identification:_identify(my_first_package/my_first_package) by extensions ['cmake', 'python']
[0.212s] Level 1:colcon.colcon_core.package_identification:_identify(my_first_package/my_first_package) by extension 'cmake'
[0.212s] Level 1:colcon.colcon_core.package_identification:_identify(my_first_package/my_first_package) by extension 'python'
[0.212s] Level 1:colcon.colcon_core.package_identification:_identify(my_first_package/my_first_package) by extensions ['python_setup_py']
[0.212s] Level 1:colcon.colcon_core.package_identification:_identify(my_first_package/my_first_package) by extension 'python_setup_py'
[0.212s] Level 1:colcon.colcon_core.package_identification:_identify(my_robot_navigation) by extensions ['ignore', 'ignore_ament_install']
[0.212s] Level 1:colcon.colcon_core.package_identification:_identify(my_robot_navigation) by extension 'ignore'
[0.212s] Level 1:colcon.colcon_core.package_identification:_identify(my_robot_navigation) by extension 'ignore_ament_install'
[0.212s] Level 1:colcon.colcon_core.package_identification:_identify(my_robot_navigation) by extensions ['colcon_pkg']
[0.212s] Level 1:colcon.colcon_core.package_identification:_identify(my_robot_navigation) by extension 'colcon_pkg'
[0.212s] Level 1:colcon.colcon_core.package_identification:_identify(my_robot_navigation) by extensions ['colcon_meta']
[0.212s] Level 1:colcon.colcon_core.package_identification:_identify(my_robot_navigation) by extension 'colcon_meta'
[0.212s] Level 1:colcon.colcon_core.package_identification:_identify(my_robot_navigation) by extensions ['ros']
[0.212s] Level 1:colcon.colcon_core.package_identification:_identify(my_robot_navigation) by extension 'ros'
[0.213s] DEBUG:colcon.colcon_core.package_identification:Package 'my_robot_navigation' with type 'ros.ament_python' and name 'my_robot_navigation'
[0.213s] Level 1:colcon.colcon_core.package_identification:_identify(my_robot_slam) by extensions ['ignore', 'ignore_ament_install']
[0.213s] Level 1:colcon.colcon_core.package_identification:_identify(my_robot_slam) by extension 'ignore'
[0.213s] Level 1:colcon.colcon_core.package_identification:_identify(my_robot_slam) by extension 'ignore_ament_install'
[0.213s] Level 1:colcon.colcon_core.package_identification:_identify(my_robot_slam) by extensions ['colcon_pkg']
[0.213s] Level 1:colcon.colcon_core.package_identification:_identify(my_robot_slam) by extension 'colcon_pkg'
[0.213s] Level 1:colcon.colcon_core.package_identification:_identify(my_robot_slam) by extensions ['colcon_meta']
[0.213s] Level 1:colcon.colcon_core.package_identification:_identify(my_robot_slam) by extension 'colcon_meta'
[0.213s] Level 1:colcon.colcon_core.package_identification:_identify(my_robot_slam) by extensions ['ros']
[0.213s] Level 1:colcon.colcon_core.package_identification:_identify(my_robot_slam) by extension 'ros'
[0.220s] DEBUG:colcon.colcon_core.package_identification:Package 'my_robot_slam' with type 'ros.ament_cmake' and name 'my_robot_slam'
[0.220s] Level 1:colcon.colcon_core.package_identification:_identify(object_detection) by extensions ['ignore', 'ignore_ament_install']
[0.220s] Level 1:colcon.colcon_core.package_identification:_identify(object_detection) by extension 'ignore'
[0.220s] Level 1:colcon.colcon_core.package_identification:_identify(object_detection) by extension 'ignore_ament_install'
[0.220s] Level 1:colcon.colcon_core.package_identification:_identify(object_detection) by extensions ['colcon_pkg']
[0.220s] Level 1:colcon.colcon_core.package_identification:_identify(object_detection) by extension 'colcon_pkg'
[0.220s] Level 1:colcon.colcon_core.package_identification:_identify(object_detection) by extensions ['colcon_meta']
[0.220s] Level 1:colcon.colcon_core.package_identification:_identify(object_detection) by extension 'colcon_meta'
[0.220s] Level 1:colcon.colcon_core.package_identification:_identify(object_detection) by extensions ['ros']
[0.220s] Level 1:colcon.colcon_core.package_identification:_identify(object_detection) by extension 'ros'
[0.221s] DEBUG:colcon.colcon_core.package_identification:Package 'object_detection' with type 'ros.ament_python' and name 'object_detection'
[0.221s] Level 1:colcon.colcon_core.package_identification:_identify(pub_sub) by extensions ['ignore', 'ignore_ament_install']
[0.221s] Level 1:colcon.colcon_core.package_identification:_identify(pub_sub) by extension 'ignore'
[0.221s] Level 1:colcon.colcon_core.package_identification:_identify(pub_sub) by extension 'ignore_ament_install'
[0.221s] Level 1:colcon.colcon_core.package_identification:_identify(pub_sub) by extensions ['colcon_pkg']
[0.221s] Level 1:colcon.colcon_core.package_identification:_identify(pub_sub) by extension 'colcon_pkg'
[0.221s] Level 1:colcon.colcon_core.package_identification:_identify(pub_sub) by extensions ['colcon_meta']
[0.221s] Level 1:colcon.colcon_core.package_identification:_identify(pub_sub) by extension 'colcon_meta'
[0.221s] Level 1:colcon.colcon_core.package_identification:_identify(pub_sub) by extensions ['ros']
[0.221s] Level 1:colcon.colcon_core.package_identification:_identify(pub_sub) by extension 'ros'
[0.221s] DEBUG:colcon.colcon_core.package_identification:Package 'pub_sub' with type 'ros.ament_python' and name 'pub_sub'
[0.221s] Level 1:colcon.colcon_core.package_identification:_identify(robot_bringup) by extensions ['ignore', 'ignore_ament_install']
[0.221s] Level 1:colcon.colcon_core.package_identification:_identify(robot_bringup) by extension 'ignore'
[0.221s] Level 1:colcon.colcon_core.package_identification:_identify(robot_bringup) by extension 'ignore_ament_install'
[0.221s] Level 1:colcon.colcon_core.package_identification:_identify(robot_bringup) by extensions ['colcon_pkg']
[0.221s] Level 1:colcon.colcon_core.package_identification:_identify(robot_bringup) by extension 'colcon_pkg'
[0.221s] Level 1:colcon.colcon_core.package_identification:_identify(robot_bringup) by extensions ['colcon_meta']
[0.222s] Level 1:colcon.colcon_core.package_identification:_identify(robot_bringup) by extension 'colcon_meta'
[0.222s] Level 1:colcon.colcon_core.package_identification:_identify(robot_bringup) by extensions ['ros']
[0.222s] Level 1:colcon.colcon_core.package_identification:_identify(robot_bringup) by extension 'ros'
[0.222s] DEBUG:colcon.colcon_core.package_identification:Package 'robot_bringup' with type 'ros.ament_python' and name 'robot_bringup'
[0.222s] Level 1:colcon.colcon_core.package_identification:_identify(ros_tutorials) by extensions ['ignore', 'ignore_ament_install']
[0.222s] Level 1:colcon.colcon_core.package_identification:_identify(ros_tutorials) by extension 'ignore'
[0.222s] Level 1:colcon.colcon_core.package_identification:_identify(ros_tutorials) by extension 'ignore_ament_install'
[0.222s] Level 1:colcon.colcon_core.package_identification:_identify(ros_tutorials) by extensions ['colcon_pkg']
[0.222s] Level 1:colcon.colcon_core.package_identification:_identify(ros_tutorials) by extension 'colcon_pkg'
[0.222s] Level 1:colcon.colcon_core.package_identification:_identify(ros_tutorials) by extensions ['colcon_meta']
[0.222s] Level 1:colcon.colcon_core.package_identification:_identify(ros_tutorials) by extension 'colcon_meta'
[0.222s] Level 1:colcon.colcon_core.package_identification:_identify(ros_tutorials) by extensions ['ros']
[0.222s] Level 1:colcon.colcon_core.package_identification:_identify(ros_tutorials) by extension 'ros'
[0.222s] Level 1:colcon.colcon_core.package_identification:_identify(ros_tutorials) by extensions ['cmake', 'python']
[0.222s] Level 1:colcon.colcon_core.package_identification:_identify(ros_tutorials) by extension 'cmake'
[0.222s] Level 1:colcon.colcon_core.package_identification:_identify(ros_tutorials) by extension 'python'
[0.222s] Level 1:colcon.colcon_core.package_identification:_identify(ros_tutorials) by extensions ['python_setup_py']
[0.222s] Level 1:colcon.colcon_core.package_identification:_identify(ros_tutorials) by extension 'python_setup_py'
[0.222s] Level 1:colcon.colcon_core.package_identification:_identify(rplidar-ros) by extensions ['ignore', 'ignore_ament_install']
[0.222s] Level 1:colcon.colcon_core.package_identification:_identify(rplidar-ros) by extension 'ignore'
[0.222s] Level 1:colcon.colcon_core.package_identification:_identify(rplidar-ros) by extension 'ignore_ament_install'
[0.222s] Level 1:colcon.colcon_core.package_identification:_identify(rplidar-ros) by extensions ['colcon_pkg']
[0.222s] Level 1:colcon.colcon_core.package_identification:_identify(rplidar-ros) by extension 'colcon_pkg'
[0.222s] Level 1:colcon.colcon_core.package_identification:_identify(rplidar-ros) by extensions ['colcon_meta']
[0.222s] Level 1:colcon.colcon_core.package_identification:_identify(rplidar-ros) by extension 'colcon_meta'
[0.223s] Level 1:colcon.colcon_core.package_identification:_identify(rplidar-ros) by extensions ['ros']
[0.223s] Level 1:colcon.colcon_core.package_identification:_identify(rplidar-ros) by extension 'ros'
[0.223s] DEBUG:colcon.colcon_core.package_identification:Package 'rplidar-ros' with type 'ros.ament_cmake' and name 'rplidar_ros'
[0.223s] Level 1:colcon.colcon_core.package_identification:_identify(simulation) by extensions ['ignore', 'ignore_ament_install']
[0.223s] Level 1:colcon.colcon_core.package_identification:_identify(simulation) by extension 'ignore'
[0.223s] Level 1:colcon.colcon_core.package_identification:_identify(simulation) by extension 'ignore_ament_install'
[0.223s] Level 1:colcon.colcon_core.package_identification:_identify(simulation) by extensions ['colcon_pkg']
[0.223s] Level 1:colcon.colcon_core.package_identification:_identify(simulation) by extension 'colcon_pkg'
[0.223s] Level 1:colcon.colcon_core.package_identification:_identify(simulation) by extensions ['colcon_meta']
[0.223s] Level 1:colcon.colcon_core.package_identification:_identify(simulation) by extension 'colcon_meta'
[0.223s] Level 1:colcon.colcon_core.package_identification:_identify(simulation) by extensions ['ros']
[0.223s] Level 1:colcon.colcon_core.package_identification:_identify(simulation) by extension 'ros'
[0.223s] Level 1:colcon.colcon_core.package_identification:_identify(simulation) by extensions ['cmake', 'python']
[0.223s] Level 1:colcon.colcon_core.package_identification:_identify(simulation) by extension 'cmake'
[0.223s] Level 1:colcon.colcon_core.package_identification:_identify(simulation) by extension 'python'
[0.223s] Level 1:colcon.colcon_core.package_identification:_identify(simulation) by extensions ['python_setup_py']
[0.223s] Level 1:colcon.colcon_core.package_identification:_identify(simulation) by extension 'python_setup_py'
[0.223s] Level 1:colcon.colcon_core.package_identification:_identify(simulation/art_gallery) by extensions ['ignore', 'ignore_ament_install']
[0.223s] Level 1:colcon.colcon_core.package_identification:_identify(simulation/art_gallery) by extension 'ignore'
[0.223s] Level 1:colcon.colcon_core.package_identification:_identify(simulation/art_gallery) by extension 'ignore_ament_install'
[0.223s] Level 1:colcon.colcon_core.package_identification:_identify(simulation/art_gallery) by extensions ['colcon_pkg']
[0.223s] Level 1:colcon.colcon_core.package_identification:_identify(simulation/art_gallery) by extension 'colcon_pkg'
[0.223s] Level 1:colcon.colcon_core.package_identification:_identify(simulation/art_gallery) by extensions ['colcon_meta']
[0.223s] Level 1:colcon.colcon_core.package_identification:_identify(simulation/art_gallery) by extension 'colcon_meta'
[0.224s] Level 1:colcon.colcon_core.package_identification:_identify(simulation/art_gallery) by extensions ['ros']
[0.224s] Level 1:colcon.colcon_core.package_identification:_identify(simulation/art_gallery) by extension 'ros'
[0.224s] Level 1:colcon.colcon_core.package_identification:_identify(simulation/art_gallery) by extensions ['cmake', 'python']
[0.224s] Level 1:colcon.colcon_core.package_identification:_identify(simulation/art_gallery) by extension 'cmake'
[0.224s] Level 1:colcon.colcon_core.package_identification:_identify(simulation/art_gallery) by extension 'python'
[0.224s] Level 1:colcon.colcon_core.package_identification:_identify(simulation/art_gallery) by extensions ['python_setup_py']
[0.224s] Level 1:colcon.colcon_core.package_identification:_identify(simulation/art_gallery) by extension 'python_setup_py'
[0.224s] Level 1:colcon.colcon_core.package_identification:_identify(simulation/build) by extensions ['ignore', 'ignore_ament_install']
[0.224s] Level 1:colcon.colcon_core.package_identification:_identify(simulation/build) by extension 'ignore'
[0.224s] Level 1:colcon.colcon_core.package_identification:_identify(simulation/build) ignored
[0.224s] Level 1:colcon.colcon_core.package_identification:_identify(simulation/install) by extensions ['ignore', 'ignore_ament_install']
[0.224s] Level 1:colcon.colcon_core.package_identification:_identify(simulation/install) by extension 'ignore'
[0.224s] Level 1:colcon.colcon_core.package_identification:_identify(simulation/install) ignored
[0.224s] Level 1:colcon.colcon_core.package_identification:_identify(simulation/log) by extensions ['ignore', 'ignore_ament_install']
[0.224s] Level 1:colcon.colcon_core.package_identification:_identify(simulation/log) by extension 'ignore'
[0.224s] Level 1:colcon.colcon_core.package_identification:_identify(simulation/log) ignored
[0.224s] Level 1:colcon.colcon_core.package_identification:_identify(tag_detection) by extensions ['ignore', 'ignore_ament_install']
[0.224s] Level 1:colcon.colcon_core.package_identification:_identify(tag_detection) by extension 'ignore'
[0.224s] Level 1:colcon.colcon_core.package_identification:_identify(tag_detection) by extension 'ignore_ament_install'
[0.224s] Level 1:colcon.colcon_core.package_identification:_identify(tag_detection) by extensions ['colcon_pkg']
[0.224s] Level 1:colcon.colcon_core.package_identification:_identify(tag_detection) by extension 'colcon_pkg'
[0.224s] Level 1:colcon.colcon_core.package_identification:_identify(tag_detection) by extensions ['colcon_meta']
[0.224s] Level 1:colcon.colcon_core.package_identification:_identify(tag_detection) by extension 'colcon_meta'
[0.224s] Level 1:colcon.colcon_core.package_identification:_identify(tag_detection) by extensions ['ros']
[0.224s] Level 1:colcon.colcon_core.package_identification:_identify(tag_detection) by extension 'ros'
[0.225s] DEBUG:colcon.colcon_core.package_identification:Package 'tag_detection' with type 'ros.ament_python' and name 'tag_detection'
[0.225s] Level 1:colcon.colcon_core.package_identification:_identify(teleop) by extensions ['ignore', 'ignore_ament_install']
[0.225s] Level 1:colcon.colcon_core.package_identification:_identify(teleop) by extension 'ignore'
[0.225s] Level 1:colcon.colcon_core.package_identification:_identify(teleop) by extension 'ignore_ament_install'
[0.225s] Level 1:colcon.colcon_core.package_identification:_identify(teleop) by extensions ['colcon_pkg']
[0.225s] Level 1:colcon.colcon_core.package_identification:_identify(teleop) by extension 'colcon_pkg'
[0.225s] Level 1:colcon.colcon_core.package_identification:_identify(teleop) by extensions ['colcon_meta']
[0.225s] Level 1:colcon.colcon_core.package_identification:_identify(teleop) by extension 'colcon_meta'
[0.225s] Level 1:colcon.colcon_core.package_identification:_identify(teleop) by extensions ['ros']
[0.225s] Level 1:colcon.colcon_core.package_identification:_identify(teleop) by extension 'ros'
[0.225s] DEBUG:colcon.colcon_core.package_identification:Package 'teleop' with type 'ros.ament_python' and name 'teleop'
[0.225s] Level 1:colcon.colcon_core.package_identification:_identify(webcam_bringup) by extensions ['ignore', 'ignore_ament_install']
[0.226s] Level 1:colcon.colcon_core.package_identification:_identify(webcam_bringup) by extension 'ignore'
[0.226s] Level 1:colcon.colcon_core.package_identification:_identify(webcam_bringup) by extension 'ignore_ament_install'
[0.226s] Level 1:colcon.colcon_core.package_identification:_identify(webcam_bringup) by extensions ['colcon_pkg']
[0.226s] Level 1:colcon.colcon_core.package_identification:_identify(webcam_bringup) by extension 'colcon_pkg'
[0.226s] Level 1:colcon.colcon_core.package_identification:_identify(webcam_bringup) by extensions ['colcon_meta']
[0.226s] Level 1:colcon.colcon_core.package_identification:_identify(webcam_bringup) by extension 'colcon_meta'
[0.226s] Level 1:colcon.colcon_core.package_identification:_identify(webcam_bringup) by extensions ['ros']
[0.226s] Level 1:colcon.colcon_core.package_identification:_identify(webcam_bringup) by extension 'ros'
[0.226s] DEBUG:colcon.colcon_core.package_identification:Package 'webcam_bringup' with type 'ros.ament_python' and name 'webcam_bringup'
[0.226s] Level 1:colcon.colcon_core.package_discovery:discover_packages(recursive) using defaults
[0.226s] Level 1:colcon.colcon_core.package_discovery:discover_packages(ignore) discover
[0.226s] Level 1:colcon.colcon_core.package_discovery:discover_packages(ignore) using defaults
[0.226s] Level 1:colcon.colcon_core.package_discovery:discover_packages(path) discover
[0.226s] Level 1:colcon.colcon_core.package_discovery:discover_packages(path) using defaults
[0.242s] INFO:colcon.colcon_core.package_selection:Skipping not selected package 'apriltag_msgs' in 'apriltag_msgs'
[0.242s] INFO:colcon.colcon_core.package_selection:Skipping not selected package 'art_maze' in 'art_gallery/art_maze'
[0.242s] INFO:colcon.colcon_core.package_selection:Skipping not selected package 'challenge_2025' in 'art_gallery/challenge_2025'
[0.242s] INFO:colcon.colcon_core.package_selection:Skipping not selected package 'create3_examples_msgs' in 'create3_examples/create3_examples_msgs'
[0.242s] INFO:colcon.colcon_core.package_selection:Skipping not selected package 'create3_examples_py' in 'create3_examples/create3_examples_py'
[0.242s] INFO:colcon.colcon_core.package_selection:Skipping not selected package 'create3_republisher' in 'create3_examples/create3_republisher'
[0.242s] INFO:colcon.colcon_core.package_selection:Skipping not selected package 'create3_teleop' in 'create3_examples/create3_teleop'
[0.242s] INFO:colcon.colcon_core.package_selection:Skipping not selected package 'curator' in 'art_gallery/curator'
[0.242s] INFO:colcon.colcon_core.package_selection:Skipping not selected package 'my_robot_navigation' in 'my_robot_navigation'
[0.242s] INFO:colcon.colcon_core.package_selection:Skipping not selected package 'my_robot_slam' in 'my_robot_slam'
[0.242s] INFO:colcon.colcon_core.package_selection:Skipping not selected package 'object_detection' in 'object_detection'
[0.242s] INFO:colcon.colcon_core.package_selection:Skipping not selected package 'pub_sub' in 'pub_sub'
[0.242s] INFO:colcon.colcon_core.package_selection:Skipping not selected package 'rplidar_ros' in 'rplidar-ros'
[0.242s] INFO:colcon.colcon_core.package_selection:Skipping not selected package 'tag_detection' in 'tag_detection'
[0.242s] INFO:colcon.colcon_core.package_selection:Skipping not selected package 'tb3_description' in 'art_gallery/tb3_description'
[0.242s] INFO:colcon.colcon_core.package_selection:Skipping not selected package 'tb3_gazebo' in 'art_gallery/tb3_gazebo'
[0.242s] INFO:colcon.colcon_core.package_selection:Skipping not selected package 'teleop' in 'teleop'
[0.242s] INFO:colcon.colcon_core.package_selection:Skipping not selected package 'webcam_bringup' in 'webcam_bringup'
[0.242s] INFO:colcon.colcon_core.package_selection:Skipping not selected package 'apriltag_ros' in 'apriltag_ros'
[0.242s] INFO:colcon.colcon_core.package_selection:Skipping not selected package 'create3_coverage' in 'create3_examples/create3_coverage'
[0.242s] INFO:colcon.colcon_core.package_selection:Skipping not selected package 'create3_lidar_slam' in 'create3_examples/create3_lidar_slam'
[0.243s] Level 1:colcon.colcon_core.package_discovery:discover_packages(prefix_path) check parameters
[0.243s] Level 1:colcon.colcon_core.package_discovery:discover_packages(prefix_path) discover
[0.244s] DEBUG:colcon.colcon_installed_package_information.package_discovery:Found 2 installed packages in /home/rss/robot_harry/robotik/src/install
[0.244s] DEBUG:colcon.colcon_installed_package_information.package_discovery:Found 14 installed packages in /home/rss/robot_harry/robotik/install
[0.245s] DEBUG:colcon.colcon_installed_package_information.package_discovery:Found 346 installed packages in /opt/ros/humble
[0.247s] Level 1:colcon.colcon_core.package_discovery:discover_packages(prefix_path) using defaults
[0.274s] Level 5:colcon.colcon_core.verb:set package 'robot_bringup' build argument 'cmake_args' from command line to 'None'
[0.274s] Level 5:colcon.colcon_core.verb:set package 'robot_bringup' build argument 'cmake_target' from command line to 'None'
[0.274s] Level 5:colcon.colcon_core.verb:set package 'robot_bringup' build argument 'cmake_target_skip_unavailable' from command line to 'False'
[0.274s] Level 5:colcon.colcon_core.verb:set package 'robot_bringup' build argument 'cmake_clean_cache' from command line to 'False'
[0.274s] Level 5:colcon.colcon_core.verb:set package 'robot_bringup' build argument 'cmake_clean_first' from command line to 'False'
[0.274s] Level 5:colcon.colcon_core.verb:set package 'robot_bringup' build argument 'cmake_force_configure' from command line to 'False'
[0.274s] Level 5:colcon.colcon_core.verb:set package 'robot_bringup' build argument 'ament_cmake_args' from command line to 'None'
[0.274s] Level 5:colcon.colcon_core.verb:set package 'robot_bringup' build argument 'catkin_cmake_args' from command line to 'None'
[0.274s] Level 5:colcon.colcon_core.verb:set package 'robot_bringup' build argument 'catkin_skip_building_tests' from command line to 'False'
[0.274s] DEBUG:colcon.colcon_core.verb:Building package 'robot_bringup' with the following arguments: {'ament_cmake_args': None, 'build_base': '/home/rss/robot_harry/robotik/src/build/robot_bringup', 'catkin_cmake_args': None, 'catkin_skip_building_tests': False, 'cmake_args': None, 'cmake_clean_cache': False, 'cmake_clean_first': False, 'cmake_force_configure': False, 'cmake_target': None, 'cmake_target_skip_unavailable': False, 'install_base': '/home/rss/robot_harry/robotik/src/install/robot_bringup', 'merge_install': False, 'path': '/home/rss/robot_harry/robotik/src/robot_bringup', 'symlink_install': False, 'test_result_base': None}
[0.274s] INFO:colcon.colcon_core.executor:Executing jobs using 'parallel' executor
[0.275s] DEBUG:colcon.colcon_parallel_executor.executor.parallel:run_until_complete
[0.275s] INFO:colcon.colcon_ros.task.ament_python.build:Building ROS package in '/home/rss/robot_harry/robotik/src/robot_bringup' with build type 'ament_python'
[0.275s] Level 1:colcon.colcon_core.shell:create_environment_hook('robot_bringup', 'ament_prefix_path')
[0.277s] INFO:colcon.colcon_core.plugin_system:Skipping extension 'colcon_core.shell.bat': Not used on non-Windows systems
[0.277s] INFO:colcon.colcon_core.shell:Creating environment hook '/home/rss/robot_harry/robotik/src/install/robot_bringup/share/robot_bringup/hook/ament_prefix_path.ps1'
[0.277s] INFO:colcon.colcon_core.shell:Creating environment descriptor '/home/rss/robot_harry/robotik/src/install/robot_bringup/share/robot_bringup/hook/ament_prefix_path.dsv'
[0.277s] INFO:colcon.colcon_core.shell:Creating environment hook '/home/rss/robot_harry/robotik/src/install/robot_bringup/share/robot_bringup/hook/ament_prefix_path.sh'
[0.278s] INFO:colcon.colcon_core.shell:Skip shell extension 'powershell' for command environment: Not usable outside of PowerShell
[0.278s] DEBUG:colcon.colcon_core.shell:Skip shell extension 'dsv' for command environment
[0.455s] INFO:colcon.colcon_core.task.python.build:Building Python package in '/home/rss/robot_harry/robotik/src/robot_bringup'
[0.455s] INFO:colcon.colcon_core.shell:Skip shell extension 'powershell' for command environment: Not usable outside of PowerShell
[0.455s] DEBUG:colcon.colcon_core.shell:Skip shell extension 'dsv' for command environment
[0.681s] DEBUG:colcon.colcon_core.event_handler.log_command:Invoking command in '/home/rss/robot_harry/robotik/src/robot_bringup': PYTHONPATH=/home/rss/robot_harry/robotik/src/build/robot_bringup/prefix_override:/usr/lib/python3/dist-packages/colcon_core/task/python/colcon_distutils_commands:/home/rss/robot_harry/robotik/src/install/robot_bringup/lib/python3.10/site-packages:${PYTHONPATH} /usr/bin/python3 -W ignore:setup.py install is deprecated -W ignore:easy_install command is deprecated setup.py egg_info --egg-base ../build/robot_bringup build --build-base /home/rss/robot_harry/robotik/src/build/robot_bringup/build install --record /home/rss/robot_harry/robotik/src/build/robot_bringup/install.log --single-version-externally-managed install_data
[0.883s] DEBUG:colcon.colcon_core.event_handler.log_command:Invoked command in '/home/rss/robot_harry/robotik/src/robot_bringup' returned '0': PYTHONPATH=/home/rss/robot_harry/robotik/src/build/robot_bringup/prefix_override:/usr/lib/python3/dist-packages/colcon_core/task/python/colcon_distutils_commands:/home/rss/robot_harry/robotik/src/install/robot_bringup/lib/python3.10/site-packages:${PYTHONPATH} /usr/bin/python3 -W ignore:setup.py install is deprecated -W ignore:easy_install command is deprecated setup.py egg_info --egg-base ../build/robot_bringup build --build-base /home/rss/robot_harry/robotik/src/build/robot_bringup/build install --record /home/rss/robot_harry/robotik/src/build/robot_bringup/install.log --single-version-externally-managed install_data
[0.885s] Level 1:colcon.colcon_core.environment:checking '/home/rss/robot_harry/robotik/src/install/robot_bringup' for CMake module files
[0.885s] Level 1:colcon.colcon_core.environment:checking '/home/rss/robot_harry/robotik/src/install/robot_bringup' for CMake config files
[0.885s] Level 1:colcon.colcon_core.environment:checking '/home/rss/robot_harry/robotik/src/install/robot_bringup/lib'
[0.885s] Level 1:colcon.colcon_core.environment:checking '/home/rss/robot_harry/robotik/src/install/robot_bringup/bin'
[0.886s] Level 1:colcon.colcon_core.environment:checking '/home/rss/robot_harry/robotik/src/install/robot_bringup/lib/pkgconfig/robot_bringup.pc'
[0.886s] Level 1:colcon.colcon_core.environment:checking '/home/rss/robot_harry/robotik/src/install/robot_bringup/lib/python3.10/site-packages'
[0.886s] Level 1:colcon.colcon_core.shell:create_environment_hook('robot_bringup', 'pythonpath')
[0.886s] INFO:colcon.colcon_core.shell:Creating environment hook '/home/rss/robot_harry/robotik/src/install/robot_bringup/share/robot_bringup/hook/pythonpath.ps1'
[0.886s] INFO:colcon.colcon_core.shell:Creating environment descriptor '/home/rss/robot_harry/robotik/src/install/robot_bringup/share/robot_bringup/hook/pythonpath.dsv'
[0.886s] INFO:colcon.colcon_core.shell:Creating environment hook '/home/rss/robot_harry/robotik/src/install/robot_bringup/share/robot_bringup/hook/pythonpath.sh'
[0.887s] Level 1:colcon.colcon_core.environment:checking '/home/rss/robot_harry/robotik/src/install/robot_bringup/bin'
[0.887s] Level 1:colcon.colcon_core.environment:create_environment_scripts_only(robot_bringup)
[0.887s] INFO:colcon.colcon_core.shell:Creating package script '/home/rss/robot_harry/robotik/src/install/robot_bringup/share/robot_bringup/package.ps1'
[0.888s] INFO:colcon.colcon_core.shell:Creating package descriptor '/home/rss/robot_harry/robotik/src/install/robot_bringup/share/robot_bringup/package.dsv'
[0.888s] INFO:colcon.colcon_core.shell:Creating package script '/home/rss/robot_harry/robotik/src/install/robot_bringup/share/robot_bringup/package.sh'
[0.888s] INFO:colcon.colcon_core.shell:Creating package script '/home/rss/robot_harry/robotik/src/install/robot_bringup/share/robot_bringup/package.bash'
[0.889s] INFO:colcon.colcon_core.shell:Creating package script '/home/rss/robot_harry/robotik/src/install/robot_bringup/share/robot_bringup/package.zsh'
[0.889s] Level 1:colcon.colcon_core.environment:create_file_with_runtime_dependencies(/home/rss/robot_harry/robotik/src/install/robot_bringup/share/colcon-core/packages/robot_bringup)
[0.889s] DEBUG:colcon.colcon_parallel_executor.executor.parallel:closing loop
[0.890s] DEBUG:colcon.colcon_parallel_executor.executor.parallel:loop closed
[0.890s] DEBUG:colcon.colcon_parallel_executor.executor.parallel:run_until_complete finished with '0'
[0.890s] DEBUG:colcon.colcon_core.event_reactor:joining thread
[0.893s] INFO:colcon.colcon_core.plugin_system:Skipping extension 'colcon_notification.desktop_notification.terminal_notifier': Not used on non-Darwin systems
[0.893s] INFO:colcon.colcon_core.plugin_system:Skipping extension 'colcon_notification.desktop_notification.win32': Not used on non-Windows systems
[0.893s] INFO:colcon.colcon_notification.desktop_notification:Sending desktop notification using 'notify2'
[0.900s] DEBUG:colcon.colcon_core.event_reactor:joined thread
[0.900s] INFO:colcon.colcon_core.shell:Creating prefix script '/home/rss/robot_harry/robotik/src/install/local_setup.ps1'
[0.901s] INFO:colcon.colcon_core.shell:Creating prefix util module '/home/rss/robot_harry/robotik/src/install/_local_setup_util_ps1.py'
[0.902s] INFO:colcon.colcon_core.shell:Creating prefix chain script '/home/rss/robot_harry/robotik/src/install/setup.ps1'
[0.903s] INFO:colcon.colcon_core.shell:Creating prefix script '/home/rss/robot_harry/robotik/src/install/local_setup.sh'
[0.903s] INFO:colcon.colcon_core.shell:Creating prefix util module '/home/rss/robot_harry/robotik/src/install/_local_setup_util_sh.py'
[0.903s] INFO:colcon.colcon_core.shell:Creating prefix chain script '/home/rss/robot_harry/robotik/src/install/setup.sh'
[0.905s] INFO:colcon.colcon_core.shell:Creating prefix script '/home/rss/robot_harry/robotik/src/install/local_setup.bash'
[0.905s] INFO:colcon.colcon_core.shell:Creating prefix chain script '/home/rss/robot_harry/robotik/src/install/setup.bash'
[0.906s] INFO:colcon.colcon_core.shell:Creating prefix script '/home/rss/robot_harry/robotik/src/install/local_setup.zsh'
[0.907s] INFO:colcon.colcon_core.shell:Creating prefix chain script '/home/rss/robot_harry/robotik/src/install/setup.zsh'
