[1.270s] Invoking command in '/home/harry/robot/src/webcam_bringup': PYTHONPATH=/home/harry/robot/build/webcam_bringup/prefix_override:/usr/lib/python3/dist-packages/colcon_core/task/python/colcon_distutils_commands:/home/harry/robot/install/webcam_bringup/lib/python3.10/site-packages:${PYTHONPATH} /usr/bin/python3 -W ignore:setup.py install is deprecated -W ignore:easy_install command is deprecated setup.py egg_info --egg-base ../../build/webcam_bringup build --build-base /home/harry/robot/build/webcam_bringup/build install --record /home/harry/robot/build/webcam_bringup/install.log --single-version-externally-managed install_data
[1.599s] running egg_info
[1.600s] writing ../../build/webcam_bringup/webcam_bringup.egg-info/PKG-INFO
[1.601s] writing dependency_links to ../../build/webcam_bringup/webcam_bringup.egg-info/dependency_links.txt
[1.601s] writing entry points to ../../build/webcam_bringup/webcam_bringup.egg-info/entry_points.txt
[1.602s] writing requirements to ../../build/webcam_bringup/webcam_bringup.egg-info/requires.txt
[1.602s] writing top-level names to ../../build/webcam_bringup/webcam_bringup.egg-info/top_level.txt
[1.606s] reading manifest file '../../build/webcam_bringup/webcam_bringup.egg-info/SOURCES.txt'
[1.607s] writing manifest file '../../build/webcam_bringup/webcam_bringup.egg-info/SOURCES.txt'
[1.607s] running build
[1.607s] running build_py
[1.607s] running install
[1.608s] running install_lib
[1.609s] running install_data
[1.610s] running install_egg_info
[1.613s] removing '/home/harry/robot/install/webcam_bringup/lib/python3.10/site-packages/webcam_bringup-0.0.0-py3.10.egg-info' (and everything under it)
[1.613s] Copying ../../build/webcam_bringup/webcam_bringup.egg-info to /home/harry/robot/install/webcam_bringup/lib/python3.10/site-packages/webcam_bringup-0.0.0-py3.10.egg-info
[1.614s] running install_scripts
[1.644s] writing list of installed files to '/home/harry/robot/build/webcam_bringup/install.log'
[1.698s] Invoked command in '/home/harry/robot/src/webcam_bringup' returned '0': PYTHONPATH=/home/harry/robot/build/webcam_bringup/prefix_override:/usr/lib/python3/dist-packages/colcon_core/task/python/colcon_distutils_commands:/home/harry/robot/install/webcam_bringup/lib/python3.10/site-packages:${PYTHONPATH} /usr/bin/python3 -W ignore:setup.py install is deprecated -W ignore:easy_install command is deprecated setup.py egg_info --egg-base ../../build/webcam_bringup build --build-base /home/harry/robot/build/webcam_bringup/build install --record /home/harry/robot/build/webcam_bringup/install.log --single-version-externally-managed install_data
