/home/rss/robot_harry/robotik/install/tag_detection/lib/python3.10/site-packages/tag_detection/__init__.py
/home/rss/robot_harry/robotik/install/tag_detection/lib/python3.10/site-packages/tag_detection/tf_listener.py
/home/rss/robot_harry/robotik/install/tag_detection/lib/python3.10/site-packages/tag_detection/distance_calculator.py
/home/rss/robot_harry/robotik/install/tag_detection/lib/python3.10/site-packages/tag_detection/__pycache__/__init__.cpython-310.pyc
/home/rss/robot_harry/robotik/install/tag_detection/lib/python3.10/site-packages/tag_detection/__pycache__/tf_listener.cpython-310.pyc
/home/rss/robot_harry/robotik/install/tag_detection/lib/python3.10/site-packages/tag_detection/__pycache__/distance_calculator.cpython-310.pyc
/home/rss/robot_harry/robotik/install/tag_detection/share/ament_index/resource_index/packages/tag_detection
/home/rss/robot_harry/robotik/install/tag_detection/share/tag_detection/package.xml
/home/rss/robot_harry/robotik/install/tag_detection/share/tag_detection/launch/tag_detec_webcam.launch.yaml
/home/rss/robot_harry/robotik/install/tag_detection/share/tag_detection/launch/track.launch.yaml
/home/rss/robot_harry/robotik/install/tag_detection/share/tag_detection/launch/tag_detec.launch.yaml
/home/rss/robot_harry/robotik/install/tag_detection/lib/python3.10/site-packages/tag_detection-0.0.0-py3.10.egg-info/dependency_links.txt
/home/rss/robot_harry/robotik/install/tag_detection/lib/python3.10/site-packages/tag_detection-0.0.0-py3.10.egg-info/SOURCES.txt
/home/rss/robot_harry/robotik/install/tag_detection/lib/python3.10/site-packages/tag_detection-0.0.0-py3.10.egg-info/zip-safe
/home/rss/robot_harry/robotik/install/tag_detection/lib/python3.10/site-packages/tag_detection-0.0.0-py3.10.egg-info/entry_points.txt
/home/rss/robot_harry/robotik/install/tag_detection/lib/python3.10/site-packages/tag_detection-0.0.0-py3.10.egg-info/PKG-INFO
/home/rss/robot_harry/robotik/install/tag_detection/lib/python3.10/site-packages/tag_detection-0.0.0-py3.10.egg-info/top_level.txt
/home/rss/robot_harry/robotik/install/tag_detection/lib/python3.10/site-packages/tag_detection-0.0.0-py3.10.egg-info/requires.txt
/home/rss/robot_harry/robotik/install/tag_detection/lib/tag_detection/distance_calc
/home/rss/robot_harry/robotik/install/tag_detection/lib/tag_detection/listenernode
