[2.303s] Invoking command in '/home/harry/robot/src/pub_sub': PYTHONPATH=/home/harry/robot/build/pub_sub/prefix_override:/usr/lib/python3/dist-packages/colcon_core/task/python/colcon_distutils_commands:/home/harry/robot/install/pub_sub/lib/python3.10/site-packages:${PYTHONPATH} /usr/bin/python3 -W ignore:setup.py install is deprecated -W ignore:easy_install command is deprecated setup.py egg_info --egg-base ../../build/pub_sub build --build-base /home/harry/robot/build/pub_sub/build install --record /home/harry/robot/build/pub_sub/install.log --single-version-externally-managed install_data
[2.998s] running egg_info
[3.002s] creating ../../build/pub_sub/pub_sub.egg-info
[3.003s] writing ../../build/pub_sub/pub_sub.egg-info/PKG-INFO
[3.004s] writing dependency_links to ../../build/pub_sub/pub_sub.egg-info/dependency_links.txt
[3.004s] writing entry points to ../../build/pub_sub/pub_sub.egg-info/entry_points.txt
[3.004s] writing requirements to ../../build/pub_sub/pub_sub.egg-info/requires.txt
[3.004s] writing top-level names to ../../build/pub_sub/pub_sub.egg-info/top_level.txt
[3.004s] writing manifest file '../../build/pub_sub/pub_sub.egg-info/SOURCES.txt'
[3.006s] reading manifest file '../../build/pub_sub/pub_sub.egg-info/SOURCES.txt'
[3.012s] writing manifest file '../../build/pub_sub/pub_sub.egg-info/SOURCES.txt'
[3.012s] running build
[3.012s] running build_py
[3.012s] creating /home/harry/robot/build/pub_sub/build
[3.013s] creating /home/harry/robot/build/pub_sub/build/lib
[3.013s] creating /home/harry/robot/build/pub_sub/build/lib/pub_sub
[3.013s] copying pub_sub/publisher.py -> /home/harry/robot/build/pub_sub/build/lib/pub_sub
[3.014s] copying pub_sub/yolo_detector.py -> /home/harry/robot/build/pub_sub/build/lib/pub_sub
[3.017s] copying pub_sub/__init__.py -> /home/harry/robot/build/pub_sub/build/lib/pub_sub
[3.017s] copying pub_sub/sub.py -> /home/harry/robot/build/pub_sub/build/lib/pub_sub
[3.019s] copying pub_sub/test_cam.py -> /home/harry/robot/build/pub_sub/build/lib/pub_sub
[3.021s] copying pub_sub/communication_node.py -> /home/harry/robot/build/pub_sub/build/lib/pub_sub
[3.023s] copying pub_sub/cam_publisher.py -> /home/harry/robot/build/pub_sub/build/lib/pub_sub
[3.025s] running install
[3.025s] running install_lib
[3.027s] creating /home/harry/robot/install/pub_sub/lib/python3.10/site-packages/pub_sub
[3.027s] copying /home/harry/robot/build/pub_sub/build/lib/pub_sub/publisher.py -> /home/harry/robot/install/pub_sub/lib/python3.10/site-packages/pub_sub
[3.034s] copying /home/harry/robot/build/pub_sub/build/lib/pub_sub/yolo_detector.py -> /home/harry/robot/install/pub_sub/lib/python3.10/site-packages/pub_sub
[3.036s] copying /home/harry/robot/build/pub_sub/build/lib/pub_sub/__init__.py -> /home/harry/robot/install/pub_sub/lib/python3.10/site-packages/pub_sub
[3.036s] copying /home/harry/robot/build/pub_sub/build/lib/pub_sub/sub.py -> /home/harry/robot/install/pub_sub/lib/python3.10/site-packages/pub_sub
[3.037s] copying /home/harry/robot/build/pub_sub/build/lib/pub_sub/test_cam.py -> /home/harry/robot/install/pub_sub/lib/python3.10/site-packages/pub_sub
[3.037s] copying /home/harry/robot/build/pub_sub/build/lib/pub_sub/communication_node.py -> /home/harry/robot/install/pub_sub/lib/python3.10/site-packages/pub_sub
[3.037s] copying /home/harry/robot/build/pub_sub/build/lib/pub_sub/cam_publisher.py -> /home/harry/robot/install/pub_sub/lib/python3.10/site-packages/pub_sub
[3.037s] byte-compiling /home/harry/robot/install/pub_sub/lib/python3.10/site-packages/pub_sub/publisher.py to publisher.cpython-310.pyc
[3.038s] byte-compiling /home/harry/robot/install/pub_sub/lib/python3.10/site-packages/pub_sub/yolo_detector.py to yolo_detector.cpython-310.pyc
[3.039s] byte-compiling /home/harry/robot/install/pub_sub/lib/python3.10/site-packages/pub_sub/__init__.py to __init__.cpython-310.pyc
[3.040s] byte-compiling /home/harry/robot/install/pub_sub/lib/python3.10/site-packages/pub_sub/sub.py to sub.cpython-310.pyc
[3.043s] byte-compiling /home/harry/robot/install/pub_sub/lib/python3.10/site-packages/pub_sub/test_cam.py to test_cam.cpython-310.pyc
[3.044s] byte-compiling /home/harry/robot/install/pub_sub/lib/python3.10/site-packages/pub_sub/communication_node.py to communication_node.cpython-310.pyc
[3.045s] byte-compiling /home/harry/robot/install/pub_sub/lib/python3.10/site-packages/pub_sub/cam_publisher.py to cam_publisher.cpython-310.pyc
[3.048s] running install_data
[3.049s] creating /home/harry/robot/install/pub_sub/share/ament_index
[3.049s] creating /home/harry/robot/install/pub_sub/share/ament_index/resource_index
[3.049s] creating /home/harry/robot/install/pub_sub/share/ament_index/resource_index/packages
[3.049s] copying resource/pub_sub -> /home/harry/robot/install/pub_sub/share/ament_index/resource_index/packages
[3.049s] copying package.xml -> /home/harry/robot/install/pub_sub/share/pub_sub
[3.049s] running install_egg_info
[3.052s] Copying ../../build/pub_sub/pub_sub.egg-info to /home/harry/robot/install/pub_sub/lib/python3.10/site-packages/pub_sub-0.0.0-py3.10.egg-info
[3.057s] running install_scripts
[3.105s] Installing publisher_node script to /home/harry/robot/install/pub_sub/lib/pub_sub
[3.106s] Installing subscriber_node script to /home/harry/robot/install/pub_sub/lib/pub_sub
[3.110s] Installing test_cam_node script to /home/harry/robot/install/pub_sub/lib/pub_sub
[3.111s] Installing yolo_detector_node script to /home/harry/robot/install/pub_sub/lib/pub_sub
[3.111s] writing list of installed files to '/home/harry/robot/build/pub_sub/install.log'
[3.763s] Invoked command in '/home/harry/robot/src/pub_sub' returned '0': PYTHONPATH=/home/harry/robot/build/pub_sub/prefix_override:/usr/lib/python3/dist-packages/colcon_core/task/python/colcon_distutils_commands:/home/harry/robot/install/pub_sub/lib/python3.10/site-packages:${PYTHONPATH} /usr/bin/python3 -W ignore:setup.py install is deprecated -W ignore:easy_install command is deprecated setup.py egg_info --egg-base ../../build/pub_sub build --build-base /home/harry/robot/build/pub_sub/build install --record /home/harry/robot/build/pub_sub/install.log --single-version-externally-managed install_data
