[0.016s] Invoking command in '/home/rss/robot_harry/robotik/build/create3_coverage': CMAKE_PREFIX_PATH=/home/rss/robot_harry/robotik/install/create3_examples_msgs:/home/rss/robot_harry/robotik/src/install/create3_lidar_slam:/home/rss/robot_harry/robotik/src/install/rplidar_ros:/home/rss/robot_harry/robotik/src/install/create3_republisher:/home/rss/robot_harry/robotik/src/install/create3_coverage:/home/rss/robot_harry/robotik/src/install/create3_examples_msgs:/home/rss/robot_harry/robotik/src/install/apriltag_ros:/home/rss/robot_harry/robotik/src/install/apriltag_msgs:/home/rss/robot_harry/robotik/install/create3_lidar_slam:/home/rss/robot_harry/robotik/install/rplidar_ros:/home/rss/robot_harry/robotik/install/my_robot_slam:/home/rss/robot_harry/robotik/install/create3_republisher:/home/rss/robot_harry/robotik/install/create3_coverage:/home/rss/robot_harry/robotik/install/apriltag_ros:/home/rss/robot_harry/robotik/install/apriltag_msgs:/home/rss/robot_harry/robotik/src/install/webcam_bringup:/home/rss/robot_harry/robotik/src/install/teleop:/home/rss/robot_harry/robotik/src/install/tag_detection:/home/rss/robot_harry/robotik/src/install/robot_bringup:/home/rss/robot_harry/robotik/src/install/pub_sub:/home/rss/robot_harry/robotik/src/install/object_detection:/home/rss/robot_harry/robotik/src/install/my_robot_slam:/home/rss/robot_harry/robotik/src/install/my_robot_navigation:/home/rss/robot_harry/robotik/src/install/create3_teleop:/home/rss/robot_harry/robotik/src/install/create3_examples_py:/home/rss/robot_harry/robotik/install/webcam_bringup:/home/rss/robot_harry/robotik/install/teleop:/home/rss/robot_harry/robotik/install/tag_detection:/home/rss/robot_harry/robotik/install/robot_bringup:/home/rss/robot_harry/robotik/install/pub_sub:/home/rss/robot_harry/robotik/install/object_detection:/home/rss/robot_harry/robotik/install/my_robot_navigation:/home/rss/robot_harry/robotik/install/create3_teleop:/home/rss/robot_harry/robotik/install/create3_examples_py:/opt/ros/humble LD_LIBRARY_PATH=/home/rss/robot_harry/robotik/install/create3_examples_msgs/lib:/home/rss/robot_harry/robotik/src/install/create3_coverage/lib:/home/rss/robot_harry/robotik/src/install/create3_examples_msgs/lib:/home/rss/robot_harry/robotik/src/install/apriltag_ros/lib:/home/rss/robot_harry/robotik/src/install/apriltag_msgs/lib:/home/rss/robot_harry/robotik/install/create3_coverage/lib:/home/rss/robot_harry/robotik/install/apriltag_ros/lib:/home/rss/robot_harry/robotik/install/apriltag_msgs/lib:/opt/ros/humble/opt/rviz_ogre_vendor/lib:/opt/ros/humble/lib/x86_64-linux-gnu:/opt/ros/humble/lib /usr/bin/cmake /home/rss/robot_harry/robotik/src/create3_examples/create3_coverage -DAMENT_CMAKE_SYMLINK_INSTALL=1 -DCMAKE_INSTALL_PREFIX=/home/rss/robot_harry/robotik/install/create3_coverage
[0.088s] -- The C compiler identification is GNU 11.4.0
[0.152s] -- The CXX compiler identification is GNU 11.4.0
[0.158s] -- Detecting C compiler ABI info
[0.230s] -- Detecting C compiler ABI info - done
[0.237s] -- Check for working C compiler: /usr/bin/cc - skipped
[0.237s] -- Detecting C compile features
[0.237s] -- Detecting C compile features - done
[0.240s] -- Detecting CXX compiler ABI info
[0.302s] -- Detecting CXX compiler ABI info - done
[0.303s] -- Check for working CXX compiler: /usr/bin/c++ - skipped
[0.304s] -- Detecting CXX compile features
[0.304s] -- Detecting CXX compile features - done
[0.306s] -- Found ament_cmake: 1.3.12 (/opt/ros/humble/share/ament_cmake/cmake)
[0.459s] -- Found Python3: /usr/bin/python3 (found version "3.10.12") found components: Interpreter 
[0.546s] -- Override CMake install command with custom implementation using symlinks instead of copying resources
[0.600s] -- Found create3_examples_msgs: 0.0.5 (/home/rss/robot_harry/robotik/install/create3_examples_msgs/share/create3_examples_msgs/cmake)
[0.658s] -- Found rosidl_generator_c: 3.1.8 (/opt/ros/humble/share/rosidl_generator_c/cmake)
[0.667s] -- Found rosidl_adapter: 3.1.8 (/opt/ros/humble/share/rosidl_adapter/cmake)
[0.679s] -- Found rosidl_generator_cpp: 3.1.8 (/opt/ros/humble/share/rosidl_generator_cpp/cmake)
[0.698s] -- Using all available rosidl_typesupport_c: rosidl_typesupport_fastrtps_c;rosidl_typesupport_introspection_c
[0.723s] -- Using all available rosidl_typesupport_cpp: rosidl_typesupport_fastrtps_cpp;rosidl_typesupport_introspection_cpp
[0.798s] -- Found geometry_msgs: 4.9.0 (/opt/ros/humble/share/geometry_msgs/cmake)
[0.826s] -- Found irobot_create_msgs: 2.1.0 (/opt/ros/humble/share/irobot_create_msgs/cmake)
[0.852s] -- Found nav_msgs: 4.9.0 (/opt/ros/humble/share/nav_msgs/cmake)
[0.872s] -- Found rclcpp: 16.0.17 (/opt/ros/humble/share/rclcpp/cmake)
[0.923s] -- Found rmw_implementation_cmake: 6.1.2 (/opt/ros/humble/share/rmw_implementation_cmake/cmake)
[0.928s] -- Found rmw_fastrtps_cpp: 6.2.9 (/opt/ros/humble/share/rmw_fastrtps_cpp/cmake)
[1.057s] -- Found OpenSSL: /usr/lib/x86_64-linux-gnu/libcrypto.so (found version "3.0.2")  
[1.089s] -- Found FastRTPS: /opt/ros/humble/include  
[1.137s] -- Using RMW implementation 'rmw_fastrtps_cpp' as default
[1.148s] -- Looking for pthread.h
[1.197s] -- Looking for pthread.h - found
[1.197s] -- Performing Test CMAKE_HAVE_LIBC_PTHREAD
[1.246s] -- Performing Test CMAKE_HAVE_LIBC_PTHREAD - Success
[1.247s] -- Found Threads: TRUE  
[1.276s] -- Found rclcpp_action: 16.0.17 (/opt/ros/humble/share/rclcpp_action/cmake)
[1.284s] -- Found tf2_geometry_msgs: 0.25.18 (/opt/ros/humble/share/tf2_geometry_msgs/cmake)
[1.297s] -- Found eigen3_cmake_module: 0.1.1 (/opt/ros/humble/share/eigen3_cmake_module/cmake)
[1.298s] -- Found Eigen3: TRUE (found version "3.4.0") 
[1.298s] -- Ensuring Eigen3 include directory is part of orocos-kdl CMake target
[1.361s] -- Found ament_lint_auto: 0.12.14 (/opt/ros/humble/share/ament_lint_auto/cmake)
[1.433s] -- Added test 'cppcheck' to perform static code analysis on C / C++ code
[1.433s] -- Configured cppcheck include dirs: /home/rss/robot_harry/robotik/src/create3_examples/create3_coverage/include
[1.433s] -- Configured cppcheck exclude dirs and/or files: 
[1.434s] -- Added test 'lint_cmake' to check CMake code style
[1.436s] -- Added test 'uncrustify' to check C / C++ code style
[1.436s] -- Configured uncrustify additional arguments: 
[1.436s] -- Added test 'xmllint' to check XML markup files
[1.439s] -- Configuring done
[1.451s] -- Generating done
[1.456s] -- Build files have been written to: /home/rss/robot_harry/robotik/build/create3_coverage
[1.463s] Invoked command in '/home/rss/robot_harry/robotik/build/create3_coverage' returned '0': CMAKE_PREFIX_PATH=/home/rss/robot_harry/robotik/install/create3_examples_msgs:/home/rss/robot_harry/robotik/src/install/create3_lidar_slam:/home/rss/robot_harry/robotik/src/install/rplidar_ros:/home/rss/robot_harry/robotik/src/install/create3_republisher:/home/rss/robot_harry/robotik/src/install/create3_coverage:/home/rss/robot_harry/robotik/src/install/create3_examples_msgs:/home/rss/robot_harry/robotik/src/install/apriltag_ros:/home/rss/robot_harry/robotik/src/install/apriltag_msgs:/home/rss/robot_harry/robotik/install/create3_lidar_slam:/home/rss/robot_harry/robotik/install/rplidar_ros:/home/rss/robot_harry/robotik/install/my_robot_slam:/home/rss/robot_harry/robotik/install/create3_republisher:/home/rss/robot_harry/robotik/install/create3_coverage:/home/rss/robot_harry/robotik/install/apriltag_ros:/home/rss/robot_harry/robotik/install/apriltag_msgs:/home/rss/robot_harry/robotik/src/install/webcam_bringup:/home/rss/robot_harry/robotik/src/install/teleop:/home/rss/robot_harry/robotik/src/install/tag_detection:/home/rss/robot_harry/robotik/src/install/robot_bringup:/home/rss/robot_harry/robotik/src/install/pub_sub:/home/rss/robot_harry/robotik/src/install/object_detection:/home/rss/robot_harry/robotik/src/install/my_robot_slam:/home/rss/robot_harry/robotik/src/install/my_robot_navigation:/home/rss/robot_harry/robotik/src/install/create3_teleop:/home/rss/robot_harry/robotik/src/install/create3_examples_py:/home/rss/robot_harry/robotik/install/webcam_bringup:/home/rss/robot_harry/robotik/install/teleop:/home/rss/robot_harry/robotik/install/tag_detection:/home/rss/robot_harry/robotik/install/robot_bringup:/home/rss/robot_harry/robotik/install/pub_sub:/home/rss/robot_harry/robotik/install/object_detection:/home/rss/robot_harry/robotik/install/my_robot_navigation:/home/rss/robot_harry/robotik/install/create3_teleop:/home/rss/robot_harry/robotik/install/create3_examples_py:/opt/ros/humble LD_LIBRARY_PATH=/home/rss/robot_harry/robotik/install/create3_examples_msgs/lib:/home/rss/robot_harry/robotik/src/install/create3_coverage/lib:/home/rss/robot_harry/robotik/src/install/create3_examples_msgs/lib:/home/rss/robot_harry/robotik/src/install/apriltag_ros/lib:/home/rss/robot_harry/robotik/src/install/apriltag_msgs/lib:/home/rss/robot_harry/robotik/install/create3_coverage/lib:/home/rss/robot_harry/robotik/install/apriltag_ros/lib:/home/rss/robot_harry/robotik/install/apriltag_msgs/lib:/opt/ros/humble/opt/rviz_ogre_vendor/lib:/opt/ros/humble/lib/x86_64-linux-gnu:/opt/ros/humble/lib /usr/bin/cmake /home/rss/robot_harry/robotik/src/create3_examples/create3_coverage -DAMENT_CMAKE_SYMLINK_INSTALL=1 -DCMAKE_INSTALL_PREFIX=/home/rss/robot_harry/robotik/install/create3_coverage
[1.465s] Invoking command in '/home/rss/robot_harry/robotik/build/create3_coverage': CMAKE_PREFIX_PATH=/home/rss/robot_harry/robotik/install/create3_examples_msgs:/home/rss/robot_harry/robotik/src/install/create3_lidar_slam:/home/rss/robot_harry/robotik/src/install/rplidar_ros:/home/rss/robot_harry/robotik/src/install/create3_republisher:/home/rss/robot_harry/robotik/src/install/create3_coverage:/home/rss/robot_harry/robotik/src/install/create3_examples_msgs:/home/rss/robot_harry/robotik/src/install/apriltag_ros:/home/rss/robot_harry/robotik/src/install/apriltag_msgs:/home/rss/robot_harry/robotik/install/create3_lidar_slam:/home/rss/robot_harry/robotik/install/rplidar_ros:/home/rss/robot_harry/robotik/install/my_robot_slam:/home/rss/robot_harry/robotik/install/create3_republisher:/home/rss/robot_harry/robotik/install/create3_coverage:/home/rss/robot_harry/robotik/install/apriltag_ros:/home/rss/robot_harry/robotik/install/apriltag_msgs:/home/rss/robot_harry/robotik/src/install/webcam_bringup:/home/rss/robot_harry/robotik/src/install/teleop:/home/rss/robot_harry/robotik/src/install/tag_detection:/home/rss/robot_harry/robotik/src/install/robot_bringup:/home/rss/robot_harry/robotik/src/install/pub_sub:/home/rss/robot_harry/robotik/src/install/object_detection:/home/rss/robot_harry/robotik/src/install/my_robot_slam:/home/rss/robot_harry/robotik/src/install/my_robot_navigation:/home/rss/robot_harry/robotik/src/install/create3_teleop:/home/rss/robot_harry/robotik/src/install/create3_examples_py:/home/rss/robot_harry/robotik/install/webcam_bringup:/home/rss/robot_harry/robotik/install/teleop:/home/rss/robot_harry/robotik/install/tag_detection:/home/rss/robot_harry/robotik/install/robot_bringup:/home/rss/robot_harry/robotik/install/pub_sub:/home/rss/robot_harry/robotik/install/object_detection:/home/rss/robot_harry/robotik/install/my_robot_navigation:/home/rss/robot_harry/robotik/install/create3_teleop:/home/rss/robot_harry/robotik/install/create3_examples_py:/opt/ros/humble LD_LIBRARY_PATH=/home/rss/robot_harry/robotik/install/create3_examples_msgs/lib:/home/rss/robot_harry/robotik/src/install/create3_coverage/lib:/home/rss/robot_harry/robotik/src/install/create3_examples_msgs/lib:/home/rss/robot_harry/robotik/src/install/apriltag_ros/lib:/home/rss/robot_harry/robotik/src/install/apriltag_msgs/lib:/home/rss/robot_harry/robotik/install/create3_coverage/lib:/home/rss/robot_harry/robotik/install/apriltag_ros/lib:/home/rss/robot_harry/robotik/install/apriltag_msgs/lib:/opt/ros/humble/opt/rviz_ogre_vendor/lib:/opt/ros/humble/lib/x86_64-linux-gnu:/opt/ros/humble/lib /usr/bin/cmake --build /home/rss/robot_harry/robotik/build/create3_coverage -- -j8 -l8
[1.508s] [ 16%] [32mBuilding CXX object CMakeFiles/create3_coverage_core.dir/src/behaviors/spiral-behavior.cpp.o[0m
[1.508s] [ 25%] [32mBuilding CXX object CMakeFiles/create3_coverage_core.dir/src/behaviors/dock-behavior.cpp.o[0m
[1.508s] [ 33%] [32mBuilding CXX object CMakeFiles/create3_coverage_core.dir/src/behaviors/drive-straight-behavior.cpp.o[0m
[1.508s] [ 33%] [32mBuilding CXX object CMakeFiles/create3_coverage_core.dir/src/behaviors/rotate-behavior.cpp.o[0m
[1.517s] [ 41%] [32mBuilding CXX object CMakeFiles/create3_coverage_core.dir/src/behaviors/reflex-behavior.cpp.o[0m
[1.517s] [ 50%] [32mBuilding CXX object CMakeFiles/create3_coverage_core.dir/src/behaviors/undock-behavior.cpp.o[0m
[1.518s] [ 58%] [32mBuilding CXX object CMakeFiles/create3_coverage_core.dir/src/coverage_state_machine.cpp.o[0m
[1.518s] [ 66%] [32mBuilding CXX object CMakeFiles/create3_coverage_core.dir/src/behaviors/utils.cpp.o[0m
[2.495s] [ 75%] [32mBuilding CXX object CMakeFiles/create3_coverage_core.dir/src/create3_coverage_node.cpp.o[0m
[19.689s] [ 83%] [32m[1mLinking CXX shared library libcreate3_coverage_core.so[0m
[20.673s] [ 83%] Built target create3_coverage_core
[20.686s] [ 91%] [32mBuilding CXX object CMakeFiles/create3_coverage.dir/src/main.cpp.o[0m
[22.629s] [100%] [32m[1mLinking CXX executable create3_coverage[0m
[22.948s] [100%] Built target create3_coverage
[22.955s] Invoked command in '/home/rss/robot_harry/robotik/build/create3_coverage' returned '0': CMAKE_PREFIX_PATH=/home/rss/robot_harry/robotik/install/create3_examples_msgs:/home/rss/robot_harry/robotik/src/install/create3_lidar_slam:/home/rss/robot_harry/robotik/src/install/rplidar_ros:/home/rss/robot_harry/robotik/src/install/create3_republisher:/home/rss/robot_harry/robotik/src/install/create3_coverage:/home/rss/robot_harry/robotik/src/install/create3_examples_msgs:/home/rss/robot_harry/robotik/src/install/apriltag_ros:/home/rss/robot_harry/robotik/src/install/apriltag_msgs:/home/rss/robot_harry/robotik/install/create3_lidar_slam:/home/rss/robot_harry/robotik/install/rplidar_ros:/home/rss/robot_harry/robotik/install/my_robot_slam:/home/rss/robot_harry/robotik/install/create3_republisher:/home/rss/robot_harry/robotik/install/create3_coverage:/home/rss/robot_harry/robotik/install/apriltag_ros:/home/rss/robot_harry/robotik/install/apriltag_msgs:/home/rss/robot_harry/robotik/src/install/webcam_bringup:/home/rss/robot_harry/robotik/src/install/teleop:/home/rss/robot_harry/robotik/src/install/tag_detection:/home/rss/robot_harry/robotik/src/install/robot_bringup:/home/rss/robot_harry/robotik/src/install/pub_sub:/home/rss/robot_harry/robotik/src/install/object_detection:/home/rss/robot_harry/robotik/src/install/my_robot_slam:/home/rss/robot_harry/robotik/src/install/my_robot_navigation:/home/rss/robot_harry/robotik/src/install/create3_teleop:/home/rss/robot_harry/robotik/src/install/create3_examples_py:/home/rss/robot_harry/robotik/install/webcam_bringup:/home/rss/robot_harry/robotik/install/teleop:/home/rss/robot_harry/robotik/install/tag_detection:/home/rss/robot_harry/robotik/install/robot_bringup:/home/rss/robot_harry/robotik/install/pub_sub:/home/rss/robot_harry/robotik/install/object_detection:/home/rss/robot_harry/robotik/install/my_robot_navigation:/home/rss/robot_harry/robotik/install/create3_teleop:/home/rss/robot_harry/robotik/install/create3_examples_py:/opt/ros/humble LD_LIBRARY_PATH=/home/rss/robot_harry/robotik/install/create3_examples_msgs/lib:/home/rss/robot_harry/robotik/src/install/create3_coverage/lib:/home/rss/robot_harry/robotik/src/install/create3_examples_msgs/lib:/home/rss/robot_harry/robotik/src/install/apriltag_ros/lib:/home/rss/robot_harry/robotik/src/install/apriltag_msgs/lib:/home/rss/robot_harry/robotik/install/create3_coverage/lib:/home/rss/robot_harry/robotik/install/apriltag_ros/lib:/home/rss/robot_harry/robotik/install/apriltag_msgs/lib:/opt/ros/humble/opt/rviz_ogre_vendor/lib:/opt/ros/humble/lib/x86_64-linux-gnu:/opt/ros/humble/lib /usr/bin/cmake --build /home/rss/robot_harry/robotik/build/create3_coverage -- -j8 -l8
[22.956s] Invoking command in '/home/rss/robot_harry/robotik/build/create3_coverage': CMAKE_PREFIX_PATH=/home/rss/robot_harry/robotik/install/create3_examples_msgs:/home/rss/robot_harry/robotik/src/install/create3_lidar_slam:/home/rss/robot_harry/robotik/src/install/rplidar_ros:/home/rss/robot_harry/robotik/src/install/create3_republisher:/home/rss/robot_harry/robotik/src/install/create3_coverage:/home/rss/robot_harry/robotik/src/install/create3_examples_msgs:/home/rss/robot_harry/robotik/src/install/apriltag_ros:/home/rss/robot_harry/robotik/src/install/apriltag_msgs:/home/rss/robot_harry/robotik/install/create3_lidar_slam:/home/rss/robot_harry/robotik/install/rplidar_ros:/home/rss/robot_harry/robotik/install/my_robot_slam:/home/rss/robot_harry/robotik/install/create3_republisher:/home/rss/robot_harry/robotik/install/create3_coverage:/home/rss/robot_harry/robotik/install/apriltag_ros:/home/rss/robot_harry/robotik/install/apriltag_msgs:/home/rss/robot_harry/robotik/src/install/webcam_bringup:/home/rss/robot_harry/robotik/src/install/teleop:/home/rss/robot_harry/robotik/src/install/tag_detection:/home/rss/robot_harry/robotik/src/install/robot_bringup:/home/rss/robot_harry/robotik/src/install/pub_sub:/home/rss/robot_harry/robotik/src/install/object_detection:/home/rss/robot_harry/robotik/src/install/my_robot_slam:/home/rss/robot_harry/robotik/src/install/my_robot_navigation:/home/rss/robot_harry/robotik/src/install/create3_teleop:/home/rss/robot_harry/robotik/src/install/create3_examples_py:/home/rss/robot_harry/robotik/install/webcam_bringup:/home/rss/robot_harry/robotik/install/teleop:/home/rss/robot_harry/robotik/install/tag_detection:/home/rss/robot_harry/robotik/install/robot_bringup:/home/rss/robot_harry/robotik/install/pub_sub:/home/rss/robot_harry/robotik/install/object_detection:/home/rss/robot_harry/robotik/install/my_robot_navigation:/home/rss/robot_harry/robotik/install/create3_teleop:/home/rss/robot_harry/robotik/install/create3_examples_py:/opt/ros/humble LD_LIBRARY_PATH=/home/rss/robot_harry/robotik/install/create3_examples_msgs/lib:/home/rss/robot_harry/robotik/src/install/create3_coverage/lib:/home/rss/robot_harry/robotik/src/install/create3_examples_msgs/lib:/home/rss/robot_harry/robotik/src/install/apriltag_ros/lib:/home/rss/robot_harry/robotik/src/install/apriltag_msgs/lib:/home/rss/robot_harry/robotik/install/create3_coverage/lib:/home/rss/robot_harry/robotik/install/apriltag_ros/lib:/home/rss/robot_harry/robotik/install/apriltag_msgs/lib:/opt/ros/humble/opt/rviz_ogre_vendor/lib:/opt/ros/humble/lib/x86_64-linux-gnu:/opt/ros/humble/lib /usr/bin/cmake --install /home/rss/robot_harry/robotik/build/create3_coverage
[22.961s] -- Install configuration: ""
[22.961s] -- Execute custom install script
[22.961s] -- Symlinking: /home/rss/robot_harry/robotik/install/create3_coverage/lib/libcreate3_coverage_core.so
[22.967s] -- Symlinking: /home/rss/robot_harry/robotik/install/create3_coverage/lib/create3_coverage/create3_coverage
[22.972s] -- Symlinking: /home/rss/robot_harry/robotik/install/create3_coverage/include//create3_coverage/behaviors/behavior.hpp
[22.976s] -- Symlinking: /home/rss/robot_harry/robotik/install/create3_coverage/include//create3_coverage/behaviors/dock-behavior.hpp
[22.981s] -- Symlinking: /home/rss/robot_harry/robotik/install/create3_coverage/include//create3_coverage/behaviors/drive-straight-behavior.hpp
[22.986s] -- Symlinking: /home/rss/robot_harry/robotik/install/create3_coverage/include//create3_coverage/behaviors/reflex-behavior.hpp
[22.991s] -- Symlinking: /home/rss/robot_harry/robotik/install/create3_coverage/include//create3_coverage/behaviors/rotate-behavior.hpp
[22.995s] -- Symlinking: /home/rss/robot_harry/robotik/install/create3_coverage/include//create3_coverage/behaviors/spiral-behavior.hpp
[23.000s] -- Symlinking: /home/rss/robot_harry/robotik/install/create3_coverage/include//create3_coverage/behaviors/undock-behavior.hpp
[23.005s] -- Symlinking: /home/rss/robot_harry/robotik/install/create3_coverage/include//create3_coverage/coverage_state_machine.hpp
[23.009s] -- Symlinking: /home/rss/robot_harry/robotik/install/create3_coverage/include//create3_coverage/create3_coverage_node.hpp
[23.014s] -- Symlinking: /home/rss/robot_harry/robotik/install/create3_coverage/include//create3_coverage/state.hpp
[23.019s] -- Symlinking: /home/rss/robot_harry/robotik/install/create3_coverage/share/create3_coverage/environment/library_path.sh
[23.024s] -- Symlinking: /home/rss/robot_harry/robotik/install/create3_coverage/share/create3_coverage/environment/library_path.dsv
[23.029s] -- Symlinking: /home/rss/robot_harry/robotik/install/create3_coverage/share/ament_index/resource_index/package_run_dependencies/create3_coverage
[23.034s] -- Symlinking: /home/rss/robot_harry/robotik/install/create3_coverage/share/ament_index/resource_index/parent_prefix_path/create3_coverage
[23.039s] -- Symlinking: /home/rss/robot_harry/robotik/install/create3_coverage/share/create3_coverage/environment/ament_prefix_path.sh
[23.044s] -- Symlinking: /home/rss/robot_harry/robotik/install/create3_coverage/share/create3_coverage/environment/ament_prefix_path.dsv
[23.050s] -- Symlinking: /home/rss/robot_harry/robotik/install/create3_coverage/share/create3_coverage/environment/path.sh
[23.055s] -- Symlinking: /home/rss/robot_harry/robotik/install/create3_coverage/share/create3_coverage/environment/path.dsv
[23.060s] -- Symlinking: /home/rss/robot_harry/robotik/install/create3_coverage/share/create3_coverage/local_setup.bash
[23.066s] -- Symlinking: /home/rss/robot_harry/robotik/install/create3_coverage/share/create3_coverage/local_setup.sh
[23.071s] -- Symlinking: /home/rss/robot_harry/robotik/install/create3_coverage/share/create3_coverage/local_setup.zsh
[23.075s] -- Symlinking: /home/rss/robot_harry/robotik/install/create3_coverage/share/create3_coverage/local_setup.dsv
[23.080s] -- Symlinking: /home/rss/robot_harry/robotik/install/create3_coverage/share/create3_coverage/package.dsv
[23.085s] -- Symlinking: /home/rss/robot_harry/robotik/install/create3_coverage/share/ament_index/resource_index/packages/create3_coverage
[23.090s] -- Symlinking: /home/rss/robot_harry/robotik/install/create3_coverage/share/create3_coverage/cmake/ament_cmake_export_include_directories-extras.cmake
[23.095s] -- Symlinking: /home/rss/robot_harry/robotik/install/create3_coverage/share/create3_coverage/cmake/ament_cmake_export_libraries-extras.cmake
[23.100s] -- Symlinking: /home/rss/robot_harry/robotik/install/create3_coverage/share/create3_coverage/cmake/ament_cmake_export_dependencies-extras.cmake
[23.105s] -- Symlinking: /home/rss/robot_harry/robotik/install/create3_coverage/share/create3_coverage/cmake/create3_coverageConfig.cmake
[23.110s] -- Symlinking: /home/rss/robot_harry/robotik/install/create3_coverage/share/create3_coverage/cmake/create3_coverageConfig-version.cmake
[23.115s] -- Symlinking: /home/rss/robot_harry/robotik/install/create3_coverage/share/create3_coverage/package.xml
[23.121s] Invoked command in '/home/rss/robot_harry/robotik/build/create3_coverage' returned '0': CMAKE_PREFIX_PATH=/home/rss/robot_harry/robotik/install/create3_examples_msgs:/home/rss/robot_harry/robotik/src/install/create3_lidar_slam:/home/rss/robot_harry/robotik/src/install/rplidar_ros:/home/rss/robot_harry/robotik/src/install/create3_republisher:/home/rss/robot_harry/robotik/src/install/create3_coverage:/home/rss/robot_harry/robotik/src/install/create3_examples_msgs:/home/rss/robot_harry/robotik/src/install/apriltag_ros:/home/rss/robot_harry/robotik/src/install/apriltag_msgs:/home/rss/robot_harry/robotik/install/create3_lidar_slam:/home/rss/robot_harry/robotik/install/rplidar_ros:/home/rss/robot_harry/robotik/install/my_robot_slam:/home/rss/robot_harry/robotik/install/create3_republisher:/home/rss/robot_harry/robotik/install/create3_coverage:/home/rss/robot_harry/robotik/install/apriltag_ros:/home/rss/robot_harry/robotik/install/apriltag_msgs:/home/rss/robot_harry/robotik/src/install/webcam_bringup:/home/rss/robot_harry/robotik/src/install/teleop:/home/rss/robot_harry/robotik/src/install/tag_detection:/home/rss/robot_harry/robotik/src/install/robot_bringup:/home/rss/robot_harry/robotik/src/install/pub_sub:/home/rss/robot_harry/robotik/src/install/object_detection:/home/rss/robot_harry/robotik/src/install/my_robot_slam:/home/rss/robot_harry/robotik/src/install/my_robot_navigation:/home/rss/robot_harry/robotik/src/install/create3_teleop:/home/rss/robot_harry/robotik/src/install/create3_examples_py:/home/rss/robot_harry/robotik/install/webcam_bringup:/home/rss/robot_harry/robotik/install/teleop:/home/rss/robot_harry/robotik/install/tag_detection:/home/rss/robot_harry/robotik/install/robot_bringup:/home/rss/robot_harry/robotik/install/pub_sub:/home/rss/robot_harry/robotik/install/object_detection:/home/rss/robot_harry/robotik/install/my_robot_navigation:/home/rss/robot_harry/robotik/install/create3_teleop:/home/rss/robot_harry/robotik/install/create3_examples_py:/opt/ros/humble LD_LIBRARY_PATH=/home/rss/robot_harry/robotik/install/create3_examples_msgs/lib:/home/rss/robot_harry/robotik/src/install/create3_coverage/lib:/home/rss/robot_harry/robotik/src/install/create3_examples_msgs/lib:/home/rss/robot_harry/robotik/src/install/apriltag_ros/lib:/home/rss/robot_harry/robotik/src/install/apriltag_msgs/lib:/home/rss/robot_harry/robotik/install/create3_coverage/lib:/home/rss/robot_harry/robotik/install/apriltag_ros/lib:/home/rss/robot_harry/robotik/install/apriltag_msgs/lib:/opt/ros/humble/opt/rviz_ogre_vendor/lib:/opt/ros/humble/lib/x86_64-linux-gnu:/opt/ros/humble/lib /usr/bin/cmake --install /home/rss/robot_harry/robotik/build/create3_coverage
