[0.498s] Invoking command in '/home/rss/robot_harry/robotik/build/apriltag_ros': CMAKE_PREFIX_PATH=/home/rss/robot_harry/robotik/install/apriltag_msgs:/home/rss/robot_harry/robotik/install/create3_lidar_slam:/home/rss/robot_harry/robotik/install/rplidar_ros:/home/rss/robot_harry/robotik/install/create3_republisher:/home/rss/robot_harry/robotik/install/create3_coverage:/home/rss/robot_harry/robotik/install/create3_examples_msgs:/home/rss/robot_harry/robotik/install/apriltag_ros:/home/rss/robot_harry/robotik/install/webcam_bringup:/home/rss/robot_harry/robotik/install/teleop:/home/rss/robot_harry/robotik/install/tag_detection:/home/rss/robot_harry/robotik/install/robot_bringup:/home/rss/robot_harry/robotik/install/pub_sub:/home/rss/robot_harry/robotik/install/object_detection:/home/rss/robot_harry/robotik/install/my_robot_slam:/home/rss/robot_harry/robotik/install/my_robot_navigation:/home/rss/robot_harry/robotik/install/create3_teleop:/home/rss/robot_harry/robotik/install/create3_examples_py:/opt/ros/humble LD_LIBRARY_PATH=/home/rss/robot_harry/robotik/install/apriltag_msgs/lib:/home/rss/robot_harry/robotik/install/create3_coverage/lib:/home/rss/robot_harry/robotik/install/create3_examples_msgs/lib:/home/rss/robot_harry/robotik/install/apriltag_ros/lib:/opt/ros/humble/opt/rviz_ogre_vendor/lib:/opt/ros/humble/lib/x86_64-linux-gnu:/opt/ros/humble/lib /usr/bin/cmake --build /home/rss/robot_harry/robotik/build/apriltag_ros -- -j8 -l8
[0.565s] [ 20%] Built target tags
[0.570s] [ 40%] Built target apriltag_node
[0.577s] [ 60%] Built target conversion
[0.601s] [ 80%] Built target pose_estimation
[0.635s] [100%] Built target AprilTagNode
[0.646s] Invoked command in '/home/rss/robot_harry/robotik/build/apriltag_ros' returned '0': CMAKE_PREFIX_PATH=/home/rss/robot_harry/robotik/install/apriltag_msgs:/home/rss/robot_harry/robotik/install/create3_lidar_slam:/home/rss/robot_harry/robotik/install/rplidar_ros:/home/rss/robot_harry/robotik/install/create3_republisher:/home/rss/robot_harry/robotik/install/create3_coverage:/home/rss/robot_harry/robotik/install/create3_examples_msgs:/home/rss/robot_harry/robotik/install/apriltag_ros:/home/rss/robot_harry/robotik/install/webcam_bringup:/home/rss/robot_harry/robotik/install/teleop:/home/rss/robot_harry/robotik/install/tag_detection:/home/rss/robot_harry/robotik/install/robot_bringup:/home/rss/robot_harry/robotik/install/pub_sub:/home/rss/robot_harry/robotik/install/object_detection:/home/rss/robot_harry/robotik/install/my_robot_slam:/home/rss/robot_harry/robotik/install/my_robot_navigation:/home/rss/robot_harry/robotik/install/create3_teleop:/home/rss/robot_harry/robotik/install/create3_examples_py:/opt/ros/humble LD_LIBRARY_PATH=/home/rss/robot_harry/robotik/install/apriltag_msgs/lib:/home/rss/robot_harry/robotik/install/create3_coverage/lib:/home/rss/robot_harry/robotik/install/create3_examples_msgs/lib:/home/rss/robot_harry/robotik/install/apriltag_ros/lib:/opt/ros/humble/opt/rviz_ogre_vendor/lib:/opt/ros/humble/lib/x86_64-linux-gnu:/opt/ros/humble/lib /usr/bin/cmake --build /home/rss/robot_harry/robotik/build/apriltag_ros -- -j8 -l8
[0.649s] Invoking command in '/home/rss/robot_harry/robotik/build/apriltag_ros': CMAKE_PREFIX_PATH=/home/rss/robot_harry/robotik/install/apriltag_msgs:/home/rss/robot_harry/robotik/install/create3_lidar_slam:/home/rss/robot_harry/robotik/install/rplidar_ros:/home/rss/robot_harry/robotik/install/create3_republisher:/home/rss/robot_harry/robotik/install/create3_coverage:/home/rss/robot_harry/robotik/install/create3_examples_msgs:/home/rss/robot_harry/robotik/install/apriltag_ros:/home/rss/robot_harry/robotik/install/webcam_bringup:/home/rss/robot_harry/robotik/install/teleop:/home/rss/robot_harry/robotik/install/tag_detection:/home/rss/robot_harry/robotik/install/robot_bringup:/home/rss/robot_harry/robotik/install/pub_sub:/home/rss/robot_harry/robotik/install/object_detection:/home/rss/robot_harry/robotik/install/my_robot_slam:/home/rss/robot_harry/robotik/install/my_robot_navigation:/home/rss/robot_harry/robotik/install/create3_teleop:/home/rss/robot_harry/robotik/install/create3_examples_py:/opt/ros/humble LD_LIBRARY_PATH=/home/rss/robot_harry/robotik/install/apriltag_msgs/lib:/home/rss/robot_harry/robotik/install/create3_coverage/lib:/home/rss/robot_harry/robotik/install/create3_examples_msgs/lib:/home/rss/robot_harry/robotik/install/apriltag_ros/lib:/opt/ros/humble/opt/rviz_ogre_vendor/lib:/opt/ros/humble/lib/x86_64-linux-gnu:/opt/ros/humble/lib /usr/bin/cmake --install /home/rss/robot_harry/robotik/build/apriltag_ros
[0.656s] -- Install configuration: ""
[0.657s] -- Execute custom install script
[0.658s] -- Up-to-date symlink: /home/rss/robot_harry/robotik/install/apriltag_ros/lib/apriltag_ros/apriltag_node
[0.658s] -- Up-to-date symlink: /home/rss/robot_harry/robotik/install/apriltag_ros/share/apriltag_ros/environment/library_path.sh
[0.658s] -- Up-to-date symlink: /home/rss/robot_harry/robotik/install/apriltag_ros/share/apriltag_ros/environment/library_path.dsv
[0.658s] -- Up-to-date symlink: /home/rss/robot_harry/robotik/install/apriltag_ros/lib/libAprilTagNode.so
[0.659s] -- Up-to-date symlink: /home/rss/robot_harry/robotik/install/apriltag_ros/share/apriltag_ros/cfg/tags_36h11.yaml
[0.659s] -- Up-to-date symlink: /home/rss/robot_harry/robotik/install/apriltag_ros/share/apriltag_ros/launch/camera_36h11.launch.yml
[0.659s] -- Up-to-date symlink: /home/rss/robot_harry/robotik/install/apriltag_ros/share/ament_index/resource_index/package_run_dependencies/apriltag_ros
[0.659s] -- Up-to-date symlink: /home/rss/robot_harry/robotik/install/apriltag_ros/share/ament_index/resource_index/parent_prefix_path/apriltag_ros
[0.660s] -- Up-to-date symlink: /home/rss/robot_harry/robotik/install/apriltag_ros/share/apriltag_ros/environment/ament_prefix_path.sh
[0.660s] -- Up-to-date symlink: /home/rss/robot_harry/robotik/install/apriltag_ros/share/apriltag_ros/environment/ament_prefix_path.dsv
[0.660s] -- Up-to-date symlink: /home/rss/robot_harry/robotik/install/apriltag_ros/share/apriltag_ros/environment/path.sh
[0.660s] -- Up-to-date symlink: /home/rss/robot_harry/robotik/install/apriltag_ros/share/apriltag_ros/environment/path.dsv
[0.660s] -- Up-to-date symlink: /home/rss/robot_harry/robotik/install/apriltag_ros/share/apriltag_ros/local_setup.bash
[0.661s] -- Up-to-date symlink: /home/rss/robot_harry/robotik/install/apriltag_ros/share/apriltag_ros/local_setup.sh
[0.661s] -- Up-to-date symlink: /home/rss/robot_harry/robotik/install/apriltag_ros/share/apriltag_ros/local_setup.zsh
[0.661s] -- Up-to-date symlink: /home/rss/robot_harry/robotik/install/apriltag_ros/share/apriltag_ros/local_setup.dsv
[0.661s] -- Symlinking: /home/rss/robot_harry/robotik/install/apriltag_ros/share/apriltag_ros/package.dsv
[0.672s] -- Up-to-date symlink: /home/rss/robot_harry/robotik/install/apriltag_ros/share/ament_index/resource_index/packages/apriltag_ros
[0.675s] -- Up-to-date symlink: /home/rss/robot_harry/robotik/install/apriltag_ros/share/ament_index/resource_index/rclcpp_components/apriltag_ros
[0.676s] -- Up-to-date symlink: /home/rss/robot_harry/robotik/install/apriltag_ros/share/apriltag_ros/cmake/apriltag_rosConfig.cmake
[0.676s] -- Up-to-date symlink: /home/rss/robot_harry/robotik/install/apriltag_ros/share/apriltag_ros/cmake/apriltag_rosConfig-version.cmake
[0.676s] -- Up-to-date symlink: /home/rss/robot_harry/robotik/install/apriltag_ros/share/apriltag_ros/package.xml
[0.688s] Invoked command in '/home/rss/robot_harry/robotik/build/apriltag_ros' returned '0': CMAKE_PREFIX_PATH=/home/rss/robot_harry/robotik/install/apriltag_msgs:/home/rss/robot_harry/robotik/install/create3_lidar_slam:/home/rss/robot_harry/robotik/install/rplidar_ros:/home/rss/robot_harry/robotik/install/create3_republisher:/home/rss/robot_harry/robotik/install/create3_coverage:/home/rss/robot_harry/robotik/install/create3_examples_msgs:/home/rss/robot_harry/robotik/install/apriltag_ros:/home/rss/robot_harry/robotik/install/webcam_bringup:/home/rss/robot_harry/robotik/install/teleop:/home/rss/robot_harry/robotik/install/tag_detection:/home/rss/robot_harry/robotik/install/robot_bringup:/home/rss/robot_harry/robotik/install/pub_sub:/home/rss/robot_harry/robotik/install/object_detection:/home/rss/robot_harry/robotik/install/my_robot_slam:/home/rss/robot_harry/robotik/install/my_robot_navigation:/home/rss/robot_harry/robotik/install/create3_teleop:/home/rss/robot_harry/robotik/install/create3_examples_py:/opt/ros/humble LD_LIBRARY_PATH=/home/rss/robot_harry/robotik/install/apriltag_msgs/lib:/home/rss/robot_harry/robotik/install/create3_coverage/lib:/home/rss/robot_harry/robotik/install/create3_examples_msgs/lib:/home/rss/robot_harry/robotik/install/apriltag_ros/lib:/opt/ros/humble/opt/rviz_ogre_vendor/lib:/opt/ros/humble/lib/x86_64-linux-gnu:/opt/ros/humble/lib /usr/bin/cmake --install /home/rss/robot_harry/robotik/build/apriltag_ros
