running develop
running egg_info
creating webcam_bringup.egg-info
writing webcam_bringup.egg-info/PKG-INFO
writing dependency_links to webcam_bringup.egg-info/dependency_links.txt
writing entry points to webcam_bringup.egg-info/entry_points.txt
writing requirements to webcam_bringup.egg-info/requires.txt
writing top-level names to webcam_bringup.egg-info/top_level.txt
writing manifest file 'webcam_bringup.egg-info/SOURCES.txt'
reading manifest file 'webcam_bringup.egg-info/SOURCES.txt'
writing manifest file 'webcam_bringup.egg-info/SOURCES.txt'
running build_ext
Creating /home/rss/robot_harry/robotik/install/webcam_bringup/lib/python3.10/site-packages/webcam-bringup.egg-link (link to .)

Installed /home/rss/robot_harry/robotik/build/webcam_bringup
running symlink_data
creating /home/rss/robot_harry/robotik/install/webcam_bringup/share/ament_index
creating /home/rss/robot_harry/robotik/install/webcam_bringup/share/ament_index/resource_index
creating /home/rss/robot_harry/robotik/install/webcam_bringup/share/ament_index/resource_index/packages
symbolically linking /home/rss/robot_harry/robotik/build/webcam_bringup/resource/webcam_bringup -> /home/rss/robot_harry/robotik/install/webcam_bringup/share/ament_index/resource_index/packages
symbolically linking /home/rss/robot_harry/robotik/build/webcam_bringup/package.xml -> /home/rss/robot_harry/robotik/install/webcam_bringup/share/webcam_bringup
creating /home/rss/robot_harry/robotik/install/webcam_bringup/share/webcam_bringup/launch
symbolically linking /home/rss/robot_harry/robotik/build/webcam_bringup/launch/webcam.launch.yaml -> /home/rss/robot_harry/robotik/install/webcam_bringup/share/webcam_bringup/launch
symbolically linking /home/rss/robot_harry/robotik/build/webcam_bringup/launch/rectify_node.launch.py -> /home/rss/robot_harry/robotik/install/webcam_bringup/share/webcam_bringup/launch
creating /home/rss/robot_harry/robotik/install/webcam_bringup/share/webcam_bringup/config
symbolically linking /home/rss/robot_harry/robotik/build/webcam_bringup/config/webcam.yaml -> /home/rss/robot_harry/robotik/install/webcam_bringup/share/webcam_bringup/config
symbolically linking /home/rss/robot_harry/robotik/build/webcam_bringup/config/camera_params.yaml -> /home/rss/robot_harry/robotik/install/webcam_bringup/share/webcam_bringup/config
