[1.374s] Invoking command in '/home/rss/robot_harry/robotik/build/create3_examples_py': PYTHONPATH=/home/rss/robot_harry/robotik/build/create3_examples_py/prefix_override:/usr/lib/python3/dist-packages/colcon_core/task/python/colcon_distutils_commands:/home/rss/robot_harry/robotik/install/create3_examples_py/lib/python3.10/site-packages:${PYTHONPATH} /usr/bin/python3 -W ignore:setup.py install is deprecated -W ignore:easy_install command is deprecated setup.py develop --uninstall --editable --build-directory /home/rss/robot_harry/robotik/build/create3_examples_py/build
[1.773s] running develop
[1.991s] Removing /home/rss/robot_harry/robotik/install/create3_examples_py/lib/python3.10/site-packages/create3-examples-py.egg-link (link to .)
[2.126s] Invoked command in '/home/rss/robot_harry/robotik/build/create3_examples_py' returned '0': PYTHONPATH=/home/rss/robot_harry/robotik/build/create3_examples_py/prefix_override:/usr/lib/python3/dist-packages/colcon_core/task/python/colcon_distutils_commands:/home/rss/robot_harry/robotik/install/create3_examples_py/lib/python3.10/site-packages:${PYTHONPATH} /usr/bin/python3 -W ignore:setup.py install is deprecated -W ignore:easy_install command is deprecated setup.py develop --uninstall --editable --build-directory /home/rss/robot_harry/robotik/build/create3_examples_py/build
[2.134s] Invoking command in '/home/rss/robot_harry/robotik/src/create3_examples/create3_examples_py': PYTHONPATH=/home/rss/robot_harry/robotik/build/create3_examples_py/prefix_override:/usr/lib/python3/dist-packages/colcon_core/task/python/colcon_distutils_commands:/home/rss/robot_harry/robotik/install/create3_examples_py/lib/python3.10/site-packages:${PYTHONPATH} /usr/bin/python3 -W ignore:setup.py install is deprecated -W ignore:easy_install command is deprecated setup.py egg_info --egg-base ../../../build/create3_examples_py build --build-base /home/rss/robot_harry/robotik/build/create3_examples_py/build install --record /home/rss/robot_harry/robotik/build/create3_examples_py/install.log --single-version-externally-managed install_data --force
[2.436s] running egg_info
[2.436s] writing ../../../build/create3_examples_py/create3_examples_py.egg-info/PKG-INFO
[2.436s] writing dependency_links to ../../../build/create3_examples_py/create3_examples_py.egg-info/dependency_links.txt
[2.436s] writing entry points to ../../../build/create3_examples_py/create3_examples_py.egg-info/entry_points.txt
[2.436s] writing requirements to ../../../build/create3_examples_py/create3_examples_py.egg-info/requires.txt
[2.436s] writing top-level names to ../../../build/create3_examples_py/create3_examples_py.egg-info/top_level.txt
[2.442s] reading manifest file '../../../build/create3_examples_py/create3_examples_py.egg-info/SOURCES.txt'
[2.442s] writing manifest file '../../../build/create3_examples_py/create3_examples_py.egg-info/SOURCES.txt'
[2.443s] running build
[2.443s] running build_py
[2.443s] creating /home/rss/robot_harry/robotik/build/create3_examples_py/build
[2.443s] creating /home/rss/robot_harry/robotik/build/create3_examples_py/build/lib
[2.443s] creating /home/rss/robot_harry/robotik/build/create3_examples_py/build/lib/create3_examples_py
[2.443s] copying create3_examples_py/__init__.py -> /home/rss/robot_harry/robotik/build/create3_examples_py/build/lib/create3_examples_py
[2.443s] creating /home/rss/robot_harry/robotik/build/create3_examples_py/build/lib/create3_examples_py/dance
[2.444s] copying create3_examples_py/dance/dance_choreograph.py -> /home/rss/robot_harry/robotik/build/create3_examples_py/build/lib/create3_examples_py/dance
[2.444s] copying create3_examples_py/dance/__init__.py -> /home/rss/robot_harry/robotik/build/create3_examples_py/build/lib/create3_examples_py/dance
[2.444s] copying create3_examples_py/dance/create3_dance.py -> /home/rss/robot_harry/robotik/build/create3_examples_py/build/lib/create3_examples_py/dance
[2.444s] running install
[2.444s] running install_lib
[2.444s] creating /home/rss/robot_harry/robotik/install/create3_examples_py/lib/python3.10/site-packages/create3_examples_py
[2.444s] creating /home/rss/robot_harry/robotik/install/create3_examples_py/lib/python3.10/site-packages/create3_examples_py/dance
[2.445s] copying /home/rss/robot_harry/robotik/build/create3_examples_py/build/lib/create3_examples_py/dance/dance_choreograph.py -> /home/rss/robot_harry/robotik/install/create3_examples_py/lib/python3.10/site-packages/create3_examples_py/dance
[2.445s] copying /home/rss/robot_harry/robotik/build/create3_examples_py/build/lib/create3_examples_py/dance/__init__.py -> /home/rss/robot_harry/robotik/install/create3_examples_py/lib/python3.10/site-packages/create3_examples_py/dance
[2.445s] copying /home/rss/robot_harry/robotik/build/create3_examples_py/build/lib/create3_examples_py/dance/create3_dance.py -> /home/rss/robot_harry/robotik/install/create3_examples_py/lib/python3.10/site-packages/create3_examples_py/dance
[2.445s] copying /home/rss/robot_harry/robotik/build/create3_examples_py/build/lib/create3_examples_py/__init__.py -> /home/rss/robot_harry/robotik/install/create3_examples_py/lib/python3.10/site-packages/create3_examples_py
[2.449s] byte-compiling /home/rss/robot_harry/robotik/install/create3_examples_py/lib/python3.10/site-packages/create3_examples_py/dance/dance_choreograph.py to dance_choreograph.cpython-310.pyc
[2.449s] byte-compiling /home/rss/robot_harry/robotik/install/create3_examples_py/lib/python3.10/site-packages/create3_examples_py/dance/__init__.py to __init__.cpython-310.pyc
[2.449s] byte-compiling /home/rss/robot_harry/robotik/install/create3_examples_py/lib/python3.10/site-packages/create3_examples_py/dance/create3_dance.py to create3_dance.cpython-310.pyc
[2.449s] byte-compiling /home/rss/robot_harry/robotik/install/create3_examples_py/lib/python3.10/site-packages/create3_examples_py/__init__.py to __init__.cpython-310.pyc
[2.449s] running install_data
[2.449s] copying resource/create3_examples_py -> /home/rss/robot_harry/robotik/install/create3_examples_py/share/ament_index/resource_index/packages
[2.449s] copying package.xml -> /home/rss/robot_harry/robotik/install/create3_examples_py/share/create3_examples_py
[2.449s] running install_egg_info
[2.449s] Copying ../../../build/create3_examples_py/create3_examples_py.egg-info to /home/rss/robot_harry/robotik/install/create3_examples_py/lib/python3.10/site-packages/create3_examples_py-0.0.5-py3.10.egg-info
[2.454s] running install_scripts
[2.474s] Installing create3_dance script to /home/rss/robot_harry/robotik/install/create3_examples_py/lib/create3_examples_py
[2.476s] writing list of installed files to '/home/rss/robot_harry/robotik/build/create3_examples_py/install.log'
[2.615s] Invoked command in '/home/rss/robot_harry/robotik/src/create3_examples/create3_examples_py' returned '0': PYTHONPATH=/home/rss/robot_harry/robotik/build/create3_examples_py/prefix_override:/usr/lib/python3/dist-packages/colcon_core/task/python/colcon_distutils_commands:/home/rss/robot_harry/robotik/install/create3_examples_py/lib/python3.10/site-packages:${PYTHONPATH} /usr/bin/python3 -W ignore:setup.py install is deprecated -W ignore:easy_install command is deprecated setup.py egg_info --egg-base ../../../build/create3_examples_py build --build-base /home/rss/robot_harry/robotik/build/create3_examples_py/build install --record /home/rss/robot_harry/robotik/build/create3_examples_py/install.log --single-version-externally-managed install_data --force
