[1.617s] Invoking command in '/home/harry/robotik/src/robot_bringup': PYTHONPATH=/home/harry/robotik/build/robot_bringup/prefix_override:/usr/lib/python3/dist-packages/colcon_core/task/python/colcon_distutils_commands:/home/harry/robotik/install/robot_bringup/lib/python3.10/site-packages:${PYTHONPATH} /usr/bin/python3 -W ignore:setup.py install is deprecated -W ignore:easy_install command is deprecated setup.py egg_info --egg-base ../../build/robot_bringup build --build-base /home/harry/robotik/build/robot_bringup/build install --record /home/harry/robotik/build/robot_bringup/install.log --single-version-externally-managed install_data
[2.208s] running egg_info
[2.211s] writing ../../build/robot_bringup/robot_bringup.egg-info/PKG-INFO
[2.212s] writing dependency_links to ../../build/robot_bringup/robot_bringup.egg-info/dependency_links.txt
[2.213s] writing entry points to ../../build/robot_bringup/robot_bringup.egg-info/entry_points.txt
[2.213s] writing requirements to ../../build/robot_bringup/robot_bringup.egg-info/requires.txt
[2.214s] writing top-level names to ../../build/robot_bringup/robot_bringup.egg-info/top_level.txt
[2.219s] reading manifest file '../../build/robot_bringup/robot_bringup.egg-info/SOURCES.txt'
[2.221s] writing manifest file '../../build/robot_bringup/robot_bringup.egg-info/SOURCES.txt'
[2.221s] running build
[2.222s] running build_py
[2.222s] running install
[2.223s] running install_lib
[2.229s] running install_data
[2.230s] copying launch/robot1.launch.yaml -> /home/harry/robotik/install/robot_bringup/share/robot_bringup/launch
[2.230s] running install_egg_info
[2.235s] removing '/home/harry/robotik/install/robot_bringup/lib/python3.10/site-packages/robot_bringup-0.0.0-py3.10.egg-info' (and everything under it)
[2.236s] Copying ../../build/robot_bringup/robot_bringup.egg-info to /home/harry/robotik/install/robot_bringup/lib/python3.10/site-packages/robot_bringup-0.0.0-py3.10.egg-info
[2.240s] running install_scripts
[2.295s] writing list of installed files to '/home/harry/robotik/build/robot_bringup/install.log'
[2.352s] Invoked command in '/home/harry/robotik/src/robot_bringup' returned '0': PYTHONPATH=/home/harry/robotik/build/robot_bringup/prefix_override:/usr/lib/python3/dist-packages/colcon_core/task/python/colcon_distutils_commands:/home/harry/robotik/install/robot_bringup/lib/python3.10/site-packages:${PYTHONPATH} /usr/bin/python3 -W ignore:setup.py install is deprecated -W ignore:easy_install command is deprecated setup.py egg_info --egg-base ../../build/robot_bringup build --build-base /home/harry/robotik/build/robot_bringup/build install --record /home/harry/robotik/build/robot_bringup/install.log --single-version-externally-managed install_data
