[3.144s] Invoking command in '/home/harry/robotik/src/object_detection': PYTHONPATH=/home/harry/robotik/build/object_detection/prefix_override:/usr/lib/python3/dist-packages/colcon_core/task/python/colcon_distutils_commands:/home/harry/robotik/install/object_detection/lib/python3.10/site-packages:${PYTHONPATH} /usr/bin/python3 -W ignore:setup.py install is deprecated -W ignore:easy_install command is deprecated setup.py egg_info --egg-base ../../build/object_detection build --build-base /home/harry/robotik/build/object_detection/build install --record /home/harry/robotik/build/object_detection/install.log --single-version-externally-managed install_data
[3.948s] running egg_info
[3.950s] creating ../../build/object_detection/object_detection.egg-info
[3.951s] writing ../../build/object_detection/object_detection.egg-info/PKG-INFO
[3.952s] writing dependency_links to ../../build/object_detection/object_detection.egg-info/dependency_links.txt
[3.952s] writing entry points to ../../build/object_detection/object_detection.egg-info/entry_points.txt
[3.953s] writing requirements to ../../build/object_detection/object_detection.egg-info/requires.txt
[3.953s] writing top-level names to ../../build/object_detection/object_detection.egg-info/top_level.txt
[3.953s] writing manifest file '../../build/object_detection/object_detection.egg-info/SOURCES.txt'
[3.959s] reading manifest file '../../build/object_detection/object_detection.egg-info/SOURCES.txt'
[3.960s] writing manifest file '../../build/object_detection/object_detection.egg-info/SOURCES.txt'
[3.960s] running build
[3.960s] running build_py
[3.961s] creating /home/harry/robotik/build/object_detection/build
[3.961s] creating /home/harry/robotik/build/object_detection/build/lib
[3.962s] creating /home/harry/robotik/build/object_detection/build/lib/object_detection
[3.963s] copying object_detection/__init__.py -> /home/harry/robotik/build/object_detection/build/lib/object_detection
[3.963s] copying object_detection/yolo_detection.py -> /home/harry/robotik/build/object_detection/build/lib/object_detection
[3.964s] running install
[3.964s] running install_lib
[3.966s] creating /home/harry/robotik/install/object_detection/lib/python3.10/site-packages/object_detection
[3.967s] copying /home/harry/robotik/build/object_detection/build/lib/object_detection/__init__.py -> /home/harry/robotik/install/object_detection/lib/python3.10/site-packages/object_detection
[3.967s] copying /home/harry/robotik/build/object_detection/build/lib/object_detection/yolo_detection.py -> /home/harry/robotik/install/object_detection/lib/python3.10/site-packages/object_detection
[3.969s] byte-compiling /home/harry/robotik/install/object_detection/lib/python3.10/site-packages/object_detection/__init__.py to __init__.cpython-310.pyc
[3.970s] byte-compiling /home/harry/robotik/install/object_detection/lib/python3.10/site-packages/object_detection/yolo_detection.py to yolo_detection.cpython-310.pyc
[3.972s] running install_data
[3.972s] creating /home/harry/robotik/install/object_detection/share/ament_index
[3.972s] creating /home/harry/robotik/install/object_detection/share/ament_index/resource_index
[3.973s] creating /home/harry/robotik/install/object_detection/share/ament_index/resource_index/packages
[3.974s] copying resource/object_detection -> /home/harry/robotik/install/object_detection/share/ament_index/resource_index/packages
[3.974s] copying package.xml -> /home/harry/robotik/install/object_detection/share/object_detection
[3.974s] running install_egg_info
[3.978s] Copying ../../build/object_detection/object_detection.egg-info to /home/harry/robotik/install/object_detection/lib/python3.10/site-packages/object_detection-0.0.0-py3.10.egg-info
[4.022s] running install_scripts
[4.118s] Installing yolo_to_ros script to /home/harry/robotik/install/object_detection/lib/object_detection
[4.121s] writing list of installed files to '/home/harry/robotik/build/object_detection/install.log'
[4.178s] Invoked command in '/home/harry/robotik/src/object_detection' returned '0': PYTHONPATH=/home/harry/robotik/build/object_detection/prefix_override:/usr/lib/python3/dist-packages/colcon_core/task/python/colcon_distutils_commands:/home/harry/robotik/install/object_detection/lib/python3.10/site-packages:${PYTHONPATH} /usr/bin/python3 -W ignore:setup.py install is deprecated -W ignore:easy_install command is deprecated setup.py egg_info --egg-base ../../build/object_detection build --build-base /home/harry/robotik/build/object_detection/build install --record /home/harry/robotik/build/object_detection/install.log --single-version-externally-managed install_data
