running develop
running egg_info
creating create3_examples_py.egg-info
writing create3_examples_py.egg-info/PKG-INFO
writing dependency_links to create3_examples_py.egg-info/dependency_links.txt
writing entry points to create3_examples_py.egg-info/entry_points.txt
writing requirements to create3_examples_py.egg-info/requires.txt
writing top-level names to create3_examples_py.egg-info/top_level.txt
writing manifest file 'create3_examples_py.egg-info/SOURCES.txt'
reading manifest file 'create3_examples_py.egg-info/SOURCES.txt'
writing manifest file 'create3_examples_py.egg-info/SOURCES.txt'
running build_ext
Creating /home/rss/robot_harry/robotik/install/create3_examples_py/lib/python3.10/site-packages/create3-examples-py.egg-link (link to .)
Installing create3_dance script to /home/rss/robot_harry/robotik/install/create3_examples_py/lib/create3_examples_py

Installed /home/rss/robot_harry/robotik/build/create3_examples_py
running symlink_data
creating /home/rss/robot_harry/robotik/install/create3_examples_py/share/ament_index
creating /home/rss/robot_harry/robotik/install/create3_examples_py/share/ament_index/resource_index
creating /home/rss/robot_harry/robotik/install/create3_examples_py/share/ament_index/resource_index/packages
symbolically linking /home/rss/robot_harry/robotik/build/create3_examples_py/resource/create3_examples_py -> /home/rss/robot_harry/robotik/install/create3_examples_py/share/ament_index/resource_index/packages
symbolically linking /home/rss/robot_harry/robotik/build/create3_examples_py/package.xml -> /home/rss/robot_harry/robotik/install/create3_examples_py/share/create3_examples_py
