[1.502s] Invoking command in '/home/rss/robot_harry/robotik/build/create3_examples_py': PYTHONPATH=/home/rss/robot_harry/robotik/build/create3_examples_py/prefix_override:/usr/lib/python3/dist-packages/colcon_core/task/python/colcon_distutils_commands:/home/rss/robot_harry/robotik/install/create3_examples_py/lib/python3.10/site-packages:${PYTHONPATH} /usr/bin/python3 -W ignore:setup.py install is deprecated -W ignore:easy_install command is deprecated setup.py develop --editable --build-directory /home/rss/robot_harry/robotik/build/create3_examples_py/build --no-deps symlink_data
[2.410s] running develop
[2.921s] running egg_info
[2.935s] creating create3_examples_py.egg-info
[2.935s] writing create3_examples_py.egg-info/PKG-INFO
[2.935s] writing dependency_links to create3_examples_py.egg-info/dependency_links.txt
[2.935s] writing entry points to create3_examples_py.egg-info/entry_points.txt
[2.935s] writing requirements to create3_examples_py.egg-info/requires.txt
[2.935s] writing top-level names to create3_examples_py.egg-info/top_level.txt
[2.935s] writing manifest file 'create3_examples_py.egg-info/SOURCES.txt'
[2.936s] reading manifest file 'create3_examples_py.egg-info/SOURCES.txt'
[2.950s] writing manifest file 'create3_examples_py.egg-info/SOURCES.txt'
[2.951s] running build_ext
[2.951s] Creating /home/rss/robot_harry/robotik/install/create3_examples_py/lib/python3.10/site-packages/create3-examples-py.egg-link (link to .)
[2.955s] Installing create3_dance script to /home/rss/robot_harry/robotik/install/create3_examples_py/lib/create3_examples_py
[2.955s] 
[2.958s] Installed /home/rss/robot_harry/robotik/build/create3_examples_py
[2.958s] running symlink_data
[2.958s] creating /home/rss/robot_harry/robotik/install/create3_examples_py/share/ament_index
[2.958s] creating /home/rss/robot_harry/robotik/install/create3_examples_py/share/ament_index/resource_index
[2.958s] creating /home/rss/robot_harry/robotik/install/create3_examples_py/share/ament_index/resource_index/packages
[2.958s] symbolically linking /home/rss/robot_harry/robotik/build/create3_examples_py/resource/create3_examples_py -> /home/rss/robot_harry/robotik/install/create3_examples_py/share/ament_index/resource_index/packages
[2.958s] symbolically linking /home/rss/robot_harry/robotik/build/create3_examples_py/package.xml -> /home/rss/robot_harry/robotik/install/create3_examples_py/share/create3_examples_py
[3.486s] Invoked command in '/home/rss/robot_harry/robotik/build/create3_examples_py' returned '0': PYTHONPATH=/home/rss/robot_harry/robotik/build/create3_examples_py/prefix_override:/usr/lib/python3/dist-packages/colcon_core/task/python/colcon_distutils_commands:/home/rss/robot_harry/robotik/install/create3_examples_py/lib/python3.10/site-packages:${PYTHONPATH} /usr/bin/python3 -W ignore:setup.py install is deprecated -W ignore:easy_install command is deprecated setup.py develop --editable --build-directory /home/rss/robot_harry/robotik/build/create3_examples_py/build --no-deps symlink_data
