running develop
Removing /home/rss/robot_harry/robotik/install/tag_detection/lib/python3.10/site-packages/tag-detection.egg-link (link to .)
running egg_info
writing ../../build/tag_detection/tag_detection.egg-info/PKG-INFO
writing dependency_links to ../../build/tag_detection/tag_detection.egg-info/dependency_links.txt
writing entry points to ../../build/tag_detection/tag_detection.egg-info/entry_points.txt
writing requirements to ../../build/tag_detection/tag_detection.egg-info/requires.txt
writing top-level names to ../../build/tag_detection/tag_detection.egg-info/top_level.txt
reading manifest file '../../build/tag_detection/tag_detection.egg-info/SOURCES.txt'
writing manifest file '../../build/tag_detection/tag_detection.egg-info/SOURCES.txt'
running build
running build_py
creating /home/rss/robot_harry/robotik/build/tag_detection/build
creating /home/rss/robot_harry/robotik/build/tag_detection/build/lib
creating /home/rss/robot_harry/robotik/build/tag_detection/build/lib/tag_detection
copying tag_detection/__init__.py -> /home/rss/robot_harry/robotik/build/tag_detection/build/lib/tag_detection
copying tag_detection/tf_listener.py -> /home/rss/robot_harry/robotik/build/tag_detection/build/lib/tag_detection
copying tag_detection/distance_calculator.py -> /home/rss/robot_harry/robotik/build/tag_detection/build/lib/tag_detection
running install
running install_lib
creating /home/rss/robot_harry/robotik/install/tag_detection/lib/python3.10/site-packages/tag_detection
copying /home/rss/robot_harry/robotik/build/tag_detection/build/lib/tag_detection/__init__.py -> /home/rss/robot_harry/robotik/install/tag_detection/lib/python3.10/site-packages/tag_detection
copying /home/rss/robot_harry/robotik/build/tag_detection/build/lib/tag_detection/tf_listener.py -> /home/rss/robot_harry/robotik/install/tag_detection/lib/python3.10/site-packages/tag_detection
copying /home/rss/robot_harry/robotik/build/tag_detection/build/lib/tag_detection/distance_calculator.py -> /home/rss/robot_harry/robotik/install/tag_detection/lib/python3.10/site-packages/tag_detection
byte-compiling /home/rss/robot_harry/robotik/install/tag_detection/lib/python3.10/site-packages/tag_detection/__init__.py to __init__.cpython-310.pyc
byte-compiling /home/rss/robot_harry/robotik/install/tag_detection/lib/python3.10/site-packages/tag_detection/tf_listener.py to tf_listener.cpython-310.pyc
byte-compiling /home/rss/robot_harry/robotik/install/tag_detection/lib/python3.10/site-packages/tag_detection/distance_calculator.py to distance_calculator.cpython-310.pyc
running install_data
copying resource/tag_detection -> /home/rss/robot_harry/robotik/install/tag_detection/share/ament_index/resource_index/packages
copying package.xml -> /home/rss/robot_harry/robotik/install/tag_detection/share/tag_detection
copying launch/tag_detec_webcam.launch.yaml -> /home/rss/robot_harry/robotik/install/tag_detection/share/tag_detection/launch
copying launch/track.launch.yaml -> /home/rss/robot_harry/robotik/install/tag_detection/share/tag_detection/launch
copying launch/tag_detec.launch.yaml -> /home/rss/robot_harry/robotik/install/tag_detection/share/tag_detection/launch
running install_egg_info
Copying ../../build/tag_detection/tag_detection.egg-info to /home/rss/robot_harry/robotik/install/tag_detection/lib/python3.10/site-packages/tag_detection-0.0.0-py3.10.egg-info
running install_scripts
Installing distance_calc script to /home/rss/robot_harry/robotik/install/tag_detection/lib/tag_detection
Installing listenernode script to /home/rss/robot_harry/robotik/install/tag_detection/lib/tag_detection
writing list of installed files to '/home/rss/robot_harry/robotik/build/tag_detection/install.log'
