[0.748s] Invoking command in '/home/rss/robot_harry/robotik/build/tag_detection': PYTHONPATH=/home/rss/robot_harry/robotik/build/tag_detection/prefix_override:/usr/lib/python3/dist-packages/colcon_core/task/python/colcon_distutils_commands:/home/rss/robot_harry/robotik/install/tag_detection/lib/python3.10/site-packages:${PYTHONPATH} /usr/bin/python3 -W ignore:setup.py install is deprecated -W ignore:easy_install command is deprecated setup.py develop --uninstall --editable --build-directory /home/rss/robot_harry/robotik/build/tag_detection/build
[1.101s] running develop
[1.299s] Removing /home/rss/robot_harry/robotik/install/tag_detection/lib/python3.10/site-packages/tag-detection.egg-link (link to .)
[1.323s] Invoked command in '/home/rss/robot_harry/robotik/build/tag_detection' returned '0': PYTHONPATH=/home/rss/robot_harry/robotik/build/tag_detection/prefix_override:/usr/lib/python3/dist-packages/colcon_core/task/python/colcon_distutils_commands:/home/rss/robot_harry/robotik/install/tag_detection/lib/python3.10/site-packages:${PYTHONPATH} /usr/bin/python3 -W ignore:setup.py install is deprecated -W ignore:easy_install command is deprecated setup.py develop --uninstall --editable --build-directory /home/rss/robot_harry/robotik/build/tag_detection/build
[1.328s] Invoking command in '/home/rss/robot_harry/robotik/src/tag_detection': PYTHONPATH=/home/rss/robot_harry/robotik/build/tag_detection/prefix_override:/usr/lib/python3/dist-packages/colcon_core/task/python/colcon_distutils_commands:/home/rss/robot_harry/robotik/install/tag_detection/lib/python3.10/site-packages:${PYTHONPATH} /usr/bin/python3 -W ignore:setup.py install is deprecated -W ignore:easy_install command is deprecated setup.py egg_info --egg-base ../../build/tag_detection build --build-base /home/rss/robot_harry/robotik/build/tag_detection/build install --record /home/rss/robot_harry/robotik/build/tag_detection/install.log --single-version-externally-managed install_data --force
[1.633s] running egg_info
[1.633s] writing ../../build/tag_detection/tag_detection.egg-info/PKG-INFO
[1.634s] writing dependency_links to ../../build/tag_detection/tag_detection.egg-info/dependency_links.txt
[1.634s] writing entry points to ../../build/tag_detection/tag_detection.egg-info/entry_points.txt
[1.634s] writing requirements to ../../build/tag_detection/tag_detection.egg-info/requires.txt
[1.634s] writing top-level names to ../../build/tag_detection/tag_detection.egg-info/top_level.txt
[1.636s] reading manifest file '../../build/tag_detection/tag_detection.egg-info/SOURCES.txt'
[1.640s] writing manifest file '../../build/tag_detection/tag_detection.egg-info/SOURCES.txt'
[1.641s] running build
[1.641s] running build_py
[1.641s] creating /home/rss/robot_harry/robotik/build/tag_detection/build
[1.641s] creating /home/rss/robot_harry/robotik/build/tag_detection/build/lib
[1.641s] creating /home/rss/robot_harry/robotik/build/tag_detection/build/lib/tag_detection
[1.641s] copying tag_detection/__init__.py -> /home/rss/robot_harry/robotik/build/tag_detection/build/lib/tag_detection
[1.641s] copying tag_detection/tf_listener.py -> /home/rss/robot_harry/robotik/build/tag_detection/build/lib/tag_detection
[1.642s] copying tag_detection/distance_calculator.py -> /home/rss/robot_harry/robotik/build/tag_detection/build/lib/tag_detection
[1.642s] running install
[1.645s] running install_lib
[1.645s] creating /home/rss/robot_harry/robotik/install/tag_detection/lib/python3.10/site-packages/tag_detection
[1.645s] copying /home/rss/robot_harry/robotik/build/tag_detection/build/lib/tag_detection/__init__.py -> /home/rss/robot_harry/robotik/install/tag_detection/lib/python3.10/site-packages/tag_detection
[1.645s] copying /home/rss/robot_harry/robotik/build/tag_detection/build/lib/tag_detection/tf_listener.py -> /home/rss/robot_harry/robotik/install/tag_detection/lib/python3.10/site-packages/tag_detection
[1.645s] copying /home/rss/robot_harry/robotik/build/tag_detection/build/lib/tag_detection/distance_calculator.py -> /home/rss/robot_harry/robotik/install/tag_detection/lib/python3.10/site-packages/tag_detection
[1.645s] byte-compiling /home/rss/robot_harry/robotik/install/tag_detection/lib/python3.10/site-packages/tag_detection/__init__.py to __init__.cpython-310.pyc
[1.645s] byte-compiling /home/rss/robot_harry/robotik/install/tag_detection/lib/python3.10/site-packages/tag_detection/tf_listener.py to tf_listener.cpython-310.pyc
[1.645s] byte-compiling /home/rss/robot_harry/robotik/install/tag_detection/lib/python3.10/site-packages/tag_detection/distance_calculator.py to distance_calculator.cpython-310.pyc
[1.645s] running install_data
[1.645s] copying resource/tag_detection -> /home/rss/robot_harry/robotik/install/tag_detection/share/ament_index/resource_index/packages
[1.645s] copying package.xml -> /home/rss/robot_harry/robotik/install/tag_detection/share/tag_detection
[1.645s] copying launch/tag_detec_webcam.launch.yaml -> /home/rss/robot_harry/robotik/install/tag_detection/share/tag_detection/launch
[1.646s] copying launch/track.launch.yaml -> /home/rss/robot_harry/robotik/install/tag_detection/share/tag_detection/launch
[1.646s] copying launch/tag_detec.launch.yaml -> /home/rss/robot_harry/robotik/install/tag_detection/share/tag_detection/launch
[1.647s] running install_egg_info
[1.647s] Copying ../../build/tag_detection/tag_detection.egg-info to /home/rss/robot_harry/robotik/install/tag_detection/lib/python3.10/site-packages/tag_detection-0.0.0-py3.10.egg-info
[1.648s] running install_scripts
[1.669s] Installing distance_calc script to /home/rss/robot_harry/robotik/install/tag_detection/lib/tag_detection
[1.669s] Installing listenernode script to /home/rss/robot_harry/robotik/install/tag_detection/lib/tag_detection
[1.670s] writing list of installed files to '/home/rss/robot_harry/robotik/build/tag_detection/install.log'
[1.698s] Invoked command in '/home/rss/robot_harry/robotik/src/tag_detection' returned '0': PYTHONPATH=/home/rss/robot_harry/robotik/build/tag_detection/prefix_override:/usr/lib/python3/dist-packages/colcon_core/task/python/colcon_distutils_commands:/home/rss/robot_harry/robotik/install/tag_detection/lib/python3.10/site-packages:${PYTHONPATH} /usr/bin/python3 -W ignore:setup.py install is deprecated -W ignore:easy_install command is deprecated setup.py egg_info --egg-base ../../build/tag_detection build --build-base /home/rss/robot_harry/robotik/build/tag_detection/build install --record /home/rss/robot_harry/robotik/build/tag_detection/install.log --single-version-externally-managed install_data --force
