-- Found ament_cmake: 1.3.12 (/opt/ros/humble/share/ament_cmake/cmake)
-- Override CMake install command with custom implementation using symlinks instead of copying resources
-- Found rosidl_default_generators: 1.2.0 (/opt/ros/humble/share/rosidl_default_generators/cmake)
-- Using all available rosidl_typesupport_c: rosidl_typesupport_fastrtps_c;rosidl_typesupport_introspection_c
-- Found rosidl_adapter: 3.1.8 (/opt/ros/humble/share/rosidl_adapter/cmake)
-- Using all available rosidl_typesupport_cpp: rosidl_typesupport_fastrtps_cpp;rosidl_typesupport_introspection_cpp
-- Found action_msgs: 1.2.2 (/opt/ros/humble/share/action_msgs/cmake)
-- Found ament_cmake_cppcheck: 0.12.14 (/opt/ros/humble/share/ament_cmake_cppcheck/cmake)
-- Found ament_cmake_cpplint: 0.12.14 (/opt/ros/humble/share/ament_cmake_cpplint/cmake)
-- Found ament_cmake_uncrustify: 0.12.14 (/opt/ros/humble/share/ament_cmake_uncrustify/cmake)
-- Found ament_cmake_ros: 0.10.0 (/opt/ros/humble/share/ament_cmake_ros/cmake)
-- Using all available rosidl_typesupport_c: rosidl_typesupport_fastrtps_c;rosidl_typesupport_introspection_c
-- Using all available rosidl_typesupport_cpp: rosidl_typesupport_fastrtps_cpp;rosidl_typesupport_introspection_cpp
-- Found python_cmake_module: 0.10.0 (/opt/ros/humble/share/python_cmake_module/cmake)
-- Using PYTHON_EXECUTABLE: /usr/bin/python3
-- Using PYTHON_INCLUDE_DIRS: /usr/include/python3.10
-- Using PYTHON_LIBRARIES: /usr/lib/x86_64-linux-gnu/libpython3.10.so
-- Found ament_cmake_flake8: 0.12.14 (/opt/ros/humble/share/ament_cmake_flake8/cmake)
-- Found ament_cmake_pep257: 0.12.14 (/opt/ros/humble/share/ament_cmake_pep257/cmake)
-- Configuring done
-- Generating done
-- Build files have been written to: /home/rss/robot_harry/robotik/build/create3_examples_msgs
[35m[1mConsolidate compiler generated dependencies of target create3_examples_msgs__rosidl_generator_c[0m
[  3%] Built target create3_examples_msgs__cpp
[ 12%] Built target create3_examples_msgs__rosidl_generator_c
[35m[1mConsolidate compiler generated dependencies of target create3_examples_msgs__rosidl_typesupport_cpp[0m
[ 12%] Built target ament_cmake_python_symlink_create3_examples_msgs
[35m[1mConsolidate compiler generated dependencies of target create3_examples_msgs__rosidl_typesupport_c[0m
[35m[1mConsolidate compiler generated dependencies of target create3_examples_msgs__rosidl_typesupport_introspection_c[0m
[35m[1mConsolidate compiler generated dependencies of target create3_examples_msgs__rosidl_typesupport_fastrtps_c[0m
[35m[1mConsolidate compiler generated dependencies of target create3_examples_msgs__rosidl_typesupport_introspection_cpp[0m
[35m[1mConsolidate compiler generated dependencies of target create3_examples_msgs__rosidl_typesupport_fastrtps_cpp[0m
[ 22%] Built target create3_examples_msgs__rosidl_typesupport_c
[ 32%] Built target create3_examples_msgs__rosidl_typesupport_cpp
[ 41%] Built target create3_examples_msgs__rosidl_typesupport_fastrtps_c
[ 70%] Built target create3_examples_msgs__rosidl_typesupport_fastrtps_cpp
[ 51%] Built target create3_examples_msgs__rosidl_typesupport_introspection_cpp
[ 61%] Built target create3_examples_msgs__rosidl_typesupport_introspection_c
[ 70%] Built target create3_examples_msgs
[ 74%] Built target create3_examples_msgs__py
[35m[1mConsolidate compiler generated dependencies of target create3_examples_msgs__rosidl_generator_py[0m
[ 80%] Built target create3_examples_msgs__rosidl_generator_py
[35m[1mConsolidate compiler generated dependencies of target create3_examples_msgs__rosidl_typesupport_fastrtps_c__pyext[0m
[35m[1mConsolidate compiler generated dependencies of target create3_examples_msgs__rosidl_typesupport_introspection_c__pyext[0m
[35m[1mConsolidate compiler generated dependencies of target create3_examples_msgs__rosidl_typesupport_c__pyext[0m
[ 87%] Built target create3_examples_msgs__rosidl_typesupport_fastrtps_c__pyext
[ 93%] Built target create3_examples_msgs__rosidl_typesupport_introspection_c__pyext
[100%] Built target create3_examples_msgs__rosidl_typesupport_c__pyext
running egg_info
writing create3_examples_msgs.egg-info/PKG-INFO
writing dependency_links to create3_examples_msgs.egg-info/dependency_links.txt
writing top-level names to create3_examples_msgs.egg-info/top_level.txt
reading manifest file 'create3_examples_msgs.egg-info/SOURCES.txt'
writing manifest file 'create3_examples_msgs.egg-info/SOURCES.txt'
[100%] Built target ament_cmake_python_build_create3_examples_msgs_egg
-- Install configuration: ""
-- Execute custom install script
-- Up-to-date symlink: /home/rss/robot_harry/robotik/install/create3_examples_msgs/share/ament_index/resource_index/rosidl_interfaces/create3_examples_msgs
-- Up-to-date symlink: /home/rss/robot_harry/robotik/install/create3_examples_msgs/include/create3_examples_msgs/create3_examples_msgs/action/coverage.h
-- Up-to-date symlink: /home/rss/robot_harry/robotik/install/create3_examples_msgs/include/create3_examples_msgs/create3_examples_msgs/action/detail/coverage__functions.h
-- Up-to-date symlink: /home/rss/robot_harry/robotik/install/create3_examples_msgs/include/create3_examples_msgs/create3_examples_msgs/action/detail/coverage__struct.h
-- Up-to-date symlink: /home/rss/robot_harry/robotik/install/create3_examples_msgs/include/create3_examples_msgs/create3_examples_msgs/action/detail/coverage__type_support.h
-- Up-to-date symlink: /home/rss/robot_harry/robotik/install/create3_examples_msgs/include/create3_examples_msgs/create3_examples_msgs/msg/rosidl_generator_c__visibility_control.h
-- Up-to-date symlink: /home/rss/robot_harry/robotik/install/create3_examples_msgs/share/create3_examples_msgs/environment/library_path.sh
-- Up-to-date symlink: /home/rss/robot_harry/robotik/install/create3_examples_msgs/share/create3_examples_msgs/environment/library_path.dsv
-- Up-to-date symlink: /home/rss/robot_harry/robotik/install/create3_examples_msgs/include/create3_examples_msgs/create3_examples_msgs/action/detail/coverage__rosidl_typesupport_fastrtps_c.h
-- Up-to-date symlink: /home/rss/robot_harry/robotik/install/create3_examples_msgs/include/create3_examples_msgs/create3_examples_msgs/msg/rosidl_typesupport_fastrtps_c__visibility_control.h
-- Up-to-date symlink: /home/rss/robot_harry/robotik/install/create3_examples_msgs/include/create3_examples_msgs/create3_examples_msgs/action/detail/coverage__rosidl_typesupport_introspection_c.h
-- Up-to-date symlink: /home/rss/robot_harry/robotik/install/create3_examples_msgs/include/create3_examples_msgs/create3_examples_msgs/msg/rosidl_typesupport_introspection_c__visibility_control.h
-- Up-to-date symlink: /home/rss/robot_harry/robotik/install/create3_examples_msgs/include/create3_examples_msgs/create3_examples_msgs/action/coverage.hpp
-- Up-to-date symlink: /home/rss/robot_harry/robotik/install/create3_examples_msgs/include/create3_examples_msgs/create3_examples_msgs/action/detail/coverage__builder.hpp
-- Up-to-date symlink: /home/rss/robot_harry/robotik/install/create3_examples_msgs/include/create3_examples_msgs/create3_examples_msgs/action/detail/coverage__struct.hpp
-- Up-to-date symlink: /home/rss/robot_harry/robotik/install/create3_examples_msgs/include/create3_examples_msgs/create3_examples_msgs/action/detail/coverage__traits.hpp
-- Up-to-date symlink: /home/rss/robot_harry/robotik/install/create3_examples_msgs/include/create3_examples_msgs/create3_examples_msgs/action/detail/coverage__type_support.hpp
-- Up-to-date symlink: /home/rss/robot_harry/robotik/install/create3_examples_msgs/include/create3_examples_msgs/create3_examples_msgs/msg/rosidl_generator_cpp__visibility_control.hpp
-- Up-to-date symlink: /home/rss/robot_harry/robotik/install/create3_examples_msgs/include/create3_examples_msgs/create3_examples_msgs/action/detail/coverage__rosidl_typesupport_fastrtps_cpp.hpp
-- Up-to-date symlink: /home/rss/robot_harry/robotik/install/create3_examples_msgs/include/create3_examples_msgs/create3_examples_msgs/msg/rosidl_typesupport_fastrtps_cpp__visibility_control.h
-- Up-to-date symlink: /home/rss/robot_harry/robotik/install/create3_examples_msgs/include/create3_examples_msgs/create3_examples_msgs/action/detail/coverage__rosidl_typesupport_introspection_cpp.hpp
-- Up-to-date symlink: /home/rss/robot_harry/robotik/install/create3_examples_msgs/share/create3_examples_msgs/environment/pythonpath.sh
-- Up-to-date symlink: /home/rss/robot_harry/robotik/install/create3_examples_msgs/share/create3_examples_msgs/environment/pythonpath.dsv
-- Up-to-date symlink: /home/rss/robot_harry/robotik/install/create3_examples_msgs/local/lib/python3.10/dist-packages/create3_examples_msgs-0.0.5-py3.10.egg-info/PKG-INFO
-- Up-to-date symlink: /home/rss/robot_harry/robotik/install/create3_examples_msgs/local/lib/python3.10/dist-packages/create3_examples_msgs-0.0.5-py3.10.egg-info/SOURCES.txt
-- Up-to-date symlink: /home/rss/robot_harry/robotik/install/create3_examples_msgs/local/lib/python3.10/dist-packages/create3_examples_msgs-0.0.5-py3.10.egg-info/dependency_links.txt
-- Up-to-date symlink: /home/rss/robot_harry/robotik/install/create3_examples_msgs/local/lib/python3.10/dist-packages/create3_examples_msgs-0.0.5-py3.10.egg-info/top_level.txt
-- Up-to-date symlink: /home/rss/robot_harry/robotik/install/create3_examples_msgs/local/lib/python3.10/dist-packages/create3_examples_msgs/__init__.py
-- Up-to-date symlink: /home/rss/robot_harry/robotik/install/create3_examples_msgs/local/lib/python3.10/dist-packages/create3_examples_msgs/_create3_examples_msgs_s.ep.rosidl_typesupport_c.c
-- Up-to-date symlink: /home/rss/robot_harry/robotik/install/create3_examples_msgs/local/lib/python3.10/dist-packages/create3_examples_msgs/_create3_examples_msgs_s.ep.rosidl_typesupport_fastrtps_c.c
-- Up-to-date symlink: /home/rss/robot_harry/robotik/install/create3_examples_msgs/local/lib/python3.10/dist-packages/create3_examples_msgs/_create3_examples_msgs_s.ep.rosidl_typesupport_introspection_c.c
-- Up-to-date symlink: /home/rss/robot_harry/robotik/install/create3_examples_msgs/local/lib/python3.10/dist-packages/create3_examples_msgs/action/__init__.py
-- Up-to-date symlink: /home/rss/robot_harry/robotik/install/create3_examples_msgs/local/lib/python3.10/dist-packages/create3_examples_msgs/action/_coverage.py
-- Up-to-date symlink: /home/rss/robot_harry/robotik/install/create3_examples_msgs/local/lib/python3.10/dist-packages/create3_examples_msgs/action/_coverage_s.c
-- Up-to-date symlink: /home/rss/robot_harry/robotik/install/create3_examples_msgs/local/lib/python3.10/dist-packages/create3_examples_msgs/create3_examples_msgs_s__rosidl_typesupport_c.cpython-310-x86_64-linux-gnu.so
-- Up-to-date symlink: /home/rss/robot_harry/robotik/install/create3_examples_msgs/local/lib/python3.10/dist-packages/create3_examples_msgs/create3_examples_msgs_s__rosidl_typesupport_fastrtps_c.cpython-310-x86_64-linux-gnu.so
-- Up-to-date symlink: /home/rss/robot_harry/robotik/install/create3_examples_msgs/local/lib/python3.10/dist-packages/create3_examples_msgs/create3_examples_msgs_s__rosidl_typesupport_introspection_c.cpython-310-x86_64-linux-gnu.so
-- Up-to-date symlink: /home/rss/robot_harry/robotik/install/create3_examples_msgs/local/lib/python3.10/dist-packages/create3_examples_msgs/libcreate3_examples_msgs__rosidl_generator_py.so
-- Up-to-date symlink: /home/rss/robot_harry/robotik/install/create3_examples_msgs/local/lib/python3.10/dist-packages/create3_examples_msgs/create3_examples_msgs_s__rosidl_typesupport_fastrtps_c.cpython-310-x86_64-linux-gnu.so
-- Up-to-date symlink: /home/rss/robot_harry/robotik/install/create3_examples_msgs/local/lib/python3.10/dist-packages/create3_examples_msgs/create3_examples_msgs_s__rosidl_typesupport_introspection_c.cpython-310-x86_64-linux-gnu.so
-- Up-to-date symlink: /home/rss/robot_harry/robotik/install/create3_examples_msgs/local/lib/python3.10/dist-packages/create3_examples_msgs/create3_examples_msgs_s__rosidl_typesupport_c.cpython-310-x86_64-linux-gnu.so
-- Up-to-date symlink: /home/rss/robot_harry/robotik/install/create3_examples_msgs/share/create3_examples_msgs/action/Coverage.idl
-- Up-to-date symlink: /home/rss/robot_harry/robotik/install/create3_examples_msgs/share/create3_examples_msgs/action/Coverage.action
-- Up-to-date symlink: /home/rss/robot_harry/robotik/install/create3_examples_msgs/share/ament_index/resource_index/package_run_dependencies/create3_examples_msgs
-- Up-to-date symlink: /home/rss/robot_harry/robotik/install/create3_examples_msgs/share/ament_index/resource_index/parent_prefix_path/create3_examples_msgs
-- Up-to-date symlink: /home/rss/robot_harry/robotik/install/create3_examples_msgs/share/create3_examples_msgs/environment/ament_prefix_path.sh
-- Up-to-date symlink: /home/rss/robot_harry/robotik/install/create3_examples_msgs/share/create3_examples_msgs/environment/ament_prefix_path.dsv
-- Up-to-date symlink: /home/rss/robot_harry/robotik/install/create3_examples_msgs/share/create3_examples_msgs/environment/path.sh
-- Up-to-date symlink: /home/rss/robot_harry/robotik/install/create3_examples_msgs/share/create3_examples_msgs/environment/path.dsv
-- Up-to-date symlink: /home/rss/robot_harry/robotik/install/create3_examples_msgs/share/create3_examples_msgs/local_setup.bash
-- Up-to-date symlink: /home/rss/robot_harry/robotik/install/create3_examples_msgs/share/create3_examples_msgs/local_setup.sh
-- Up-to-date symlink: /home/rss/robot_harry/robotik/install/create3_examples_msgs/share/create3_examples_msgs/local_setup.zsh
-- Up-to-date symlink: /home/rss/robot_harry/robotik/install/create3_examples_msgs/share/create3_examples_msgs/local_setup.dsv
-- Symlinking: /home/rss/robot_harry/robotik/install/create3_examples_msgs/share/create3_examples_msgs/package.dsv
-- Up-to-date symlink: /home/rss/robot_harry/robotik/install/create3_examples_msgs/share/ament_index/resource_index/packages/create3_examples_msgs
-- Up-to-date symlink: /home/rss/robot_harry/robotik/install/create3_examples_msgs/share/create3_examples_msgs/cmake/rosidl_cmake-extras.cmake
-- Up-to-date symlink: /home/rss/robot_harry/robotik/install/create3_examples_msgs/share/create3_examples_msgs/cmake/ament_cmake_export_dependencies-extras.cmake
-- Up-to-date symlink: /home/rss/robot_harry/robotik/install/create3_examples_msgs/share/create3_examples_msgs/cmake/ament_cmake_export_include_directories-extras.cmake
-- Up-to-date symlink: /home/rss/robot_harry/robotik/install/create3_examples_msgs/share/create3_examples_msgs/cmake/ament_cmake_export_libraries-extras.cmake
-- Up-to-date symlink: /home/rss/robot_harry/robotik/install/create3_examples_msgs/share/create3_examples_msgs/cmake/ament_cmake_export_targets-extras.cmake
-- Up-to-date symlink: /home/rss/robot_harry/robotik/install/create3_examples_msgs/share/create3_examples_msgs/cmake/rosidl_cmake_export_typesupport_targets-extras.cmake
-- Up-to-date symlink: /home/rss/robot_harry/robotik/install/create3_examples_msgs/share/create3_examples_msgs/cmake/rosidl_cmake_export_typesupport_libraries-extras.cmake
-- Up-to-date symlink: /home/rss/robot_harry/robotik/install/create3_examples_msgs/share/create3_examples_msgs/cmake/create3_examples_msgsConfig.cmake
-- Up-to-date symlink: /home/rss/robot_harry/robotik/install/create3_examples_msgs/share/create3_examples_msgs/cmake/create3_examples_msgsConfig-version.cmake
-- Up-to-date symlink: /home/rss/robot_harry/robotik/install/create3_examples_msgs/share/create3_examples_msgs/package.xml
-- Up-to-date: /home/rss/robot_harry/robotik/install/create3_examples_msgs/lib/libcreate3_examples_msgs__rosidl_generator_c.so
-- Up-to-date: /home/rss/robot_harry/robotik/install/create3_examples_msgs/lib/libcreate3_examples_msgs__rosidl_typesupport_fastrtps_c.so
-- Up-to-date: /home/rss/robot_harry/robotik/install/create3_examples_msgs/lib/libcreate3_examples_msgs__rosidl_typesupport_introspection_c.so
-- Up-to-date: /home/rss/robot_harry/robotik/install/create3_examples_msgs/lib/libcreate3_examples_msgs__rosidl_typesupport_c.so
-- Up-to-date: /home/rss/robot_harry/robotik/install/create3_examples_msgs/lib/libcreate3_examples_msgs__rosidl_typesupport_fastrtps_cpp.so
-- Up-to-date: /home/rss/robot_harry/robotik/install/create3_examples_msgs/lib/libcreate3_examples_msgs__rosidl_typesupport_introspection_cpp.so
-- Up-to-date: /home/rss/robot_harry/robotik/install/create3_examples_msgs/lib/libcreate3_examples_msgs__rosidl_typesupport_cpp.so
Listing '/home/rss/robot_harry/robotik/install/create3_examples_msgs/local/lib/python3.10/dist-packages/create3_examples_msgs'...
Compiling '/home/rss/robot_harry/robotik/install/create3_examples_msgs/local/lib/python3.10/dist-packages/create3_examples_msgs/__init__.py'...
Listing '/home/rss/robot_harry/robotik/install/create3_examples_msgs/local/lib/python3.10/dist-packages/create3_examples_msgs/action'...
-- Up-to-date: /home/rss/robot_harry/robotik/install/create3_examples_msgs/lib/libcreate3_examples_msgs__rosidl_generator_py.so
-- Up-to-date: /home/rss/robot_harry/robotik/install/create3_examples_msgs/share/create3_examples_msgs/cmake/export_create3_examples_msgs__rosidl_generator_cExport.cmake
-- Up-to-date: /home/rss/robot_harry/robotik/install/create3_examples_msgs/share/create3_examples_msgs/cmake/export_create3_examples_msgs__rosidl_generator_cExport-noconfig.cmake
-- Up-to-date: /home/rss/robot_harry/robotik/install/create3_examples_msgs/share/create3_examples_msgs/cmake/export_create3_examples_msgs__rosidl_typesupport_fastrtps_cExport.cmake
-- Up-to-date: /home/rss/robot_harry/robotik/install/create3_examples_msgs/share/create3_examples_msgs/cmake/export_create3_examples_msgs__rosidl_typesupport_fastrtps_cExport-noconfig.cmake
-- Up-to-date: /home/rss/robot_harry/robotik/install/create3_examples_msgs/share/create3_examples_msgs/cmake/create3_examples_msgs__rosidl_typesupport_introspection_cExport.cmake
-- Up-to-date: /home/rss/robot_harry/robotik/install/create3_examples_msgs/share/create3_examples_msgs/cmake/create3_examples_msgs__rosidl_typesupport_introspection_cExport-noconfig.cmake
-- Up-to-date: /home/rss/robot_harry/robotik/install/create3_examples_msgs/share/create3_examples_msgs/cmake/create3_examples_msgs__rosidl_typesupport_cExport.cmake
-- Up-to-date: /home/rss/robot_harry/robotik/install/create3_examples_msgs/share/create3_examples_msgs/cmake/create3_examples_msgs__rosidl_typesupport_cExport-noconfig.cmake
-- Up-to-date: /home/rss/robot_harry/robotik/install/create3_examples_msgs/share/create3_examples_msgs/cmake/export_create3_examples_msgs__rosidl_generator_cppExport.cmake
-- Up-to-date: /home/rss/robot_harry/robotik/install/create3_examples_msgs/share/create3_examples_msgs/cmake/export_create3_examples_msgs__rosidl_typesupport_fastrtps_cppExport.cmake
-- Up-to-date: /home/rss/robot_harry/robotik/install/create3_examples_msgs/share/create3_examples_msgs/cmake/export_create3_examples_msgs__rosidl_typesupport_fastrtps_cppExport-noconfig.cmake
-- Up-to-date: /home/rss/robot_harry/robotik/install/create3_examples_msgs/share/create3_examples_msgs/cmake/create3_examples_msgs__rosidl_typesupport_introspection_cppExport.cmake
-- Up-to-date: /home/rss/robot_harry/robotik/install/create3_examples_msgs/share/create3_examples_msgs/cmake/create3_examples_msgs__rosidl_typesupport_introspection_cppExport-noconfig.cmake
-- Up-to-date: /home/rss/robot_harry/robotik/install/create3_examples_msgs/share/create3_examples_msgs/cmake/create3_examples_msgs__rosidl_typesupport_cppExport.cmake
-- Up-to-date: /home/rss/robot_harry/robotik/install/create3_examples_msgs/share/create3_examples_msgs/cmake/create3_examples_msgs__rosidl_typesupport_cppExport-noconfig.cmake
-- Up-to-date: /home/rss/robot_harry/robotik/install/create3_examples_msgs/share/create3_examples_msgs/cmake/export_create3_examples_msgs__rosidl_generator_pyExport.cmake
-- Up-to-date: /home/rss/robot_harry/robotik/install/create3_examples_msgs/share/create3_examples_msgs/cmake/export_create3_examples_msgs__rosidl_generator_pyExport-noconfig.cmake
