[0.030s] Invoking command in '/home/rss/robot_harry/robotik/build/create3_examples_msgs': CMAKE_PREFIX_PATH=${CMAKE_PREFIX_PATH}:/home/rss/robot_harry/robotik/install/webcam_bringup:/home/rss/robot_harry/robotik/install/teleop:/home/rss/robot_harry/robotik/install/tag_detection:/home/rss/robot_harry/robotik/install/robot_bringup:/home/rss/robot_harry/robotik/install/pub_sub:/home/rss/robot_harry/robotik/install/object_detection:/home/rss/robot_harry/robotik/install/my_robot_navigation:/home/rss/robot_harry/robotik/install/create3_teleop:/home/rss/robot_harry/robotik/install/create3_examples_py:/opt/ros/humble /usr/bin/cmake /home/rss/robot_harry/robotik/src/create3_examples/create3_examples_msgs -DCMAKE_INSTALL_PREFIX=/home/rss/robot_harry/robotik/install/create3_examples_msgs
[0.683s] -- Found ament_cmake: 1.3.12 (/opt/ros/humble/share/ament_cmake/cmake)
[0.683s] -- Override CMake install command with custom implementation using symlinks instead of copying resources
[0.683s] -- Found rosidl_default_generators: 1.2.0 (/opt/ros/humble/share/rosidl_default_generators/cmake)
[0.683s] -- Using all available rosidl_typesupport_c: rosidl_typesupport_fastrtps_c;rosidl_typesupport_introspection_c
[0.684s] -- Found rosidl_adapter: 3.1.8 (/opt/ros/humble/share/rosidl_adapter/cmake)
[0.684s] -- Using all available rosidl_typesupport_cpp: rosidl_typesupport_fastrtps_cpp;rosidl_typesupport_introspection_cpp
[0.684s] -- Found action_msgs: 1.2.2 (/opt/ros/humble/share/action_msgs/cmake)
[0.684s] -- Found ament_cmake_cppcheck: 0.12.14 (/opt/ros/humble/share/ament_cmake_cppcheck/cmake)
[0.684s] -- Found ament_cmake_cpplint: 0.12.14 (/opt/ros/humble/share/ament_cmake_cpplint/cmake)
[0.684s] -- Found ament_cmake_uncrustify: 0.12.14 (/opt/ros/humble/share/ament_cmake_uncrustify/cmake)
[0.684s] -- Found ament_cmake_ros: 0.10.0 (/opt/ros/humble/share/ament_cmake_ros/cmake)
[0.684s] -- Using all available rosidl_typesupport_c: rosidl_typesupport_fastrtps_c;rosidl_typesupport_introspection_c
[0.768s] -- Using all available rosidl_typesupport_cpp: rosidl_typesupport_fastrtps_cpp;rosidl_typesupport_introspection_cpp
[0.787s] -- Found python_cmake_module: 0.10.0 (/opt/ros/humble/share/python_cmake_module/cmake)
[0.805s] -- Using PYTHON_EXECUTABLE: /usr/bin/python3
[0.805s] -- Using PYTHON_INCLUDE_DIRS: /usr/include/python3.10
[0.805s] -- Using PYTHON_LIBRARIES: /usr/lib/x86_64-linux-gnu/libpython3.10.so
[0.823s] -- Found ament_cmake_flake8: 0.12.14 (/opt/ros/humble/share/ament_cmake_flake8/cmake)
[0.823s] -- Found ament_cmake_pep257: 0.12.14 (/opt/ros/humble/share/ament_cmake_pep257/cmake)
[0.829s] -- Configuring done
[0.851s] -- Generating done
[0.859s] -- Build files have been written to: /home/rss/robot_harry/robotik/build/create3_examples_msgs
[0.921s] Invoked command in '/home/rss/robot_harry/robotik/build/create3_examples_msgs' returned '0': CMAKE_PREFIX_PATH=${CMAKE_PREFIX_PATH}:/home/rss/robot_harry/robotik/install/webcam_bringup:/home/rss/robot_harry/robotik/install/teleop:/home/rss/robot_harry/robotik/install/tag_detection:/home/rss/robot_harry/robotik/install/robot_bringup:/home/rss/robot_harry/robotik/install/pub_sub:/home/rss/robot_harry/robotik/install/object_detection:/home/rss/robot_harry/robotik/install/my_robot_navigation:/home/rss/robot_harry/robotik/install/create3_teleop:/home/rss/robot_harry/robotik/install/create3_examples_py:/opt/ros/humble /usr/bin/cmake /home/rss/robot_harry/robotik/src/create3_examples/create3_examples_msgs -DCMAKE_INSTALL_PREFIX=/home/rss/robot_harry/robotik/install/create3_examples_msgs
[0.922s] Invoking command in '/home/rss/robot_harry/robotik/build/create3_examples_msgs': CMAKE_PREFIX_PATH=${CMAKE_PREFIX_PATH}:/home/rss/robot_harry/robotik/install/webcam_bringup:/home/rss/robot_harry/robotik/install/teleop:/home/rss/robot_harry/robotik/install/tag_detection:/home/rss/robot_harry/robotik/install/robot_bringup:/home/rss/robot_harry/robotik/install/pub_sub:/home/rss/robot_harry/robotik/install/object_detection:/home/rss/robot_harry/robotik/install/my_robot_navigation:/home/rss/robot_harry/robotik/install/create3_teleop:/home/rss/robot_harry/robotik/install/create3_examples_py:/opt/ros/humble /usr/bin/cmake --build /home/rss/robot_harry/robotik/build/create3_examples_msgs -- -j8 -l8
[0.976s] [35m[1mConsolidate compiler generated dependencies of target create3_examples_msgs__rosidl_generator_c[0m
[0.993s] [  3%] Built target create3_examples_msgs__cpp
[0.999s] [ 12%] Built target create3_examples_msgs__rosidl_generator_c
[1.013s] [35m[1mConsolidate compiler generated dependencies of target create3_examples_msgs__rosidl_typesupport_cpp[0m
[1.014s] [ 12%] Built target ament_cmake_python_symlink_create3_examples_msgs
[1.024s] [35m[1mConsolidate compiler generated dependencies of target create3_examples_msgs__rosidl_typesupport_c[0m
[1.024s] [35m[1mConsolidate compiler generated dependencies of target create3_examples_msgs__rosidl_typesupport_introspection_c[0m
[1.024s] [35m[1mConsolidate compiler generated dependencies of target create3_examples_msgs__rosidl_typesupport_fastrtps_c[0m
[1.025s] [35m[1mConsolidate compiler generated dependencies of target create3_examples_msgs__rosidl_typesupport_introspection_cpp[0m
[1.027s] [35m[1mConsolidate compiler generated dependencies of target create3_examples_msgs__rosidl_typesupport_fastrtps_cpp[0m
[1.048s] [ 22%] Built target create3_examples_msgs__rosidl_typesupport_c
[1.059s] [ 32%] Built target create3_examples_msgs__rosidl_typesupport_cpp
[1.064s] [ 41%] Built target create3_examples_msgs__rosidl_typesupport_fastrtps_c
[1.064s] [ 70%] Built target create3_examples_msgs__rosidl_typesupport_fastrtps_cpp
[1.065s] [ 51%] Built target create3_examples_msgs__rosidl_typesupport_introspection_cpp
[1.066s] [ 61%] Built target create3_examples_msgs__rosidl_typesupport_introspection_c
[1.104s] [ 70%] Built target create3_examples_msgs
[1.124s] [ 74%] Built target create3_examples_msgs__py
[1.145s] [35m[1mConsolidate compiler generated dependencies of target create3_examples_msgs__rosidl_generator_py[0m
[1.163s] [ 80%] Built target create3_examples_msgs__rosidl_generator_py
[1.176s] [35m[1mConsolidate compiler generated dependencies of target create3_examples_msgs__rosidl_typesupport_fastrtps_c__pyext[0m
[1.187s] [35m[1mConsolidate compiler generated dependencies of target create3_examples_msgs__rosidl_typesupport_introspection_c__pyext[0m
[1.188s] [35m[1mConsolidate compiler generated dependencies of target create3_examples_msgs__rosidl_typesupport_c__pyext[0m
[1.201s] [ 87%] Built target create3_examples_msgs__rosidl_typesupport_fastrtps_c__pyext
[1.207s] [ 93%] Built target create3_examples_msgs__rosidl_typesupport_introspection_c__pyext
[1.217s] [100%] Built target create3_examples_msgs__rosidl_typesupport_c__pyext
[1.318s] running egg_info
[1.318s] writing create3_examples_msgs.egg-info/PKG-INFO
[1.318s] writing dependency_links to create3_examples_msgs.egg-info/dependency_links.txt
[1.318s] writing top-level names to create3_examples_msgs.egg-info/top_level.txt
[1.319s] reading manifest file 'create3_examples_msgs.egg-info/SOURCES.txt'
[1.320s] writing manifest file 'create3_examples_msgs.egg-info/SOURCES.txt'
[1.344s] [100%] Built target ament_cmake_python_build_create3_examples_msgs_egg
[1.389s] Invoked command in '/home/rss/robot_harry/robotik/build/create3_examples_msgs' returned '0': CMAKE_PREFIX_PATH=${CMAKE_PREFIX_PATH}:/home/rss/robot_harry/robotik/install/webcam_bringup:/home/rss/robot_harry/robotik/install/teleop:/home/rss/robot_harry/robotik/install/tag_detection:/home/rss/robot_harry/robotik/install/robot_bringup:/home/rss/robot_harry/robotik/install/pub_sub:/home/rss/robot_harry/robotik/install/object_detection:/home/rss/robot_harry/robotik/install/my_robot_navigation:/home/rss/robot_harry/robotik/install/create3_teleop:/home/rss/robot_harry/robotik/install/create3_examples_py:/opt/ros/humble /usr/bin/cmake --build /home/rss/robot_harry/robotik/build/create3_examples_msgs -- -j8 -l8
[1.390s] Invoking command in '/home/rss/robot_harry/robotik/build/create3_examples_msgs': CMAKE_PREFIX_PATH=${CMAKE_PREFIX_PATH}:/home/rss/robot_harry/robotik/install/webcam_bringup:/home/rss/robot_harry/robotik/install/teleop:/home/rss/robot_harry/robotik/install/tag_detection:/home/rss/robot_harry/robotik/install/robot_bringup:/home/rss/robot_harry/robotik/install/pub_sub:/home/rss/robot_harry/robotik/install/object_detection:/home/rss/robot_harry/robotik/install/my_robot_navigation:/home/rss/robot_harry/robotik/install/create3_teleop:/home/rss/robot_harry/robotik/install/create3_examples_py:/opt/ros/humble /usr/bin/cmake --install /home/rss/robot_harry/robotik/build/create3_examples_msgs
[1.396s] -- Install configuration: ""
[1.397s] -- Execute custom install script
[1.397s] -- Up-to-date symlink: /home/rss/robot_harry/robotik/install/create3_examples_msgs/share/ament_index/resource_index/rosidl_interfaces/create3_examples_msgs
[1.397s] -- Up-to-date symlink: /home/rss/robot_harry/robotik/install/create3_examples_msgs/include/create3_examples_msgs/create3_examples_msgs/action/coverage.h
[1.397s] -- Up-to-date symlink: /home/rss/robot_harry/robotik/install/create3_examples_msgs/include/create3_examples_msgs/create3_examples_msgs/action/detail/coverage__functions.h
[1.397s] -- Up-to-date symlink: /home/rss/robot_harry/robotik/install/create3_examples_msgs/include/create3_examples_msgs/create3_examples_msgs/action/detail/coverage__struct.h
[1.397s] -- Up-to-date symlink: /home/rss/robot_harry/robotik/install/create3_examples_msgs/include/create3_examples_msgs/create3_examples_msgs/action/detail/coverage__type_support.h
[1.397s] -- Up-to-date symlink: /home/rss/robot_harry/robotik/install/create3_examples_msgs/include/create3_examples_msgs/create3_examples_msgs/msg/rosidl_generator_c__visibility_control.h
[1.397s] -- Up-to-date symlink: /home/rss/robot_harry/robotik/install/create3_examples_msgs/share/create3_examples_msgs/environment/library_path.sh
[1.397s] -- Up-to-date symlink: /home/rss/robot_harry/robotik/install/create3_examples_msgs/share/create3_examples_msgs/environment/library_path.dsv
[1.397s] -- Up-to-date symlink: /home/rss/robot_harry/robotik/install/create3_examples_msgs/include/create3_examples_msgs/create3_examples_msgs/action/detail/coverage__rosidl_typesupport_fastrtps_c.h
[1.397s] -- Up-to-date symlink: /home/rss/robot_harry/robotik/install/create3_examples_msgs/include/create3_examples_msgs/create3_examples_msgs/msg/rosidl_typesupport_fastrtps_c__visibility_control.h
[1.397s] -- Up-to-date symlink: /home/rss/robot_harry/robotik/install/create3_examples_msgs/include/create3_examples_msgs/create3_examples_msgs/action/detail/coverage__rosidl_typesupport_introspection_c.h
[1.397s] -- Up-to-date symlink: /home/rss/robot_harry/robotik/install/create3_examples_msgs/include/create3_examples_msgs/create3_examples_msgs/msg/rosidl_typesupport_introspection_c__visibility_control.h
[1.397s] -- Up-to-date symlink: /home/rss/robot_harry/robotik/install/create3_examples_msgs/include/create3_examples_msgs/create3_examples_msgs/action/coverage.hpp
[1.397s] -- Up-to-date symlink: /home/rss/robot_harry/robotik/install/create3_examples_msgs/include/create3_examples_msgs/create3_examples_msgs/action/detail/coverage__builder.hpp
[1.398s] -- Up-to-date symlink: /home/rss/robot_harry/robotik/install/create3_examples_msgs/include/create3_examples_msgs/create3_examples_msgs/action/detail/coverage__struct.hpp
[1.398s] -- Up-to-date symlink: /home/rss/robot_harry/robotik/install/create3_examples_msgs/include/create3_examples_msgs/create3_examples_msgs/action/detail/coverage__traits.hpp
[1.398s] -- Up-to-date symlink: /home/rss/robot_harry/robotik/install/create3_examples_msgs/include/create3_examples_msgs/create3_examples_msgs/action/detail/coverage__type_support.hpp
[1.398s] -- Up-to-date symlink: /home/rss/robot_harry/robotik/install/create3_examples_msgs/include/create3_examples_msgs/create3_examples_msgs/msg/rosidl_generator_cpp__visibility_control.hpp
[1.399s] -- Up-to-date symlink: /home/rss/robot_harry/robotik/install/create3_examples_msgs/include/create3_examples_msgs/create3_examples_msgs/action/detail/coverage__rosidl_typesupport_fastrtps_cpp.hpp
[1.399s] -- Up-to-date symlink: /home/rss/robot_harry/robotik/install/create3_examples_msgs/include/create3_examples_msgs/create3_examples_msgs/msg/rosidl_typesupport_fastrtps_cpp__visibility_control.h
[1.402s] -- Up-to-date symlink: /home/rss/robot_harry/robotik/install/create3_examples_msgs/include/create3_examples_msgs/create3_examples_msgs/action/detail/coverage__rosidl_typesupport_introspection_cpp.hpp
[1.402s] -- Up-to-date symlink: /home/rss/robot_harry/robotik/install/create3_examples_msgs/share/create3_examples_msgs/environment/pythonpath.sh
[1.402s] -- Up-to-date symlink: /home/rss/robot_harry/robotik/install/create3_examples_msgs/share/create3_examples_msgs/environment/pythonpath.dsv
[1.402s] -- Up-to-date symlink: /home/rss/robot_harry/robotik/install/create3_examples_msgs/local/lib/python3.10/dist-packages/create3_examples_msgs-0.0.5-py3.10.egg-info/PKG-INFO
[1.402s] -- Up-to-date symlink: /home/rss/robot_harry/robotik/install/create3_examples_msgs/local/lib/python3.10/dist-packages/create3_examples_msgs-0.0.5-py3.10.egg-info/SOURCES.txt
[1.403s] -- Up-to-date symlink: /home/rss/robot_harry/robotik/install/create3_examples_msgs/local/lib/python3.10/dist-packages/create3_examples_msgs-0.0.5-py3.10.egg-info/dependency_links.txt
[1.403s] -- Up-to-date symlink: /home/rss/robot_harry/robotik/install/create3_examples_msgs/local/lib/python3.10/dist-packages/create3_examples_msgs-0.0.5-py3.10.egg-info/top_level.txt
[1.403s] -- Up-to-date symlink: /home/rss/robot_harry/robotik/install/create3_examples_msgs/local/lib/python3.10/dist-packages/create3_examples_msgs/__init__.py
[1.403s] -- Up-to-date symlink: /home/rss/robot_harry/robotik/install/create3_examples_msgs/local/lib/python3.10/dist-packages/create3_examples_msgs/_create3_examples_msgs_s.ep.rosidl_typesupport_c.c
[1.403s] -- Up-to-date symlink: /home/rss/robot_harry/robotik/install/create3_examples_msgs/local/lib/python3.10/dist-packages/create3_examples_msgs/_create3_examples_msgs_s.ep.rosidl_typesupport_fastrtps_c.c
[1.403s] -- Up-to-date symlink: /home/rss/robot_harry/robotik/install/create3_examples_msgs/local/lib/python3.10/dist-packages/create3_examples_msgs/_create3_examples_msgs_s.ep.rosidl_typesupport_introspection_c.c
[1.403s] -- Up-to-date symlink: /home/rss/robot_harry/robotik/install/create3_examples_msgs/local/lib/python3.10/dist-packages/create3_examples_msgs/action/__init__.py
[1.403s] -- Up-to-date symlink: /home/rss/robot_harry/robotik/install/create3_examples_msgs/local/lib/python3.10/dist-packages/create3_examples_msgs/action/_coverage.py
[1.403s] -- Up-to-date symlink: /home/rss/robot_harry/robotik/install/create3_examples_msgs/local/lib/python3.10/dist-packages/create3_examples_msgs/action/_coverage_s.c
[1.403s] -- Up-to-date symlink: /home/rss/robot_harry/robotik/install/create3_examples_msgs/local/lib/python3.10/dist-packages/create3_examples_msgs/create3_examples_msgs_s__rosidl_typesupport_c.cpython-310-x86_64-linux-gnu.so
[1.403s] -- Up-to-date symlink: /home/rss/robot_harry/robotik/install/create3_examples_msgs/local/lib/python3.10/dist-packages/create3_examples_msgs/create3_examples_msgs_s__rosidl_typesupport_fastrtps_c.cpython-310-x86_64-linux-gnu.so
[1.403s] -- Up-to-date symlink: /home/rss/robot_harry/robotik/install/create3_examples_msgs/local/lib/python3.10/dist-packages/create3_examples_msgs/create3_examples_msgs_s__rosidl_typesupport_introspection_c.cpython-310-x86_64-linux-gnu.so
[1.404s] -- Up-to-date symlink: /home/rss/robot_harry/robotik/install/create3_examples_msgs/local/lib/python3.10/dist-packages/create3_examples_msgs/libcreate3_examples_msgs__rosidl_generator_py.so
[1.404s] -- Up-to-date symlink: /home/rss/robot_harry/robotik/install/create3_examples_msgs/local/lib/python3.10/dist-packages/create3_examples_msgs/create3_examples_msgs_s__rosidl_typesupport_fastrtps_c.cpython-310-x86_64-linux-gnu.so
[1.404s] -- Up-to-date symlink: /home/rss/robot_harry/robotik/install/create3_examples_msgs/local/lib/python3.10/dist-packages/create3_examples_msgs/create3_examples_msgs_s__rosidl_typesupport_introspection_c.cpython-310-x86_64-linux-gnu.so
[1.404s] -- Up-to-date symlink: /home/rss/robot_harry/robotik/install/create3_examples_msgs/local/lib/python3.10/dist-packages/create3_examples_msgs/create3_examples_msgs_s__rosidl_typesupport_c.cpython-310-x86_64-linux-gnu.so
[1.404s] -- Up-to-date symlink: /home/rss/robot_harry/robotik/install/create3_examples_msgs/share/create3_examples_msgs/action/Coverage.idl
[1.404s] -- Up-to-date symlink: /home/rss/robot_harry/robotik/install/create3_examples_msgs/share/create3_examples_msgs/action/Coverage.action
[1.404s] -- Up-to-date symlink: /home/rss/robot_harry/robotik/install/create3_examples_msgs/share/ament_index/resource_index/package_run_dependencies/create3_examples_msgs
[1.404s] -- Up-to-date symlink: /home/rss/robot_harry/robotik/install/create3_examples_msgs/share/ament_index/resource_index/parent_prefix_path/create3_examples_msgs
[1.404s] -- Up-to-date symlink: /home/rss/robot_harry/robotik/install/create3_examples_msgs/share/create3_examples_msgs/environment/ament_prefix_path.sh
[1.404s] -- Up-to-date symlink: /home/rss/robot_harry/robotik/install/create3_examples_msgs/share/create3_examples_msgs/environment/ament_prefix_path.dsv
[1.404s] -- Up-to-date symlink: /home/rss/robot_harry/robotik/install/create3_examples_msgs/share/create3_examples_msgs/environment/path.sh
[1.404s] -- Up-to-date symlink: /home/rss/robot_harry/robotik/install/create3_examples_msgs/share/create3_examples_msgs/environment/path.dsv
[1.404s] -- Up-to-date symlink: /home/rss/robot_harry/robotik/install/create3_examples_msgs/share/create3_examples_msgs/local_setup.bash
[1.404s] -- Up-to-date symlink: /home/rss/robot_harry/robotik/install/create3_examples_msgs/share/create3_examples_msgs/local_setup.sh
[1.404s] -- Up-to-date symlink: /home/rss/robot_harry/robotik/install/create3_examples_msgs/share/create3_examples_msgs/local_setup.zsh
[1.405s] -- Up-to-date symlink: /home/rss/robot_harry/robotik/install/create3_examples_msgs/share/create3_examples_msgs/local_setup.dsv
[1.405s] -- Symlinking: /home/rss/robot_harry/robotik/install/create3_examples_msgs/share/create3_examples_msgs/package.dsv
[1.411s] -- Up-to-date symlink: /home/rss/robot_harry/robotik/install/create3_examples_msgs/share/ament_index/resource_index/packages/create3_examples_msgs
[1.411s] -- Up-to-date symlink: /home/rss/robot_harry/robotik/install/create3_examples_msgs/share/create3_examples_msgs/cmake/rosidl_cmake-extras.cmake
[1.411s] -- Up-to-date symlink: /home/rss/robot_harry/robotik/install/create3_examples_msgs/share/create3_examples_msgs/cmake/ament_cmake_export_dependencies-extras.cmake
[1.411s] -- Up-to-date symlink: /home/rss/robot_harry/robotik/install/create3_examples_msgs/share/create3_examples_msgs/cmake/ament_cmake_export_include_directories-extras.cmake
[1.412s] -- Up-to-date symlink: /home/rss/robot_harry/robotik/install/create3_examples_msgs/share/create3_examples_msgs/cmake/ament_cmake_export_libraries-extras.cmake
[1.412s] -- Up-to-date symlink: /home/rss/robot_harry/robotik/install/create3_examples_msgs/share/create3_examples_msgs/cmake/ament_cmake_export_targets-extras.cmake
[1.412s] -- Up-to-date symlink: /home/rss/robot_harry/robotik/install/create3_examples_msgs/share/create3_examples_msgs/cmake/rosidl_cmake_export_typesupport_targets-extras.cmake
[1.413s] -- Up-to-date symlink: /home/rss/robot_harry/robotik/install/create3_examples_msgs/share/create3_examples_msgs/cmake/rosidl_cmake_export_typesupport_libraries-extras.cmake
[1.413s] -- Up-to-date symlink: /home/rss/robot_harry/robotik/install/create3_examples_msgs/share/create3_examples_msgs/cmake/create3_examples_msgsConfig.cmake
[1.413s] -- Up-to-date symlink: /home/rss/robot_harry/robotik/install/create3_examples_msgs/share/create3_examples_msgs/cmake/create3_examples_msgsConfig-version.cmake
[1.414s] -- Up-to-date symlink: /home/rss/robot_harry/robotik/install/create3_examples_msgs/share/create3_examples_msgs/package.xml
[1.414s] -- Up-to-date: /home/rss/robot_harry/robotik/install/create3_examples_msgs/lib/libcreate3_examples_msgs__rosidl_generator_c.so
[1.415s] -- Up-to-date: /home/rss/robot_harry/robotik/install/create3_examples_msgs/lib/libcreate3_examples_msgs__rosidl_typesupport_fastrtps_c.so
[1.415s] -- Up-to-date: /home/rss/robot_harry/robotik/install/create3_examples_msgs/lib/libcreate3_examples_msgs__rosidl_typesupport_introspection_c.so
[1.415s] -- Up-to-date: /home/rss/robot_harry/robotik/install/create3_examples_msgs/lib/libcreate3_examples_msgs__rosidl_typesupport_c.so
[1.415s] -- Up-to-date: /home/rss/robot_harry/robotik/install/create3_examples_msgs/lib/libcreate3_examples_msgs__rosidl_typesupport_fastrtps_cpp.so
[1.416s] -- Up-to-date: /home/rss/robot_harry/robotik/install/create3_examples_msgs/lib/libcreate3_examples_msgs__rosidl_typesupport_introspection_cpp.so
[1.419s] -- Up-to-date: /home/rss/robot_harry/robotik/install/create3_examples_msgs/lib/libcreate3_examples_msgs__rosidl_typesupport_cpp.so
[1.510s] Listing '/home/rss/robot_harry/robotik/install/create3_examples_msgs/local/lib/python3.10/dist-packages/create3_examples_msgs'...
[1.510s] Compiling '/home/rss/robot_harry/robotik/install/create3_examples_msgs/local/lib/python3.10/dist-packages/create3_examples_msgs/__init__.py'...
[1.510s] Listing '/home/rss/robot_harry/robotik/install/create3_examples_msgs/local/lib/python3.10/dist-packages/create3_examples_msgs/action'...
[1.524s] -- Up-to-date: /home/rss/robot_harry/robotik/install/create3_examples_msgs/lib/libcreate3_examples_msgs__rosidl_generator_py.so
[1.524s] -- Up-to-date: /home/rss/robot_harry/robotik/install/create3_examples_msgs/share/create3_examples_msgs/cmake/export_create3_examples_msgs__rosidl_generator_cExport.cmake
[1.524s] -- Up-to-date: /home/rss/robot_harry/robotik/install/create3_examples_msgs/share/create3_examples_msgs/cmake/export_create3_examples_msgs__rosidl_generator_cExport-noconfig.cmake
[1.525s] -- Up-to-date: /home/rss/robot_harry/robotik/install/create3_examples_msgs/share/create3_examples_msgs/cmake/export_create3_examples_msgs__rosidl_typesupport_fastrtps_cExport.cmake
[1.525s] -- Up-to-date: /home/rss/robot_harry/robotik/install/create3_examples_msgs/share/create3_examples_msgs/cmake/export_create3_examples_msgs__rosidl_typesupport_fastrtps_cExport-noconfig.cmake
[1.527s] -- Up-to-date: /home/rss/robot_harry/robotik/install/create3_examples_msgs/share/create3_examples_msgs/cmake/create3_examples_msgs__rosidl_typesupport_introspection_cExport.cmake
[1.527s] -- Up-to-date: /home/rss/robot_harry/robotik/install/create3_examples_msgs/share/create3_examples_msgs/cmake/create3_examples_msgs__rosidl_typesupport_introspection_cExport-noconfig.cmake
[1.527s] -- Up-to-date: /home/rss/robot_harry/robotik/install/create3_examples_msgs/share/create3_examples_msgs/cmake/create3_examples_msgs__rosidl_typesupport_cExport.cmake
[1.527s] -- Up-to-date: /home/rss/robot_harry/robotik/install/create3_examples_msgs/share/create3_examples_msgs/cmake/create3_examples_msgs__rosidl_typesupport_cExport-noconfig.cmake
[1.527s] -- Up-to-date: /home/rss/robot_harry/robotik/install/create3_examples_msgs/share/create3_examples_msgs/cmake/export_create3_examples_msgs__rosidl_generator_cppExport.cmake
[1.527s] -- Up-to-date: /home/rss/robot_harry/robotik/install/create3_examples_msgs/share/create3_examples_msgs/cmake/export_create3_examples_msgs__rosidl_typesupport_fastrtps_cppExport.cmake
[1.527s] -- Up-to-date: /home/rss/robot_harry/robotik/install/create3_examples_msgs/share/create3_examples_msgs/cmake/export_create3_examples_msgs__rosidl_typesupport_fastrtps_cppExport-noconfig.cmake
[1.527s] -- Up-to-date: /home/rss/robot_harry/robotik/install/create3_examples_msgs/share/create3_examples_msgs/cmake/create3_examples_msgs__rosidl_typesupport_introspection_cppExport.cmake
[1.527s] -- Up-to-date: /home/rss/robot_harry/robotik/install/create3_examples_msgs/share/create3_examples_msgs/cmake/create3_examples_msgs__rosidl_typesupport_introspection_cppExport-noconfig.cmake
[1.527s] -- Up-to-date: /home/rss/robot_harry/robotik/install/create3_examples_msgs/share/create3_examples_msgs/cmake/create3_examples_msgs__rosidl_typesupport_cppExport.cmake
[1.527s] -- Up-to-date: /home/rss/robot_harry/robotik/install/create3_examples_msgs/share/create3_examples_msgs/cmake/create3_examples_msgs__rosidl_typesupport_cppExport-noconfig.cmake
[1.528s] -- Up-to-date: /home/rss/robot_harry/robotik/install/create3_examples_msgs/share/create3_examples_msgs/cmake/export_create3_examples_msgs__rosidl_generator_pyExport.cmake
[1.528s] -- Up-to-date: /home/rss/robot_harry/robotik/install/create3_examples_msgs/share/create3_examples_msgs/cmake/export_create3_examples_msgs__rosidl_generator_pyExport-noconfig.cmake
[1.829s] Invoked command in '/home/rss/robot_harry/robotik/build/create3_examples_msgs' returned '0': CMAKE_PREFIX_PATH=${CMAKE_PREFIX_PATH}:/home/rss/robot_harry/robotik/install/webcam_bringup:/home/rss/robot_harry/robotik/install/teleop:/home/rss/robot_harry/robotik/install/tag_detection:/home/rss/robot_harry/robotik/install/robot_bringup:/home/rss/robot_harry/robotik/install/pub_sub:/home/rss/robot_harry/robotik/install/object_detection:/home/rss/robot_harry/robotik/install/my_robot_navigation:/home/rss/robot_harry/robotik/install/create3_teleop:/home/rss/robot_harry/robotik/install/create3_examples_py:/opt/ros/humble /usr/bin/cmake --install /home/rss/robot_harry/robotik/build/create3_examples_msgs
