[1.772s] Invoking command in '/home/harry/robot/src/robot_bringup': PYTHONPATH=/home/harry/robot/build/robot_bringup/prefix_override:/usr/lib/python3/dist-packages/colcon_core/task/python/colcon_distutils_commands:/home/harry/robot/install/robot_bringup/lib/python3.10/site-packages:${PYTHONPATH} /usr/bin/python3 -W ignore:setup.py install is deprecated -W ignore:easy_install command is deprecated setup.py egg_info --egg-base ../../build/robot_bringup build --build-base /home/harry/robot/build/robot_bringup/build install --record /home/harry/robot/build/robot_bringup/install.log --single-version-externally-managed install_data
[2.398s] running egg_info
[2.401s] creating ../../build/robot_bringup/robot_bringup.egg-info
[2.401s] writing ../../build/robot_bringup/robot_bringup.egg-info/PKG-INFO
[2.402s] writing dependency_links to ../../build/robot_bringup/robot_bringup.egg-info/dependency_links.txt
[2.402s] writing entry points to ../../build/robot_bringup/robot_bringup.egg-info/entry_points.txt
[2.402s] writing requirements to ../../build/robot_bringup/robot_bringup.egg-info/requires.txt
[2.402s] writing top-level names to ../../build/robot_bringup/robot_bringup.egg-info/top_level.txt
[2.403s] writing manifest file '../../build/robot_bringup/robot_bringup.egg-info/SOURCES.txt'
[2.406s] reading manifest file '../../build/robot_bringup/robot_bringup.egg-info/SOURCES.txt'
[2.408s] writing manifest file '../../build/robot_bringup/robot_bringup.egg-info/SOURCES.txt'
[2.408s] running build
[2.408s] running build_py
[2.408s] creating /home/harry/robot/build/robot_bringup/build
[2.409s] creating /home/harry/robot/build/robot_bringup/build/lib
[2.409s] creating /home/harry/robot/build/robot_bringup/build/lib/robot_bringup
[2.409s] copying robot_bringup/__init__.py -> /home/harry/robot/build/robot_bringup/build/lib/robot_bringup
[2.409s] running install
[2.412s] running install_lib
[2.412s] creating /home/harry/robot/install/robot_bringup/lib/python3.10/site-packages/robot_bringup
[2.413s] copying /home/harry/robot/build/robot_bringup/build/lib/robot_bringup/__init__.py -> /home/harry/robot/install/robot_bringup/lib/python3.10/site-packages/robot_bringup
[2.413s] byte-compiling /home/harry/robot/install/robot_bringup/lib/python3.10/site-packages/robot_bringup/__init__.py to __init__.cpython-310.pyc
[2.413s] running install_data
[2.414s] creating /home/harry/robot/install/robot_bringup/share/ament_index
[2.414s] creating /home/harry/robot/install/robot_bringup/share/ament_index/resource_index
[2.414s] creating /home/harry/robot/install/robot_bringup/share/ament_index/resource_index/packages
[2.418s] copying resource/robot_bringup -> /home/harry/robot/install/robot_bringup/share/ament_index/resource_index/packages
[2.418s] copying package.xml -> /home/harry/robot/install/robot_bringup/share/robot_bringup
[2.419s] creating /home/harry/robot/install/robot_bringup/share/robot_bringup/launch
[2.419s] copying launch/lidar.launch.py -> /home/harry/robot/install/robot_bringup/share/robot_bringup/launch
[2.419s] copying launch/republisher.launch.py -> /home/harry/robot/install/robot_bringup/share/robot_bringup/launch
[2.419s] copying launch/robot.launch.yaml -> /home/harry/robot/install/robot_bringup/share/robot_bringup/launch
[2.422s] copying launch/teleop.launch.py -> /home/harry/robot/install/robot_bringup/share/robot_bringup/launch
[2.422s] copying launch/camera.launch.py -> /home/harry/robot/install/robot_bringup/share/robot_bringup/launch
[2.425s] copying launch/robot_tf.launch.yaml -> /home/harry/robot/install/robot_bringup/share/robot_bringup/launch
[2.425s] creating /home/harry/robot/install/robot_bringup/share/robot_bringup/config
[2.426s] copying config/webcam.yaml -> /home/harry/robot/install/robot_bringup/share/robot_bringup/config
[2.426s] running install_egg_info
[2.429s] Copying ../../build/robot_bringup/robot_bringup.egg-info to /home/harry/robot/install/robot_bringup/lib/python3.10/site-packages/robot_bringup-0.0.0-py3.10.egg-info
[2.430s] running install_scripts
[2.474s] writing list of installed files to '/home/harry/robot/build/robot_bringup/install.log'
[2.526s] Invoked command in '/home/harry/robot/src/robot_bringup' returned '0': PYTHONPATH=/home/harry/robot/build/robot_bringup/prefix_override:/usr/lib/python3/dist-packages/colcon_core/task/python/colcon_distutils_commands:/home/harry/robot/install/robot_bringup/lib/python3.10/site-packages:${PYTHONPATH} /usr/bin/python3 -W ignore:setup.py install is deprecated -W ignore:easy_install command is deprecated setup.py egg_info --egg-base ../../build/robot_bringup build --build-base /home/harry/robot/build/robot_bringup/build install --record /home/harry/robot/build/robot_bringup/install.log --single-version-externally-managed install_data
