running egg_info
writing ../../build/object_detection/object_detection.egg-info/PKG-INFO
writing dependency_links to ../../build/object_detection/object_detection.egg-info/dependency_links.txt
writing entry points to ../../build/object_detection/object_detection.egg-info/entry_points.txt
writing requirements to ../../build/object_detection/object_detection.egg-info/requires.txt
writing top-level names to ../../build/object_detection/object_detection.egg-info/top_level.txt
reading manifest file '../../build/object_detection/object_detection.egg-info/SOURCES.txt'
writing manifest file '../../build/object_detection/object_detection.egg-info/SOURCES.txt'
running build
running build_py
copying object_detection/yolo_detection.py -> /home/rss/robot_harry/robotik/build/object_detection/build/lib/object_detection
running install
running install_lib
copying /home/rss/robot_harry/robotik/build/object_detection/build/lib/object_detection/yolo_detection.py -> /home/rss/robot_harry/robotik/install/object_detection/lib/python3.10/site-packages/object_detection
byte-compiling /home/rss/robot_harry/robotik/install/object_detection/lib/python3.10/site-packages/object_detection/yolo_detection.py to yolo_detection.cpython-310.pyc
running install_data
running install_egg_info
removing '/home/rss/robot_harry/robotik/install/object_detection/lib/python3.10/site-packages/object_detection-0.0.0-py3.10.egg-info' (and everything under it)
Copying ../../build/object_detection/object_detection.egg-info to /home/rss/robot_harry/robotik/install/object_detection/lib/python3.10/site-packages/object_detection-0.0.0-py3.10.egg-info
running install_scripts
Installing yolo_to_ros script to /home/rss/robot_harry/robotik/install/object_detection/lib/object_detection
writing list of installed files to '/home/rss/robot_harry/robotik/build/object_detection/install.log'
