[1.488s] Invoking command in '/home/rss/robot_harry/robotik/src/webcam_bringup': PYTHONPATH=/home/rss/robot_harry/robotik/build/webcam_bringup/prefix_override:/usr/lib/python3/dist-packages/colcon_core/task/python/colcon_distutils_commands:/home/rss/robot_harry/robotik/install/webcam_bringup/lib/python3.10/site-packages:${PYTHONPATH} /usr/bin/python3 -W ignore:setup.py install is deprecated -W ignore:easy_install command is deprecated setup.py egg_info --egg-base ../../build/webcam_bringup build --build-base /home/rss/robot_harry/robotik/build/webcam_bringup/build install --record /home/rss/robot_harry/robotik/build/webcam_bringup/install.log --single-version-externally-managed install_data
[1.849s] running egg_info
[1.856s] creating ../../build/webcam_bringup/webcam_bringup.egg-info
[1.856s] writing ../../build/webcam_bringup/webcam_bringup.egg-info/PKG-INFO
[1.856s] writing dependency_links to ../../build/webcam_bringup/webcam_bringup.egg-info/dependency_links.txt
[1.856s] writing entry points to ../../build/webcam_bringup/webcam_bringup.egg-info/entry_points.txt
[1.856s] writing requirements to ../../build/webcam_bringup/webcam_bringup.egg-info/requires.txt
[1.856s] writing top-level names to ../../build/webcam_bringup/webcam_bringup.egg-info/top_level.txt
[1.856s] writing manifest file '../../build/webcam_bringup/webcam_bringup.egg-info/SOURCES.txt'
[1.863s] reading manifest file '../../build/webcam_bringup/webcam_bringup.egg-info/SOURCES.txt'
[1.863s] writing manifest file '../../build/webcam_bringup/webcam_bringup.egg-info/SOURCES.txt'
[1.863s] running build
[1.863s] running build_py
[1.864s] creating /home/rss/robot_harry/robotik/build/webcam_bringup/build
[1.864s] creating /home/rss/robot_harry/robotik/build/webcam_bringup/build/lib
[1.864s] creating /home/rss/robot_harry/robotik/build/webcam_bringup/build/lib/webcam_bringup
[1.864s] copying webcam_bringup/__init__.py -> /home/rss/robot_harry/robotik/build/webcam_bringup/build/lib/webcam_bringup
[1.864s] running install
[1.865s] running install_lib
[1.867s] creating /home/rss/robot_harry/robotik/install/webcam_bringup/lib/python3.10/site-packages/webcam_bringup
[1.867s] copying /home/rss/robot_harry/robotik/build/webcam_bringup/build/lib/webcam_bringup/__init__.py -> /home/rss/robot_harry/robotik/install/webcam_bringup/lib/python3.10/site-packages/webcam_bringup
[1.871s] byte-compiling /home/rss/robot_harry/robotik/install/webcam_bringup/lib/python3.10/site-packages/webcam_bringup/__init__.py to __init__.cpython-310.pyc
[1.872s] running install_data
[1.873s] creating /home/rss/robot_harry/robotik/install/webcam_bringup/share/ament_index
[1.873s] creating /home/rss/robot_harry/robotik/install/webcam_bringup/share/ament_index/resource_index
[1.873s] creating /home/rss/robot_harry/robotik/install/webcam_bringup/share/ament_index/resource_index/packages
[1.873s] copying resource/webcam_bringup -> /home/rss/robot_harry/robotik/install/webcam_bringup/share/ament_index/resource_index/packages
[1.873s] copying package.xml -> /home/rss/robot_harry/robotik/install/webcam_bringup/share/webcam_bringup
[1.873s] creating /home/rss/robot_harry/robotik/install/webcam_bringup/share/webcam_bringup/launch
[1.873s] copying launch/webcam.launch.yaml -> /home/rss/robot_harry/robotik/install/webcam_bringup/share/webcam_bringup/launch
[1.873s] creating /home/rss/robot_harry/robotik/install/webcam_bringup/share/webcam_bringup/config
[1.873s] copying config/webcam.yaml -> /home/rss/robot_harry/robotik/install/webcam_bringup/share/webcam_bringup/config
[1.873s] copying config/camera_params.yaml -> /home/rss/robot_harry/robotik/install/webcam_bringup/share/webcam_bringup/config
[1.873s] running install_egg_info
[1.879s] Copying ../../build/webcam_bringup/webcam_bringup.egg-info to /home/rss/robot_harry/robotik/install/webcam_bringup/lib/python3.10/site-packages/webcam_bringup-0.0.0-py3.10.egg-info
[1.889s] running install_scripts
[1.933s] writing list of installed files to '/home/rss/robot_harry/robotik/build/webcam_bringup/install.log'
[2.003s] Invoked command in '/home/rss/robot_harry/robotik/src/webcam_bringup' returned '0': PYTHONPATH=/home/rss/robot_harry/robotik/build/webcam_bringup/prefix_override:/usr/lib/python3/dist-packages/colcon_core/task/python/colcon_distutils_commands:/home/rss/robot_harry/robotik/install/webcam_bringup/lib/python3.10/site-packages:${PYTHONPATH} /usr/bin/python3 -W ignore:setup.py install is deprecated -W ignore:easy_install command is deprecated setup.py egg_info --egg-base ../../build/webcam_bringup build --build-base /home/rss/robot_harry/robotik/build/webcam_bringup/build install --record /home/rss/robot_harry/robotik/build/webcam_bringup/install.log --single-version-externally-managed install_data
