[0.007s] Invoking command in '/home/rss/robot_harry/robotik/build/apriltag_ros': CMAKE_PREFIX_PATH=/home/rss/robot_harry/robotik/install/apriltag_msgs:/home/rss/robot_harry/robotik/src/install/create3_lidar_slam:/home/rss/robot_harry/robotik/src/install/rplidar_ros:/home/rss/robot_harry/robotik/src/install/create3_republisher:/home/rss/robot_harry/robotik/src/install/create3_coverage:/home/rss/robot_harry/robotik/src/install/create3_examples_msgs:/home/rss/robot_harry/robotik/src/install/apriltag_ros:/home/rss/robot_harry/robotik/src/install/apriltag_msgs:/home/rss/robot_harry/robotik/install/create3_lidar_slam:/home/rss/robot_harry/robotik/install/rplidar_ros:/home/rss/robot_harry/robotik/install/my_robot_slam:/home/rss/robot_harry/robotik/install/create3_republisher:/home/rss/robot_harry/robotik/install/create3_coverage:/home/rss/robot_harry/robotik/install/create3_examples_msgs:/home/rss/robot_harry/robotik/install/apriltag_ros:/home/rss/robot_harry/robotik/src/install/webcam_bringup:/home/rss/robot_harry/robotik/src/install/teleop:/home/rss/robot_harry/robotik/src/install/tag_detection:/home/rss/robot_harry/robotik/src/install/robot_bringup:/home/rss/robot_harry/robotik/src/install/pub_sub:/home/rss/robot_harry/robotik/src/install/object_detection:/home/rss/robot_harry/robotik/src/install/my_robot_slam:/home/rss/robot_harry/robotik/src/install/my_robot_navigation:/home/rss/robot_harry/robotik/src/install/create3_teleop:/home/rss/robot_harry/robotik/src/install/create3_examples_py:/home/rss/robot_harry/robotik/install/webcam_bringup:/home/rss/robot_harry/robotik/install/teleop:/home/rss/robot_harry/robotik/install/tag_detection:/home/rss/robot_harry/robotik/install/robot_bringup:/home/rss/robot_harry/robotik/install/pub_sub:/home/rss/robot_harry/robotik/install/object_detection:/home/rss/robot_harry/robotik/install/my_robot_navigation:/home/rss/robot_harry/robotik/install/create3_teleop:/home/rss/robot_harry/robotik/install/create3_examples_py:/opt/ros/humble LD_LIBRARY_PATH=/home/rss/robot_harry/robotik/install/apriltag_msgs/lib:/home/rss/robot_harry/robotik/src/install/create3_coverage/lib:/home/rss/robot_harry/robotik/src/install/create3_examples_msgs/lib:/home/rss/robot_harry/robotik/src/install/apriltag_ros/lib:/home/rss/robot_harry/robotik/src/install/apriltag_msgs/lib:/home/rss/robot_harry/robotik/install/create3_coverage/lib:/home/rss/robot_harry/robotik/install/create3_examples_msgs/lib:/home/rss/robot_harry/robotik/install/apriltag_ros/lib:/opt/ros/humble/opt/rviz_ogre_vendor/lib:/opt/ros/humble/lib/x86_64-linux-gnu:/opt/ros/humble/lib /usr/bin/cmake /home/rss/robot_harry/robotik/src/apriltag_ros -DAMENT_CMAKE_SYMLINK_INSTALL=1 -DCMAKE_INSTALL_PREFIX=/home/rss/robot_harry/robotik/install/apriltag_ros
[0.045s] -- The C compiler identification is GNU 11.4.0
[0.103s] -- The CXX compiler identification is GNU 11.4.0
[0.112s] -- Detecting C compiler ABI info
[0.193s] -- Detecting C compiler ABI info - done
[0.201s] -- Check for working C compiler: /usr/bin/cc - skipped
[0.202s] -- Detecting C compile features
[0.202s] -- Detecting C compile features - done
[0.207s] -- Detecting CXX compiler ABI info
[0.283s] -- Detecting CXX compiler ABI info - done
[0.294s] -- Check for working CXX compiler: /usr/bin/c++ - skipped
[0.294s] -- Detecting CXX compile features
[0.295s] -- Detecting CXX compile features - done
[0.298s] -- Found rclcpp: 16.0.17 (/opt/ros/humble/share/rclcpp/cmake)
[0.511s] -- Found Python3: /usr/bin/python3 (found version "3.10.12") found components: Interpreter 
[0.599s] -- Override CMake install command with custom implementation using symlinks instead of copying resources
[0.674s] -- Found rosidl_generator_c: 3.1.8 (/opt/ros/humble/share/rosidl_generator_c/cmake)
[0.680s] -- Found rosidl_adapter: 3.1.8 (/opt/ros/humble/share/rosidl_adapter/cmake)
[0.692s] -- Found rosidl_generator_cpp: 3.1.8 (/opt/ros/humble/share/rosidl_generator_cpp/cmake)
[0.710s] -- Using all available rosidl_typesupport_c: rosidl_typesupport_fastrtps_c;rosidl_typesupport_introspection_c
[0.732s] -- Using all available rosidl_typesupport_cpp: rosidl_typesupport_fastrtps_cpp;rosidl_typesupport_introspection_cpp
[0.769s] -- Found rmw_implementation_cmake: 6.1.2 (/opt/ros/humble/share/rmw_implementation_cmake/cmake)
[0.772s] -- Found rmw_fastrtps_cpp: 6.2.9 (/opt/ros/humble/share/rmw_fastrtps_cpp/cmake)
[0.863s] -- Found OpenSSL: /usr/lib/x86_64-linux-gnu/libcrypto.so (found version "3.0.2")  
[0.885s] -- Found FastRTPS: /opt/ros/humble/include  
[0.916s] -- Using RMW implementation 'rmw_fastrtps_cpp' as default
[0.924s] -- Looking for pthread.h
[0.974s] -- Looking for pthread.h - found
[0.974s] -- Performing Test CMAKE_HAVE_LIBC_PTHREAD
[1.023s] -- Performing Test CMAKE_HAVE_LIBC_PTHREAD - Success
[1.024s] -- Found Threads: TRUE  
[1.062s] -- Found rclcpp_components: 16.0.17 (/opt/ros/humble/share/rclcpp_components/cmake)
[1.083s] -- Found sensor_msgs: 4.9.0 (/opt/ros/humble/share/sensor_msgs/cmake)
[1.105s] -- Found apriltag_msgs: 2.0.1 (/home/rss/robot_harry/robotik/install/apriltag_msgs/share/apriltag_msgs/cmake)
[1.117s] -- Found tf2_ros: 0.25.18 (/opt/ros/humble/share/tf2_ros/cmake)
[1.180s] -- Found image_transport: 3.1.12 (/opt/ros/humble/share/image_transport/cmake)
[1.208s] -- Found cv_bridge: 3.2.1 (/opt/ros/humble/share/cv_bridge/cmake)
[1.236s] -- Found OpenCV: /usr (found version "4.5.4") found components: core calib3d 
[1.248s] -- Found ament_lint_auto: 0.12.14 (/opt/ros/humble/share/ament_lint_auto/cmake)
[1.388s] -- Added test 'clang_format' to check C / C++ code style
[1.390s] -- Added test 'cppcheck' to perform static code analysis on C / C++ code
[1.391s] -- Configured cppcheck include dirs: 
[1.391s] -- Configured cppcheck exclude dirs and/or files: 
[1.396s] -- Configuring done
[1.447s] -- Generating done
[1.463s] -- Build files have been written to: /home/rss/robot_harry/robotik/build/apriltag_ros
[1.477s] Invoked command in '/home/rss/robot_harry/robotik/build/apriltag_ros' returned '0': CMAKE_PREFIX_PATH=/home/rss/robot_harry/robotik/install/apriltag_msgs:/home/rss/robot_harry/robotik/src/install/create3_lidar_slam:/home/rss/robot_harry/robotik/src/install/rplidar_ros:/home/rss/robot_harry/robotik/src/install/create3_republisher:/home/rss/robot_harry/robotik/src/install/create3_coverage:/home/rss/robot_harry/robotik/src/install/create3_examples_msgs:/home/rss/robot_harry/robotik/src/install/apriltag_ros:/home/rss/robot_harry/robotik/src/install/apriltag_msgs:/home/rss/robot_harry/robotik/install/create3_lidar_slam:/home/rss/robot_harry/robotik/install/rplidar_ros:/home/rss/robot_harry/robotik/install/my_robot_slam:/home/rss/robot_harry/robotik/install/create3_republisher:/home/rss/robot_harry/robotik/install/create3_coverage:/home/rss/robot_harry/robotik/install/create3_examples_msgs:/home/rss/robot_harry/robotik/install/apriltag_ros:/home/rss/robot_harry/robotik/src/install/webcam_bringup:/home/rss/robot_harry/robotik/src/install/teleop:/home/rss/robot_harry/robotik/src/install/tag_detection:/home/rss/robot_harry/robotik/src/install/robot_bringup:/home/rss/robot_harry/robotik/src/install/pub_sub:/home/rss/robot_harry/robotik/src/install/object_detection:/home/rss/robot_harry/robotik/src/install/my_robot_slam:/home/rss/robot_harry/robotik/src/install/my_robot_navigation:/home/rss/robot_harry/robotik/src/install/create3_teleop:/home/rss/robot_harry/robotik/src/install/create3_examples_py:/home/rss/robot_harry/robotik/install/webcam_bringup:/home/rss/robot_harry/robotik/install/teleop:/home/rss/robot_harry/robotik/install/tag_detection:/home/rss/robot_harry/robotik/install/robot_bringup:/home/rss/robot_harry/robotik/install/pub_sub:/home/rss/robot_harry/robotik/install/object_detection:/home/rss/robot_harry/robotik/install/my_robot_navigation:/home/rss/robot_harry/robotik/install/create3_teleop:/home/rss/robot_harry/robotik/install/create3_examples_py:/opt/ros/humble LD_LIBRARY_PATH=/home/rss/robot_harry/robotik/install/apriltag_msgs/lib:/home/rss/robot_harry/robotik/src/install/create3_coverage/lib:/home/rss/robot_harry/robotik/src/install/create3_examples_msgs/lib:/home/rss/robot_harry/robotik/src/install/apriltag_ros/lib:/home/rss/robot_harry/robotik/src/install/apriltag_msgs/lib:/home/rss/robot_harry/robotik/install/create3_coverage/lib:/home/rss/robot_harry/robotik/install/create3_examples_msgs/lib:/home/rss/robot_harry/robotik/install/apriltag_ros/lib:/opt/ros/humble/opt/rviz_ogre_vendor/lib:/opt/ros/humble/lib/x86_64-linux-gnu:/opt/ros/humble/lib /usr/bin/cmake /home/rss/robot_harry/robotik/src/apriltag_ros -DAMENT_CMAKE_SYMLINK_INSTALL=1 -DCMAKE_INSTALL_PREFIX=/home/rss/robot_harry/robotik/install/apriltag_ros
[1.487s] Invoking command in '/home/rss/robot_harry/robotik/build/apriltag_ros': CMAKE_PREFIX_PATH=/home/rss/robot_harry/robotik/install/apriltag_msgs:/home/rss/robot_harry/robotik/src/install/create3_lidar_slam:/home/rss/robot_harry/robotik/src/install/rplidar_ros:/home/rss/robot_harry/robotik/src/install/create3_republisher:/home/rss/robot_harry/robotik/src/install/create3_coverage:/home/rss/robot_harry/robotik/src/install/create3_examples_msgs:/home/rss/robot_harry/robotik/src/install/apriltag_ros:/home/rss/robot_harry/robotik/src/install/apriltag_msgs:/home/rss/robot_harry/robotik/install/create3_lidar_slam:/home/rss/robot_harry/robotik/install/rplidar_ros:/home/rss/robot_harry/robotik/install/my_robot_slam:/home/rss/robot_harry/robotik/install/create3_republisher:/home/rss/robot_harry/robotik/install/create3_coverage:/home/rss/robot_harry/robotik/install/create3_examples_msgs:/home/rss/robot_harry/robotik/install/apriltag_ros:/home/rss/robot_harry/robotik/src/install/webcam_bringup:/home/rss/robot_harry/robotik/src/install/teleop:/home/rss/robot_harry/robotik/src/install/tag_detection:/home/rss/robot_harry/robotik/src/install/robot_bringup:/home/rss/robot_harry/robotik/src/install/pub_sub:/home/rss/robot_harry/robotik/src/install/object_detection:/home/rss/robot_harry/robotik/src/install/my_robot_slam:/home/rss/robot_harry/robotik/src/install/my_robot_navigation:/home/rss/robot_harry/robotik/src/install/create3_teleop:/home/rss/robot_harry/robotik/src/install/create3_examples_py:/home/rss/robot_harry/robotik/install/webcam_bringup:/home/rss/robot_harry/robotik/install/teleop:/home/rss/robot_harry/robotik/install/tag_detection:/home/rss/robot_harry/robotik/install/robot_bringup:/home/rss/robot_harry/robotik/install/pub_sub:/home/rss/robot_harry/robotik/install/object_detection:/home/rss/robot_harry/robotik/install/my_robot_navigation:/home/rss/robot_harry/robotik/install/create3_teleop:/home/rss/robot_harry/robotik/install/create3_examples_py:/opt/ros/humble LD_LIBRARY_PATH=/home/rss/robot_harry/robotik/install/apriltag_msgs/lib:/home/rss/robot_harry/robotik/src/install/create3_coverage/lib:/home/rss/robot_harry/robotik/src/install/create3_examples_msgs/lib:/home/rss/robot_harry/robotik/src/install/apriltag_ros/lib:/home/rss/robot_harry/robotik/src/install/apriltag_msgs/lib:/home/rss/robot_harry/robotik/install/create3_coverage/lib:/home/rss/robot_harry/robotik/install/create3_examples_msgs/lib:/home/rss/robot_harry/robotik/install/apriltag_ros/lib:/opt/ros/humble/opt/rviz_ogre_vendor/lib:/opt/ros/humble/lib/x86_64-linux-gnu:/opt/ros/humble/lib /usr/bin/cmake --build /home/rss/robot_harry/robotik/build/apriltag_ros -- -j8 -l8
[1.616s] [ 10%] [32mBuilding CXX object CMakeFiles/conversion.dir/src/conversion.cpp.o[0m
[1.625s] [ 20%] [32mBuilding CXX object CMakeFiles/apriltag_node.dir/rclcpp_components/node_main_apriltag_node.cpp.o[0m
[1.625s] [ 30%] [32mBuilding CXX object CMakeFiles/tags.dir/src/tag_functions.cpp.o[0m
[2.228s] [ 40%] [32m[1mLinking CXX static library libtags.a[0m
[2.304s] [ 40%] Built target tags
[4.487s] [ 50%] [32m[1mLinking CXX static library libconversion.a[0m
[4.565s] [ 50%] Built target conversion
[4.618s] [ 60%] [32mBuilding CXX object CMakeFiles/pose_estimation.dir/src/pose_estimation.cpp.o[0m
[7.119s] [ 70%] [32m[1mLinking CXX static library libpose_estimation.a[0m
[7.156s] [ 70%] Built target pose_estimation
[7.178s] [ 80%] [32mBuilding CXX object CMakeFiles/AprilTagNode.dir/src/AprilTagNode.cpp.o[0m
[7.306s] [ 90%] [32m[1mLinking CXX executable apriltag_node[0m
[7.436s] [ 90%] Built target apriltag_node
[11.311s] [100%] [32m[1mLinking CXX shared library libAprilTagNode.so[0m
[11.542s] [100%] Built target AprilTagNode
[11.549s] Invoked command in '/home/rss/robot_harry/robotik/build/apriltag_ros' returned '0': CMAKE_PREFIX_PATH=/home/rss/robot_harry/robotik/install/apriltag_msgs:/home/rss/robot_harry/robotik/src/install/create3_lidar_slam:/home/rss/robot_harry/robotik/src/install/rplidar_ros:/home/rss/robot_harry/robotik/src/install/create3_republisher:/home/rss/robot_harry/robotik/src/install/create3_coverage:/home/rss/robot_harry/robotik/src/install/create3_examples_msgs:/home/rss/robot_harry/robotik/src/install/apriltag_ros:/home/rss/robot_harry/robotik/src/install/apriltag_msgs:/home/rss/robot_harry/robotik/install/create3_lidar_slam:/home/rss/robot_harry/robotik/install/rplidar_ros:/home/rss/robot_harry/robotik/install/my_robot_slam:/home/rss/robot_harry/robotik/install/create3_republisher:/home/rss/robot_harry/robotik/install/create3_coverage:/home/rss/robot_harry/robotik/install/create3_examples_msgs:/home/rss/robot_harry/robotik/install/apriltag_ros:/home/rss/robot_harry/robotik/src/install/webcam_bringup:/home/rss/robot_harry/robotik/src/install/teleop:/home/rss/robot_harry/robotik/src/install/tag_detection:/home/rss/robot_harry/robotik/src/install/robot_bringup:/home/rss/robot_harry/robotik/src/install/pub_sub:/home/rss/robot_harry/robotik/src/install/object_detection:/home/rss/robot_harry/robotik/src/install/my_robot_slam:/home/rss/robot_harry/robotik/src/install/my_robot_navigation:/home/rss/robot_harry/robotik/src/install/create3_teleop:/home/rss/robot_harry/robotik/src/install/create3_examples_py:/home/rss/robot_harry/robotik/install/webcam_bringup:/home/rss/robot_harry/robotik/install/teleop:/home/rss/robot_harry/robotik/install/tag_detection:/home/rss/robot_harry/robotik/install/robot_bringup:/home/rss/robot_harry/robotik/install/pub_sub:/home/rss/robot_harry/robotik/install/object_detection:/home/rss/robot_harry/robotik/install/my_robot_navigation:/home/rss/robot_harry/robotik/install/create3_teleop:/home/rss/robot_harry/robotik/install/create3_examples_py:/opt/ros/humble LD_LIBRARY_PATH=/home/rss/robot_harry/robotik/install/apriltag_msgs/lib:/home/rss/robot_harry/robotik/src/install/create3_coverage/lib:/home/rss/robot_harry/robotik/src/install/create3_examples_msgs/lib:/home/rss/robot_harry/robotik/src/install/apriltag_ros/lib:/home/rss/robot_harry/robotik/src/install/apriltag_msgs/lib:/home/rss/robot_harry/robotik/install/create3_coverage/lib:/home/rss/robot_harry/robotik/install/create3_examples_msgs/lib:/home/rss/robot_harry/robotik/install/apriltag_ros/lib:/opt/ros/humble/opt/rviz_ogre_vendor/lib:/opt/ros/humble/lib/x86_64-linux-gnu:/opt/ros/humble/lib /usr/bin/cmake --build /home/rss/robot_harry/robotik/build/apriltag_ros -- -j8 -l8
[11.550s] Invoking command in '/home/rss/robot_harry/robotik/build/apriltag_ros': CMAKE_PREFIX_PATH=/home/rss/robot_harry/robotik/install/apriltag_msgs:/home/rss/robot_harry/robotik/src/install/create3_lidar_slam:/home/rss/robot_harry/robotik/src/install/rplidar_ros:/home/rss/robot_harry/robotik/src/install/create3_republisher:/home/rss/robot_harry/robotik/src/install/create3_coverage:/home/rss/robot_harry/robotik/src/install/create3_examples_msgs:/home/rss/robot_harry/robotik/src/install/apriltag_ros:/home/rss/robot_harry/robotik/src/install/apriltag_msgs:/home/rss/robot_harry/robotik/install/create3_lidar_slam:/home/rss/robot_harry/robotik/install/rplidar_ros:/home/rss/robot_harry/robotik/install/my_robot_slam:/home/rss/robot_harry/robotik/install/create3_republisher:/home/rss/robot_harry/robotik/install/create3_coverage:/home/rss/robot_harry/robotik/install/create3_examples_msgs:/home/rss/robot_harry/robotik/install/apriltag_ros:/home/rss/robot_harry/robotik/src/install/webcam_bringup:/home/rss/robot_harry/robotik/src/install/teleop:/home/rss/robot_harry/robotik/src/install/tag_detection:/home/rss/robot_harry/robotik/src/install/robot_bringup:/home/rss/robot_harry/robotik/src/install/pub_sub:/home/rss/robot_harry/robotik/src/install/object_detection:/home/rss/robot_harry/robotik/src/install/my_robot_slam:/home/rss/robot_harry/robotik/src/install/my_robot_navigation:/home/rss/robot_harry/robotik/src/install/create3_teleop:/home/rss/robot_harry/robotik/src/install/create3_examples_py:/home/rss/robot_harry/robotik/install/webcam_bringup:/home/rss/robot_harry/robotik/install/teleop:/home/rss/robot_harry/robotik/install/tag_detection:/home/rss/robot_harry/robotik/install/robot_bringup:/home/rss/robot_harry/robotik/install/pub_sub:/home/rss/robot_harry/robotik/install/object_detection:/home/rss/robot_harry/robotik/install/my_robot_navigation:/home/rss/robot_harry/robotik/install/create3_teleop:/home/rss/robot_harry/robotik/install/create3_examples_py:/opt/ros/humble LD_LIBRARY_PATH=/home/rss/robot_harry/robotik/install/apriltag_msgs/lib:/home/rss/robot_harry/robotik/src/install/create3_coverage/lib:/home/rss/robot_harry/robotik/src/install/create3_examples_msgs/lib:/home/rss/robot_harry/robotik/src/install/apriltag_ros/lib:/home/rss/robot_harry/robotik/src/install/apriltag_msgs/lib:/home/rss/robot_harry/robotik/install/create3_coverage/lib:/home/rss/robot_harry/robotik/install/create3_examples_msgs/lib:/home/rss/robot_harry/robotik/install/apriltag_ros/lib:/opt/ros/humble/opt/rviz_ogre_vendor/lib:/opt/ros/humble/lib/x86_64-linux-gnu:/opt/ros/humble/lib /usr/bin/cmake --install /home/rss/robot_harry/robotik/build/apriltag_ros
[11.556s] -- Install configuration: ""
[11.556s] -- Execute custom install script
[11.556s] -- Symlinking: /home/rss/robot_harry/robotik/install/apriltag_ros/lib/apriltag_ros/apriltag_node
[11.562s] -- Symlinking: /home/rss/robot_harry/robotik/install/apriltag_ros/share/apriltag_ros/environment/library_path.sh
[11.568s] -- Symlinking: /home/rss/robot_harry/robotik/install/apriltag_ros/share/apriltag_ros/environment/library_path.dsv
[11.574s] -- Symlinking: /home/rss/robot_harry/robotik/install/apriltag_ros/lib/libAprilTagNode.so
[11.580s] -- Symlinking: /home/rss/robot_harry/robotik/install/apriltag_ros/share/apriltag_ros/cfg/tags_36h11.yaml
[11.585s] -- Symlinking: /home/rss/robot_harry/robotik/install/apriltag_ros/share/apriltag_ros/launch/camera_36h11.launch.yml
[11.591s] -- Symlinking: /home/rss/robot_harry/robotik/install/apriltag_ros/share/ament_index/resource_index/package_run_dependencies/apriltag_ros
[11.597s] -- Symlinking: /home/rss/robot_harry/robotik/install/apriltag_ros/share/ament_index/resource_index/parent_prefix_path/apriltag_ros
[11.603s] -- Symlinking: /home/rss/robot_harry/robotik/install/apriltag_ros/share/apriltag_ros/environment/ament_prefix_path.sh
[11.609s] -- Symlinking: /home/rss/robot_harry/robotik/install/apriltag_ros/share/apriltag_ros/environment/ament_prefix_path.dsv
[11.614s] -- Symlinking: /home/rss/robot_harry/robotik/install/apriltag_ros/share/apriltag_ros/environment/path.sh
[11.620s] -- Symlinking: /home/rss/robot_harry/robotik/install/apriltag_ros/share/apriltag_ros/environment/path.dsv
[11.626s] -- Symlinking: /home/rss/robot_harry/robotik/install/apriltag_ros/share/apriltag_ros/local_setup.bash
[11.631s] -- Symlinking: /home/rss/robot_harry/robotik/install/apriltag_ros/share/apriltag_ros/local_setup.sh
[11.637s] -- Symlinking: /home/rss/robot_harry/robotik/install/apriltag_ros/share/apriltag_ros/local_setup.zsh
[11.643s] -- Symlinking: /home/rss/robot_harry/robotik/install/apriltag_ros/share/apriltag_ros/local_setup.dsv
[11.648s] -- Symlinking: /home/rss/robot_harry/robotik/install/apriltag_ros/share/apriltag_ros/package.dsv
[11.654s] -- Symlinking: /home/rss/robot_harry/robotik/install/apriltag_ros/share/ament_index/resource_index/packages/apriltag_ros
[11.659s] -- Symlinking: /home/rss/robot_harry/robotik/install/apriltag_ros/share/ament_index/resource_index/rclcpp_components/apriltag_ros
[11.666s] -- Symlinking: /home/rss/robot_harry/robotik/install/apriltag_ros/share/apriltag_ros/cmake/apriltag_rosConfig.cmake
[11.671s] -- Symlinking: /home/rss/robot_harry/robotik/install/apriltag_ros/share/apriltag_ros/cmake/apriltag_rosConfig-version.cmake
[11.677s] -- Symlinking: /home/rss/robot_harry/robotik/install/apriltag_ros/share/apriltag_ros/package.xml
[11.687s] Invoked command in '/home/rss/robot_harry/robotik/build/apriltag_ros' returned '0': CMAKE_PREFIX_PATH=/home/rss/robot_harry/robotik/install/apriltag_msgs:/home/rss/robot_harry/robotik/src/install/create3_lidar_slam:/home/rss/robot_harry/robotik/src/install/rplidar_ros:/home/rss/robot_harry/robotik/src/install/create3_republisher:/home/rss/robot_harry/robotik/src/install/create3_coverage:/home/rss/robot_harry/robotik/src/install/create3_examples_msgs:/home/rss/robot_harry/robotik/src/install/apriltag_ros:/home/rss/robot_harry/robotik/src/install/apriltag_msgs:/home/rss/robot_harry/robotik/install/create3_lidar_slam:/home/rss/robot_harry/robotik/install/rplidar_ros:/home/rss/robot_harry/robotik/install/my_robot_slam:/home/rss/robot_harry/robotik/install/create3_republisher:/home/rss/robot_harry/robotik/install/create3_coverage:/home/rss/robot_harry/robotik/install/create3_examples_msgs:/home/rss/robot_harry/robotik/install/apriltag_ros:/home/rss/robot_harry/robotik/src/install/webcam_bringup:/home/rss/robot_harry/robotik/src/install/teleop:/home/rss/robot_harry/robotik/src/install/tag_detection:/home/rss/robot_harry/robotik/src/install/robot_bringup:/home/rss/robot_harry/robotik/src/install/pub_sub:/home/rss/robot_harry/robotik/src/install/object_detection:/home/rss/robot_harry/robotik/src/install/my_robot_slam:/home/rss/robot_harry/robotik/src/install/my_robot_navigation:/home/rss/robot_harry/robotik/src/install/create3_teleop:/home/rss/robot_harry/robotik/src/install/create3_examples_py:/home/rss/robot_harry/robotik/install/webcam_bringup:/home/rss/robot_harry/robotik/install/teleop:/home/rss/robot_harry/robotik/install/tag_detection:/home/rss/robot_harry/robotik/install/robot_bringup:/home/rss/robot_harry/robotik/install/pub_sub:/home/rss/robot_harry/robotik/install/object_detection:/home/rss/robot_harry/robotik/install/my_robot_navigation:/home/rss/robot_harry/robotik/install/create3_teleop:/home/rss/robot_harry/robotik/install/create3_examples_py:/opt/ros/humble LD_LIBRARY_PATH=/home/rss/robot_harry/robotik/install/apriltag_msgs/lib:/home/rss/robot_harry/robotik/src/install/create3_coverage/lib:/home/rss/robot_harry/robotik/src/install/create3_examples_msgs/lib:/home/rss/robot_harry/robotik/src/install/apriltag_ros/lib:/home/rss/robot_harry/robotik/src/install/apriltag_msgs/lib:/home/rss/robot_harry/robotik/install/create3_coverage/lib:/home/rss/robot_harry/robotik/install/create3_examples_msgs/lib:/home/rss/robot_harry/robotik/install/apriltag_ros/lib:/opt/ros/humble/opt/rviz_ogre_vendor/lib:/opt/ros/humble/lib/x86_64-linux-gnu:/opt/ros/humble/lib /usr/bin/cmake --install /home/rss/robot_harry/robotik/build/apriltag_ros
